1. Getting schools...
Response type: <class 'list'>
Response: [{'id': '133ebcbc-bf3c-46a5-a570-bbbf15aaf4b9', 'name': 'Özel Talgar 1 Nolu Yatýlý Lisesi', 'short_name': 'ÖT1YL', 'principal_name': 'Dildar BADALOVA', 'deputy_principal_name': 'Elhkan Mirzayev', 'school_type': 'lise', 'education_type': 'normal', 'logo': 'data:image/jpeg;base64,/9j/4AAQSkZJRgABAQEAYABgAAD/2wBDAAMCAgICAgMCAgIDAwMDBAYEBAQEBAgGBgUGCQgKCgkICQkKDA8MCgsOCwkJDRENDg8QEBEQCgwSExIQEw8QEBD/2wBDAQMDAwQDBAgEBAgQCwkLEBAQEBAQEBAQEBAQEBAQEBAQEBAQEBAQEBAQEBAQEBAQEBAQEBAQEBAQEBAQEBAQEBD/wAARCAQABAADASIAAhEBAxEB/8QAHwAAAQUBAQEBAQEAAAAAAAAAAAECAwQFBgcICQoL/8QAtRAAAgEDAwIEAwUFBAQAAAF9AQIDAAQRBRIhMUEGE1FhByJxFDKBkaEII0KxwRVS0fAkM2JyggkKFhcYGRolJicoKSo0NTY3ODk6Q0RFRkdISUpTVFVWV1hZWmNkZWZnaGlqc3R1dnd4eXqDhIWGh4iJipKTlJWWl5iZmqKjpKWmp6ipqrKztLW2t7i5usLDxMXGx8jJytLT1NXW19jZ2uHi4+Tl5ufo6erx8vP09fb3+Pn6/8QAHwEAAwEBAQEBAQEBAQAAAAAAAAECAwQFBgcICQoL/8QAtREAAgECBAQDBAcFBAQAAQJ3AAECAxEEBSExBhJBUQdhcRMiMoEIFEKRobHBCSMzUvAVYnLRChYkNOEl8RcYGRomJygpKjU2Nzg5OkNERUZHSElKU1RVVldYWVpjZGVmZ2hpanN0dXZ3eHl6goOEhYaHiImKkpOUlZaXmJmaoqOkpaanqKmqsrO0tba3uLm6wsPExcbHyMnK0tPU1dbX2Nna4uPk5ebn6Onq8vP09fb3+Pn6/9oADAMBAAIRAxEAPwD9U6SiigBaSiigBaSiigAoopaAEpaSigApaKSgBaKKSgAooooAKWiigAopKKAClpKKAFpKKKAFpKKKAFoopKAFopKKAFpKWkoAKKKKACiiigAooooASlopM0AOopKKACiiigAooooAWkoooAKKKWgApKKKACiiigAooooAKWkooAWikooAKKTcPWjcKAHUU3cO9LuHrQAUtJmkzQAtLSZHtRQAtJRRQAUUUUAFFFFABRRRQAUUUUAFFFFABS0lFAC0UlFABS0UlABRRRQAUtJS0AFJRRQAtJRRQAUUUUAFFFFABRRRQAUUUUAFLSUUAFFFFABRRRQAUUUUALRSUUAFFFFABRRRQAtJRRQAUUUUAFLSUUALRSUUALRSUUAFLRSUAFFFFABRRRQAUUUUAFFFFABRRRQAUUUUAFFLSUAFFFFAC0lFLQAlFFFAAKKKKAFpKKKACilpKACiiigAooooAKKKKACiikoAWiiigBPaloooAT2paSjmgBaKKKACiiigAooooAKKKTIzg8UALRSFlHcVm6x4k0Pw/bm813V7HToB1kurhIV/NiKcU5u0VcmUowXNJ2Rp0m7mvH/EX7V3wU0EvHD4rOrzJ/yz0q2kuP8Ax8AR/wDj1eZeIv25rYb4/Cfw/uZj/DNqV4sQ/wC/cQYn6bhXrYbIcyxf8OjK3np+djyMTxBluE/iVlfy1/I+rt1NLDpmvgfXf2vfjZrBZbLU9K0WNv4bHTwzD/gcxf8AkK4HWPip8TvEW5dZ+IXiG5R/vR/b5Ioz/wAAj2r+le5Q4Ix0/wCLKMfvb/D/ADPBxHHWBp/woSl9y/Nn6Tap4k0HRYzNrGsWNig5LXVykQ/8eIritY/aK+CeiMyXnxK0V2XqtrMblvyiDV+cckUc0hlmRZZM53yfO35tk04Hb90hR7V6tHgSkv41Zv0SX53PIrcfV3/Boperb/yPufVf2zvg7YkjT21zVD2+y6a0YP4zFK5TUv26dFjJGj/DjVbgdjdX0MP6KHNfIeG71E11axtte5iU+nmDNepS4Myqn8ak/WX+Vjy6nGubVPgcV6R/zufTl/8AtyeLpMjS/AGj24PT7RfzTH8lRa5+8/bO+MVwCtvZ+GbMH+5YyyEfi0uP0rxSx0fWtUP/ABK9E1S9z0+y2E0ufxVCK3bX4V/FC+x9j+G/id8+ulTJ+rha2WS5Fh/ijBesv82YPO89xHwzn8l/kjtLj9q747TnK+LLK3B/546VAP8A0IGqE37THx2myG+I1ygP/POxtV/9p1UtP2d/jhfYaH4a6sinvO9vF/6FJkVS1b4K+P8Aw9q2maH4mh0XRNS1l/K02z1DXLSKa8csqbYk3kudzqOB1Iqo0+H4OyVL/wAlZLqcQTXM3Vt/28XJv2gfjZN8snxO1gZ/uCFf5R1Wb44fGNvvfFDxFz6XSj+S11kP7Ifxul4k0nRYAepk1ZeP++UNcjafCe/vPiRJ8I7fxr4SbxfHI8b6X9pu/MVkjErDd9n2cIQ2d3Q1McTkH2fZu391f5Dlhs/Vub2mvm1+oz/hdXxgU/8AJUPE3/gcf8KmX46fGSP7vxP8Qf8AArhT/NK7o/sZ/GQdLjwww/7CMo/9pVFJ+xz8aF6R+G3/AN3VH/rEKSx/D760/uX+Q/qHEEfs1Pvf+ZysP7RHxwt/ufE3VW/66R27/wA4quw/tP8Ax4h+78QpHA/56adat/7TFac37Ifxvj+7pGjS/wC5qy/1QVn3H7LHx2tzx4Hjm/646nbN/wChOKPa8PVOtL/yUPZcRUulX/yYvW37XHxyt2HmeINKuQP+e2kx/wDsrLWzZ/tp/F23I+16X4WugOv+hzxk/iJT/KuCu/2f/jZZ5Wb4Z602OvkiKX/0FzWPefC/4m2O77Z8OfE8QXqf7JnYD8VUin9R4fr7Rpv0a/Rh9f4gofFKovVP9Ue6WP7c3iaMj+0vh3pU4/iNvqUsX6NGw/Wuj039ubQZMf2x8O9WtweptbyGbH/fWw18l3ekaxp5P2/R9Rtf+vizmjx/30oql50O7b5yA+hYD+dTLhbJ63ww+6T/AMyo8VZzR+Kf3xX+R916Z+2V8Ib7Avl1/Tc9ftGmlwPxiZ667Sf2jvgnrTBbX4i6TEzfwXbNasPwlC1+dSqTyOQe4oLbvlbkehriq8D4Gf8ADnJfNP8AQ7qXHePh/EhGX3r9T9TtN8R6FrUYm0fWrG+jPRra5SUH8VJq/wCYuecj8K/J6OGOCQSW6iF/78XyN+a4NdbofxW+J3hpk/sP4heILZE+7Gb95o/++Jdy/pXk1uBaq/g1k/VW/wAz1aHH1N/xqLXo7/nb8z9NRIv94U6vg7Qf2wfjFpO1dSl0bW0HX7XZeTIR/vwkD/x2vS/Dv7c2jTbY/FfgHULQ/wAUunXKXA/75cI35ZrxsRwnmmH15OZf3Xf/AIJ7uG4vyrEbz5X/AHl+ux9TUV5T4Z/ae+C3ihkhh8aW+nXD9IdUja0bPpmQBT+DV6ZY6lZalbrd6fdwXMD8rLDIrqR7FSRXhV8LXwz5a0HH1Vj3qGMw+JV6M1L0aZaopNw9RS1gdIUUUtACUUUUAFFFJQAtFFFABRRRQAUUUUAFFFFABRRRQAUUUtACUUUUAFFFFABRRRQAUUUUAFFFFABRRRQAUUUUAFFFFABRRRQAUUUUAFFFFABRRRQAUUUUAFFLSUAFFFFABRRRQAtJRRQAUUUUAFFFLQAlLSUUAFFLSUAFFFLQAlFLRQAlFLSUAFFFLQAlFLSUAFFLSUAFFFLQAlFFFAC0lFFABRRRQAUUUUAH86KKKAEpaKKAFpKWkzQAUU1pAv4V5v43/aG+FPgKSS11jxVBc30ef9B08farjPoypkIf98itaOHrYmXJRi5PyVzGviaOFjz1pKK83Y9JZsUxpo1UtuwB19q+PfGf7bniK+8y28A+FbbTojlVu9Ubz5j7iJCEX8WavDvFnxR+Ivjpn/4Szxpqt7E/JtVmMFuPbyo9q4+ua+owfBuPxHvVmoLz1f3L/M+UxvGuX4b3aCdR+Wi+9/5H3Z4y/aI+Efgdnt9W8ZWdxeJ/y56f/pc+fQrHkL/wIivFvFn7cxLPB4G8DsR/Ddavcbfx8mLJ/NxXyisaou1EVV9FAApVx5iw7syPwsY5dj7Acn8q+rwnBuX4b3q95vz0X4f5nyWM40zHE+7QtBeWr+//AIB6b4o/aT+NHiovHceNpdNt3P8AqNJhW0Ue2/mQ/wDfVeb3t1c6ndG81S6nvbhvmaa6maaQn/eck12/hf4D/F7xlsk0XwJqMdu+D9ov1FnFj1BlwxH0U17B4Z/Yb8Q3Wybxh43srEHBa3021M7/AE82QqoP/ADXbLMclydcsXGLXSKu/wAP1OGGXZ3nD5pKcr9ZOy/G34HzJ8ze9NMiLII9wDt0XPJ+g6mvvTw/+x/8GdG2yahpeoa7Kv8AFqV8zLn/AK5x7E/SvTfD/wAP/BPhWML4b8JaPpmB1tbOONvxYDJ/E15GI45wsNKFNy9dP8z2MNwHi5616kY+mv8Akj85dE+GPxI8TbG0DwDr95G/3ZFsXjjP/A5Aq/rXoWh/sh/GrVmVrzTdI0ZDzm+1AM2P92FX5/GvvfavfJFKBXiYjjfHVP4MIxX3/n/ke7h+BcDT/jTlL8P6+8+RNF/YW1CQI/iP4jQx/wB6PT9OJ/8AH5W/9lru9H/Yr+EtjtbVLzxBqxH3hNfCFT+EKpj86+gMAU1pY41LMwUDu3A/WvHrcR5pX+Ks16afkezR4ZynD/DRT9dfzPNNJ/Zr+B+isrW3w30mdl/ivFa6b8fNZq7HS/A3g7RMHRfCejWBXp9msIo8fktZuvfF74XeFyy+IviL4Z01l6rdatBG3/fJbNefaz+2p+zTo25W+J1nfOv8Gm2txd5/GNCv61wuWNxW7lL72dqhl+F2UI/cj2wR7eOn0p2z1r5og/4KAfA2/wBc0/Q9JtvE95LqN7BZRzDTBDErSyLGGYyOCFBYE4BOO1fTCsTXPVoVKFvaRav3OqjiKOIv7GSduwm1fQV4R+1f+z/qHxs8K6dqPg+/XT/GPhW4N9o1x5hi3ngtCZBzGSVRlf8AhdFPQmuP/bI/aQ+J3wJ8QeF9P8Dx6EbXWrK8mnbULKSdhJFJEo2lZUwMSdDmrv7F/wC0B8RPjqvjBvHjaQf7EksVtP7Psmt+JVmL7su+fuLjp3rrpYXEUaSxsbcq/wCGOOti8NiKzwE78z/4c8ji+MX/AAUI03T18ESfC+4uNSRfJXV5PD/mSnsHMqyi1Lf7RGO5Feufsn/s0eIPhvfar8Vvi1eLqHj7xEXaXdKJjZRu26TMg+VppDjeV+UBVVeBz9NMq18d/tc/tfeKvhf40tPh38K7jTlv7KH7RrVzd2v2lY2kGYrdVLABtvzsfRkHc1vTrVcc/q+Hpxjzb2/rYwqUKOXpYjFVJS5dr/1ufYo+lLXw7+yl+1V8Zvix8ZrXwb401bSJtKl029umjtdLWBy8YTZ84YkD5jX3EK4cVhamDqezqbnoYPGU8dT9rS221ExRilormOoTb9KTYO2adS0ARtFu4PI9+aydS8H+FtYBXVvDWk3oPUXFlHJn/vpa2aKqM5Q+F2IlThP4kmeb6v8As7/BTWmLXnw00NGP8VrB9mP5xFa4zVv2Mfg7qDFtPXXdJz0FrqTOo/CYPXvRqrHqmmy3MlnDfW7zwnEkSyqXQkZ5XORwc812UczxtD+HVkvmzhrZTgK38SlF/JHy7rH7Ctm25vD3xHu4v7qX+nRyj/vqNkP6VwWufsYfFzTctpV74e1hF6CO6kt5D/wGRSv/AI9X3QG3U6vVocWZpR3qc3qk/wDgnk1+EMqrL3afL6N/8Mfmpr3wR+L/AIZ3NrHw71pUQZMttCLqMD13Qlv1riZG8mc29wDDMOscqmNx9VbBr9XzGO3H0rJ17wj4Z8UW5tfEeg6dqkJ/gvLVJh/48Divaw/HVZaYikn6O353PFxHAVKWuHrNeqv+Vj8tzzlWGQavaLrWteGrkXnhrWr/AEmYHO+xuXgJPuFIB/EV9zeI/wBkP4L69vex0e80KVs/Ppd20a5/65vuT9K8m8TfsOeIrXdN4N8c2V8vaDU7cwP/AN/I9yn8UFe7Q4tyvGLkre7/AIldfqfP1+EM2wb56PvecXZ/jY4jwv8AtafGbw6VjvtWsdfgTjZqVqBJj/rrFtbPuQa9g8K/tweF7rZD4y8IajpbHAaexkW8hHuV+WQD8DXzn4u+CfxV8E75PEHgbUVt4+TdWafa4Meu6LJUf7wFcKrK5IjkViDgjuvsR2P1raeQ5NmkeelFa9YP9Fp96Maef51lUuSpKXpNf56/ifpb4R+M3wx8dbV8L+NdMvJ36Wxm8qf/AL9SbX/SuzEg+lfk+6LJjzFDYPG4dK7vwf8AHD4reBdkPh/xrfG1TpZ3rfa4MegEmSo/3WFfPYzgWcdcHUv5S/zX+SPosFx7F+7jKVvOOv4P/M/SfOaWvkzwT+2+v7u1+IHg9k7NeaO+8fUwSEMP+As1e/8Agf4wfDj4iIP+ES8WWV5N1a1ZjFcJ9Ynw4/Kvk8bk2Oy9/v6bS77r7z7DA53gMxS9hUTfbZ/czs6KQNS15h6oUUUUAFFFFABRRRQAUUUUAFFFLQAlFFLQAlFFFABRRRQAUUUUAFFFLQAlFFFABRRS0AJRRRQAUUUUAFFFFABRRRQAUUUUAFLRSUALSUUtACUUUUAFLSUUAFFFLQAUlLSUAFFFFABS0lLQAlFLRQAlFLSUAFFFFABS0lLQAlFFLQAlFFLQAlFLSUAFFLSUAFFFFABS0lFABRRS0AJRRRQAUUUUAJS0Um6gAoJArjfH3xa8BfDW2Fx4u8R21lIykxWq5kuZf9yJcsfrjHqa+YviH+2l4p1gyWPw50lNEtj8ovr1VmumHqsfMcf4lj9K9bL8kx2Z/wACHu93ovv/AMjx8xz7A5X/AB5+92Wr/r1PrrxF4q8O+E9PfVvEmt2WmWiA5mupljU+wz1PsMmvnrx9+2x4Z0/zLP4d6HNrc4yFvbzdbWo91UjzJPyX618ja5rmt+JtSfV/EmtXmqXrdZ7yZpWHsM8KPZQBVF3VfmZwATgZPU+nufavucv4Kw1G08ZJzfZaL/N/gfBZjxxiq/uYOPIu71f+SO98d/HT4pfERpIdf8Vzw2MmR/Z+m5tbfHoQp3v/AMCY1waoqLsjQKvoBivRfAv7P/xX+IHl3GleF5LCwk/5ftUzawkeqhh5j/guPevoPwV+xN4TsPLuvHniK81yYYZrW0zaWwPoSCZH+u5fpXp1s5yfJYeyptXXSCv/AMD72eVRyXOM8n7Wom13np/XyPjy3t7i9uksbO3muLmU4jt4I2klY+gRQWP4CvV/B37LPxj8XBLibQotAs5OfP1eXy3x7Qpl/wAG219yeE/AHg3wLZiy8I+GtO0qLGG+zQBXf/ef7zH3JNb4UduK+XxvHGIqe7hKaiu71f8Al+Z9ZguBMPT97F1HJ9lov8z5s8IfsT+CdN8u48ZeINT16UYLQwn7Hbn2wpMhH1cV7X4T+GPgHwPGI/CfhHS9LIGPMht181v96Q5c/ia6nOKytU8WeGdEvLTT9Y8Q6bY3WoSrBaQXN1HHJcSNwEjRjl2PoAa+UxWZ43HP99UcvLp92x9ZhcqwOXr9zTjHz6/e9TT27fr60u9fxozkdTX57/t1/EL4weE/i2fDOn/EXXNP8NalpNvf2dlYXH2VVOWjlUvGBI/zJuwW43Vlg8JLGVfZRdmbY7GxwFH20ldH6Eqytmlr5C/4Jz+NrjXPAXinwnqF7Pc3WjayLxZJ5Wkcw3UYIyzEk/vIpep719e1GJoPDVpUZdC8JiVi6Ma0dLnz9+0Z+1tpfwA12x8L3HgXVNavtRsft8EkdzFb220SFCpdsvuBAJAQ8MK0f2XP2irn9oTw/r2qah4dttEu9G1JbX7LBdNcAwvCro5dlXkneOBj5a8V/wCClnhnzNH8DeNIo/8Aj0vbvSZn9RNGJU/8egb864j/AIJx+Jm0/wCKfibwnJNti1rREvEXP3pbWYDj32XB/wC+a9WOBozy14iK99f5njSzCvTzVYab9x/qj9D26fjX4z/Fj+3rT4heKvDmt69q2o/2Vrl/ZL9t1Caf5EuHC8OxH3dtfsy33TX5LftcaH/YH7SXju0UbUub6LUV+k9vE5P/AH1vq+H5L20otdCeJlL6vCcXaz/Q5jwT8Afi548s4NV8E/CzVtQsbnPk3sdtHDbyYYqSssjKDggjIPY16lov7Bn7R+sMPtmjeH9FU/8AQQ1kMw/CBJP519R/sK+LtMh/Zt0yPWNTtbOPStS1GzElzOsYC+eZByxHGJK9W1v9or4EeG8rrHxd8I27r1j/ALWhd/8AvlGJ/StsRm+MjVlTpx2dtmznwuS4GdGNarN6q+6R8k+Fv+Cb/jyHULTUvEHxR0Oza1uYbjZYadNcNmORXADO6Acr12199rXgl9+3D+zbazJb2njyTUppJFiVbHS7qUFmYKPnKBByRzmvelO4Z4ryMbWxVZxliU/LSx7eX0MJQUo4Vrzs7nwr/wAFNrfF58N7rsV1aLP/AICt/SpP+CZshz8R4+27SW/8duR/Srv/AAU0h3aT8PLjpsvtRj/76hjP/stZP/BM+bbqXxIhHeHSJP8Ax66FeunzZL8//bjxH7uffL/20+rvjr8WtL+C3w11bxxqGyWe3TydPtS2PtV6+RDEPYtyx7KrHtX5Daxq2reItYvvEGvXr3mp6ncSXl5cN1lmdizN7DJ4HYACvef20vjp/wALb+JbeG9DvN/hnwhJLa2pRspd3v3Z7j0IGPLQ+gcj71c3pPwUudP/AGZvEPxx1618t9Qv9P0/QUfIItjdqs9yB/tkeWv+yrH+IGuvK6EcBQVSp8U2l/wDizfEzzLEOlS+GCb/AOCdN+wS239o6wH97RNSH/jsRr9Qa/Ln9g19v7SWkL/e0fU1/wDIcZ/pX6jV5OfK2L+SPZ4b/wBy/wC3mFFLSV4p9ALSUZFGaACiiigBkn3SPXivx+/aE1hfEnx98fa5G3zP4gubeOZDtbZARAuGGD0ir9fNQuorGzmvZnCx28bSufRVBJ/lX4g6jqE2oSXmtTMWmvJJ71iepeRmk/m1fR8O071JzfRI+W4nqONOnTXVs/VH9iezvrb9m/wpd6ne3dzcakLq+33M7yvskuJPLGXJOAgXA6V7lJIsal2bAXkk9q474P8Ah3/hEPhP4Q8M7Nj6ZodjbOv+2sK7v/Hs18pfttftT/Z1vPgn8OdUxcODB4j1GBv9SpHNnGw/jI/1jD7oO3qTt8qGHnj8U40+rfyR688TTy7BxlVeyXzZpfEL/gojYeGPiLeaD4O8G2viXw3p5+zyaguoNBJcTqSJGh+RkaMdATjcQSDjGfcv2e/2ivD/AO0Lpeq6jofh3WNIbRZ4ra6W+8tkaR0LgRvGx3YXGcgfeFfkuoCqFQABRhQOAK/Sf/gnr4abR/gKdckjw/iLWr29Vu5jjK26f+iWP416+a5dh8HhlKC97a542T5pisdinCo/d1dux9PGmeYo9q534keLrbwD4D8Q+NLxgItE0y5vsE43GOMsq/UsAPxr8mfAXxd+Oeh6lZaX4L+JviS1v9TuooI4Wvnnge5nkC58qXenLvnpXlYLLp42EpxduU9fH5pTy+cISV+bsfsSyg9yPpXFeNPgz8M/H26TxR4N066nb/l6SPybgfSVMN+tdfYxXENrFHc3BnlSNVkl2hTIwGGbA4GTk4FTse9cdOrUoS5qUmn3Tsd9WhSxEeWtFNdmrnyt4x/Yg0+TzLjwD4yubRuq2mrR+fGfYSph1/ENXhXjL4B/FvwJ5k2seD7m6s48/wCmaZ/pcWB3Owb1H+8or9FrPUrG/V3sbyC5WKRopDDIrhHU4ZTg8EEEEHpUxUHnpX0mC4tzHCWjUamv72/37nzGO4Oy3F3lSTg/7u33H5RIyyZ8uQNtODg9Pr6UqkrIkykiSM5SRThkPqGHI/Cv0j8dfA/4ZfETfN4m8K2j3bZxfW4+z3QPr5seGP0bI9q+ePHf7EmtWXmXnw58UR38QyRY6piOXHos6Dax/wB5R9a+vwPGOBxfuYj3G++sfv8A8z43H8F4/B+/h37ReWkvu/yPNvAv7TXxc8DtHbr4g/tywTj7Jq+ZuPRZv9Yv4lh7V9H+AP2xPhv4mMVl4q87wtfSYX/TD5lox/2Z1GB/wMLXxt4s8FeLfAt79h8Y+H77SJWO1Dcx4jk/3JBlH/A1jbmXJyRXVi+HcrzaPtaaSb+1G3/DHJg+I80yiXspttL7Ml/TP1YtL60vreO8s7mKeCZd8csThkcHoQw4I+lT1+Yfgn4keOfh3ci48GeJLvTU3bnt1bfbSf70LZQ/UAH3r6X+HP7a2k3nlaf8TtHbTJeFOpaerS25Pq8XMkf4bh9K+IzLhHG4K8qP7yK7b/d/kfdZZxlgcbaFf93Lz2+//M+paKy/D/ibQfFWmxax4b1iz1KymGUntZlkQ+2R0Psea1K+WknF8stGfWxlGa5ou6CiiikUFFFFABRRRQAUUUtACUUUUAFFFFABRRRQAUUUUAFFFFABRRRQAUUUtABSUUUAFFFLQAlFFFABRRS0AJS0lLQAlFFFAC0lLSUAFLSUUAFFLSUALRSUUAFFLSUAFLSUtABRSUtABSUUUAFLSUUALRSUtABRSUUALSUUUAFFLSUAFFFFABRRRQAtFJRQAUUUUALSUUhagBaRmxWF4u8ceFfAukvrfizXbXTLRchXmfmRv7qKPmdv9lQTXyl8U/2ytd1jztI+F9m2k2Zyp1O6QNdSD1jjOVjHoWyfYV6eXZPjM1ly4eOnd7L5nk5nneDymN8RLXpFat/I+mPiF8WvAfwysftni/X4LSR1zDar+8uJz6RxL8x+uMDuRXyl8S/2xPG3igyab4Dtz4Z01sqbh9sl9IOnXlIv+Ahm/wBoV4JeXl7qV7NqWo3k95eXB3TXNzK0ksp/2nY5NTaLomseItTj0Tw/pN3qV/L922tYTJIfcgfdX3bA96/Q8t4UwOXx9ti3zyXfSK+X+Z+cZlxbjsxl7HCrki+2sn8/8ivdXVxeXUt9fXU11czNumnnkaSSQ+rMxLE/U06xsb/VL6PTNLsbm+vJziO2toWllkPsigk19J/Dj9i3WtS8rUvibrX9nwnDf2ZpzB5z7STnKr9EB/3hX094J+G3gn4e6f8AYfB3h2001WH7ySNczS+8kjZdz9TU5jxfg8GvZ4Rc8l8o/f1+WnmVlvBuNxr9pinyRffWX3dPmfJHw9/Y68feJfKvvG15D4YsWAbyFxPfMP8AdB2R8epY+1fTPw++APwx+HPl3Gh+HYrjUE/5iN//AKRck+oZhhPogUV6MdoHOBXKePvip8P/AIYaWdX8e+LNN0S3wSguZgJJfaOMZeQ+ygmvhcdnmYZo+WpJ2f2Y6L8Nz73A5Dl2Ux5oxV19qWr/AB2OrVcUhOK5H4X/ABU8J/GLwlD408E3k0+mzTzW/wC/hMUiSROVYMh5XsRnsQe9SfFTwjcePPhz4j8H2t9cWVxqumzW1vcW8zRPFMVJjYMpBGHC5GeRkHrXj+zcZ8ktD2vaJ0+eGv6lcfGT4Yt46tvhnD420ufxPdrK0em283myjy1LOH2ZVGCgnaxBODgV2v0r8VvAPii9+GvjnQfGK27W9z4b1WG7uYQuCPLk23EZ75K+Yp/Gv2hsby3vrOG8tZllgnjWWJ1OQyMMqR6ggivQzLL/AKi48rumvxPNyrMnmCnzKzT/AAPmD9vz4r+Ivh74B0DQPB/iK+0bVfEOptvubGYxTC0gjLSAMORl3iBIx161+dMGtapp+uW3iyG7mn1fT7qLUILqeRpZvOicSIS7Et95R3719Kf8FDPGC678brLwvBMWi8L6NFFIufu3Fy5lf8fLWH86+ZZLW4tobe4mhdIruNpYHYYEiq7IxHrh1YfUGvpcow8aeFjzLWR8pneKnUxkuV6R/r8z9qfBviaw8Z+FNI8WaXIHtNZsYL+Ag5+SVA4/LOPwr5A/4KWeE/N0TwT46hiGbO+udInbuVnj82PP0aBv++q7r/gn347/AOEk+CB8K3Ewa68I6jLp4XOT9mk/fQn6AO6D/crq/wBtTwm3iz9nLxWkEPmXOkRw6zCB2NtKrv8A+QxIPxr5ugngcwUX0dvvPqsQ1j8tc11jf5o+S/8Agnn4q/sX43X/AIbkl2xeJNDlRVzw09tIsqfjseb9a/SfNfjn8B/FTeCfjX4I8Ted5cVrrltDO+cfuJ28iT8NspP4V+xa8/hxXRn1LkxCn/MvyOXhutz4V0/5X+Z4H+3L4Z/4SL9nDxLcJHvm0R7bWI+OnkzLvP8A37aSvhT9kvxKvhX9o7wRfSSbYry+k0qXnqLmF41/8ieXX6kfELw7H4w8DeIfCky5TWNLu7Fv+2sLJ/Mivxf0TVrzw1qemeII90d5ol1b3voyy28iuR7HKEV15L+/wtXD/wBanFn3+z4yjiP60Z+36nKivzS/4KFaL/Zvx9t9TRcLrHh20mZvV4pZoj+gSv0k02+t9UsLfULWUSQXUSzxsP4kdQwP5EV8Nf8ABTDRfL1L4f8AiRV/1kOo6dI30MMqD9Hrzsln7PGRXe6PUz6HtMDKXazPkbwn8NfHXxEae38F+B9Y8Ri0ZfPFjamZIGf7pck7ULBT1xnFem6H+xT+0lqqq0Hw0j0uNv4r/UrW3x/wFWZv0r1f/gmrqvk+NvHOh/8AP3pNjdhfXyp5UP6TCvv95oLeMyTSJEgHJYhQPzr1Mwzetha7o04rTyPIy3JcPjMPGtVk/v7H5x6X/wAE7PjrdBJr7xJ4M05lZXA+1XFwylWBH3YlHb1r9H4VZI1WQgsAMkdziuX1b4rfDPQt39tfEPwzYFOq3OrW8ZH4F81T8JfGv4U+Pddm8M+CvH2ia5qdvbm7lt7C6EzJCGVS5K8Yyyjr3FeLi8TicalOqtF5Hv4HCYXAXhRlq/M+aP8AgpfD/wAUd4Fn7JrVyv52rH/2Wvk74XfGLUvhX4J8f6X4dmlg1vxfb6fptvcp/wAutujTm5lDdn2uqL6Fye1fXP8AwUqh3fD3wbdc4j8QSIf+BWkv/wATX5+dBwrE9AFGWJPAAA6kngCvpMopxrYFRntd/mfK55WnQzByp72X4qx6D8Afg7ffG34l6X4Fs1kh01f9K1e5TP8Ao1ghG/B7O+RGvu2f4TX3r+2/o9hpP7LOqaVpVrHa2enXGkxW8Ma4WKNLqJVVR2AGBWv+x78BW+C/w1S4121RfFPiQpfase8Ax+6tc+kasc/7bOfSmft0R+Z+zJ4s4+7JpzflfQ15eJx31vHwUfhi1b79z18Ll/1PLqkp/HKLv92iPjL9hOTb+0toI/vabqg/8gA1+plflV+xBN5P7TfhT/prb6nF+do7f+y1+qv0qOIF/ta/wr82acM/7m/8T/JBXJfFjxO/gv4Z+K/FkU3ky6Pot7exycfK8cLMp5/2gK62qOt6HpPiTSbvQte0+C/06/ha3ubW4QPHNGwwysp6gjqK8WLSknLY9+acotR3Pyt0X9sr9p7R4YYx8TJL3agDfbtLtZsnAzkiNW/Wu88K/t9ftBT6xp+lXFr4S1M3t5b2YEmmSwsTLKqcGOXGfm9K+t9Y/Yv/AGada3NJ8LbCzdv4tPuJ7TH0EbgfpXL6f+wL8D9H8UaX4o0m68UWs2k38GoRW51QTQO8UgdVcSIWK5UZwwPvX0EsfltSLvSs/Rf5nzEctzWlJWrXXqz6TQsevanUKMUV86fUnnn7QfiJfCvwR8da6ZNjW2gXgjb0keJkT/x5hX5H+C9BPiDxd4b8LRjJ1LVbDTvweeND+ma/Sb9vnXv7H/Zz1bT9wVtc1Cw00e4Mwkcf98RNX5t+EfE994L8VaZ4u0uGCS+0if7XaiYEoswVgjkDrtZgwHcqM8V9XkVOX1aco7v/ACPjOIqsXiqcZbJfqfe/7Y37V3/Cubaf4V/DfUlHiq5j26hfRc/2RAw4Cnp9oZfuj+BfmPJWviX4R/CvxR8aPHVp4L8MxsHnb7RqF9IC6WVtu/eXEpPUnJwCcuxx6kUfBvg/xp8YPHVv4Z0GObVvEGu3Dzz3Fw5PJO6W5nfsoySx75AHJAr9K/DPwz8Kfsr/AAD8RvoO2e+0/R7rU9S1ORAst/dpAxDH+6oOFROijHUkk1OdPJ6Ko0takiacKueVnXraUo/1/wAOfl54kOkWeuax/YPnHS7a8uVsjM26RreORghYjgsVUE44ya/Xf9n/AMKnwT8FPBXhlo/Lks9EtfOU9RM6CST/AMfdq/JDwJ4dm8WeLvDPhE5aTWNUsdPf/tpMiufy3V+1sarFCEjXaqDCjsAOBXPxBUajTp/M6OGqacqtVeh8v/8ABQnxwvh/4LQeErefbc+LdTitGQHk2sP7+Y/QlI1P+/XyV+xr4L/4Tb9ojw0ssPmWugedrtx3A8lcRZ/7bSRn/gNdn/wUK8cf8JF8Z7HwhBNutvCekqrrngXV0RI/5RrB+deO/B342eOfgbrt1r/gcaW0t/Clvdx6hZ+cskasWChgyunJz8p5464FdeBw1SOWuNP4p/r/AMA4swxdOWaKVX4IO33f8E/YdR8uM1h+O/FFn4J8G654w1AgW+i6dcX8nuIoy+PqSMfjXyH4J/4KSaPL5dv8SPhzfWJ6NeaLcLcx59TDLscD6FqT9q79qr4Y/ET4DXPh/wCG/i6G/vdfv7azu7NopILq3tgTLKzRuoIB8tUzyPnxmvAjleIjWjTqRaTZ9JPOMLOhKpSmm0tup8W+Gdf8dR+I473wl4i1bSvEGt3qr5+nXskEkt3cSgZOwjcd8nfNfs/o9ncadpNnY3d9LeTWtvHDJczHLzOqgNI2ABkkEn61+WP7Gngk+OP2iPDSyQmS00DzteufQeQuIv8AyNJEfwNfqyeUx+dd2fzj7WNOK2RwcNwm6M6s3uzzTXP2jfg94X+IM3wz8TeNrTSdbghhmZb0NFB+9BZV88jyw+3B2lgcMK9Htry1vbdLq1uI5oJV3RyRsGVge4I4P4V+df7R/wCyX8f77x54n+JFlptp4us9av5b3bpcmLmCHhY4zbyYLbY1RfkLZx0rwXwX8Tvi18GNTe38I+KNb8MzwP8A6RpsqsItw6iS1mBT8doPvSp5RTxNJSw9S8uqHUzyrhKzjiaTUb6M/YjU9H0vWrKTTdW0+2vbSYbZLe4iWSNx7qwINeCfEL9jPwH4i8y+8E3k3hm9bLCFF8+yY/8AXJjuT/gDAD0rxr4Y/wDBRy6h8rT/AIveDBIvCtqmg9fq9tIfz2OfZa+svhx8bvhf8WLcXHgPxpp2qSBd0lqsnl3UX+/A+JF/EYrCDzHJp81NuPpt/l950zWV55DkqKMvXRr9T4a+IXwG+KHw28y417w+11psf/MS07NxbgerYG+P/gSge9efqysoZGDA9CDnNfq6yq+ffrXj/wASf2Xfhn4+aXULWxPh7V5PmN7pqqiyN6yw/cf3OA3vX1mXcbbQx0P+3o/qv8vuPksy4F0c8BP/ALdl+j/z+8+F/DHizxN4L1Iav4S1690m7/iktZNok9nQ/K49mBr6X+GX7ao/c6X8VNJCdF/tbTUJU/7UsHVfcpn/AHRXlHxI/Zp+J3w782+/s0a9pMeT9u0xGdkUd5IeXTjuNy+9eUKysNysCvTj+VfSVsFlXEVP2itJ/wAy0kvX/gnzNDG5tw7V5HeP91/C/T/gH6meG/FXh/xdpceueGtYtNSsZh8k9tKHU+xx0Psea1q/Lbwn4x8VeBtU/tjwfr13pN1kbmt2+SUDtJGcpIPZga+pPhf+2lpt55Wk/FSxTTZ/u/2tZozWzH1kj5aP6jcv0r4XNOEcXgr1MN+8h/5N93X5H3uU8Y4TG2p4r93P/wAlfz6fM+paKo6Vq+na1Yw6ppOoW17ZXC7obi3lEkbj1DA4NXdwNfJtNOzPsFJSV0LRRRSGFFFLQAlFFFAC0UUlAC0lFFAC0lFFABRS0lABS0lLQAlFFFABS0lFABS0lFABRRRQAUtJRQAtFJRQAtFFJQAUUUUAFFFFABRRRQAUUtJQAUUUUAFFFFABRS0lABRRRQAUUUUAFLSUtACUUUUAFFFFAC0lFFABRRRQAUUUUAFFFFABRSFgOvFeYfFr9oLwL8KYntL66Oo62y7otKtGBl56NI3SJfdufQGtsPh6uKqKlRi5SfRGGJxVHB03VryUYrqz0m8vbWxt5bu8uI4IYVLySSMFVFHJYk8AD1NfNPxa/bI0fR/O0X4W28Os3gyjapMD9iiP/TMDBnPuMJ7mvnj4pfHDx78Wbgx+INQFrpKvuh0mzJW3X0L55mb3bj0UVwTMqgySMFUdST0r9DyngyFO1bMHd/yrb5vr8j84zjjWpVbo5erL+Z7/ACXT5mr4m8WeJvGmrvr3ivXLrVL58jzp2+4v92NBhY19lAFZ1vbTXV1FZ2lrNcXE7bIoYYy8kjf3VUcsfpXqnwq/Zr+IPxO8nUprc6BoUnzf2hexESSr/wBMIThn4/ibav8AvV9k/DL4IeAfhXbf8U7pe/UHTbPqV0RJdS+28j5F/wBlQB7V6WZcTYHKI+ww65pLotl6/wCSPLyzhjH5xL2+IbjF9Zbv0/4J8z/C39jnxL4kEOrfEa7k0GwbD/2fDta9kHXDtysOfTlv9019ZeCPhz4N+HemDSPB/h+106E8yNGuZZm/vSSHLOfdia6TbTq/OcyzrGZpL9/L3f5Vov69T9KyvIsHlMf3Efe/me5EzJCjOzKoUZJPAA9c9q8Q+KH7ZHwR+GXnWMniQeIdXiyDp2h7bl1b0kkB8qPnrubPtXqPxC8G6Z8Q/Bes+Cda3/YtaspbOVkYhk3rgOCO6nDD6V+NniLwzqngnxFqfg/WoVg1DRLyWwuo1XaPMjbBZR/dYYYezCqynAUsdJqpLboZ51mNbL4xdKO/XsfQ/wATv29vjD40aWx8Ex2vgrTXyoNti5vmU+s7jan/AABMj+9Xzfqmrahrmqy6trmrXOpalMf3t1eXDz3DE9AzuS34Zr6y/ZK/ZJ+Gvxh8HxfETxh4m1DU0S8mtJtDtP8ARY7eWNhlJpQS8m5SjjaVGHHWvqj4nfs5+B9c+B+v/CzwT4X0rQ1ubXztPWztkiC3sXzwOzAZYl1AZiSSGb1r1XmGDwFT2NGGz1Z4yy3HZlS9vWnurpHyt/wTx+Kn/CP+OtW+FOpXIFn4mjOo6aGPC30K4lQe7wgN/wBsfev0Mb5h/KvxM8NeItb8F+JtM8VaSrW2r6DfR3kUbcFZ4X+aNvrhkI9CRX7LeA/GGk+PvB+j+NNDlElhrVnFeweqq6g7T7qcqR6g1wZ7hvZ1lXjtL8z0uHcV7Si8PPeP5H5ffthfD9fh7+0D4jtYLfy9P8QFdetBjgrcZ84D2Eyy8f7Qr7h/Yr+In/Cb/s+6Kt9db73wz5mh3jM3IEGPKY59YGjOfY15l/wUg8BfbvCfhj4lWsOZdFvm0u8YDn7Pc4KEn0WWNQP+uhr5r+AvxsuPhZ4L+Knh/wC1eWfEHht30xS3P9ogiBdv+0Y5yx9oa63TeZZdBx+KLS/Q4lUWVZpNS0jJN/r+Z5/8VvG5+IHxI8VePppS8esapc3kO7tbK22FfwiSOvdv2ivgq/gz9mn4N+KVtit1p9qbHVTt5Vr8G7G702zbl/4GK+fvh/4Rbxp448M+B4FO3WtVtNPPtE0ihz+EYY/hX6tftGfD1fiL8C/Fng+zgBuH01rjT1VeRcW+JYQv/Aowv4104/ErBVaFOOy39Nv8zly3CPH0cRVlu9vXc+KP+Ce/js+HPjReeD7iYi28W6W6Iuet3bZlj/ONpx+Ar9E/E2jW3iXw7qfh28wbfVLOeylB5+WWNkP/AKFX4zeAfGk3gfxn4d8f2OQ+iahbaltHBaNWBkT8Yy6/jX7R2d1b39lFeWcyyQzRrNE68hkYBlI+oIrzM+o+yxEaq6r8Uetw5X9rhZUJfZf4M/EO5sb/AEiafTJt0V9p0j27Dus8LFfzDpX7PfDXxVH40+H/AIb8XQtuGs6Ta33HYyRKzD8CTX5ZftSeF/8AhEf2hvHWkrHsin1Q6nCO2y6RZ8j23u4/CuaPxj+J1j4ZsfBsfxK8QWGhadEbe1sLbUGtYkjLFtv7vazDJP3ieMDpXrY3BSzSjTnB26/ejxsBj1k9epTnFvpp5M/XjxR8QvA3gy3Nx4u8X6No0YG7N/fRQZ+gY5P5V+QHxSh8P/8ACy/Fy+F9Qtr/AESbWr2axuLZ90UlvLIZF2t3GHI/Cl8NfCv4lePrgXPhX4eeI9caU83UWnSup9zPIAv47q9n8J/sD/tBeIWWTWbPQ/DEBxubUdQE8oHtHbhxn2Lis8Hh8PlLbqVlqa43EYrOVGNOi0l/Xke1fs//ALbHhAaV8OPhBqPh3XZNXkgsdBudRbyVtUnCiJWGXLsDtXnaPvVt/wDBRvRTe/B/QdaVSz6X4jhDH0SaGWM/+PbK+CtZ0/WPhX4+u9NvmUap4P1rEjQ5AaS0nDBkzzhggYZ7MK/X/wAReFPBXxe8HxaX4q0a21rQtSFvfLbz52SYKyxsdpBODg9cVwY2lSy7EUsTSWj1PRy+tWzPC1cLWfvLT+vuPxx0fxVrvhG4mvPD/ijUNDuJ4jBLLY3z2skke4NsLIQxGQDjParKp4w8aTfLH4k8RSMeyXd8Sf8Ax4V+vHh/4I/CDwvtPh/4Y+FbB05V4dJgDj/gRXP612UVvDbxiO3iSJF4VUXaB+ArSfEEL3jS1MafDU0rTq/cfj1of7Ofxs151/sf4K+Jir8iSbSfsqn/AIFNsFfUf7Gv7Ofxs+Fvxcbxd458Hx6TpM2i3ViztqVvLJ5jvC6Dy42Y/wDLM89q+5SF780blUc8VxYjOq2JpunypJnfhcgoYWpGrzNtHiH7WHwI8SfHzwZo/hzwzrWmadc6bqw1B3v1kKOnkSx7R5YJBzID+Brxb4G/sDeIvBHxL0rxl8SPEHh/VdN0Vjd29jYLMxlu1x5TP5igbEOXx3ZV7V9nXWs6VZjdealawAdTJMq4/M1kT/EbwDa5W68b6BER/f1OEfzaueji8XCj9Xp35X5HXXweCq11iKrXMvM6NRt4rjPjB8M7H4vfDvV/h3qWp3Wn2+rrEr3NsqNLHslSQFQ4KnlAOfU0s3xn+ElvkTfE3wsuOv8AxNoD/JqqN8fPgqv3vin4X/8ABlH/AI1hTw2KjJShCV15M6KmKwk4uE6kbPzR5B8I/wBhvwv8I/iJpPxF034g69qFzpJmKWtxbW6xyebE8Z3FFDcByeD2r6dFcF/wvz4Kn/mqXhj/AMGUf+NOX48fBlvu/FHwv+OpxD+ZravSx2Ilz1YSb9H/AJGGHq5fhY8lGcUv8S/zO7orjIvjR8JJhmL4meGT/wBxSEfzatG1+IvgC+OLPxxoE5/6Z6lC38mrnlhq8Pig18mdUcXh5/DUT+aOioqnb6vpl5/x56hazg/885lb+Rqz5mf/ANVYtNbmylGWzH0U3zF9aXdSKPir/gpd4mhtvDfgbwkbmNDfaldak6s4BKwQiNevvP8ApXxD4b8L694y8Qaf4V8MaXLqGq6rMLe1to+ruepJ6KoGWZjwFBJr9nNf8J+GvFluLPxN4f0zVrcZxFfWcc689eHBx0Fcz4P+BPwh8AeJLjxd4L+H+j6Nqt1AbaSezh8seWWyQqA7UyepUAnAB4r3cDm8cHh/ZKOvc+czDI5Y7E+2c/d008jl/wBmv9nXQfgH4R+yhob/AMSaoqyaxqar/rGHSGLPKwpkhR3OWPJ45/8Abs8Rf2D+znrtmshWXXbqz0lPpJMrv/5DjevoXtxXz1+2F8D/AIhfHLwtoekeBdQ0mH+yL6TULi21CaSL7S3lGOMI6qwBG9/vDHIrgw1X2uLjUry63bPTxVD2OClSw8elkkfFP7GPhz/hJf2kvCQkj3w6T9r1eX28mFlQ/wDfyRK/VO6uLextJLq6lWKCCNpJHboqKCST9ADXxr+xN+zt8TvhX8R/EviP4keFzpWzSYrCwkF1DPHOZZt8pRo2OMCJM5A+8K9m/bC8c/8ACD/s9+K7y3ulgvNWt10W0O7BMl0wiJHuEaRv+A12ZpUjjcbGFN3WiODKKbwGBlUqqz1Z+YXxG8aS+PPHHiX4gXRY/wBt6lc6gqnkrCWPlL+EQQfhX378N/2Ivg9rnwd8Kw+NvC80fiabS4ri+1Oxu5ba58+UeYwbadjbd+0blPCivhL4ReCT8Qvin4S8CrAWh1XVreKdR/DaxnzJv/IUbV+y8ahVGFwMcD0rvzzESw3s6NFtW7fcjzeH8LHFOrWrRum+v3s+FvHH/BNu6iZ7j4b/ABMDryVtNetR0/67wAfrHXyP8Q/AXiL4Y+MtR8D+KmsjqmlmNbgWdx58Q3osigPtU/dZTggEZr9n7qSOGF5JmCxqpZmPGFHJP5V+LvxJ8YN468f+KPHkzEpreq3WoJnnEJciJfwiVB+FXkuMxOKk41ZXiiM+wOFwkYyoxtJv8D7L/wCCa3gvydK8ZfEa4h5vbqDRbRyP4IV82XHsXlQf8Ar7bryb9lfwK3w9+A3g/QbiIR3ktgNSvRjB+0XJMzg+43hf+AivWq+ex9b6xiZ1PM+myyh9WwsKfl+IyRVK7W//AFV+RH7SnxE/4Wj8bPE/ia3mEmnx3X9l6aQePsttmNWHrvcSP/wOv0f/AGpviY3wr+CXiPxFaXAi1K5g/s3TOcH7Vcfu0Yf7oLP/AMAr8qfBfg/UvHHinRPAuh5F3rd7DpsLdSm84aQ+yJuc+ymvayCioxniZbLT9WeDxJXc5QwsN3r/AJHvPwt/Yl8YfFb4R2HxK0PxZY6ffanLO9ppuoW7CKW2RyiSechLIzFWIyrDBFcJd/s1fGjw18QfD3hPxH4P1bSbnWdVt9PtdWtC0tum+QBnS5hOFIQO2CVPHSv1e8M+H9M8K+H9M8N6NCIbDSrSKytYx/DFGgRR+QFaRjX+7XL/AG7iE5LRp3+R1/6u4ZqLV1JW+ZBZW6WNpDZxtIyQRrErSOXYhQAMseSeOSetch4V+N3wr8beItU8I+GfG+m3ms6PdS2d3p/meXOssbFX2o4BkUEEbk3Lx1rn/wBpz4tr8GfhDq/ii1mRNXul/s3R0b+K9mBCNjuEAaQ+yGvyR85oZo7o3UizxyeYtwZCsgkzneHzkMTzkHOTUZblf1+EqkpW7GmaZv8A2dUjThG/f0P3F+Vq8n+KH7NPw3+JTTak2n/2LrUnP9paeqo7t6yx/cl+rDd6EV8SfB/9uv4sfD3ydJ8aN/wmuiphf9Ml2ahCv+xcYxJj0kBJ/vCvuT4Q/tHfCr41W4Xwf4iQamqb5tIvR5F9D6/uyfnA/vIWX3qZYfHZRU9rTbXmv6/Muni8vzqn7Kqk/wC6/wCvyPjz4pfs9fEL4VtJfX1kuraKh41SwVmRB/02j+9F9eV/2q8zDLtDqevcGv1bZY5lKtgg8HPevC/il+yX4F8aNNrHhZh4Y1iTLlraPdaTP/00gBABP95Np7nNfW5VxptTx6/7eX6r/L7j5DNuB2r1cvd1/K/0f+f3nyH8Pfil44+F199t8H629rE7bprKUeZaT+u+LoCf7y4b3r7D+Ef7Vfgn4gNBo/iIp4b16TCLb3Ev+j3L/wDTGY4BJ/uNhueM9a+PfiH8K/HHwt1D7J4w0ZoIHYrb38J8y0n/AN2THBP91gG9q5I7WyrKGXvkcGvfx2S5fn1P28Gk3tKP69/zPnsvzzMeH6nsJ3aW8Jfp2+Wh+sCsGpa+AfhN+0545+G7Q6Xq0kviLQE+X7LczH7Rbr/0xmbJwP7j5HHBWvs74d/FbwV8UNL/ALS8J6wlwUA8+2kGy4tz6SRnlfryD2Jr83zXIcXlLvUV4fzLb59vmfp2U8QYPN1am7T/AJXv8u52FFGaK8U9wKKKKACiiigAooooAKKKKACiiigAoopaAEooooAKKKKACiiigBaSiigAooooAKKKKAFpKWkoAKKKKAFpKKKACiiigBaSiigApaSigAoopaAEoopaACkpaSgAooooAWkpaKAEpaSloASiiigBaSiigBaSlpKAClpKQsF/CgBSapavrWl6Dp1xq2sahb2VlaoZJri4kCRxqO5Y8CuJ+K3xs8HfCbT/ADddujcalPGWs9MtyDcT++DwiertgfU8V8NfFP4y+Nfi3qH2jxFeCDTon3WulW7EW0PoTn/Wv/tt+AWvoMm4dxWbP2nw0/5n+ndnzmdcS4XKFyfFU/lXT17HsHxk/bB1DWPP8O/ChpbCxOY5NakTE8w6HyEb/Vr/ALbDd6Ada+aJHeWWSeaR5JJmLySSOWaRj1ZmJJYn1JzTWb+I9zj6n/HNe/fBz9k3xN40aDXvHy3Og6K2Hjtcbb27H0P+pQ+p+c9gvWv0aMMt4Yw19vxlL+vuR+ZynmfFGJ6yf/ksV/XzPHvBvgbxb8QtYGh+D9Fm1C5BHmsPlht1P8Ush+VB9eT2Br7H+EP7J/hHwOYNc8XeT4i12PDoZI/9EtW/6ZRt95h/ffJ9Atev+EfBvhnwPo0Og+FdHttMsYfuwwrjc3dmJ5Zj3ZiSa3Q2a+DznirE5lenR9yn+L9X+h+hZLwnhcutVr+/U/Bei/Uaqbe1Poor5U+tCiiigBrfMuK/Pj/gol8Jv7B8ZaV8XtJtttp4hUabqhVeFvYlzDIf9+IFfrEvrX6EdeK4L45fDGz+L3wv17wHdbEl1C2LWUzf8sLtDvgk/CRVz7EjvXZgMT9VxEanTr6HDmWEWMw0qfXdep8K/sB/Fj/hCfipP8P9Sudml+NIxHBubCx6jCpaM+3mR709ysYr9Jhhl+tfiKra14b1oOvm6ZrWjXvHZ7W8gk/msifpX7B/Bf4lWPxc+GegePbIIj6nag3UKn/UXS/JPH/wGQMPpj1r1M+wyjNYiG0vzPG4cxnPTlhZ7x/L/gH52ftsfC3/AIVr8b7/AFKwtxFpHi9W1q02rhVuC226jHuJCJMekwr33/gnT8Uv7S8N638I9SuMz6HIdV0xWPJs5mxKi+yTc/SUV6L+3J8LP+FhfBW81vT7Yyav4PY6za7V+Z4FXFzH+MRLY/vRrXwB8BvidJ8I/iz4c8drMRY2tyLbUtvR7GbCS/XaCJB7xiuqi/7Ty5wfxR/Tb7zjrf8ACTmiqfYl+u/3H6mfHTwCvxQ+EvinwNtUzapp0i2uf4blP3kLfhIiV+OalimZIyj/AManqrdCD7ggj8K/cKOWO4iWWGRXRlDKynIYdQQfSvyr/aQ+DPiTw7+0N4l8L+EvCuqalFq9wNa0630+xknJiuSWYAICFCyiVecAACsOH8SoSnSk7Lc6eJcK6kYVoK/T/I2P2EfCf/CSftD6bqLxhofDenXeqNnoJCogj/WZj/wGv1AZfl244/nXyZ+wp8A/Hnwr/wCEo8U/EPw//ZF3rMdpa2FvJNG8ywRmR3ZwhITLOvGc/LyBX1tXBnGIjXxTcHdLQ9LI8NLDYNKas27n5HfEr4E+NrL44eLvhv4K8E6xrC2mqSSWsdlZu6JaT/vYd0mAiKEk25ZgPlNfpV+z/pPjnw98HfC3h74j2cVrr+laeljcxx3CzjbESkZLrwSYwmcZwc816EUjXLcDPU+tVNT1jStFtWvNW1C2sbdPvTXEyxIPqzECoxWYVMbCFJx2+8rB5bTy+pOspb/JI8m+J37Jfwj+Lvjz/hYHjW11a4vTZw2b29vqDW9vIsRcqzBAGLfORnd0ArpPBv7P3wW8AbW8J/DPw/YzJjFybNZrj/v7Juf9a5/xT+1j8GfDu+K18Qy65cJn91pFu04J/wCuhxH/AOPV5J4k/bg16bfD4P8AAlpaLztn1O6Mrf8AfqIAD/vs124bJ83xsVGEJcvnovxsceKzrJsFJznOPN5av8D692oq7QOPT/61VtQ1HT9Lt2utQvbe0hT70k8ixqPxYgV+fHiL9o740eJdy3Pjq5sIW/5Y6XCloB/wIAv/AOPV53qV5eaxP9o1i+utQmJyZLy4knb85Ca9vD8C4if+8VVH0Tf+R4WJ49w0NMPScvVpL9T0H9pb4T+APHHxp1nxpp3xu8HabperxW0lxDGk+o3QuUjEcmIrddpBVUPLjnOa9d8E/tXeFfhl8PfD3gO3sdY8WXmg6fFp76kbdNPiuBGu1WCO7uvygDkdq+WlJxgcAdhSncq5PA96+kjwnhpQjTxEpTUfl+X+Z8xLi3FQqSqYaMYOXz/N/ofSer/tyeMZsroHgPRrNf4WvLyW4P5IqD9a43Uv2tvjhqDH7Prul6ardrPS04/GUua8dh/0iTybb99J02wqZD+Sg10Wl/Df4h63tbSfAfiG6Rujrp8iqf8AgThR+tdUcjybBr3qcV/id/zZzSz7OcXtUk/8Kt+SNXUPjh8ZNUz9t+J/iAhv4Ybhbcf+QlWuYvvEniPVmLap4m1q9J6/adSuJP8A0J67vT/2bfjRqHzf8IcLNT3vL6CL9AxP6V0dl+yL8TrnBvNU8N2YPUG6llYfgseD+dUsZkuF+BwXol+hk8LnGL1mpv1b/U8MkhhlYtJAjk95BuJ/76zQLe3X7ttCPpGv+FfR1n+xpr0n/IQ+IGmxeot9Olf9WcVrW37Gem/8v3xCvX9RDpkaf+hOaT4jyuG0/ui/8hrh7Mp7w+9r/M+X1ULwoC/QYpfz5r61h/Y58CqP3/i7xHIfVfsyZ/8AHDVpf2P/AIarwde8TsfX7VCP/adZPivL1/M/+3f+CarhXMOy+8+P/UUE/hX2H/wx/wDDH/oL+Jfr9si/+N0x/wBj/wCGbDCa34lX3+1RH/2nU/62YD+993/BL/1Ux/aP3nx8VQ9UU/hTWt4GPzW8TfWNf8K+upv2N/A7f6nxd4jj+ot2/wDZBWfcfsY6M+fsfxC1OM/9NtPhf/0ErVrirLZbyf3Gb4XzKO0V96PlVbe3Q/u4VQ/7Hy/yxWpY+I/EmlsG0vxJrFmQePs+pTx4/wC+XFe/Xn7F+sDP9nfESwl9BcaXIn6rIf5Vh3v7IPxOt8mz1jwzdgf9PE0JP/fUZH61os8ymtpKa+a/zRn/AGJmtH4YP5P/ACZwem/G/wCMWjsDY/EvxAMdBPci4H5Sq1dTpn7Wfxx08jzvEmn6go7XelxnP4xlDVK9/Zk+NNkCY/CdveKv/PpqULk/gxU1y+pfCn4n6Rn+0vh34hiC/eZbBpV/OPcKbpZHjN1Tk/8At0ar55g9nUX3ns2lftw+N4GC654I0O8UdTa3E1sT+DbxXcaL+3F4LuAF17wXrunk/wAVu8N0o/Jlb9K+Pby2utPcxahZ3Fm44K3ELxEf99gVCuJBmP5vdef5VhU4UynEawhb/C3/AME6aXFub4f4p39Uv+AfoRoP7UHwR15ljj8cWtjK3/LPUYpLQ/nIoX8jXoek+ItD16H7Tomr2OoQEf6y1uElX81Jr8tMHkdqdaySWM4u7GR7WdTkS27NE4P+8hBrx8RwJRf8Cq16pP8AyPZw/H2Ij/vFJP0bX5n6s/KOmBWZ4i8M+HPF2mvo/ijQdP1exc7mtr62SeInsdrgjPJ5r8+PDvx++Mnhcqum/EDUp4V4EOobbxMf9tAW/wDHq9U8MftveKrULH4u8G6dqSjAabT5mtpPrsfcpP8AwIV4OI4NzLD+9StP0dn+Nj38NxrlmJ92teHqrr71c9v8I/svfBfwF4/h+I/gzwkNI1SC3mt0jtrmT7KPNADMIWJVWwMZXHBNetV4l4X/AGuPgzrxSPUNYu9AnbjZqtsY1/7+pujx9SK9b0XxBoviCzXUNC1ay1G2f7s1pcLKh/FSRXz+Lw2MoS/2qEk/M+iwWLwVeP8Ask4teVvyPO/2oPGc3gT4DeNPEFqsjXf9mSWdr5alis1xiFG4HRTJuJ7Ba/LL4TeD4viB8SPCngW12yw6rqlrZzbTnEAYNLnHpEj1+z8irIpU4IPBFcsPhR8OF8WWnjmPwPokXiCwaRrfUobJI7hS6MjZdQC2VZhznqa6cBmSwVKcOW7fU5MyyqWPrQqc1lHp8zqYI44o1jjUKijCqBwAOAPyqT+VHSqeralY6Ppl1q2pXCW9pZwvcXEznCxxIpZmJ7AAE15W57OkUfAn/BRj4kHWPGmgfC+xuM2+g2x1W+VW4N1OCsKkeqxBz/21FVv+Cdvwy/t74gax8UL+3zZ+GLf+z7FiODe3C5kYe6Q8f9tq+aviN43u/iJ458Q/ELUBJv12/mvlU8lIScQxj/diCKPpX6k/ss/C9vhR8EvDvhy8h8rVLmE6nqgxz9ruMO6n/cBWP6IK+qxr/s/L44dfFLf82fG4CP8AaeZyxMvhjt+SPW1oY7e1LXj/AO1R8Yh8GfhHqevWNwqa5qP/ABLNGXv9rlU4k+kahpD/ALgHevmKVOVaapx3Z9fWqxoU3Ulsj4h/bg+M3/Czfiw/hfSLrzNA8GNJYQ7GytxfEgXMvvtIEQ/3Hx96vSP+Cf8A8DrHXLbXvip4x0a2vbG6jk0HS7a8gWSOZMg3UpVgQQSFiB/2ZPWvjrSdI1fXL6PS9F06+1S+mV5Fht4Xnnl2qXd9qgljgFifqa9E+D/7SXxY+DMiW/g/xB9q0dJCZND1IGazJJy20cPA2c52Ec9Qa+2xGDnHCfVcM7Nf1+J8BhsdTljPreKi2n/X4H118Xf+CevgnxCZtY+EmqHwpqDZYadOGm02RvRR/rIM/wCySo/u18V/ET4S/FH4J61Anjfw/e6NNDLusdVtZSbeRxyGguUwA3fBKt6iv0E+DP7cPwn+JjW+j+Ipz4O1+XCC11KUfZp39IbnAU+yuEbnoa981bR9H8R6XPpOtaba6hYXabJre5hWWKVT2ZWBVhXh0syxeXy9liItrz/zPfrZTgsyj7bCy5Zd1+qPmX9hH4mfGL4k+Gdcn+IWrJqui6RPFYadf3EOL2WcLulR5AQJFRWjG4ru3Mck4r6qrnvAvgHwn8NPDsHhPwTosGlaTbPLJFbQ5Kq0jl3OSSTlmPU9MDoBXB/tM/HKx+Bvw3utchkik1/Ut1jodq5z5l0y/wCsZe8cY+dj7BerCvMqv63iH7GNuZ6I9ej/ALDhV7eV+Vas9S1LTNO1ixl0/VLGC7tJ1KSwTxiSN1PYqeDXy98XP2N4ZfO1z4SzJbyDLtotzJ+6b/rhK3+r/wBxsr6Fa5n4C/8ABQDTdSjtfDPxySPTb0ARJ4gtoiLSY9M3EYyYGPdlzHz/AACvsaxv7XU7aHUNOuobq1uEEkM0MgeORDyGVgcEH1FdtDEY/Iq16bt+T/r7zgrYfLuIaNppS/8ASl/X3H5a6tpGqaDqc+j63ptxYX9q22e1uIykiH3B7HsRkHsafouuav4c1SDXPD2q3WnahbHMVzbSbHX2PYg91IIPcV+jfxK+EPgn4raaLHxVpQa4iUi1voMJdWxP9x8dPVTlT3FfFfxe/Z38b/Ch5NSdf7Y8Pg8anbRkGEek8fPl/wC8Mp7jpX6JlPE2EzaPsMQlGb0s9n6f5M/Oc34XxmUS9vh3zQXVfEvX/NHtXwa/bCs9Sa38PfFjydPu2Iji1iNdttMeg85f+WLH+8PkP+zX0/BcQ3EaTQyLIkihlZWBDA9CCOCK/KLr07/rXqPwf/aE8afCWaPT1kbV/Dob95pc8n+qHc27nPln/ZPyH0HWvLzng6NS9bL9H/L0+Xb0PVyTjOVO1DMdV/N/n39T9EKK5D4c/FHwf8UNGGseE9UE6phbi3kGy4tXI+7LH1U9eehxwTXXivzupTnRm6dRWa6M/SaVWnXgqlN3T6oKKKKg0CiiloAKSlpKACiiigBaSiigAoopaAEooooAKKKKACiiigAooooAWkopaACkoooAKKKKACiiigAooooAKKKKACiiigAooooAKKKKACiiigApaSigBaKSigBaSiigAooooAKKKKAFpKKqahqVlplnNqGoXcNrbWyGSaaZwiRoBkszHgADvQtXZCbSV2WWbb/nrXzj8dP2rtN8Ivc+E/hzJbanra5juL4/Pa2LdwMcSyD0ztU/eOflrzb48ftUah4wa58I/De5nstEbMdzqS5jnvh0Kx944j6/eYeg6/OyqqKFjUKBwAOAP8K+/wAh4S9pbE49adI//Jf5H55xBxfyXw2Xv1l/8j5+Zb1TVtS1zUrjWdb1Ce/v7xt9xc3Em+SRvc+g7AcAcACtHwf4N8UePtbj8PeEdJl1C9bDOF4SFM48yVzwi+55PYE13HwX/Z78V/Fy4TUjv0nw4G/eanJHlp8HlbZW++exc/IP9ojFfc3gP4d+Ffhvoceg+E9Kjs4BhpX+9LcPjmSVzy7H1PToMDivZzribD5VH6vhUpTX/gMf67Hi5Jwxic2l9YxTcYP/AMCl/Xdnm3wW/Zf8LfDfyNe8QGLXfEiAMtzJH+4sz6QI3cf89G+Y9tvSvbBtTr1NUdf8Q6H4X0e78QeI9WtdM02xjMtxdXUqxxRKO7MTgf1PSvgf9oX9u/XPFn2rwn8F5rjRtHO6ObXXUx3l2vQ+QpGYEP8AfP7w8Y2d/wA7UcZndd1Kj5n1b2X9dj9Gc8DkWHVOmlFdEt3/AF3Pof8AaE/bD8CfBfz/AA9pPl+I/FwXA023lAisyejXUgz5frsGXPoAc153+yL+134u+J/jvUfh/wDEw209/qYk1DRZrG08uOFEGZLVgucKB8yO5yTuUnO2vmT4C/stfEb473S6pZxtovhh5C9xrt7Gz/aCW+b7OhOZ3JzlydgOcsTxX6O/CH4HfD34JaD/AGP4L0kRyygG81C4IkvLxx/FLJj8lXCjsBXTi6WCwVF0F79R9exy4Krj8fXWIfuU107nouc0tZo1/Rf7aPh3+1rM6qLf7YbHz1+0CDdt83y87tm7jdjGa0hXhWsfQp32CiikoGFIw3KRilqtqBvRZT/2d5JuvLbyRMSIzJg7d2OQucZx2zQGx+bn7fXw1tfBfxgt/F2lxpHaeNLR7uaNQBtvYCkczAD++rxMf9rd616D/wAE2fHF8Lzxh8N55Ge0SODXLVT0jdmMMw/4FiI/UH1r5o+N3xM+JnxX+I08nxIRE1rTbiXRoNIsIW8q0dJSrwwpy7szrktyzfL2AA+1f2Fv2ffEnwu0nVvH3jvT307WvEccNva6fJ/rbSyQl8ygfdkkdslf4VVQecgfV4xqhlkaVd3lZW/r0PjMAnXzaVXDq0U3f+vU+qLqCG4t3t7iNZIpFKOjDIZSMEEdwRmvzfX9gP4sax8Qte0XT4tO0Twla6lPHY6pqE/mNPZs26Py4YyWYhGC/MUGVNfpN/KmsQOmM18/hcbVwXN7LqfS43L6OP5fbfZOa+GvhG68B+BNC8G32vT63NotjFYnUJ4hHJcCMbVYqCQOAB1PTk10hVfoTXmvxA/aI+Fvw5aS01bxEl5qUf8AzD9OH2icH0badsf/AANhXzh46/bO8fa7vtfBGm2vhu1PSeQC6uyPXkeWn5N9a78DkOYZm+anCyfV6L+vQ4MfxDluVx5Kk7tdFq/+B8z7H17xH4f8MWLal4i1qx0y1UH99d3CxLx6Fjz+FeI+Mv2zPhtou+DwnZ3/AIluF4V4F+z22f8ArrIMke6qa+L9a1rWfE2oHVvEmsXmq3h/5b3s7TOPpu4UewAFVcs2WbmvssDwPh6dni5uT7LRffu/wPicfx1iKl44OCgu71f3bL8T2fxb+1x8XvEnmQaVe2Hhu3cEbdPh8ybH/XaXPPuqivItX1fVvEF0b3XtWvtVuCc+bfXL3DA+28nH4VP4f8M+I/Flx9m8L+H9Q1aQHDfY7dnVfq/3V/E1614Z/ZN+ImrMk3iLUNL8Pwk/MjObu4A/3IyEB+r17y/snJVaPLB+Wsv1Z87KWbZy7yc5/l+iPFNzNxnjtSIwklEMfzytwI0G52+gHJ/KvsLw7+yj8NdJ2za1JqevTDki4n8mEn/rnFj9WNeo6D4R8L+F4RD4b8PabpagY/0W1SNj9WAyfxNefiOLcNDShByfnov8z0MPwniZ/wAaSivLV/5HxD4f+DPxU8TBZNL8DaksLcia8UWsZHqDKVJH0Br0TQ/2Q/G15tk8ReJ9H0xT96O2SS6kH4/IufxNfWJ+Y/NyfU0oWvEr8U46r/DtBeS/zPaocLYOn/Ebk/P/AIB4Zov7I/gCz2vrWs65qjjqvnJbRn8I13f+PV3Gk/Av4R6LhrPwDpUjqOJLtGum+uZS38q73HpRt78V5FbMsZX/AIlWT+Z69HLMHQ+CnH7itp+mWGlxiHS7G1s4xwFtoViA/BQKtnc332Lf7xzSAU8cVwt31Z3xior3RNvsKAPYUtKKRQ3kmnfjRRSGL3opaSgYuOtFLzRQFhKXnNH50vrSuMSloNFIYhpQWX7jFfocUtFAEFzbwX0bQ3kMdxG3VJow4P4MDXH618GfhX4hLPqngDRHduskVsIJP++o9prt/pRitKdWdLWnJr0djKpQp1tKkU/VXPDda/ZH+GWobm0e81rR5D91YboTxj/gMoJ/8erz3XP2OfFVqWk8N+MtL1BR92O9t5LZz/wJd6/oK+syDRXqUM/zGh8NVteep5dfh/L6+9NJ+Wh8DeIPgP8AF7w2rSX3ge9uYV/5baeVu1/KMlv/AB2uDmRra4a1uo3gnXhopozG4+qsAf0r9NNuPmUkGszWvDug+JLdrXxFoen6nCf4Ly2SX/0IZr2cPxjWjpiKafpp/meLiODqb1w9Rr11Pzd+ZM9qs6XqWo6FeLf6HqN1ptyv/LaynaB/zQjP419keJP2U/hXrm+TSba+8Pzn+KwuC0Wf+uUm5cfTFeR+KP2QvHmm7pvC+sabr0S9I3zaXB/BiUJ/4EK93D8R5di1yVHy+Ulp9+qPCxHDuY4R81Ncy7xev6MzfCf7WHxh8MbIr3VrTxBbLwY9Ug/e49pY9rZ/3g1e4+Df20PAOsMlv4w0vUPDk7fKZsfarX/vtBuX/gSfjXyL4l8E+MPB0hj8VeF9S0rBwJLiAiM/SQZQ/wDfVYg/vK3B6Y71OI4cyrMo88I284P9NV+BpheJc3yyXJKV0uk1f/Jn6j+HfFnhvxZYrqPhnXrDVbVuktpcLKv47TwfY1oX1naalaTWN/axXNtcxtDNDKgdJEYYZWU8EEEgg+tfljpepalod8uqaHqV1pt6v3bizmaGT/vpSCfoa9s8D/tffE7w0Y7XxNHa+KLNMAtOPs92F9pUG1j/ALyfjXyeO4JxVH38JJTXZ6P/ACPr8Dx1ha3uYyDg+61X+Z63r37CPwN1DxVpfirQdPvvD5sdQhvZ9Pspt1jdBHDmNopM+WGIGfLK8Z4r6NUYGK8h8A/tQ/Cnx08VidaOialJwLPVQISx9EkyY39sNn2r1xZFeMOrAhuhFfK4yni6MlTxaaa7n1uAqYOrF1cG00+w9jxX5d/tpfGH/haXxeuNF0u8EugeDy+l2m0/LLdbh9pmHr8yiMH0jPrX6eX1u15Zz2i3M1uZo3jE0LASR5GNykggMM5HHUV+cnxi/YI+JPgd7jWfhrdSeNNIG5zbvtTVIh15XhLg+67WOfumu3JKlClX56zs+hwZ/TxFbDqFFXXU9S/4J3fCnT7Pw7qvxh1BoJdQ1WSTStPCuGa1tI2Hmk4PyPJIOh52xp617X8Y/wBk/wCEfxk83UNW0X+ydedTt1nSwsNwW7GUY2TD/fBPoRX5ieDvHXxC+EfiSa+8Ha7qnhrV7WTy7u32smWH/LO4t5Bhvo659MV9o/B3/godouoiDQ/jXo66NcnCf21pyNJZuem6WLmSH6jev+7XZmGCxkazxVGXNftucOW5hgZ0Fg68eW3fZnz78Zv2M/i98KFuNSg01fFvh2PJbUNKhZpYk/vT2vLrwOSm9R3Ir7N/Ye8B+KvBvwSsb3xZqmqSz6/J/aNrYXlxI66dZsoEMSI5Pl7lHmMBjl8Y4r3XRdc0XxJpdvregapaajp92nmW91aTLLFKp7qykg1db5eQa8zFZnWxVFUaqV116nrYPKaGDrOvRbs1t0Kmua3pfh3R73XtbvorPT9Pt3ubm4lbCRRIpZmJ9AAa/JP9oX41al8dPiNdeLJvNg0m2U2ei2chx5FoDncw7SSHDv8AVV6KK9//AG+P2hP7a1I/A7wnfZsbGRJfEc0bcTXAw0dpkdVTh3H97Yv8LCvCP2aPhXofxh+LmmeFfFGrWtrpESm9vIZZ1jlv1QjFrECQWZyfmxyEV/UV62VYSODovGVlrbT0PFzrGSxtZYGg9L6+v/AEt/2ZfjVe/DOy+LOl+D5b/Rr9GmS3tmL3yW4+7cG3wGaNhyNm5sYJXBzS/BH9pD4kfAvUEXw3qBvtCMubrQb2Rvsz8/N5fe3k914z95TX612trb2ttFbWsKQwxII444xtVFAwFAHAAAAAr4Y/4KIfCfwbodponxV0W1t9P1jU9T/szUY4QEF8pheRZmUcGRDHgsOSr85wKMLmqx9T6viYJqWwYzJpZbT+s4WbTjufVnwU+N3g345eFF8T+E7mRHhYQ39hPgXFjPjPlyAcEEcqw+VhyO4rvbi3iuI2jmjV0dSrKwyGB6gg8EV+bX/BPXXtR0747Xei20ziz1jQLk3UWTtZ4JImiYj1G9wD6ORX6UluO1eLmOFWCxDpx23R72VYx4/CqrNa7M+Y/jN+yDpur/aPEXwrWHTdQbLy6SzbLSc9T5R/5YsfT7h/2etfI2qaXqmh6lcaPrWn3Fhf2j7J7W4jKyRn3B7HsRwexNfqruVvxrgPiv8ABXwd8W9LFvrlqYNQgUiz1O3wLi3Ppk8OnqjZH0PNfSZJxZWwVqOMvKHfqv8ANHzWecIUcZevgrRn2+y/8mfnr4W8V+IvBetQ+IvCurz6dqEHCzRnIde6SKeHQ/3W49MHmvtn4GftMaF8TFh8P+IVh0fxPtwLfdiC9x1aBj37mM/MO24c18i/FL4Q+M/hJq32HxJaLLZTvts9TgU/Z7j0GT9x/VG59CwricsjK6sysjBlZWIZWByGBHII9R0r7LMMqwPEVBVabXN0kv1/y3R8Zl2bY7hzEOlNO3WL/Nf8DQ/WBWDdDTq+RfgP+1lJbvb+Efixfb4ziK111+COwW6/T97/AN9f3q+tYLiO4iWaGRXR1DKytkEHoQR1HvX5VmOWYjK63scQrdn0fofrOWZrhs1o+2w79V1XqS0UUVwHohRRRQAUUUUALSUUUAFFFFABRRRQAUUUUAFFFFABRRRQAUUUUAFFLSUAFFFFABS0lFABRRRQAUUtJQAtJRRQAUUUUAFFFFABRRRQAUUUUAFLRRQAlFFFABRRRQAUHNJXG/FD4o+F/hX4dfXvEdySz5S0s4sGa7l7Ig/mx4UcmtKVKpXmqdNXk9kjOtWp4eDqVXaK3bNTxl418O+A9BuPEninU47Gxthyzcs7dkRRy7Hso5r4R+Nnx+8SfGC9OnxrJpfhqF82+mhvmmIPElwRwzdwgyq+5Ga534ofFTxV8WPEH9t+JLgJDCStjYRMTBZoey5+85/ic8ntgYFcpaWt1qF5Bp+n2k13dXUghgghQvJLIeiqo5JNfqOQ8M08tisTi7Op+Ef+D5n5PxBxRWzOTw2Duqf4y/4HkQH5cktxX0v8BP2UbrXvs/jD4p2cltp5xLaaK+VkuB1D3A6onpH1P8WB8td38AP2W7Pwebbxl8QreC818YktbLh4dOPYntJMP733V/h/vV9HKuK8fiDit1L4XAOy6y7+n+Z7XDvCXIo4rMFr0j283/kQ2trb2NvHa2sKQwwqEjjjUKqKBgAAcAAdqlLZBxXz3+1R+1RH8Bbe38P6P4cuNR8R6xaPcWEs6bbCFQ2xnkcHc5UkHy15ORkgGvmz9ir4wfFrWvj9caTe6xf+IrLxTHPfa8bqVnW1aNCY7pP4YudsWxcKVZRj5Bj5Kll1arQliXolrr1PrquaUKOIjhVrJ6adDK/byvPjDF8Txovj7VTL4TmJuvDUNqhjs2jGA29cnfcoThixPDAqFBrl/wBj/wAJ/CPxt8XIPD/xWje5aaHzNFspWC2V7dIctFP3c7cMifdba4OeAf0R+Ofwa0H43fD+88H60fIuD/pGm3yrl7K7UHZKPUclWX+JSwr8l/EXh/xR8OfF954d1mOfSPEHh+8CSGFyrwTxkNHLEw7H5XRh1BBr3csrRxmEeHg+WS7fn/mfO5th5YHGxxU1zQb6/l/kftHbxWtjapDbxRQQQRhURFCqiKMAADgAD8BXx/8AtHft2ab4da68GfBO4ttV1dd0N1rpUS2dm3IIgHS4kHr/AKtcfxH5a+aviz+1z8XPix4btfC2s6pb6RpUVqsWpR6cWhOqSgYeSd/4UPXylwvJzuGAOk/Z3/Yx8YfF77L4o8YLc+GfCDbXjcx7L3UI/wDpgjD93GR/y0Yd/lU9a5aOV08HH2+Ol8u52183q46X1fL4vzfY5b9nqP43+M/jnY+NPh811rPiO2vFuNY1XUJmMH2d+JUu5sHCvHkKgGeF2qNox+sK5rm/Anw/8IfDTw5beE/BOh2+k6Za5KxQjl3PV3Y/M7nuzEk1w/xe/ai+EvwW1Ky0XxXrUk+qXU0SyWVggmls4HbBuJwDiONR83PzEA7VOK87GYiWZVl7KG21ux6mBw0crov209W7u+1/I9foqGzure+t4rq0mjnhmRZI5I2DK6MMhlI4IIIINTV5p6qdxO1Dcg0GmSSLGpZiAAMk+goA5HRfhD8NfD/jLVfiBpHg7TbfxHrUvnXupeVvndyoU7WbPlghRkJgE8nk11sk0NvG00zqiIpZmYgAAdyT0rwz4oftaeBPBLzaV4Y2+J9XjOxktZcWsDf9NJ+QSP7qbj64r5P+Ivxm+InxQmZfFGusLAsSumWmYrRPTKA5kI9XJ/Cvp8t4Zx2Z2qVPch3l+i3PlMz4qwGV3p0vfn2jt83t+Z9W/Eb9rz4eeEzLp/hbd4o1JMqRZybbSNunzTkEH6IG/CvmT4hftCfFL4jeZbaj4gbTNNkyP7N0vMERHo758yT8SB7V5t91ecBV/ID+ldZ4L+Fvjv4gOG8M+HZpbUna19P+5tU9/Mb73/AQxr7rCZBlmTR9rUs2vtSt+C2/U+AxvEOaZzL2UG1F/Zjf8Xv+hyUaLGu1FCj/AGRirOm6dqGs3q6do+n3V/dueILWFpZD/wABUHH419O+Dv2SfD9n5d3441y41aYctaWWbe2z6F/9Y4/75r2zw/4Z8P8AhWxGneG9Fs9Lth/yztYQm7/ePVj7kmssXxTQpe7ho8z7vRFYThjEVvexEuX8WfKfhH9lj4h68EuPEc1p4ctm52zHz7nH/XJDgH/eYV7X4T/Zn+F/hvZNfabLr92nPnapJvTP+zCuEA+oNerKMU7bXy+LzzHYvSU+Vdo6f8H8T6fCZHgsLrGPM+71/wCARWlrbWNulpZW8VvbxjCxQxhEA9AqgCpvalpa8c9lJJWQv40D9aWgcUFWClpBT8UmMKKX2NOqR2G896f0ptPxQOwlLRS4NIaQY/KilopDsFFKKKQwx0opaWkMbRTulHH50DE/ClpaKB2ExRThS49qVx8ozilpcfSl49KLhYbSU/HtSUXFYYelLtpxpKLhYT60mwHtT6TvTBorTRJNC1vNGskUgKvG6hlYHsQRg15t4u/Z0+FPi7zJpPDq6Rdyf8vWkt9nbPqU5jb8Vr1Cgj261tQxFXDS56MnF+Tsc9fC0cTHkrRUl5nx/wCMf2RfG2k77rwfqln4gtxyIZcWt0PYZJjf81rxjXvDniDwrefYfE2h32lXHQJdwNHu/wB1j8rfgTX6S4qlqmk6ZrVk+navp9tfWsg+aC4iWRD/AMBYY/GvpcHxZiqPu4iKmu+zPmcZwlhqvvYeTg/vR+ajKrKVZQVPYjOfqDXdeA/jV8Svhu6J4b8SytYrjOn3ubi2YegVjuT/AIARX0L43/ZJ8F64r3fg2+n8PXZziE5uLQn02Md6f8BbHtXzx48+DfxE+HbPL4g0N5bBTxqNlme2I/2iBmP/AIEBX09HNcszmPsaltfsyX9I+YrZXmWTT9rC6S6xPpz4d/tl+CdeMWn+PbJ/DN63y/aNxnsnP/XQDdH/AMCGB/er33T9S0/VrSLUNOvLe7tbhd0U0EiyI49VYEg/hX5Xq27DKwIPRgetdN4F+JHjj4b3RuvBfiK409WbdJa/6y1l/wB+Fvl/EYPvXhZlwTSqfvMDLlfZ7ffufQ5ZxxWpfu8dHmXdb/dsz7s+Ln7Pfwv+NVqE8aeHUa/jQpb6raN5N7B/uyjlh/suGX2r4V+NH7DvxQ+GZm1rwasvjTQI8szWsO3ULdf+mkA/1gH96LJ/2RX1F8NP2zPDOtNDpnxIsV8P3rfL9uhLSWMh9W/ji/4Flf8Aar6JstQsdTtIr6wuobm3nUPFNDIHR1PQqw4Ir5KTzHI6ns60Wl57P0Z9goZXn9P2lGSb7rdeqPzS/YStviZqHxhjsfA/iS80vw9Yqb7xNCF3200fKrE0TfKs0jggMMOAjnnGK+zP2qPjzb/A/wCHMl1ps0beJ9b32ehwsN22THz3DA9UiBDe7FF/ir1fTfDeg6LeahqGk6PZWV1q0wuL+a3t1je5lChQ8hAy7ADGTX5q/traD8Zj8UtT8afEbw7Pb+Hgxs9Cu7VjcWUVmpOxS6j93K5y7BwCWOBuAFFKdPNcap1Eort3FVhUybL3Cm3KV9+x454D8F+J/ip4703wdoIlvNX1y7PmXExLkAnfNcyt1IUFnY9zx1IrsfjZ+zf8SvgPqX2rXrJr3QhODZeILBWEGc5TzMHdbS9OGOM/dY19sfsUfs8/8Kr8GHxv4qsQnizxPCskiOvz6fZn5o7f2Y5Dyf7W1f4BX0jfWFnqVpLY6haxXNtcIY5YZYw6SKeCrKcgg+hroxOdyp1+WkrwWnqcmF4eVXDc1V2qPX0PzN+GX7dvxq+H9jHpGvfYvGVjEu2FtUd47uNR0H2hAd4/31Zv9qvOPjZ8ePHfx68Q2+teMHt7a1sFePTtMs1YW9qHxvb5vmeRsDLnsMAAV9s/Eb/gnv8ACTxZqEmreD9S1HwbNMxaS2s1S4ss9ysMn+r+iMF9qzPBP/BOP4a6LqEV9408Xa14nhhbd9h8uOyt5PaTyyZGX2DjNaUswy2m/bxjafp/SMquWZrVj9XlO8PX+mcn/wAE5fhRqUM2tfGjVrdobS8tjo+jblx56eYHuJ1z/DuSNFI6lX7V9ffEj4heG/hf4K1Pxx4svDBp2mQmR9uDJK54SKMfxO7EKo9TWva2ukeHdIjs7KC20/TtPtwkccarFDBCi8AAcIqqPoAK/Mb9rj9oqT44eMxo/h28f/hDNAlZdPUHAv7jlWu2HpglYwei5bq3HnUqVTOcU5vRdfJHq1atPIsEqa1l082XvCf7cXxh0L4l6j421SV9W0bW7pXn8NPITHbxcLHHaNjMcoXAyOJGOWGSCP0x0bUDq2k2eqNZXVmbuCOf7NdR7Jod6htkigna4zgjPBBr4M/YV/Zt/wCEivrf44eN7HOm2UpPhy1lTi4nU4N4wPVEORH6sC3ZTX3+q7R60s4lh/bKnQVuXRsrI44r2LqYiV+bVJmZ4g8O6P4o0m50PxBptvqGn3iGOa3njDI4+h6HuCORjIr4o+O/7MusfDdp/FHg1bjVPDIy8sfL3GnD/b7yRf7fVf4sj5q+6mNMkVZVKsAVI5FTlWcYnKanPRd4vePR/wDB8y83yXDZxS5aytJbS6r/AIHkflCCGG4YII/AivbPgP8AtJa18LpIfDviQzan4VY7RGDun0/PVos/ej9Y+3VfQ+kfHr9lETfafGXwqslSU7pbzRI8Ksndnt+yt3MfQ/w4PB+TWV42aOSNkZGKurqVZWBwQQeQQeoPIr9Ro18BxPhHGSv3XWL/AK+8/Ka+HzDhfFqUXZ9H9mS/rofqdoXiDSPE2l22uaDqMF9YXkfmQXEDhkkX2P6EdQcg1pV+cvwZ+N3iX4P6vusQ99oV3IGvtMZsBj3kiJ4STH4NjDdiPvfwP478OfEHw/b+JPC+oLdWVxx6PE4+9HIvVHHcH+WK/Nc6yKvk9TX3qb2l+j8z9PyPP6Oc0/5ai3j+q7o6OiiivDPfFpKKKAFpKKKACiiigAooooAKKKKACiiigApaSigAooooAKWkpaAEoopaAEooooAKKKKACiiloASiiigAoopaAEooooAKKKKAClpKKAClopKACiiigApDQxrz74w/GPw98IfDn9qapi61C63R6fp6MBJdSAev8KL/ABOeB7kgHSjRqYmoqVJXkzGviKeFputWdordj/i98YPDfwj8PHVdZb7Re3OU0/T4mAlupB/6Cg43OeAPUkA/n9478eeJviN4im8UeK77z7qTKxRpkQ20WciKJf4VH5k8k5qDxp408RfEDxFc+KvFN99pvrn5eMiOGMfdijX+FF7DvyTyc03wf4P8RePPENt4X8Lae15f3PIXOEiQfekkboqDuT7AZJAr9ayXI6GR0XiK7XPbVvZeS/rU/H88z3EZ9WVDDpqnfSK3fm/60K+g6BrnirWrXw74b02bUNRvW2Q28PU+rMTwqjqWPAr7q+A/7POi/Cm1XWtUaHUfFFxHtmvAv7u2U9YoAeQvq/3m9hgDZ+CvwP8ADvwf0Ux22y+1u9jH9oakyYaU9fLQfwRg9FHXqcmvTBjtXxvEHEs8yk8PhtKX4y9fLyPteHeF4ZaliMSr1fwj/wAHzIri5gs4XuLiVIoo1Lu7sFVVAySSeAAO5rivhj8bfhz8YV1hvh/4hj1IaHemyutqlecZWRAeWifnbIOG2tjpXi/7e2h/FnVfhgt54J1Fz4Zsi7+JdNtYz9puIONspcHLQpyXjA5B3HIUivhD4Q/FjxL8GfHVj448Lyh3g/c3lmWxFf2hILwv256q38LAHpnPl4LKvrmHlUjL3ui/zPUx2cPA4qNGUfd6v/I+uf8AgpZobto/gLxOsfy219e6bI3/AF2hWRQfxgNaP/BNm/0uTwH4w0uO1gTUrXXI5p5lUCSSCW3Tygx6kKyS4HQZPrWx+1Xr3hv44/siz/Ejwbdfa7LT7mz1iMFcSQGOURTxyL/C6LJIGH+ye2DXin/BO/xpp3h/4oeI/Deqanb2i69pMLW6zSrGJriCY/Iu4gFikrHHXANdUFKplUqb3izjqSjSziFVfDNfofo033a+V/23P2b/APhZHhs/Ezwfp+/xV4ftz9ohiX5tSsVyzR4/ilj5ZO5G5e4x9Ubl257H9aRvm4rw8PiJYaoqsN0fQ4nDU8XSdKpsz8XPh34t0/wX420PxjfeHbLX7PS7uO4n067jEkdzH3AB43jO5CeA6rkV+vvh3x94P8SeCrT4g6TrtqfD95Z/bkvpJBHGkOMsZCThNuCGBxtIIPSvgb9tz9m8/DfxI/xS8G2G3wvr1x/p9vEvy6bfOc5AH3YpTkjsshI4DLXzjJ4u8T/8IkvgNvEF/wD8I2L0339lCY/Z2uGwCxQfeJIBCnI3HIGTX1WIwtPOacK9OVn1/rufHYXF1MiqTw9SN+x9f/tD/t7TX/2nwf8AAmcxxHMVx4meP5m7H7GjDj/rq4/3R0avnL4S/BH4m/H7xJPF4XtZZomnL6rr+oM7W8LsfmMkp+aaU5+4pLHvtHNe2fs7fsKeIPGxt/F3xkiu9D0NsSQ6MCYr+9HUGY9beM/3f9Yf9jv9++HfDWg+EtFtfD3hnSbTTNMsYxHb2lrGI441HoB+ZPUnOa46uOw+Wx9jg1eXVndRy7E5rP2+Odo9I/1sc38G/hyfhJ8OdG+H48SX+urpMJiW8vgofBYnYoUfLGucIpJKqAMnFds0ij5ax/FPi3w74L0ibXvFOsWumafbj55p3wCeyqOrMeygEnsK+Q/i5+1z4g8USTaH8NRNoWlNlH1GQbb247EoP+WC+/L/AO7XDl2U4zOKn7mOnWT2X9dkelmWcYPJaSVWWvSK3f8AXdn0J8Vv2hPAXwsV7G+vG1PWyuU0uyIaYZ6GVvuxL7tz6A18efFD4+fET4ovLZ6lqA03R2J26VYSMsTD/pq/DSn64X/ZrzfJaR5GdneVi7uzFmdj1ZmPLE+p5ro/BHw98XfEO+az8K6S1ysZCz3UjbLaD/fkPGf9kZb2r9Hy7h7L8mh7es+aS+1LZei/pn5nmfEeYZzP2FJOMX9mO79X/SOb+VB2VVH0AH9K7bwD8HfHfxFZJ9F0v7PprHDale5jt8d9nG6U/wC6CPevof4c/sy+D/C3k6l4p2eItTTDBZo8WcTdfliP3yPV8/QV7KqqqqiqAqjaqjgKPQAdBXPmHFEV7mDj/wBvP9F/mXgOGZS9/GSsuy/VnkfgP9mnwD4TMV9rUZ8R6kmG8y8TFvG3+xB0/Fyxr1yKNI1WONQqINqqowFHoAOAPYUop4r5DEYmtipc9aTk/M+vw2Fo4WPLRikA6+tFLS/Suc6BaWkpeppFIXFLQaKRSFopwopFC0tFFIaFzS0n9KdikMQU6il6UikGaM0U5aQ0JRTvem0h7C0poFOpDSG0uPypcUvfvRcaQnIpcewxS4pam5dhKD1p1FFx2G0tL7UUBYSj8KdS9aVx2G0nSnda4H4ufGDw78J9FF3fkXeq3Sn7BpyPh5iOC7H+CMHq34DJNaUqVTEVFSpK8n0Ma9anhqbq1XaKL3xM+Jvhn4X+H21rX7jdJLlLOyiYeddyD+FAew7seFH5V83+Dv2sPFtr4uub7xpCl1oOoSDNpbR/NpqjgGE9ZAB94Ny3JGOleOeMPGPiLx5r8/iXxRqDXV5P8qjpHBHniONf4UHp36nJrGr9Gy7hfDUMO44pc05b+Xp/mfm2Y8UYmvXUsK+WEdl39f8AI/SjRdc0nxHpdvrWh6jBfWF0u+G4hbcjjp+BHIIPIOQa0O9fn/8ACn4veJvhTqxuNLf7XpVw4a902R8Rzf7aH/lnIB0YdehzX234D+IXhj4kaGmu+F74TxZ2zwyfLNbSf3JE/hP6HqCRXyGb5LWymd96b2f6PzPsMnzujmsOXaot1+q8jo24pe9JS14x7VhOlNNONFMViOkK5BU9CMEdj9R3p/ej8KYmrnjvxD/Zn+H3jRpdQ0mH/hHNVky32ixjHkyN/wBNIOFP1Xaa+Y/iD8GfH3w2kefXNK+06YCdup2WZbcj/b43RH2cAe5r77pkkasrK6qwcFWBGQw9CD1r3cu4gxmAtC/NDs/0fQ8DMOHsJjryS5Z91+p+ZvoykEEfeHT8K7D4e/Fbx58L7rz/AAfrjw2zNul0+b95aTeuYycKT/eTaa+mfiT+y74N8XebqfhNk8Naq+WIhj3Wczf7cQ+4T/eTH0NfLvjj4c+MvhzqAsfFmjtbI7bYLuM+ZbXH+5KOM/7Jw3tX22EzTAZ3T9jUSu/sy/TufFYrLcfklT20G7L7Uf1/4J9gfCn9q7wV44eHR/EwXw3rUmEVJ5M2tw3/AEymOME/3XwfTNe3TW9reQtDcwxyxv8AeR1DK3fkHg1+VbqsgKsqlTwQw/zmvW/hL+0n47+GJh0u8kfX/D6fL9hupT50C/8ATCU5K4/uNlfTbXzObcFtXq5e/wDt1/o/8/vPqcn432pZitP5l+q/yP0BUU6uJ+G/xc8E/FLTDqHhXVlkliA+02Uw8u5tiezx9cf7Qyp7Gu13V8BVpVKE3TqK0l0Z+i0a1PEQVSjJOL6oWmlgvtSseM18+fteftIQ/BLwiujeHbiJvGWvxumnRn5vsUXR7x19F6ID958dQrYdGjPEVFThuxYivDDU3VqOyR45+3Z+0pu+0/AvwNqJBcBfE15C3RSMixVh3YYMmO2E7tj4ktXtYby3kvLEXdrHKjT2xlaLzowwLR71+ZNy5XcORnI6Vu+BvBPiz4q+NrHwh4ahlv8AWtZuGdpZ2LBcndLcTv12rkszdSTgZJAr7i8ff8E9/B158OdM03wDqTWPi/SLYq+o3RPk6vITub7Qoz5ZLE7GXlFwpDAV9hGphcohHDyest3+rPhpUcZnVSWKitI7L9Eez/s9fHf4c/GTwnCPBcaaVdaVBHDd6DJtSXTgBtVVUcPFgYV1+UgY4OQPWtw25r8Y2b4i/BP4gH5tS8J+LdBlwcYEkefzSaJx9UcV9S6p/wAFDtT1D4Pzada6CbD4iTAWf2qJd1jGpX5rxMnIYcgRHoxHJUV5GLyWakpYZ80Zfge3gs+puDhilyyj+P8AwTf/AG1f2rNQ0W+b4Q/CvXprLUreRJNc1ayl2yWrLhktYnHRzgGQjouF6s2PQ/2Pv2mNb+Num33hnxZo0413w/BHJcarbw4s7xGO1S2OIpzgkp0YAsvGQPz18A+BfF3xa8bWfg7wtFJfaxq0zSSzzszCNc7pbqd+u0ZLMerEgDlhX6yfBn4ReG/gx4FsfBXhuPckH727unUCW9uWA8yeTHc4AA7KFA4FaZlQwuCw0cOlef8AWpnlVfF4/FSxLdqfb9DuiM14J+0B+zTp/wAQln8WeD44bHxOq7pE+5DqOBwsnZZOwk/Bsjke/UjLurx8Fja2X1lXw8rSX4+TPcx2BoZjRdDERun+HmvM/KfUtO1DR9QudJ1axns72zkMNzbzrtkhcdVYfrnoQQRXWfCz4reJ/hL4iGteH5vOt5yq6hYSPiK8jHr/AHXHO1x06HIyK+zPjt+z7ovxasDqdg0WneJrWPba3xX5ZlHIhnA+8h7N95c8cZB+Dtf0DW/C2tXXh3xHpsun6lZPsnt5ByvowPRlI5DDgjkV+r5Zm2E4iw7o1Uua3vR/Vf1ofkWaZTjOG8Sq1Jvlv7sl+T/rU/SP4b/Ezwz8UPDsXiTwzeF4W+SeCTAmtZccxyKOjD8iMEEiuvr8xvhz8SPFHwu8Sx+JPDNwAxwl3ayH9zeRA58uQD8drDlT04yD+g3wu+KHhv4qeG4vEPh2fBH7u6tJCPOtJccxuP1DdGGCK+Bz/IKmU1PaU9aT2fbyf9an6Fw9xFTzen7OppVW67+aOzooBor5w+nCiiigAooooAKKKKACiiloASiiigAooooAKKKWgBKKKKACiiigApaSigApaSigBaSlpKAClopKACiiloASloooASiiigAooooAWiiigBKKK5X4jfETw78MfC9z4p8SXGyCH5IYU5kuZj92KMd2OPoBkngGrp05VZqnTV29kZ1asKMHUqOyW7KHxa+K3h/4T+GJNe1pjNPKTFY2UbAS3c2OFXPQDqzHhR+AP57eOfHHiL4ieJbnxV4ovBPe3Hyqi5EVvECdsMan7qj8yck8mrXxJ+I3iT4o+KZvE/iSbDsDHa2qNmKzhzkRp6+rN1Y89MAZnhXwrr/jbxDZ+FvDNibvUL5isa5wqKPvSO38KKOSfwGSQK/WchyOjklB4jE257Xb6RXZfqfkGf57WzyusPh0+S/urrJ93+iJfBPgvxJ8QvEVt4V8K2P2q9n+ZixxFBECN0srfwoM9epJAAJIFfoH8Hvg74d+EPh4abpKrc6hcBW1DUXTEl04/wDQUXkKgOAPUkkp8F/g9oHwf8MppOmqtzqNziTUdQZcPdSgf+OouSFXsOeSSa6Xxv448M/Drwvf+MPF+qR6fpenR+ZNM/JPYKoHLOxwFUckkAV8XxBxBUzer7ChpTT0X8z7v9EfbcO8O08npfWMR/Ea1/u+S/VkXj7x/wCFfhr4WvvGHjLVY9P0ywTdJI3LMx4WNFHLux4VRyTXxD4X/wCCgXiyb4ySan4i0lh4D1OSOxg0m3h827sF3kJcKUBaWVi3zxjORgJyvzeKftDftCeKf2gPFSXl0k9j4fsJSuj6OrFimTtEsgH353yBxnbnavcn6z/Y9/ZFTwBDbfFD4macj+KZ08zTdOmAYaQjD7zDp9oYHk/wA7Rzk1gsFQy/Dupileclouxs8fiMzxSp4N2hF6vufWC+Vd2wkC5jlXO1l6gjuD/I+9fmz+2T+zE3wk1xviB4JsSPBusXGJreNfl0m7c/6v2hcn5OysdnQrX6J+JPGPhfwXb2l14q8QWOlQX13FY28l3MsYluZDhI1z1Yn/GrHiLw7ovi/Q7/AMN+ItOhv9M1GF7a6tplykkbDBU+nseoOCORXl4LGTwVRVI7Pddz18wwVPMKTpy+JbPsfkD4G+LnjD4f+GfF3g3RZoJdI8Z6c+n39pdKXjRmwpuEXOBL5e5M9CCpOSi1y+n+H9a8QLc/2R4f1DVEsYxcXX2SykuPITOA77FbYMg8mvR/2jfgLrXwC8dtoc3m3Wgalvn0PUXH+uhB+aGQ9POjyA394FWHUgeifsO/G7wv8KfHN74W8V2NrbWvjB4II9aPD206ZEcMrHgQuWOD/C55yGyv2Mq8Y0JYrDR5r6+p8LDDyliI4XFS5UtPT/hzxvwT8bPix4DZV8E/EzXdPjhP/HqLw3EAI7GCbcg+m0V714N/4KKfFrRfLg8aeF9B8SQr96WHfp9yfckb4yf+ArX2145+BHwe+Ju+Xxr8PdF1K5kHN2bcRXQ+k0e2QfnXzv44/wCCcHgvUN9z8OvHOraDJ95bXUoxf2/0Bykqj6s1eMswy/F/7xTs+/8Aw2p7ryvM8F/u1XmXb/gPQ9i+GPxP+Hv7Wnwy1qF/DmoR6bOX0nVtP1GEDDNGGISRSVfAZWDKcqcZANcv8Av2LPAnwb1aXxTrF43inX47iQ6dd3cCrHYQbj5flx8jztuN0p5znaFGc+kfAX4Q6d8D/hrpngOzvBfTwGS4vr3y/L+1XUrbpJNuTtHRQMnCqtdtrGtaXoGm3Gsa1qFvZWVohkmuJ3CRxqO5J4rxZV5QlKlhm+Rvbue9HDxnGFbFJc8Vv2LjDaMj/wDXXivxj/ac8K/DVp9D0Xy9c8SKCptIpP3Nq3/TeQdD/sL8x9uteMfGj9rPVvFLT+G/hnJcaZpLZjl1Qgx3d0Oh8oHmFD6/fP8As187bR/D3Ofqe5Pqfevssk4PlVtXzDRfy9fn29Nz4zPeM40m6GX6vrLp8u50Hjr4geLviVrB1vxjq73s6k+TEPlgtlP8MUfRR78se5NYdvb3F9cw2Nlay3FxOwSKGJC7yMeyqOSa7D4c/CXxd8ULrbotsttpsbbbjVLlT5Efqq45kf8A2V/EivrT4b/CHwh8NLXGj2f2jUpFxcalcqDcSHuAeka/7K/jmvqcbm+EyiH1egk5L7K2Xr/Vz4/B5Xi82n7es2k95Pd+h438M/2XLi78rWPiY7W0Rwy6PBJiRv8ArvIv3f8AcTn1I6V9Iabpem6Pp8OmaTYwWVpbrtiggjCRoPYDirWKWvh8bj8RmEuatK/l0+4+3wWX0MBHlox+fUdThTadXEdoL+lO9qRf50vNSUkL7UDr3opRSKQ4CnLTVFPFSUFFLRSKFopaWgpC/jS4o9aKkYtOpopaQ0FKKRfbNPXpSKSAdaWjmlqRiUUc07NMaEFOxSrS96kpISl5paKRQUtLRikUkFFLR1pXHYTml/GlpcUhobS078K8r+N3x10f4U6f/Z9ksV/4kvI91rZlvlgU8CabHRc9B1YjA4yRrh8PVxdVUaMbyZjisTRwdJ1q0rRRZ+M3xp0P4T6SoZVv9dvVJsNOD4z282UjlIh69WPA7kfDnibxNr3jDXLnxH4k1F73ULxsyStwAOyIvRUUcBR0qHW9b1jxLq11r2vajNf6heyeZPcTNlmPoOyqOgUcADAqnX6pkuSU8phzPWo93+i/rU/J86zyrm9Sy0prZfqwpaSivcPDCtrwb408SeAddi8R+FdQNrdp8sinmK4TvHKnRlP5jqCDWMPpSY9qipThWg6dRXi90VTqSpTVSDs1s0fd3wh+OHhv4raf5MW3TtdgTddaY75bA6yRMfvx+/UdCK9IzX5oaff32k30GqaXezWd7auJILiFtskbDuCP/wBR6Hivrr4IftKWPjRoPCvjmSDT9fb5ILoDZb359s8Ryn+70P8AD6D86zrhueCviMKr0+q6x/zX9M/Rsk4ljjLYfFu0+j6S/wAme6UvvTuc/MDRzXy17n1lrEdL7c0oopiZHTak702mmQxhqtqWm6fq1jNpuqWVveWlwu2W3niDxyD0Kng1apTVbEyipbnzL8TP2T4W83V/hfceUwyzaPdS/IfaCVuV/wB18j3FfN2qabqei6jPpGtafc2F9bHbNbXEZSRPqD2PY9D2NfpSfwrj/iB8MfCPxM04WPibTg80SkW17DhLm2J/uP6eqnKn0r6nK+J62FtTxXvw79V/mfJ5pwxRxF6mF92Xbo/8j4I0fWdY8O6pBreg6pc6dqFsd0N1byFZE9vQg91OQe4r6x+Dv7YFjqhg8PfFYQ6ddnEcWsRLttZj0HnL/wAsWP8AeHyH/Zrwj4qfAvxh8L5Hvpk/tTQi2E1KCMjy/RZk6xn3yVPr2rzgfSvqMXl+X8RUfab9pLdev+TPm8FmOYcO1uSOneL2fp/mj9WIporiNLiGZXjkXcjqwIZSMggjgivlD9q/9jW6+KWqXnxO+HupSDxRJCi3Wm3twWt75Ilwiws3+ocAYA/1ZJ52klq8s+DX7Qvi74UTR6bMZNX8OFvn06ST57cd2t3P3D/sH5D/ALJOa+4fAXxD8J/EjQ01/wAJatHe2xO2RfuywP3jkQ8ow9D16jI5r83x+V43h2sqi1j0ktvR9mfpmAzXA8SUHSlpLrHr6rueS/sj/s4Q/BHwedW8R28L+MdejSTUpFw32OIcpaRt6L1cj7z57Ba+gqbgAccYrH8X+LtB8DeG9Q8WeKNRjsdL0u3a5uZ3/hRR0A6sxPAUckkAcmvDq1amJqOctWz36NGnhKShDSKPnr9vPSfhG3wsOt+OrX/ipUY2vhqa0KpeNctyUyfvQAfNIG4wOMMVr83bCwvtW1C10nSrGW8vb2dLa2tYF3yTyuwCoo7kk4rvvjx8bNe+OXj668ZawHtNOgVrfSbBm+WytM5GcceY+Nzt64HRRX11+wz+zM3hmxg+NPjrTmTWdQhP9h2cyYaxtXHM7A9JZVPHdUI7scfWUZf2Ng71XeT2X9fifGVof25jrUVaK3f6/wCR6t+yr+znp/wJ8HedqUcNx4u1lFk1e6TkRAcraxH/AJ5pk5P8bZY9gPc6ZuCj27V5n8VP2kPhF8H43j8Y+LrZNRC5TS7P/Sb1+4/dJkqD6vtX3r5WTrYyq5aykz7GEaOBoqOkYo9N3D14rF8VeNfCvgfSZde8YeItP0fT4QS1xeXCxJ9Bk/MfYZJr4L+KX/BQ7x74g83TvhZoMHhizOVW/vlS6vmHqqf6qI/XzK+XPEnifxJ401Ztb8YeINR1vUW5+0ahcNM6+y7uEHsoAr18NkNap71Z8q/E8XF8R0aXu4dcz/A/aPRdb0jxJpdprmh6hBfaffQrcW1zA+6OWNhlWUjqCK88+OHwL0H4vaKA+yx16yQ/2fqQXJXv5UuOWiJ7dR1HNfH3/BPnx98RoPiPL8ONJk+2eEZrO41LUIJ2ONPddoSWE/wmR2Csn3W5bgg5/RPrXFVhWyjFXpS96OqaO6hOjnWDtVh7stGmfll4k8Na54P1y78N+JNNksNRsX2TQv8Ao6noyMOQw4I960vh18RvEnww8TReKPDFxiQYS5tZCfKvIc5Mbj88N1U8+tfdXxy+B+i/F/Qdm5LLXbJCdO1HbnaevlSActEx6jqDyOevwB4i8P614T1y88N+ItPkstSsJPLnhfsezKejIw5VhwQa/UMnzbD8QYeVGslzW96PfzX9aH5bnWT4jh7ExrUW+W/uy7eT8/zP0g+F/wAT/DfxT8Mw+JPDtwcH93dWshHm2s2OY3Hr6HoRgiuxr8y/hh8TvEXwp8UReJPD7GRGxHfWTNiO8hz9xvRhyVb+E+xIr9DvAHj7w/8AEfwza+KPDd35trcjDI3EkEg+9FIv8LKeo+hGQQa+A4gyGeUVeaGtN7Pt5P8ArU/QuHeIIZxS5KmlWO67+aOmopaK+dPpRKKKWgBKKKKACiiigAoopaAEoopaAEpaSloASlpKWgBKKWkoAKKKKACiiigApaSigAooooAKKKWgBKWkpaAEoopaAEoopaAEooqO4mhgheaaRY40UszM2AoHJJJ6CgL2MrxX4o0TwdoN74k8QX8dpp9hEZZ5W7DsAOpYnAAHJJAFfnn8ZPi5rXxe8VPrF95ltplruj0uwLcW8R/ibsZW6se33RwOem/aN+OU3xX8Qf2PoVyy+FdKlP2VQSPtswyDcN/s9QgPQZbqRjyCOOWaZIII5JZZXWOOONSzu7HCqoHJJPAFfqXC/D6wNP65iV+8e391f5n5NxVxC8wqPBYZ/u09f7z/AMvzLOkaTquv6pa6Hoeny32oX0ghtreIfNI57ewAySTwACTwK+//AID/AAN0v4QeHyZfKvPEOoIp1K+UccciGPPIjXt/eOWPthfs3/AGH4Y6SPE/iSGOTxVqUOJO4sITz5CH+8eC7DqeBwOfX9c8SeHvDNvDdeItc0/SoZ5kt4pL25SFZJXOFRS5ALE8Ada+c4lz95jU+qYV/u1/5M/8j6Xhfh5ZbT+uYr+I/wDyVf5kHi7xZ4e8CeG9Q8WeKdUh0/StNhM1zcSnhFHoOrMTgBRySQBya/LT9pD9ovxB8fPFAuGM9h4W0yRv7J0tj07faJgOGmYduQgO0clif0o+Nnwh8P8Axu8C3XgnxBdXVojyLdWt3auQ9tcpny5Nv3XAyco3BBPQ4I/Kz4vfBvxt8FvFL+FfG+nqvmhmsr6EE2uoRDq8THuON0Z+Zc88EE8WQQw7k5S+Pp/wDr4jniVGMY/w+tv1PsT9jn9kVfDP2L4ufFLTx/bbKJ9G0mZcjTlPIuJgeDOQflX/AJZg/wB4/L9K/Fn4teDvgz4PuPF/jG/8m3jPl29vH8095OQdsMS/xMfyAySQATXxD+zn+3Fqnw90dvBvxWS/17SbS3b+y7+H95eQlR8ttJuP7xDwFcnK9GyvI8O+KXxT+IH7QXj+PWtcinur26lFno+jWamRbVXb5YIU6u7cbnPLHk4UAC55biMXinLFP3V18vIinmuFwWDjHBq8308/Mk+Mnxf8dftDeNk1jX4JZFkk+yaNodqGlS2VzhYo0AzJK5xufGWOAMKAB+mP7Nvh/wCKnhr4TaPpXxg1WK812FMKo+ea2tsDy4J5ckSyoOC49h8xBY+a/sn/ALI+n/B+1h8c+OoYL7xtdR/Iow8OkRsOYoj0aUg4eX/gK4XJb6Tv9QstLsZ9R1K7htbW0jaaeeZwkcUaglnZjwqgAkk+lcWZ42lWSw+Hj7sTvynAVqDlisTL3pf1qcd8YvhP4Z+Mvge/8E+JoSIbgeZbXUagy2dwudk8ef4lJ5HRgWU8GvyX+JXw78TfC3xlqXgLxjaIl/YNgsoPlXULZ2Txk9UcA+4IZTypr6J/aS/bc8SeMtYHh34L63eaH4e0+4WVtXh/d3OpSRsGDLkZS3BH3TzIPvYXg+7+FfAXhf8AbO+G/gj4jfF7wbeaTq2kzNvMB8lNVgHDBSfnNrK21wOGBVgpwdzdmDnXymmqlb4JdOq/4c4cdHD51VdPDv349ej/AOGJ/wBhP4reM/iJ8M59H8XafqE48NSrY2WuzIfL1CDBxHvP+slixsYjgjYSd2a+mqpaTpOl6Dptto+jWNvY2NnGIbe3t4xHHEg6KqjgD6V5R8dP2iNB+Ets2k6f5OqeJp490NiG+S3B6SXBHKr3C/ebtxk15MaNTM8VyYWGsnoke1KtTyrCKeKnpFb9zr/iZ8WPB/wp0T+2PFF8VklytpZwgNcXbj+GNO+OMscKM8kV8K/Fr40eMPi9qYm1qb7HpMEm6z0mCQmKH0Zz/wAtZP8AaPA/hA78p4p8VeIfG2uT+JfFWqzahqNz96WThUXska9EQdlH45OTSeHfDeueLtZh0Hw5p73t9NyEXgIvd3boiDux/U1+nZLw5h8mj9YxDTqLdvaPp/mflmd8S4nOpfV8OnGm9kt5ev8AkZvzMwVQWZmCqqjJYngAAcknsK9/+FP7Mt1qPk+IPiVG9ranEkOjq22WUdQZ2HKD/YB3HuR0r0b4S/AXQvh6ses6q0Oq+ICv/H1t/dWueqwKeh9XPzHtgcV6rXFm3EUqt6ODdo9ZdX6dvzOjK+H407VsXq+3T59yKxsbPT7WKxsbWK2t7dRHFDCgREUdAoHAFWhzxxUdPA7ce9fJ+bPq1ZaISl/Gkpw70ihwp1Jj8KKRQ7v9KdSUfiakaF/GlpKcKTLQ6nD1pKdUFCYpfWj8aUdKCkLSikp1IaClHXpSkdO1LUjFWilpMUihRxTqb2p/50ikJ70vfOeaTnNOxSHYBS/SlFJtpF2F+tOxSCnetSUkFFLS0ikJR/Knfj/9evn347/tJQ+EWuPB/gG4iuteGY7q+wHi0891Xs83t0Xvk8V04PB1sfVVGgrv8vU5cdjaOXUnWruy/P0Oo+NXx80P4W27aTp/lal4lmTMNnuylsD0knI+6O4T7zew5qL9nH4vXXxM8N3Fh4iu0k8RaRJi6dUVPtMLkmOZVHA7oQOhUetfEVzcXN5czXl5cS3FxcO0s00zl3kdjkszHkk+tdN8M/Ht98NfGmn+LLLc8UDeXewr/wAt7VuJF9yBhh7qK+4rcJ0YZfKnT1qrW/drp6HwVHi2vPMI1KmlJ6cvZPr6n6MUVX0zUrDWNNttW0u6S5s7yFJ4JkOVkjYAhh9Qa8g+Pn7QFj8NbdvDXhuWG78U3Eedpw0eno3SSUd2PVU79Tx1+DwuFrY2ssPRjeT/AK1P0LFYyjgqLxFaVo/n6E3x4+Pmn/DGybQ9D8m98UXMeYoT8yWSHpLNjv8A3U6nqeK+KNS1HUNY1G51fV72a8vbyQzT3Ezbnkc9ST/IdAOBxTLy8vNSvJ9S1K8lu7u7kaae4mbc8rnqzE9z/wDq4phr9WybJqOU0rR1m93+i8j8jznOq2b1by0gtl+vqJQeKM88V6N8I/gf4q+LF0t1b503w/E+2fU5Y8+ZjqkCn/WP7/dXuSeK9HE4qjg6TrV5WSPOwuFrYyqqNCN5M5Pwb4K8UfEDXI/D3hPTXu7tvmkY/LFbp/flfoi/qegBNew+Kv2PfHWlWcd34Y1zT9ckWIGa1ZTayb8fN5bMSjjPTcVNfUfgXwD4X+HOhx+H/CumpbW6/NJIx3S3EneSV+rsf06DA4ro9tfnuM4vxVSvzYX3YLo1e/qfouC4Nw0KHLim3N9U7W9D8zvEHhzxD4Tvv7O8UaHfaTc5wEvISm//AHW+6w91JrPr9M9W0fStdsZNN1rTbXULSUYaC6hWRG/4C3FeF+Of2QfBeteZd+CNQn8O3R5EBBuLQn/dY70/4C2PavXwPGNCp7uLjyvutV/mjxsfwbiKXvYSXMuz0f8Akz4/prKrfeGQa77xx8D/AIm/D/fcaz4dkutPT/l/0/NxBj1bA3p/wJR9a4JWDfMhDKf4gcivrMPiaOLjz0ZKS8j5LEYavhZ8laLi/M+ivgf+05caL9n8J/Ey+eawGIrTWHyzwDoEuD/En/TTqO+RzX1XDNHcQpPbypJHIodHRsqynkEEcEEd6/Mr+Ves/Bb9oDW/hhcRaHqzTaj4XdsNb/elssnl4Cf4e5jPB/hwevyWd8MqpfEYJWfWPf0/yPrcj4mlSth8a7x6S7ev+Z9vUV5rJ+0l8FYYwx8e2z5UNiO1uGI78gJwfas64/ao+C8Kny/EN7cH/pjpU5z+YFfHxy3Gy2oy/wDAX/kfZzzPAx3rR/8AAketd+tNrxab9rr4TpnyovEU3+7pm3P/AH04qhN+2P8ADlc/Z/DnieY/9cIE/nJW8clzGW1GX3HO86y6P/L6P3nu1De1fO9x+2Z4bXP2PwHrEnoZbuBP5ZrNuP20H5+x/DYH/rtq3/xMVbx4fzOX/Lp/Nr/MwlxDlkf+Xv4P/I+mD+lMr588E/tdaTreurpnjPQINAtLkhIL6K6aaKNyek25VKqf7w4HfjmvoFJEkRZI2VlcBlZTkEEcEEcEVx4vA4jAT5MRHlbOrCY/D4+PNh5XGSRxyRtHIivG6lXRlBDKeoIPBB9DXzt8W/2W7W983xD8L447S6OXl0dm2wynqfIY/wCrY/3D8p7ba+i6Md8U8Hja+Aqe0oSs/wAH6k43A0MfT9nWjfz6o/Ni8s7zTbyaw1G0mtbq2cxzQTIUkiYdVZTyDWt4M8beKfh7rkfiLwhq8lheLhZAPmiuE6+XKnR1/UdQQa+0Pil8GvC/xQs/Mv1Nlq8SbbbVIEHmJ6JIOkiZ7HkdiK+NvHfw/wDFHw51o6L4msRGXy1tdRZaC6QfxRt391OCO/rX6Hl2b4XOaboVUlJ7xez9O5+fY/KsTk9T21OTsnpJbr1/qx9r/BH9ojw38Vol0m6CaT4kjj3S6e75SbHWSBj99e5X7y9+Oa9E8beC/C/xF8M3vhDxhpMOpaTqKBJ4Jc84OVYEcqykAhhyCARX5iW9xcWd1De2dxLb3Fu6ywzQuUkjcdGVhyCPUV9g/s//ALUsfiN7bwT8SrqKDV2xFZ6owEcV6eySdkmPb+F+2Dwfjs+4WqYF/WsDdw7dY+ndfkfbZBxXTxyWDzCym+vSXr2f5nDeBf2AdJ8H/FibxR4w8R2uq+BdFxf6fb3XyzTSAlgt5kBPLixuJHEnGQoDA9/8Tv26/gx4D87T/DN3N401SLK+VpBH2VW/27pv3eP9zefavou4t7e+t5LS7t454ZkaOSORAyupGCrKeCCCQQfWvhn49fsC6zN4qh1v4FQ6fHpeq3G280m6n8iLTGbJMsTYOYM9YwCykjaCpwvgYatRx1ZfXpvTbt8z6DE0K2X0X/Z0Fq9e/wAjx34oftofHL4ledY2uuR+E9Hmyv2PRN0crJ6SXJ/eNx/c2D2rynwL4B8WfE3xXD4T8H2Md9rOol5AJ7tIfMC8u7SSHLEDk/eY84Br7U0D/gm/4Xi8J3kPijx5qV14kuYD9nurOJYrKyl6giI5aYZ4O9hkZwFOK+OviB8PfiB8DvHQ8P8AiaGfSta02VbvT7+0kZUmVW+S5tpOpGR9VPDDtX0GExGFqKVLB2TW2n9XPmcdhcZTca2Ou4vfXb9EfW/w1/4Jz6bbxpqnxh8aSXTD5203RGMMCjqd9y43t3zsVPrXyZ8YNZ8G6v8AEDU0+HWi2ek+E9MkOnaPDbKR5lvExBuHZss7yvufcxJ2lB2r6I8Q/t0al4q/Z31PwhqEb2vj+/VdHlu7ePbDPaSKRNeIRwkmwFCnZ3DLx0+fvgX8LZvi98UvD/w/hhYWV1MJtSZePKsIcNMc9sjEY95BWeDWIpupiMY9unT1Ncb9VrKnh8DH4t319P8AM+7P2CfhJ/wg/wAKf+E51S18vV/GrJe/OMNHYJkWye24FpP+2g9K+oO1Q2drBZ2sVrawpDDCgjjjQYCKBgKB2AAArkPjFq/j/wAP/DjXNY+GOh2+r+I7W2MllaTE4cgjcVUf6xwu5lTI3EAZ5r5StVli67nLeTPs6FKOCw6hHaKOz3ozMqsCV6j0+teWfHX4F6N8XtF8xPLsfENjGf7P1Db+Pky45aJj+Knkd8/nn8GP2nvHnwv+KF14+17VdQ1201+fPiW3mY77lc481EPEcsXRVAA2gpxxj9TPDfiTRfGGg2PiXw3qcN/pepwLc2tzCcpLGwyCPT3B5BBBrtrUMTk1aNanLXo1+RwUMThc8ozo1I6dU/zPzD8QaBrXhXWrvw94j0+Ww1Kxk8ue3k6qeoIPRlI5DDgiuu+Dfxe1z4Q+Jhq9jvudMuiqanp4bieMfxpnhZV/hPfkHg8fYn7QPwJ034taGLzT/KtPE2mxn7BeMMCVept5T3Rj0PVTyO4PwNqOnaho+oXOk6tZS2d7ZStBcW8ow8Ui8FT/AI9xgjg1+l5XmeH4kwcqNaK5re9H9UfmGa5ZieGcZGtRb5b+7L9GfqH4Z8TaL4u0Oz8ReH9QjvLC+jEsM0Z4I7gjqGB4IPIIINa1fnz+z78dLr4R699h1iWSXwvqco+3QjJNrIePtMY9v41H3hz1HP39Y31rqFrDe2dxHPb3EaywyxsGSRGGVZSOoI5Br83zrJ6mT1/Zy1g/hff/AIKP0zIs6p5zh+daTXxL9fRliiilrxz3BKKKKACiiloASiiigApaSigAoopaAEopaSgBaSiigApaSloASiiigApaSigAopaSgAooooAWkopaAEopaSgAooo7UAIzYFfIX7WPx4bUJrj4U+ELw/Zo28vXLqJv9Y3/AD6KR2HHmH6L/er0z9pz44f8K18Pr4b8O3CjxNrUR8llPNlbn5WuD/tHlUHdsnopr4RHH8R9yTkk9ySeST6mvuuE8h9vJY/EL3V8K7vv6HwHF+f+wi8Bhn7z+J9l29f0BmVQWYhVHJz0FfXP7KPwCbTo7f4qeM9PK30y79Fs5l5t42H/AB8OD0dgflH8KnPVuOC/Zc+BJ8fawnjrxRZA+HNKmxawSL8uo3KHuD1ijPX+8wx0UivtfUtS07RNNn1TVL+3sbO0jMs9xcSLHHEg6szMQAAO5rp4sz965fhX/ia/Jfr9xy8I8PrTMcUtPsp/m/0+8tj5R0r85f8AgoT8StJ8afETS/hza6XcofBon+23FxGUEs1zHEwWJT1QIoO/uWwvQ5+1vg/8dvAPxw0vUdS8D6hJL/Zd49pc29xH5cyYYiOXZnPlyKNyN3GQcEED4+/4KOeAV0rxx4Z+I1rAFi1yzfSrtlX/AJeLc74iT6tE7j6RivlMniqWOUaqs+nqfWZ5N1svc6LutL+h9Q/sg+ONR+IH7P8A4W1jW9Ra+1O1im028ndsu728rRKznqXKKhJPUnPeu5+Jfwz8HfFjwrdeD/G+kpe2Fx8ykfLLbyjO2WJ+qSL2YfQ5BIr5G/4Js+OWVfGPw1uJuEaHXbNP979zPj8VhP8AwI19y/erlx1N4XFyUdNbr5nXl1WOMwcHLW6sz8jP2gP2e/F3wE8Six1bdf6FfSMNK1hI8JcDr5cgHEcwHVejYJXjIGt+yj8YPB/wa+Jya9418O291ZX0P2P+1vLL3OkbjzLGOhRgcSYG8KMg4yp/T/xp4J8L+P8Aw5e+E/F+j2+p6Xfpsmt5hwfRgRyrA4IYEEEAivzA/aU/Zl8TfAPXPttuZ9T8H3023T9VK5aBj0t7nAwsn91/uvjjDfLXv4LMIZjSeFxGkmvv/wCCfOY/LKmWVli8MrxTv6f8A/T3VvHHhPQfCM3jjVvEFjb6DBai9bUWmBgMBAKurDhg2RtxksSAOTX5rftOftYa78cryfw7oLXGkeBraTclqx2y6iVPE1z6L3WLOBwWy2Nvjd5408WX3hWw8C33iPUJvDumXDXNppbTEwQyueqoOpyTtByFLHaATX2b+yT+xh5LWXxR+Mmk4nG240jQLhf9T3W4ulPV+hWI8L1b5sBc6eCw+URdfEPmf2UaVMdic8aw+HXLH7TOc/ZP/Yzn8XNZfEz4waW8Gi/LcaXoUylXvu6zXKnlYu6xnBfgt8vDffyQx28KRQxqiIoVVVcAAcAAdsUvCrivlj9pD9pxrOS6+Hfw01HF0Mw6pq0Df6js0MDD/lp2Zx93oPm6efSpYziDFKnBf5RR6lWpguHMI5z/AODJm3+0N+09b+DWufBfw9uYrnxAuYry+ADxace6js83+z0T+Ln5a+Nbi4uby6mvb25lubq5kMs800heSV25LMx5JPrTFUD5VHH+e/vXonwk+DmsfEq9F9cNJYaBBJi4vQPmmYdY4M8FuxbovueK/T8Bl+D4dwzk36y6t+X6I/K8wzLGcQ4m3TpHov8Ag+ZjfDv4a+JPiVqxsNFhENpAw+2ahMp8m2B7f7TkdEHPrgV9h/D/AOHfhr4c6ONJ8PWpDSYa6u5cGe6cfxO3p6KPlHatfw74f0fwxpFvomg6fFZWVqu2OGMce7E9WY92PJrRr5PNM3q5lLlWkFsv8z6XLMpp4CPM9Z9/8hwp45ptOXOK8d6HsoWl/DFJ1+tOGMAYpFISlFJ7U5aRQ6nL3ptPWkULS0g5pakpC8+9KtNHpTxUlIdRRS1NykLS0lL1pFC0vrQKWgpC5FOHSkGadUjQhpw70lL7VJQopaQelPpFCflS+9J7c06hlIWlpcUoqS0gpaWipZaQetMkljhRpZGVERSzMzABQOSSTwAKravq2m6HptzrGs30NnZWcZlnnmbasajuT/nPSvjP43ftCap8SJJfDfhpptP8MA7XB+WfUMfxS90j9I+/VvQejleVV82q8lPSK3fRf8E8vNs3oZTT5qmsnsur/wCAdX8c/wBpubVPtHhH4ZX7w2nMV5rMR2tN2KW56qvUGTqf4cfer5vVFX7qgClUY6DpS1+qZfluHyyl7KivV9Wfk+YZlXzOs6tZ+i6IKSlo613XOGx6t4D/AGi/FXw++Hd74J0uCOW687dpV5L8y2Mb5Mo2H7xDfMg6Asc8ACvK7q6ur66mvr65luLm5kaaeeZizyuxyzMx5JPrTKOnFc2HwWHwtSdSjFKU9Wzpr43EYqnCnWk3GGiQtAVpGVFUszsEVVUksxOAAByST0ArT8M+F/EHjLWoPDvhjSZtQv5+RFGOEXPLux4RB/eP4ZPFfZfwX/Zz8P8Aw1WHXdbMGreJiuTclcw2meqwKe/q5+Y9sDivPzbOsPlMbS1n0j/n2R6GUZHic3leCtDrJ/p3Z5f8Gv2VrnUzB4k+KVvJb2pxJBou7bJIOubhh91T/wA8xz6kdK+rLOztbG3is7G1itreBBHFFEgRI1AwFUDgAelWNv8Ador8vzDMsRmdT2ld+i6I/VctyrD5XT9nRXq+rGU6lI/OiuE9Kwyin0h60XJaIuh3K2CfSvNPHn7Pnwy8ftJeXeh/2ZqUmf8AiYaYRBKT6uoGyT/gQ/GvTaMVvQr1cNP2lGTi/I5sRhqWKhyVoqS8z4t8cfsofEHwz5l54Xmh8TWK5bZCohvFHvEx2v8A8BbPtXit1bXNldSWN9bTW11AcSQTxtHIh90YAj8RX6cnI9a53xh8PvBvjy1+x+LvDtnqIAwkkiYmj/3JBhl/A19ZgOL69K0cXHmXdaP/ACf4Hx+YcG0anvYOXK+z1X+f5n5yZz3/ACor6U8dfseXcO+++HGvLKo5/s7VGww9knAwf+Br+NeA+JvCfijwbe/2f4s0G80mcnCi4jwkn+5IMo/4Gvs8Dm2DzBfuJ69no/uPi8dlOMy9/v4ad9195k/hR77aBS/SvRPOuJRS0tADOufcV638Gfj/AKt8Oni8P+IDNqXhsttVB809jnvFn7yesf8A3zjofJqSubF4OjjqTpVldfl6HThcXWwVRVaLsz9G9D1zSPEmlwa1oeoQ31jdLvhnhbKsP5gjuDyO9X818CfDX4qeKfhdq32zQ5hNZTuDeadMx8m4Hr/sP6OPxyK+zfhx8UPC3xO0c6p4fuis8IAu7KbAntWPZwOoPZhwf0r83zbJa2Vy5vipvZ/5n6RlWd0czjyv3Z9v8jrKxvFXhPw/400Wfw/4m02K9sp+djcMjdnRhyjDswrZz3oryYylCSlF2aPWqQjUi4zV0z4f+L3wP174W3J1K3aTUvDsr7Yr4L89uSeI7gDhT0AcfK3seK8yZQcpIuQeCK/Sa6tbe9t5bO8t457eeMxzRSIGSRCMFWU8EEdq+T/jZ+znc+E1n8VeAreW50Rcvc6eMvLYjuyd3i9vvL7jp91k3EUa9sPjPi6S6Pyfn+Z8JnPD0sPfEYRXj1XVenkbv7P/AO1JdeHpLbwX8TL+S40niKy1eUlpLTsEnPVo+wfqvfI5H2Nbzw3MSTwyLJHIoZGVgVZSMggjqDX5TA/iDXuv7Pf7R958NpoPCPjC4luvC0jbYpeXk0wnuvdofVOq8kccV5/EfCymni8Ctd5R7+a/yPX4a4rdJrB45+7tGXbyf+Z901578avgr4M+OHhN/C/i21ZXjYy6ffwgC4sZ8YEkZPY9GU/Kw4Nd1YahZ6laQ31jcxXFvcRiWKWJw6SIwyGUjggg5yK4b4+eK/EXgf4P+LfFHhTS7m/1ew0yVrOK3Qu6SMNolwOSI9xkOOcIa/PaPPGpHk0lc/R6/s5UZOavGx+RniTRT4b8Tav4b/tK31A6Rf3Gnm7twRFcGGRoy6A8gEqf/r9a+7f+Cdfwr/sjwfq3xa1S1xdeIpTY6azLyLCFvmdfQSTbvqIlr4a8AeC9W+Ini7QvAvh9jJea7dR2kc33titzJOx7hUDuT7V+y3hHw1pPg7w1pfhTQ4PJ0/SLOKxtY/SONQq59TgZPua+nz3FSpUY0L6y3PkOHcGqteWItpHb5/5GtSOAR0pc4ryP4/ftGeC/gNoa3Gsyfb9bvVJ03R7eQCe5PTex/wCWcQPVz9AGPFfLU6cqsuWCu2fY1asKMXOo7JHzF+3j+z/4d8PSN8avC95Y6a+pXSwatpkkix/a536XFuv8Un/PRB1AL9Q2eD/Y9/aek+DuvJ4H8ZXjHwVq8+RKxz/ZNy55lHpC5P7wdj84/iz4/wDFj4ueNPjH4ok8XeOtSWWRAyWlrFlbawiP/LOFT07ZY/M3c9BWxr/7PPxW8N/Cu1+MGteHWtdDuZ/LkhkDC7t4GA8u5lix8kTsdvJyMqSAGr7OGGjHCxw2Mlq9j4OeKlLGSxWBhot/1+8/XmGaG6hSaGRJI5FDK6HKsCMggjqCK+f/ANp74Bjx5p7+NvCdkB4l0+H97DGMHUbdf4D6yqPuHuMqeox4f+xL+1NJo89l8EviJqGbKZhB4d1Gdv8AUueFspGP8J/5ZMeh+T+7X3j99fSvnU8TkmLVSGjW3Zo+oawuf4N057PfumflEG/ix7c8Ee2O1fRn7K/x4/4RTULf4aeLLz/iTXsm3S7mRuLOdjxCxPSNyfl/uscdDxd/aw+Bf9i3U/xV8J2gWwuX3a1bRr/qJWOPtKgfwsSA/oSG7tXzPtDfKw47iv1GMsLxTl/r98Zf196PyqUcVwtmPp90o/19zP1eVt34U6vnT9lX47SeNtNHgHxbe7/EGmQ5tLiQ/Nf2y8ZJ7ypwG9Rhv71fRSnIr8lx2Cq5fiJYestV+Pmj9gy/H0cyw8cRRej/AAfZi/zooorkO0KKKKACiiigAoopaAEooooAKKKKACiiigAooooAKKKKAFopKKACiiigAooooAKWkooAKKKKACuS+KHxE0T4X+D7zxXrjFkgHl29upw91O3CRL7k9T2AJPArp7q4htbeS5uJkiiiUu7u2FVRySSegAya/PP4/fGC4+LnjJriymdfD2ls0GlQ9A46NcMP7z449FAHUmvbyHJ55vivZ7QWsn+nqzweIM5jk+F51rOWkV+vojiPFnirWvHHiS/8VeIrnztQ1GXzJCM7Yx0WNM9ERflHsM9Sa6n4K/CXUfi/4xTRYzLBpFmFn1a8TgxQk8Rof+ej4IX0AZuwrj/Dnh3WfFuvWPhnw/Zm61HUJRDBGOmepZj/AAooyzHsBX6M/CP4Y6R8KPBdp4X03Esw/fXt0Vw11csBvkPoOMKOygCv0DiLN6eS4VYbD6Tasl/Ku/8AkfnfDmT1M7xbxGI1gneT/mfb/M6nRdI07QdMtdF0ezjtLGxhW3t4Yx8saKMBR+FfO/7cXwZ8cfFbwDZ3/gnUr24l8OSSXk+gRt+71NCB8wX+KaMAlAcg7mA+Yg10PiD9tT9nfwz4mn8L6h44eSa0lMFxcWmnz3FtFIDhlMsalTg8HbkA5GeDXb+E/jp8HfH0y2vhH4leHdTuH5W3hv0Ex/7ZsQ36V+YU44jDVI13F99UfqVSWFxVOWHU120ex+Ufwt+KXi34P+NLTxx4NuPKu7YmG5tZtwivIN3z28y9cEj6qwBHIr7V/aE+IXw//aM/ZF1bx54fvFjuvDl1Z6hJZTOBPZXgkWN4JB33RzOFYcMCCKT9rb9jlvGk158UPhPp6J4hYGXVNIjARNUx1li6BbjHUdJPZuT8DSnVtKa90ib7fYNIyw31nIJIWLRtuCTRnByrDIVhwa+mpqjmsoYim7Ti1c+TqSxGTKeFqrmpyTt/n/mdX8Jfit4q+DPjSHxx4PWzlvIreazkhvEZoZopMZVgjKeCqsMHqtfTfh//AIKVeJoGWPxV8KdNul/ik0zVZIWH0SVGB/76ryf9lLwP+z/8Qte1bwr8ZNUvLbVtREMWgILp7OJm58zZMrANMTtARxjH3dxJA+gPEX/BNfwncb28IfFHXdPbqsepWcF4o9soIm/Wpx1XAOs44qLv31/QrLqOZKgp4Oa5e2mn3na+E/8AgoJ8CNeaOHxA+u+GJW4J1CwMsIP/AF0gLgD3IFevaf40+D/xr0K60HS/EvhvxZpmpQtDdWUd1FP5kbDlXjzuH4jIxmvgLxx+wT8evCaS3Wh2+keK7SMFv+Jbc+TcbR/0xmwCfZXavav2Hf2YdS8L3T/GL4jaFPYaw6Pa6Jp95D5c9nEflkuJFPKSPjaoPIQE/wAXHl4rCYGFL22Hqa9F/Wp6+DxuYVKyw+IpadXt/wAA774SfsO/Df4X/EK68cTX11rqW04k0CyvkUppgwPmY/8ALaRTkI7AbRg4LfNX0eWC8AmnNxXyz+03+0c+mm7+Gnw91ArfHMOralC3/Htng28TD/lqR95h9wHA+b7vNhMLi87xCox1ffol3Z24zFYPIcNKtJWXZbt9iD9pb9pZrdrv4b/DrUSLgbrfVtUhbHk9mt4WH8fUM4+70HzZ2/J6KFUKqgAcUiqqYVFAA4r1v4KfBObx5cR+I/EsckPh2F8Rx/dbUXB5VT1EQPDN36DuR+r4XC4PhzCfm+sn/Wx+Q43G4ziLF80vkukV/X3kXwZ+CV58Q7hNe19Jrbw3C/UfLJfsOqRnsg6M/wCA9R9b2On2em2kGn6faxW1rbRiKGCJAqRoBgKoHQCn2ttb2sEVtawRwQwoI4oo12oijgKAOAB6VMtfF5jmNXMqnNPSK2XY+ty/LqeAhaPxPdjhS00Uteeeihxp/YVHUgoZSF/nTuPu0z2p/wDs4qC0HtS02n0ikP60q0z9KkXqTSKF/nS0lLUFJAOTT1602nbqRSFp1NpRUloU46U4d6Q0UhodS5/Ggd6KRSHU6m06kNCt7c06milqS0LTs02ndPakUgp4/lTBmpKTLSFpabQallofWD428b+G/h/oM3iPxRqAtLSH5UUDMs8naONerufQfU4FYnxU+Lnhj4U6P9u1mQ3F/cKfsOmwsPOuW9efuIO7ngdsnAr4e8efEHxR8SNebX/E195kgyttbxkiC1jP8Eanp7t1bv6V7uS5DWzSXtJ+7TXXv6f5nz2ecQ0crj7Kn71R9O3m/wDI3Pi58ZfEvxa1Ifbs2Oi28m+z0tHyikdJJT0kk9+i9F9TwH0paWv0/DYalg6ao0VaK/r7z8txOJq4yq61aV5MPzo70Un4VuYBS9aSmlgOPUgAYyST0AHc+1IYvtXoXwm+CXiz4sXnnWK/2fokUm251SZMpnPKQqf9Y/0+Ve57V6L8Fv2Wb7xAYPE3xMtZrPTTiSDSTlJ7kdQZiOYkP937x77e/wBcWOn2Om2cOn6daQ21rbII4YYUCJGo6KoHAFfGZ3xVHD3oYHWXWXRendn2uRcJzxVq+O0j0j1fr2Oa+Hnwz8J/DLRf7F8K6f5Svhrm5l+ae6cfxSP39gOB2ArrQO1FOxX53UqTqyc6ju31Z+lUaFOhBU6asl0Q08cUhp9NP5VFzSw3axH3Wx/ummlkDbWZc+5FYWseA/CXiDP9taOl9nP+vllbr/wKuG179l/4P65G/l+H7nTJ2/5eLDUJ43B+jMyn8RXRSjQk/wB7Jr0in/7cjkrTxEVejBP1k1/7az1hhjqpx60371fI/iz4EfGT4Ps/iD4UeNtY1HT7bMkltDKUuo1HXMBJinGP7qhv9mug+EH7WsWrT2/h/wCKEdtZTykRw6xCvlwO3QLOh/1RJ/iHy567a9SWSzqUXiMFNVYre2kl6xPJhnsIVlh8bTdKT2vrF+kj6WNDU1WVgGVgQRkU7NeOj29GNNNNPP0plUiGMIqlqml6brVjJpmsafbX1pKMSW9xCskbD3VgRV2kqou2q3MpxUlaWqPnnx9+yL4c1QyX3w/1Z9DuDlvsVyGms2Pop+/H+BYD0r518bfC3x98PZD/AMJV4dngtgcLfQ/vrV/pKvC/Rtpr9Df0pkkcc0bwyIjpIMOjLuVh6EHg19HgeJsbg7RqPnj57/f/AJ3Pmsfwxg8XeVP3JeW33H5lhunTBp3HQV9o+PP2XPhz4taS80a3fw1qD5bzdPUeQxP96A/L/wB87TXzr48/Z6+JngTzLp9JGs6bHz9t0wNJtX1eL76fkw96+zwPEOCx1o83JLtL/PY+Lx/D+NwPvcvNFdV/kecH8TSc5pisrDcrAjofY07Oa908LYK0PD3iLXPCmsQeIPDuqTWF/bH5Joz27qwPDKe6ng1n0fnUzhGpFwmrp7oqE5Qkpwdmup9pfBv49aP8So00fVlh0zxGq5a2DYiusdXgJ6+6H5h2yOa9VzzX5sxSzW80dxbzSQyxMHjkjYqyMDkMpHII9RX018Gf2mkvGt/CvxNuliuCRFbay3ypKegW47I3/TQfKe+Dyfg844clh74jBq8Oq6r07o+7yfiKNe2HxbtLo+jPoykJNG5SAykc9DnIxRXym59WfNfx2/Z3/wCPrxt8O7DBG6a/0mFfvd2lgUd+5jHXkrzwfmoEHBVuK/Shuvpivnf9oD4BjUvtXjzwNY4vgDNqWnRL/wAfI6maJR/y0/vKPvdRz1+wyLPuRrC4t6dJdvJnx2eZDzXxOFXrH9UcP+z7+0JffC28j8NeJJ5bnwnPJz1Z9MYnmSMdTEc5ZB05Ze4P3TY6hZ6tZw3+n3UVzbXEaywzRMGSRGGQykcEEV+VqnOGXkV7Z+zv+0FdfC/UI/DPia4km8J3cn3jljpkjHmRO/lEnLL2+8O4JxLw0sSnjMEve3aXXzXn+ZvwvxNLDNYLGv3Nk+3k/L8j6U8Kfs0fD/wX8Z9T+Mvh62NpdajYtbf2eiAW0E8jgzXEQ/gaRVVSBx94j7xr1xm29eKitbqC8t47q1njmhmQSRyRtuV1IyGBHBBHIPvXz5+2h8XviV8J/h/bT/D7R2jXVZms7vxBw40nOAmI8ffkJKrI3yqR3JUV+eQjVxdWNNu721P0icqOCoyqJWjvoM/ae/a88PfBWGTwn4X+zaz41mjyLYtmDTVYfLJckc5PVYh8zdTtXmvzf1rXvFnxG8Vy6xrl7f8AiDxFrVwqFtplnuZG4SONFHA7KijAHQUvhfwt4v8AiT4sh8O+GdOvdc1/V5mlYby8kjE5eaaRicDJy0jnHuTgV+lH7M/7JXhn4H2sfiDW5INb8Zzx7ZtQ8v8AdWSn70VqG5UdjIfmf/ZHy19K3hsjp/zVH/X3HylsVxDVv8NNf182cH+y3+xLZ+D3s/iH8YLO3vvEK7Z7HR2xJb6Y3UPJ2lnH/fKHpk/NX1rqmk6frGm3WkarZQ3dlewvb3EEy7kmjdSrIwPUEEgj3q2Bilr5nEYmpiqntKj1PrMNg6OEpeyprT8z4b0b/gnLbf8AC0NSfXPEzL8P7eZbjTba3kIv7hG+b7PJJj92sZ+XzFy7DGNpya+3LW3israK1h3COFFjTczMcKMDLMSScDqTk1j+NPHXhL4d6DceKfGev2ekaZa/6y4uXwCeyqOrueyqCT2FfB/xs/b+8ZeJNRGl/BeNvD2kW0yv/ad3Ar3l7tYEDy2ysMTEYIOXZe6dK7IwxmbSXW33HDOpgcmi+jfTqfoTeWdtqFrNY3tvHPb3CNFLFIu5ZEYYZWB4IIOCK/Pf9oD4M3Pwi8WFLCF38Oaq7yaXKcnye7WzE/xIPu+qY7g19jfAP4zaH8cPh9ZeMNLCwXf/AB76pY7svZXigb4z/snIZT/ErKa3viZ8PtE+Jvg++8Ja4uIrpd0Myj57eZeUlT0Kn8xkHg105LmlTJMZ73wvSS/X1RzZ5lVLPcHen8S1i/09Gfmro+rap4f1ez1vRL2S01CwmWe2nTqjr/MHoR3BIr9E/gn8V9N+LXg2DXYPLg1CD9xqdorf8e9wBzjPOxvvKe4PqDX57+LvCuteCfEuoeFPEEAiv9OlMUmB8si9VkTPVGXDD646g10Xwb+KmofCPxpB4jt/Mm06cC31W1X/AJbW+c7lH99OWX8R3r9B4hymnnWEVehrNK8X3Xb/ACPzvh3N6mR4x0K+kJO0l2ff/M/SjOaKo6LrGm6/pdrrGk3kd1ZXsKz280ZysiMMgir1fkTTTsz9ki1Jcy2CiiikMKKKKACiiigApaSigAooooAKKKKACiiigAooooAKKKKACiiigBM/rS0UUAFFFFAATTd2Pwp1cB8aPihYfCnwNeeJrjZJeH/R9Otyf+Pi5YHYv+6MFmPZVNaUaM8RUjSpq7eiMq9eGGpyq1HaK1Z4n+2B8ZmtYD8J/Dt2VmuUEmtyxnlITylvkdC4+Zv9jA/ir5ILKql26DmrGoahf6tqFzq2q3T3V7ezPcXM8h+aWVzlmP1J6duB2r2b9lf4P/8ACwvGP/CVa1a79A8OTLIVcfLd3ow0cfuqcO3vsHc1+wYejh+GMtbnuld/3pP+rI/GMTWxHFGZqMdOZ2X92K6/r6nuv7KvwUbwF4cPjHxFZmPxFrkQxG4+aytDysXszcM//AV/hrpv2nNP+LWqfCPWdN+Dv2caxcoUuf3jJctZlT5q2pAx57DgZI4LbSG2mvWFHy0pFflGIx9XFYp4urrJu/l6eh+u4bLqOEwiwdLSNrab+vqfkV8Hv2Z/it8ZL6ez8O6H/Y+nacDHcahq0MtvbxSDgQqNu+ST1CjC/wARHAO94w/Yj/aH8MM0p8EWniKCP5vtGi3sc54/6ZybJM/QGv1VVFXOBihkX0xXoSz/ABDnzRirdjy48NYVQ5ZSd+5+P0Pjj9oP4SstiviX4g+FFh+7bXj3UcS/RJwY8fSqfwz8B+Kfjx8ULPwnDrW7Vddlnu7zU9QdpSAqmSWZznc7HgYzySOgHH62eOvC1j408I6z4T1CJXh1ewuLJg3OPMjZcjPQgkHPtX5G/B3xZcfCr4veFfFGoStbnQdZjg1I+kW4wXOfbazn8K9TA4765SqSpxUZpdDx8wy/6lWpQqzcqbfUi+Knwn8ZfCHxTN4P8daWIJuXtp0Ja2voQeJoXI+YdMj7ynggGvpz9kn9sXWNM1TTfhX8WtUN5pt262mk65cuTNayHhIbhz99GOFWQ8qSAxIOR9jfE74U+B/jJ4Ul8L+NtKS8tXy9vPGds9rJjiaCTqjD8j0IIOK/PC3/AGK/iVd/G+f4Q3IkTR4U+3SeJDD+4bTC21ZF7faCcp5WeGBP3Rk89PG4fMsO6eK0kuv6r9UdVTAYrKsRGphPejJ2t+j/AMz9RF2MvQcUp45HFUND0uPQ9FsdHhuLm4jsLWK2WW5lMk0gRQoZ3P3mIGSe5zXjn7SXx+j+GOljw34ZmSTxTqUWYzgMthCePPcf3jyEU9TyeBz8/hMJVx1dYegrt/1dn02MxtHAYd4iu7Jf1ZeZzv7Tn7RMnhRZvh74Gvsa5Mu3UL2Ns/2fGw+4h/57MP8AvgHPUivjZQPfJ7k5Jz1JJ5J9z1p0kktxM9xcTSTTTO0kskrFnkdjlmZjyWJJJJ9a7z4R/C29+JetN9o8y30OwYf2hcrwzHqIIz/fYdT/AAqc9SK/YcuwGF4fwbbf+J935foj8XzPMsVxBjNf+3V2X9bml8F/g9cfES+/tjWo3h8OWcm2Qjhr1x1iQ9lH8TD/AHRz0+vLa3t7W3itLW3jgggQRxRRrtVEAwFUDoAO1V9M0+x0mxt9M0y0jtbS1jEUMMa4VEHQD/PPWro96+NzHMKmY1eeWkVsux9Tl2Ap4GnyrfqxR+VOWmilWvOZ6CHqeO9FApaRaF7U8UzsafSZaFp/+zim9aeOeMCpLQ0U78qSnUixw9aevtTPenipY0LSikp1SWgzyactJnmlWpZSHUvrR70Uihf60opKXikUO+maKPWjikMctOptLUsaHCnU2n0jRCLTqbT1pMpCin02k/Mn271DLQ4n1ryT41/H/RfhhC2j6WsOpeJpk3R2hb93ag9JJyOR6hB8zew5rlfjt+0tb+G2uPB/w8uo7jWRmK71BcPFYnuqZ4eb/wAdXvk8V8mSzTXU8l1dXEs88zmSaaVizyOeWZmPJJPJJr63I+GpYu2IxatDour/AOAfHZ9xNHC3w2Dd59X29PMveINf1rxXrFz4g8RalNf6heNulnlPJ9FUdFUdlHAqhiilr9EhCNOKhBWSPzqc5VJOc3dsPWloopkhSevrRXbfC34Q+Lvixqht9DgFtpsDhbzVLhT5EPqq/wDPSTH8A6dyKxxGIp4Sm61Z2ijfDYeri6io0Y3kzlvD+ga54q1iDQPDelz6jqFz/q7eBcnHdiTwqjuxwBX2L8Ff2aND+Hwt/EnipoNX8Rj5ozjNtYt6RA/ecf8APQj6AV6B8M/hT4T+Fujf2X4bsj50oBu76bDXF0w7u3YeiD5R2FdnX5pnXE1XML0cP7tP8Zev+R+n5FwtSy+1bE+9U/Ben+Yir+FO7470tLivlj69ISlopeufekMSm06m00An0opxpKBDMfhjpXyf+1X8FrfTfN+Kfhe0WOGSQLrdtGnygtwLoAepwH9chvWvrGqOrabY6zpt1pOp26zWl7C9vcRsOHjdSrD8ia9DLcfUy3ERrw26rujy81y6nmeGlRmtej7M+av2UfjFLcW1z8N/FWoqF022N5pd1cSAYt1IEkLMx6JuBXJ+6SOi13HjT9qr4W+FpJbPS7u48SXseVaPS0BhVvRpmwn/AHzur5SvvhD4wk+IGrfDfw/ol1q93pN41szRrhBDwY5JZDhEBQoeT34Br3jwH+xvp8SR3vxH12S7k4P9n6WxihX2aYje/wDwELX1WY4LJqdb63WqO00moR31/K/yPjstxudzo/U6FNXg7OUttPzt8zPuv22ruOTdD8ObSKLPH2jWWViPwixW54d/bU8B30yweKNBv9G3cefBKl5EPc7dr/kpr2Lw/wDCn4a+FI1j8P8AgfRbQp/y0+yLJKfcyOCxP41uTaNpE8LQT6TYyRMMFHtYyD+GMV41bF5TL3aeHkl353f9Ue5RwWcR96piYt9uXT9GZ3hfxn4V8baaNW8J6/ZaraHrJbSBih9GX7yn2YA1s/jXCX/wV8D/ANof294YsW8K6yvK3+hsLZm9pIhmKVfVXUg1v+H7rxBGzaP4nhjkvIVyl/bRFLe8TON23J8qQfxRkkd1JHTy6ip3vSbt57/5P+tD1KUqy92slfutv80bRP4UjU71prVBsxhoPsSD9aU0VRB5z8QPgL8OfiE0l7qOj/YNScf8hDT8QzE+rjGyT/gQP1r5x8dfsu/ELwr5l54fCeJdPXLf6Iuy6Qf7UJPzf8AJ+lfabUxxXr4DO8Zl/u05Xj2eq/zR4uPyLB4+8pxtLutD80ZEkgmktZo3hmhYrJFIpV0PoynBH4ikzX6CeNvhd4E+IUW3xV4dt7qcLtju0zFcxj/ZlXDfgSR7V87+Ov2SfEml+Ze+A9VTWbcZYWd4yw3QHor8RyfjtNfZYDifC4r3a/uS89vv/wAz4vH8M4rC+9S9+Plv93+R4F79KTH1x/Ormq6Tq2g6g+l67pl3p17GcNb3URjcfQHqPcZFU+RX0kJKa5ou67o+clFwlyy0fY9h+DX7Qmq+ATB4d8UNPqPhwfLGRlriwH/TPPLx/wCwen8PpX1zo+taV4g0221nRNQgvbG7TzIZ4W3K4/oR0IPIPBr85jXafDP4r+J/hbqRuNIk+06bO4a802VyIpvVl/55yY/iH4givmM54dhi718LpPquj/yZ9Nk/EE8LahiNYdH1X/APvKkI79K5f4f/ABI8L/EjR/7W8O3hZo8C6tZcCe1Y9pF9PRh8p7V09fBTpypycKis10PvadWFaCnTd0z5n/aI+Boia6+I3gqx+U5m1ewhT8TcxqPzdR/vDvXzgu1vmRgQ3ev0lbHNfKf7Q3wO/wCEZmn8deD7MDRpn3ahZxrxZSMf9Yg/55MTyP4SfQ8fZcP53tg8S/8AC/0f6Hxmf5La+Kw69V+pZ/Zn/aEbwRdW/gDxne/8U7cSbLC7lb/kHSMeI2J/5YsTwf4Cf7p4+xde0PRfFmh3vh/xBYQ32m6lbvbXVtMMpLE4wyn6g9fxFfluV4KsoweCCK+rf2V/j8zNafC3xtfZfAi0S+mblwOlq7H+ID/Vk9R8vUDPDxRw7a+Pwa13kl/6Uv1+89XhXiPbL8Y9HpFv8n+n3Hs3wW/Z++HvwL0efTfBdjM1xeOXu9RvHEt5cDcSqPJgfIo4CgAcZOSST6XTVbcKoa9r+j+GNJutc8Qapa6dp9ihluLq5lEcUSDuzHgV+fylOrLmlq2fo0IU6EOWKtFGgzCvAP2hv2vfA/wTWbQNNWPxB4uMeV0uCXEdrno11IM+WO4QZduOAPmr55/aG/b01jxN9o8J/BCa40nSzmOfxA6bLu5HQ/Z0YZhQ/wDPRhvPYL1r5P0DQfEPjLxDb+H/AA1pN9rOs6nKzR29urTTzueWkYk9O7OxwOSTXvYHJeZe2xTtHt/mfN5jn3K/Y4Nc0u/+Xc3Pih8WvHXxc14+JviF4ha9ljJ+zW6/u7SyU/wwxZwnuxyxxyTXsXwC/Yr8e/Fj7L4k8YfaPCnhaTEivJFi+vU6/uYmH7tSP+Wkg7/Krda8i0a78TfA/wCKltda94Xtm1rwpqKm60nUoVkjcjqvII+ZTlJVzglWHSv1u+G/jvw/8TvBmleOvC9wZdO1e3E8W778bdHjcdnRgysPUGu7M8ZUwVKMcNFKLW6/Q87KMFTzCtKWKk3JdH+pB8MfhX4H+Efh1PDPgTQ4dOsw3mTMCXmuZMYMk0h+aRz6k8dBgcV1zd6WivkpSlN80ndn28YRhHlirI8B/ao+DP8Awnnhn/hMNBtN/iDQIWfai/NeWgyzw+7Lyye+4fxV8OBgwDL0P61+r0iblr4R/al+Do+Hvi7/AISrQ7QJ4f8AEMrNtQfLaXhyzxeyvy6++8elffcG5zyv+z6z0esf1X+R+d8aZJdf2jRX+L9H/mdJ+yD8ZP7D1QfC3XrrFhqUjSaRI7cQ3J5eDnosnLL/ALe4fxV9lq24V+USNJG6yQyvHIjB0dG2srA5DKexBAIPqBX6C/s7/GBfit4LWXUpI117Stttqka8b2x8k6j+7IBn2YMO1YcYZL7Cp9for3ZfF5Pv8/zOjgzPPb0/7PrP3o/D5rt8vyPWqKTrS18MffCUtFFABRRRQAUtJRQAUUUUAH40UUUAFFFLQA2loooAKKKWgBKKKKAEpaKKACiiigCK4mjhiaaSRURFLMzHAAHJJPYV+d/7QXxZm+LHjqW9s5ydC0rda6SmeHTPz3B95CAR/shfevon9sL4rt4a8Mx/DvRbopqfiKMm8ZD80FjnDfQyH5B7B6+K9oUccKOPTFfovBmUWX9oVlq9I/q/0R+acbZxzy/s6i9FrL9F8t2aPhnw3q/jHxDp/hfw/B5uoanOIIBjhe7O3oqqCx9ga/Sf4d+BdH+HPhDTvCOhx/uLGLa0hHzTynmSVvVmYkn646CvDv2O/hH/AGHoT/FDWrXbqGtx+XpquvMNlkHfg9DKQD/uKnqa+mF+7Xj8WZv9exP1ak/ch+L6/dsj2uEMm+o4b61VXvz/AAj0+/f7haKKWvkj7ESiiigBjcrx9a/Iz9qLwafBfx88b6G1vstrvUW1S3BXAaG7UTce29pF/wCAmv12r5h/bG/Zn1r42XHhjXvAsFmmv2lz/Z95PcyeXGNPcM+9zglvLkHCqCT5rCvWyfFwwuI/eO0WrHi57gp4zDfu1eSd0aX7FHxsj+KHwst/Dur3e/xH4RSPTb0O3z3FuBi3uPfco2Mf78beor6IZa8Z/Zx/Zf8ACH7P+ly3VrcPq3ibUYFh1LVpAU3oG3CGGPJEcQbnHLE8knjHpXjrxtoPw98LX3izxJdeRZWMe5scvK54WNB/E7HAA9TXJiVCtiWsMm03p8zswrqUMKnimk4rV+hyXxx+Mel/CHwqdRZY7rV77dDpdkW/1smOXbHIjTILH6Dqa/PnWdY1TxFq93r2u3z3moahKbi6nfq7n27ADAAHAAAHStv4kfEHXvih4uuvFmvtseX93bWyvlLS3BO2Jfp1Zv4mJPpWRoeh6p4k1i00HRLX7Re3r+XFH0A9WY9lUck9gK/V8gyWnkuHdSt/EavJ9l2/zPyTiLO551ieSl/DTtFd33NbwB4F1b4heIYtD0smGNQJby7K5W1hzgsfVj0Ve59ga+z/AAz4c0fwnolr4f0K1FvZ2abY1/iYnlnc92Y8knqayPhx8P8ASfh34bi0PTcTTMfNvbzbhrqbux9FHRR2A9Sa65a+ezfNJZjUtHSC2/zPWyrLlgqfNL4nv/kKOtO6mk9KXmvGPYFpy9aQYpVoBDqcaBR71Johaf8AzplSChlIPan+1NHJ/nT8dB+dQWhDTqSnf0pFoWn0wVJSZSCnUfSlFQWgzSg4/Gkp9SUgPHNLRS0ihTRminUikFH86WlpDQfzp56UlO6+1SykJTqWlqS7CZp2aKo61rmk+HdLudb1zUILGwtF8ya4mbaqD+pPQAck4AoScnZbjk4wXNJ2Rbmmjt4ZJ7iVIoolLu7sFVFHJJJ4AA718pfHL9pabXRceD/hvevBprAx3mrR5WS6HQpAeqx+r9W7YHJ5X41/tA6x8TJpdB0FptO8Lq2PJPyzX5HR5vRe4j/FsngeSAV95kfDXsrYnGrXpHt5s/P894mda+GwbtHrLv6eQ0KqgKuAOwHan0Ypa+0PjBPrRRij3oEHvTWZV+ZjgVd0fRtX8Rapb6JoOmz39/dttht4F3O57n0AHUk8Dua+wfgp+zNovgZoPE3jNbfVvECYkijxutrFv+mYI+eQf3yOP4QOp8jNc4w+U0+aprN7R6/8BHr5Vk2Izepy0laK3l0/4LPL/gz+y9qfiwweJPiLDcabopw8OnZMdzeDqC/eGM+n3z/sjr9d6TpGm6Hp8Gk6PYwWVnaqI4YIECJGvoAKuAfjmn4r8tzLNMRmlTnrPTolsv67n6zleUYbKqfJRWvV9X/XYKDS0rAV5p6w01j6pqXiWFtui+GYrs/3rnUUt0P/AHyjt+lbVP8A1NK4WueW6/4s/aC09Wk0b4OeENUA5Ea+NJIpD7fPZhf1ry3xN+198Svhuxm+K37LfifRbCM/vL/T9TivrdR6+YECD8WFfUe0GmPHG6tGygq4wynoR3BHf8a1p1Kcfign96/UwqUqj+Co18kfPng39ur9nvxc0cN54jvPDc0uAq61ZmKPJ/6bxl4vxLCveNM1TTdasYdU0fUrW+srhd8NzazLLFIvqrqSD+Br51+OX7D3w++Iy3Ov+A1g8IeJHzJut4v+Jfdv/wBNoF+4SeskeD3IbpXxdpXiL47fsn+OptFgnu/D19AwluNMm/fabqMROBIEzskRuR5ke1xyCQeK9CngqGMj/ssrS/lf+Z5lTMMRgZf7VC8f5on6yE+9B6V45+zr+0z4S+PmkyW8ca6T4o0+MSahpEkm75ennQN/y1iJ4zjKkgMBwT7Ke1ebOEqUnCas0erSqwrQU6bumMprVIR6000imiv5MUbSSRxorTNvk2qBvbAGWx1OABk+lOb1qQ0xv0qkZvQaajNSN601v0q0QyNqYwz/ADqRvmptUjJjT1NIafxTfeqQhjUjU5qSqRAxutNbvUhphFMljGprH1qX36Uw1RDMXxN4T8N+MdPbTPFGh2mp2zDhLiPcU91b7yn3BFfPvjr9khV8y++HeuFcZYadqTZH0ScDI9g4P1r6a9etIeld+CzHFYCV6E7Lt0+487G5ZhccrVo69+v3n50+JfC/iTwfqH9l+KdFutMuc4VZ0wsnujj5XH0JrLPX3r9Gta0PSfEVg+l67plrqFnKPmguYhIh/A9D7jmvBfHn7Jek3m+/+HmrHS5Tz/Z96Wltz7JJy8f47hX2OA4qo1bRxS5X3W3/AAD4zH8L1qF5YZ8y7dT5x8O+Jdc8I61Br/hvUpbG/t87ZE5DL3R1PDIe6nj+dfYHwf8AjtofxMiXStQWLTPEUaZks937u4x1eAnkj1Q/MvuOa+SvFvgXxd4Fu/snizQbjT8nEc7DdBL/ALkq5RvpkH2rBjkmt5o7i3mlhmhYSRyxuUdHHRlI5BHqK9LMMrwuc0vaQkubpJfqedgMyxOT1OSSfL1i/wBD9I2NR3EMVxDJb3ESSxTK0ckci7ldWGCrA8EEcEV8/wDwZ/aUh1L7P4X+JF1HBenEdrqzDbFcHoFm7I/+391u+DX0IGzX55jMFWwFT2dZWf5+aP0HCY2jj6XtKTv3XY+L/jv8HJPhvqw1jRYXfw3qMm2DubKU8+Qx/u/3CeoGOo58qXKkFWZWBDKytggg5BBHIIIBB7V+imvaHpfiTR7vQdcs0urC+iMU8TfxKe4PZgeQR0IzXw18UPhvqnwx8UyaDfFp7KYGbTrwjAuYM9/R16MPXB6GvtuH83+uQ+q1/jW3mv8AM+Lz3Kfqc/rFH4H+DPrb9mf47H4i6L/wivie6H/CT6VCC0jcfb7cYAmH+2OA49cHocC7+1Z8Ep/jh8MZtI0m5lj1zSpP7S0pPOKwzzqpHkyLnaQ6khWP3WKsO+fh7QPEGs+FdcsvEnh+8NpqOnyiaCUdAe6sO6sMgjuDX6HfB/4paP8AFvwdB4k03EFyv7nULPdlrS4AG5PdT1U91I9xXyPEeTSyjErGYZfu2/8AwF9vTsfa8NZ1HOMM8Din+8S/8CXf1XU/ICG3ht9UjtdeW9sYYbkQ6gscAa5t1V9swWNiAZFAb5Seq4r9Z/gB8I/hL8NfBtne/C2CK7t9Yto7ltbdhLc6lGwDK7y4Hy85CKAo54zmvmP9vL9nX7BcS/HXwbY/uJiq+JbeJf8AVvwEvQB2PCyf8Bb+8a5z9iL9piH4faovwj8eakIfDmqTFtJvJ3wmnXbnmJieFhlJyD0V89nyMcdKWZ4NVqD23iXl0YZTjpUMQt/hke1ftzfs/wBv488GzfFLw7ZhfEvha1aS4WNeb/Tky0kZ9XjG50PXhl/i48V/YB+NcvhfxtJ8I9Wu86R4oLXOmFm4g1BVyyj0EyL/AN9Rj+8a+6/iN448KeA/Beq+KvGN/BbaVa2rtKZCP32VIEaD+Nn+6FGSSa/HnwRdahp/i7w3e6LmG9g1ixltdnVJBcxlFH0yBWOWxljMHUoVNlsdGayjgcfTxFLd7ryP2wU5FB6U1funPHJrhPix8bvh38F9FGseOteS1aUH7LZRfvLu8b+7FEDlvdjhR3Ir52EJVJcsFdn1E6kacXKbskd2zL03VzfxA8E6P8Q/Ceo+ENcjza6hFt3j70Mg5SRfRlYBh9K/Pbx9+3j8XfEnjfT/ABB4S2eH9C0m6WeLRlKyG/QHDLdyY+bcpI2phVJB+YqDX6BfC/4k+Gfix4K07xx4Uu1mstQjyybh5ltMOJIJAPuyI2QR7Z6EV218FiMv5K0tH0t0Z5+Hx+FzPnoR1XW/VH5w+KPDereDvEWoeFddiEd/pc5t5sDh8cq65/hdSrD2IroPhH8Sbz4V+OrLxVCXeyP+j6pAgz51oxG/A7snDr7qR3NfS37YPwi/t7Qk+Jmh2u7UdFi8vUVjXJnss538dWiJJ/3C/oK+NQfpX6vleMo8Q5daru1yyXZ/1qj8jzPBVuHcx/dbJ80X3X9aM/VPTL+01Sxg1GwuUuLa6iWaGaM5WRGAKsD6EHNXa+UP2Nfi0ZUk+Eut3HzW6PdaKzHloustvk/3Sd6j+6WH8NfV/wB6vyjMsBUyzFSw1Tps+66M/XsqzGnmmFjiafXfyfVCGloorgPRCiiigBKWiigAooooAKKKKAFpKKKACiiigBaKSloASiiigAooooAKzfEOvaZ4Z0S+1/WLgQWWnW73VxIf4URST9TxwPXFaJO2vkv9tD4qbmtvhPo9yQCEvdZZG7dYID9T+8YegT1r0Mry+eZ4qOHh138l1Z5ubZjDK8JLES3Wy7voj5z8eeNNU+IfjDVPGWrZWbUpi6Qn/lhCOIoh/upgfUse9dD8DvhfL8V/iBaaDLGx0m0xeatJ6Wyt/q8+sjfJ9N57V57I3dtxx2UZJPoB6k/zr9Bf2afhOfhf4Bj/ALUt1TXda23upHvGSv7uD6Rqcf7xY96/T+IMwhkuXqlQ0k1yx8u7+X5n5Vw9l1TPMwdSvrFPmk+/VL5/kerW1vFbQpbwxrHHGoVEUYCgcAAdgBgVPSDgUtfkG5+zpW0QUUUtABSUUtACUelFI1ADZpo4I2mmkVERSzMxwAByST2Ffn5+0Z8aJvix4qNjpNw3/CMaNIy2CDIFzJyGuWHfPITPRef4jXtH7XvxnfR9PPwq8O3RW+1OEPq00bYMFq2cQgjo8nOfRM/3hXx+PyxX6LwfkvLH+0K61+z/AJ/5H5pxnnnPL+zqD0XxP9P8xBuOFCkk4UKoySTwAAOp9q+s/gf8K18B6QdY1qFf7f1OMeeDz9lh6iAH16Fz3OB0Fef/ALOvwv8A7QuI/iFr1tm2t5CNKhZeJZBwZznqFPC+rZPYV9IL29678/zPnl9VovRfF5vseJkmX8q+sVFr0/zJF6ccYqVTUS+1SrXyp9PEcDS00U4fpSLQ6lXrScUq0ikP7fSndqatL9KlloWpF+7TBxmnikykOp2O1NAp3+zgVJogpy02lFIokpy9qZTh+hpMpD6X0pKWoLFzSrTRTlqWUh1OptOpFIWl9qSikUh1OptKtJjHilpKf161DLWotLmkLcVwvxX+L/hr4U6SLjUmN3qdyp+w6bCwEs56bm/uRg9XP0GTxVUaNTEVFSpRvJirV6eFpurVlaKNnxx488M/D3QpfEHijUFtrdTsjjX5pbiTtHGnVmP5DqcCviX4rfF7xL8V9UE2pZs9JtpC1lpcbZji/wBtz0kkI/iPA6LjqcXxx488TfETXn8QeKL4TTYKQQx5ENrH/wA84lPQep6tjJNYP8q/SMk4fp5clWr+9U/Ben+Z+Z55xDUzKTpUfdp/i/X/ACEpfxpaK+lPm0FFFNZlVSzMFC8kntQIdXX/AAz+FPi74qasbDw7aiK0gYLealOpFvbD0J/jfHRF/HA5rvPgx+zXrXjhoPEXjJbjSfD7YkihwUur5f8AZB5ijP8AePzH+EDrX2BoOg6P4Z0q30PQdOgsLC1XZDbwLtRR/UnqSeT3r5HO+JqeEvQwfvT79F/m/wAD6/I+GKmNtWxfuw7dX/kjm/hf8I/CPws0s2mgWplvZlC3epTgG4uT7n+Fc9EHA9zXdDH0pq0/tX5xVq1K83UqO8n1P07D0aeGpqnSjaK6CilpP60tZHQOznilptLmpGOopO9GaQx1Kab60UDuL9a85+OXwP8ACHxz8IyeHPEkXkXcG6TTNTiQGewnI+8ufvIcAOh4YehAI9G3e1NzVQlKnJSjo0TUhGrFwmrpn48alYfEX9n/AOKT2/2htH8VeFbzdDPFkxyA8q4zjzIJUPQ9VYg8g4/Ur4J/FbS/jL8N9I8e6bGtu97GY721DZNrdxnbNET3AYZB7qVPevDv2/PhBD4n8Aw/FbS7Uf2v4Swt4yr80+mu2HBx18p2Eg9AZPWvnP8AZo/ait/2fvC/i3RrzQ7vWpdTuba80m1jkWKFbjY0czSyHJRSqwnCqxJB+te/Wj/auGjWgvfWj/r8T5mhP+x8XKjUf7uWv9fkfpuW/HHpXn/i79oH4K+BbmSx8VfFDw5YXcRxJa/bVlnQ+hjj3MD9RX5vfE79qD40/FudrHXPFc+naddNsi0XRS9tC4PG07D5s5PH3mIPoKn8D/skfH7xpHHcaX8O5tIspOftWsyJYKR/e2PmU/8AfFZRyiNJc2KqKJtPO51ZcuEpuR986b+1x+zfq9yLW1+MGgpIxwPtLSW6/wDfUqKP1r0/TNY0nXLFNT0TU7TULOXmO4tJ1mib6MhIr4Bj/wCCdnxklt91z408GRyEf6rfduB9W8sD9Kz7P9kf9rT4Oah/b/w1vbRrpPndvDet+U8gHOHgnVElH+y2c1EsHhHpSra+ZcMdjI/xqOnkfovupv4V8w/BX9rTWpvElr8Kf2ivDc/hDxbcER2F7c2j2ltqLHgKyt8scjHoVYxseAVJCn6fO7nORXFUpSoy5ZHdSrQrx5oEZpf0opKQxKT9KX+VMNNCEb2o9uKT+Kg1RA1qQ0rUnSmiWNppp9M7VSIkJ+maY30p/IyecU1qaJY1qRuaU0hqiCveWdrfWstjfWsNzbTArJDNGHjcehVhg14t45/ZW8G695l74Pun8OXjZbyQpls2P/XMndH/AMAOPavcfrTSK6sLi6+Dlz0JOLOTFYKhjI8taKf9dz4I8c/CXx98P2dvEmgs1iCV+32v7+1b6sBlPo4Wu4+C/wC0NfeC/I8N+MZ5r7w/wkNzzJNYD27yRD+71XtkcV9esMqynG1hhhjgj0PrXlHjz9m/4e+MmkvtPtn8PalJkm509QInb1eA/Ifqu0+9fRLPaOPp+wzKF1/Munnb/I+blkOIwNT2+XT+T6/15npdjfWOqWMGpabeQ3dpdRiWGeFwySKe6kdRXNfEr4e6V8SvC83h/UMQzLmayusfNbTgYDD1U9GHcGvD9E0H41fs73ktza6f/wAJR4TeQvdQ2DFgo7yLGfnhfHXAZT39a968E+PPDXxD0Vdb8MagtzDu8uaJhtmtpO8cqdVb9D1Brx62HlgZqvh580U9JLp69metRxMMdB0MRDll1i+vp3R8Ha5oeqeGtYvNA1u1NtfWEphnjPZhyCD3UjDA9wRXU/CH4pat8I/F8XiKxWSewn2wapZr/wAvMGc5A6eYuSyn6joxr6D/AGiPhN/wmeinxVoVvnXdIiO9EXm8thyY/d15K/ivcV8hqwOGXp2r7vBYmjnmDcKqvdWkv1/yPisXQrZJjFOk7Wd4v+vxP1EsL/w/468NR3lpJbapous2mV3KHjuIJFwVYHqCCQQfcGvzK/am/Zo1L4F+JJNS0e1kuPA+qyt/Z9yQWFix5+yTMemP4Gbhl4+8Ofdf2UPjQfB2uL8O/El4F0XWZv8AQJJG+W0vHP3Mnokp/J8f3jX2bqWk6Xrmnz6TrOnWt9ZXSGOa3uYVkilU9VZWyCPY1+bYiliOGsa6T1i/xX+Z+nYeph+KMCqi0mvwf+TPxPv9V1K6tYLfVNWvZrWz/wCPeO6vJHigHT5Fdiqfhivq39iv9mXXvEPizTfjB440mXT/AA7oji80mC6jKPqN0B+7mCNgiGMneGONzBccAmvo7x54F/ZF/Z9tx4/8UeA/CulXCsWs0WxWa5nmHIW3gOdz+4UAdSQOa+Nvj5+1/wDEL4ztc6DpLy+F/CT5QadbTf6ReJ/08yr1B/55J8gzgl67Viq2Zw9nhocsXvJ/oed9So5TUVXFT55LaK/U+kP2iP26tB8GG78HfB6S013X03Q3Gqn57CwboQpHFxKPRTsB6k/dr4I17xB4j8aeIJNc8Satf63reoyBGnuGaaedj92NAPyCIMDsK6f4P/A/4h/GzWv7H8B6OrWtswS81O4BjsbIejuBy2OkaZY+gHNfo58Av2T/AId/A+GLVIYP7b8UFNs2tXkY3pnqtunIhT6ZYjqxqXVwuSx5afvT/rfsaRo43Pp89T3af4fLufM3wD/YG8QeKDbeKPjS8+iaUcSR6HA+29uV6jz3H+oU/wB1fn65KV95eFPCfhvwToVr4Z8J6LZ6TpdkuyC1tYgiIPoOpPUk8k8mtcLilr53F42tjJXqPTsfT4LL6GBjakter6sjnhjuIXhmjWSN1KsjDIYHggg9Qa/Or4+fCuX4UeP7jSbWEjRNR3XmktjhYS3zw/WNjj/dKGv0Zry39oj4WL8UPh7d2FnCraxpub/S2xyZlBzFn0kXK/Uqe1epw5mryvGLmfuS0l/n8jyuJsoWa4N8q9+Gq/VfM/P/AEXWtU8N6zY+INFuDBf6bcJdW0nYSKcgH2PKkdwTX6VfDfx1pnxH8G6X4v0ltsOoQ7nizloZQdskbe6sCK/Mb5ujKyEEgqwwQR1BHYjpivof9jv4oHw34tm+HuqXO3TvETebZFjxFfKvKj08xBj/AHkX1r7fi7K/ruF+t0171PX1j1+7dHw3B+a/UMX9Vqu0J6ekun37H21RQDRX5SfrgUUUUAFFFFABRRRQAUUtJQAUtJS0AJRRRQAtJRS0AJRS0lABRRTXOFoA5z4ieNtN+Hvg3VfGGq8wabbmRYwcGWTpHGPdnKr+NfmdrWsan4i1a98Qa1P51/qVw91dSdmlc5OPQDhQOwAr6M/bQ+JX9qa9Y/DPTbjNtpQW/wBSCnhrl1Pkxn/cQlyPV19K+a4be6vLiKzsbdp7m5kWGCJRlpJHYKqj3LECv1Pg/LlgsG8XVVpT/CK/z39LH5LxjmTxuMWEp6xhp6yf+W33ns/7Kfwv/wCE++IQ8Q6pb79G8LMl1IGHyz3h5hj9wuDIf91PWvvVV2jrmuF+C/w1tPhX4A07wrHse8C/aNQmX/lvdvgyN9Bwq/7KrXG/tW/HjU/gH4G0zxFoOn2F/qWpavDYx214XEbRbHkmbKEMCFTAPOCwyD0r4nOcdUzvMG6eq2j6f8Hc+5yTAU8iy5e10e8n5/8AA2PbqK8V/Zs/aS0/9obSdUurbwrqGiXmiSQxXiTSLNbs8qll8qUYL8KSQVBGV9RXtVeLVpyozdOas0e7RrQrwVSm7phRRS1BoJRRRQAVxfxc+JGm/CzwTe+Kr7bJNGPJsrbODc3TA+XGPbIyx7KrHtXYu20fSvz/AP2lvi03xO8ePa6bcbvD+gO9rY7W+WeXOJrj3yRtU/3VJ/ir28gyp5tjFTl8C1k/Lt8zweIs3WUYN1I/HLSPr3+R5frGsap4g1e98Qa5dm61DUZ2ubqY/wAcjdcegHAA7AAdq6D4ZeAbr4ieKItHBeOwtwLjUbhf+WcOcbQf77n5V/E9q5i1trm8uIbOzt3nubiRYYYkHzSOxwqj3JOK+yfhX4Atfh54Wg0hdr303+kahMo/1k5HKg/3UHyj6E96/Us2x0ctw/s6Wknol2Xc/I8uwkswrudTVbt92dbZ2ttY2sNjZW6QW9vGsMMaDARFGFUewFWFPNR9PanjrXwD1PtY6aEg7VItRLUi/SoZrEkU9KdTB9Kdmky0OpQefekWipKJVpabTvpSLQVKv1qNaevHNJlxHU8UwD9ad+VQy0LSikoFBQ/3qSmCnipZSHUtJS1BaFzSimCnLUlIf+NLSUtIpDjRSUfSkUh/NFJSihlIk+vFH1pm6vn/AOOH7R0Ph3z/AAj8P7qOfWMGO71FcPHYnukfZ5ffonueK3weCrY+qqNGN3+XqcuMx1HAUnVrOy/F+h0/xq+P2k/DWKTQdFaHUfE0ifLBuzFZAjiScjv3EfU98CvjfWta1jxJq1zr3iDUptQ1C8bfNcTHLMewHZVHQKMADpVSSSaaaS4uJnmmmcySSyMWeRjyWZjySe5PNA4r9NyrJ6GVw93Wb3f+XZH5jmucV81n7+kFsv8APzDFHejvR/KvXPJCj68Un1rqPh/8N/FnxN1j+yfDNiGSIj7XezZW3tVPd2xy3og+Y+w5rKtWp4eDq1WlFdWXRo1K81TpRbk+xz+m6dqOsajBpOk2M97e3TeXBbQJukkb0AH6k8Dqa+svgx+zLpvhdrfxJ8QIoNS1pMSQ2P37WyPUE54lkHr90dgetegfCv4OeFfhXp7R6TEbrU7hALvU51HnTf7K9o09FH45PNd6tfnec8S1Mbehhbxp9+r/AMkfo+S8MU8Jati/en26L/MeoqQUwU70r5LY+yiSCnVGzLGu+RggH94hf51D/aGn52/2hbZ/67p/jXPPEUYfFJL5o0SLlLUcciyDMbq/+6wP8qdu61UZxn8LuWOpaZk07JqhoWnZpuaKVhi5pab+FGf1oAWim5pPegRmeLNFtvE3hnVvDt4geDVbG5s5VPdZI2U/zr83/gZ+xR8TfiZDba14w83wdoO0fvbqDN/dAcExQNjYDg4eTHUEKwr9NN3em+vU5rqw2MqYWMo0+pw4vAUsZOMqvQ83+Ff7PXwn+D8Kt4O8LwrqG3bJqt5/pF9L6kysMoD/AHUCr7V6N1Jbv6nrS5pM1jKUpvmk7s6I04Uo8sFZCNTW568j6UNTaEgbOd8d/D7wd8SvD9x4X8ceH7XV9MuFIMM6/NGf78Tj5onHZkIIrn/hnZ+LfBob4deLtUuNbh09N2g69P8A66+shwIbkjj7VCMKWHEqbXHIcD0E1HIiyY3DO1g6+xHQirTfLy9DGUY35luHrQe9JRVEiUjfWl601qYmNpaae9L9KohiH8qaaU000yQb3qPP1p7GmVSIYd89BTX9eRSn1prVSJYjdaaetONNpoli0jfWikpokYetDUrU1qogRsg7lJBHpXL6h4D0ObWP+Em0qNtH1vGGv7ECNp1/uTxj5J1/3xkdiDzXT0lVGUofCZzhGfxIih88Rr5zIZQPmaMEKT6gEkj6ZNfIv7RnwrXwb4gHirRbYJo2tynzEUcWt2csyeyvyy++4elfXprI8V+GdJ8Y+Hr7w1rUJks76MxuR96NuqyL6MrYYfSvQyzHyy7EKovh6+n9bHnZngI4+g6f2lt6n57ModSDnB9DyK+7f2XfjM3xG8Kt4f1663+IdCRY52Y/Nd254jn9zxtf/aGf4hXxR4s8L6r4K8R3/hfWo8XVhJsLAfLKh5SRf9lhyPxHarXw/wDHGsfDjxfp/jDRctPYviaHOBcQNgSRH/eHT0YKe1fa55ldPO8FzU/iWsX+nzPkchzWpkmN/efC9JL9fkfUf7b3wDk+J3gdPHXhvT2n8U+FInkijhTdLe2JO6a3UDlmGPMQd2Uj+KvDv2e/2Dde8WG38WfGpLnRdHbEkGhxtsvbpeo89hzAh/uD94eclK+8/CnijR/Gfh3T/FGg3H2iw1O3W4gfvtbsR2YHII7EEVsAfnX5XDMcThqLwq0s/mvI/Wp5XhcXWWLlrdfJ+ZmeG/DHh/wjo1r4e8MaPaaXptknl29raxCOONfYDv6nqe9atFFec23qz1UktEFFJQxxzSGLSGsrxF4q8O+EdLk1rxPrlhpNhFy9zfXCwxj/AIExA/Csr4c/FDwT8WNDl8SeBNcj1TTobuaxaZEZMSxHDDDAHBBDA45VgRwarkk481tCPaR5uS+vY+N/2sPhf/wgvxCbxNptvs0fxQz3K7V+WG8HM0ftu/1g+r+leKw3FzZ3MV5ZXDwXFvIs0MyHDRyKwZXHuCAfwr9IfjZ8N4fij8PtT8L/ACLelPtGnzMP9VdJzGfYE5U/7LGvzbljmglkguYXhmhdo5In4aN1OGUj1BBH4V+scK5n/aOD9jV1lDR+a6f5H5DxZlf9m4721LSM9V5Pr/mfpD8FPiVD8UfAGneJjtS92m21GFf+WV1HgSD6Hhh7MK7+vhf9kP4jnwr8QpPB99cbdO8UKEj3HiO9QExn23ruT3ISvuZW3L6V+e59lv8AZeOlRXwvWPo/8tj9G4ezP+1MDCrL4lpL1X+e46lpKK8c9sKWkpaAEooooAKKKKACiiloASiiigAooooAKKKKACuf8deLtN8DeE9V8Xasf9G0q2e4Zc8uQPlQe7MQo9zW+xxzXyZ+2x8RN39l/C/TrjAfGqaptPVQSLeM/Vgzkf7C16OU4GWZYyGHWzevp1PMzjHxyzBzxD3S09XsfL2tazqXiLWL7xDrEvm32p3El3cP28xzkgew4UewFe5/sdfDn/hKPHdx451CHdYeGFC2+5flkvpFO0+h8uMlv9509K8BVZZGVII2lkchURRlnYnAUe5JA/Gv0i+Cfw7j+GHw40rwvtX7Ysf2nUJF/wCWl3J80p+gJ2j2UV+j8V4+OX4BYajo56Lyit/8j804SwEsxzD6xV1UNX5yb0/zO84x2r4y/wCCknh/xJfeF/B3iSxsJZ9F0a7u11KaMZFs8yRrC7jspKuu7oCyg9RX0t8YPi74V+Cng9/Gni77W9ot1BZpDZxiSeWSVsYRSRnau5zz91DjJ4qDwX8TPhP8dvDV2vhbXtL8Q6dcwtBf2Mg/eKjjDRz27gOoIyMMuD2r8ywk6mFnHEqN0j9PxtOnjKcsI5Wk0fC37E37RFt8K/Er/DjxZLFD4b8TXqyQ3jYX7DfsqxqXb/nlIFRST91gp6E4/SZGyvSvyr/as/ZvuvgR4tW40aGa48F67I39mzOS5tZOrWcjHkkDlGP3lB7qc+zfs9ft3aD4P+HcHhP4vQ63fajo223sb6ytftD3lqB8glJYYkTG0kn5gFPXNexmODjjYrGYRXvuv6/E8TK8e8vk8DjHbl2f9fgfeNJuHrXyY/8AwUh+Dok2x+DfGzpn732S1H6edXL/ABk/b48I+JPhlqWm/Ci68T6F4suZLZbWe509IzCgmVpWD5dCdgYYPXdXlxyvFykouDVz15ZxgoxclUTsfbeaU8V+cXgP/god8WfD7Q2/jvQ9I8U2a8STRKbG8I9crmJj/wAAX619teAfjFpfjb4dt8SdQ0DWPDOmxwSXci6ssQYwIu4zK0TurIR0OQT6ClisuxGD/iLfsPCZrhcan7OW3c4z9q74r/8ACC+CG8MaNeeXrniRHt42Rvnt7XpNN7HB2Kf7zZ7V8LKiqoWNQAowAOw7V03xM+IGofFDxvqXjLUA0a3bbLOBv+Xe1XIij9jglm/2maqfg3wrfeN/E1j4bsW2G5bdNN/zwgXmSQ/QdPciv1fIsthkuB/e6SfvSf6fL8z8j4gzSedY69P4V7sf8/n+R63+zb8PvtFw3xD1SHMcDPb6WrDq/SSYfTlAfUse1fQ68cCqGk6bYaNptrpOmW4gtLOJYIIx/CijA/HuT6k1eX9K+Vx2Llja7qy26eh7mCw8cJRVOPz9R9PWmLTl7VxM7USCpF79qh/GpVqWaRJRS0z0pwqTQd/WnU2lpDRItO/WmL3p+KlmkRafTKeKTKQ/H0pfbFN9u9O/2aksX8qKT2paRY+pAajp4qWUh1OpKKgsUU5ab3pwpDQ7tSikpakscaKM+9FSA6kaRI42kkcIqKWZmOAoHJJJ6AetVNW1fTdD0241jWL6GzsrSMyT3EzbVRR3J/kO/avj341fH/UviG8vh7w60+n+Glbayn5ZtQx3kx92P0j78bvSvRy3K62aVOSmrRW76L/gnn5nmtHK6fNU1l0XVnUfG79o+XWRP4T+HN5JFYHMd5q0eVe5HQpAeqx9jJ1btgcn56VQoCqoAHSkx+NOr9NwOX0cupeyor1fVn5ljsfWzCo6tZ+i6L0BqKKK7Ti2CmswX5mIUD14FTWNlfajewabptnNd3d04jgt4E3ySseyqOv9K+p/g7+zHZaDJB4m+I0UN9qakSQaaMPbWp7GTtLIP++QfXrXnZjmuHyyHNVfvdF1Z6WXZXiMzqctJadX0R5n8H/2dde+IHk6/wCJvtGkeHm+eP5dt1er/wBMwf8AVof75HP8I719feG/DuieFNJg0Lw7psFhY2w/dwwrge7MerMe7HJNaKjoaetfmmZZriMznzVXaPRdEfpmV5Rh8rhy01d9X1Jc0jMqKWdgoAySTgAfU0gNDRxyLtkRWB5wwz/OvJe2h7SMe68RXk2Y/DuhXWpN2mb9xb/g78t/wEGsPUNN+KWrnadW07TIz/yytpiD+LBSf1ruOpy3J96dXg4zJZZhpiK87dovkX4a/ezaM7Hkt58L/F0zGWa8srxz133UhJ/77FYGpeC/Emlqz3ugTiMdZI0Ei/mua98470A4+6cfSvlMZ4bZdiF+7qzjLzfN+f8AmbKtJHzbCzW7lraR4XXjMbMjA/hyK6PSPiH4s0dlVdRN7COsV38/5N94fnXq+teD/D3iDLahp6ee3S4hHlyj8R1/HNeb+JvhnrGiq93pjnUrReWwuJox7r0b6j8q+Hx/Cmf8Nv6xgaspRXWLd16x/wCHNlOMtzuPDfxK0PXWS1uj/Z123SOVhsc/7L/0PNdcfTv6V8yMu7g9+MGu88FfEqbS2j0nxBM81l92O4bLPB7MerJ+or6DhrxDdaawubaPpPZf9vf5kyhbVHr+aWo4popo0nhkWSORQyurZVgehB7g1y/i/wCIGm+Gd1nGovNRK5ECtgR56Fz2+nWv0vHZlhcuw/1nETUYd+/p3M0mzp5riG2he4uJo4ooxlpHYKqj3JrjtW+LXhmxJjsFuNScd4V2R/8AfTdfwFeWa94k1rxLN52r3pkUcxwL8sUf+6v9TzWao3MscYZnfhVUZYn2HevyXNvErE1p+zyunaPdq7fov+HNVBLc9CuvjRqzt/oOh2caf9NpXcn8sCoB8YvEv8Wm6WR6bZB+u6szTPht4t1RVdrSOxjb+K6faf8AvkZauktvg38oN94iOT1WC2H82P8ASubCVONsy/eU3NLztH8HYb9mgsfjM24DUtAOO7202cf8Bcf1rrdF8ceG9eKx2eoLHcH/AJYXA8uT8M8H8DXPr8HdAXO/V9TY+q+Wv/stRXHwb0xl/wBF169jPbzIkf8Alg19TgZcaYL+PCFWPZtJ/erfqZydN7HoW75tveiuL0zSfHXhoiGHULTXrJTxbzMYplH+w7ZGfYnFdPY6hDfx74454ZF4khnjKSRn0YH+YyD2Jr7nAY+WKjy1qcqc+0v0a0ZjJWLTUneik5r1UZsG70w04n8aZVIiQlGfrQaQmqMwpnvTjTTTExKVqaaVvTimSIaSg0jUyBrGm0NSdParSJYe9NPfrTvemtTJYxutFDUlUSB696Q9KU0hFNEsYeKafypzdKZVIzYGk4paa1MlsSm0NSNTJbPFv2lPhr/wlXhseLtJt92raFGzSKi/NcWfV09yn3x7bhXyYp3DcpBBGc+or9Gm/Aj0I618T/HL4cH4e+NpY7GDbo2rbrvTyBxGN37yH/gDHj/ZZa+z4ZzC/wDsdR+cf1R8dxFgLNYqC33PTf2Oviq2ia9N8MNYucWOrs1zpbOeIrsDMkXsJFG4D+8rd2r7PVgfxr8pLe6urC5hvbC4e2uraRJ7eaM4aKVGDKw9wQDX6P8AwV+Jlt8VPh/p3ihNkd4V+zajAv8Ayxu0wJF+h4Yf7LCvB4yyn6vWWOpr3Z7+Uv8Ag/mfT8E5v7ei8BVfvQ1j5x/4H5He0jMBXlv7Qnx00/4A+DYfFmoeG9R1r7XdrYwQ2jIiLMysy+bIx/dodpGQGOcDHNfAfxQ/bQ+OPxI82ys9aTwlpMmR9j0Mskrqe0l037w++zYK+YweWVsb70NI92fUY7NsPgHyz1l2R+g3xQ/aG+EfwhiYeNvGVpb3wXdHptv/AKReyemIUywz6tge9fIXxS/4KKeMtaM2m/CXwzB4ftjlV1LVAtzdkf3lhH7qM/7xf6V8xeBPhv8AEL4qao9r4C8J6p4guZJP9IuYELRKxPWa5chFPXlmz9a9C+Lf7N118DPBllq3xF8ZWI8U61Ls03w/pcfnbY1wZZp53IwqA4+ReWZQCeSPbw+W4LDTjCtLmm+n/A/zPn8RmuYYunKdGPJBdf8Agv8AQ8x8WeMPFnjzU/7a8beJtT12+JJWbULhpdn+4p+WMeygCvsj/gm54f8AHELeLPFDTeT4QvRFaxxSKf8ASdQiJ3SxegRG2Mf4iVH8Br5Q+EPwr8QfGb4gab4D8O5je7Pm3t5t3LY2ikebO3bgHCg/edlHrX68eCfB+g+AfCul+DfDNmtppekWqWttGOoVR1Y92JyzHqSSaed4qnRo/VYJXf4IOH8HUr1vrc27L8WbjCvhb9rz4bf8Ij8Qh4t0+HbpnioNM20cR3qACVf+Brtce4evujqeDXnvx5+G4+J3w21Xw9BGp1CJftumsf4buLJQfRhlD7Oa8zIMx/szHQqS+F6S9H/luexxDlizPAypx+Jax9V/nsfnPbXN1ZXUF9Y3DQXNtKk0Eq9Y5UYMjD3DAH8K/Sr4S+PrX4leAdJ8XW7Ksl3DtuolP+quU+WVPwcHHsQa/NBd2PmQoRwVbgqehB9weK+lf2K/iAdM8Sal8O7yciDV0OoWKseBcxgCVR7tGA3/AGzNfe8X5f8AW8F9ZhrKnr6p7/5n5/wdmLweO+rT+Gpp6Nbf5H2bRTV/SnV+Un64FFFFABRRRQAUUUUAFFFFABRRRQAtJRRQAUUUUAVNV1C10rT7nUr6ZYba0heeaRjwkaKWYn6AV+YvjrxheePvGOr+Mr7cH1a6aZEbrHCPlij/AOAxhR9c+tfZH7Ynjo+Gvhj/AMIzZzbb3xTP9jwD8wtVw87fQjan/bSvhrIHLHjrn2r9J4HwHJSnjZLWXur0W5+Y8dZh7StDBRfw+8/V7Hs37KHw+HjX4pQaveQeZp3heMalLkcNckkW6fgwZ/8AtmK++16eleMfsoeAf+EJ+FFjf3dv5eo+I2/tW6yPmVHAEKfhGF49WavZmcLjnr0r5TiTMP7QzCco/DH3V8v82fW8M5d/Z2XwjL4pe8/nt9yPkT9vL4U/Gb4kr4evvAujrrPh/QY57i4sLOX/AEw3T4XzREcCRVjBACndl34Oa+BLDU/EHhHXxfaXfanoWuac5QyQvJa3dsw6q3R1/wB1uPav224I7Yrzv4qfAD4V/GS1MfjnwpbXN2F2w6lB+5vYfTbMvzYH91sr6ioy/N1hqao1YXiGZ5I8XUeIoztPz2Pz48SftheOvH3wh1b4W/Ebw7oviK5vFiWy1yWERzW7KwJleIDY0wXOyRNmCckHvg/s3/s+6p+0B4yu9F/tCXStH0u1+0ahqMcKyMjscRQorHBZyGOTwFRvUV6T8YP2A/iR4LM2rfDO8PjHSVJb7GwWHUoV/wB3iOfHqpVvRTXzhpWteMPh54kN5o+pax4a17Tm8uTy2ktbqE/3HQ4OP9lwQa97DujVoyjgJKLevp8j5vExxFHERlmMXJLT1Xqfb11/wTR8LtD/AKB8WddjlP8AFNp1tIv5LtP61574k/4Jy/FbTd8nhfxr4Z1pF6JcxzWMrD8pFz+IrU+EP/BRDxJo/k6P8ZNC/tq1GF/tnSo1iu1HrLb8JJ7lCp/2TX2t8O/ih4E+K2hjxJ4B8SWmsWIby5GhJDwvjOyWNgHjbHO1gDXi1sXmmAl+8d16aHv0MFlGZR/dKz7XaZ8eeCf+CcMmqeDbS88eeOr/AETxPN5jXFrYRwXVrAN5CKGYAuduCTkDJwOnOH8Rvh74d/Zv8K3Hwb8K+Jb7WdU8UTQ6r4kvrgCMeRECttbpGpKopbe5HJOOSQRX3n4q8RaX4R8O6l4m1qbyrLTLWS6nb/YQEkD1JxgDuSK/M7xd4r1Txx4o1PxfrTH7Zq1w1w69okPCRD2RAq/hXt8LwxGa4p1q8r04a2/vdPu3PE4qlhcowyoYaNqk9L/3er+exjE468Ad6+of2fPAn/CN+GP+Ek1CHbqWuosmGHzQ2o5jT2LffP1X0rw34U+CT468ZWum3EZOnWv+mag2P+WKkYT6u2F+m70r7IjAXG0BR2C9APQew6V9HxDjbJYWHXV/5HyGS4Xmk8RLpsS0o96b6UvpXyZ9Nckpy+lR09almiHipF+93qIdPepFNSzRE1OqNWp+TUmiHfrS0lFSMkX0p9RpUlSzSIVIvemf0pw60mWiT270dSFxR/OlHZeKgsKWm07vQUhw496lWoxTh70mNaD6dTaWs2aDqVemDTaVTSGP+tL+FIGoz1qSx2cVjeMPGfh3wLoU/iLxNqC2tpENq45kmkPSONerufQfU4HNYvxN+Kfhn4X6ONQ1yYy3U4IsrCJh510w9P7qDu54HucCvizx98QvE3xJ1s614lulbZlbW1iyILRD/DGD3Pdjy3fjAr2soySrmcueXu0117+h4mb55Sy1ezh71Tt29TZ+K/xg8R/FTUgbzNjots5az01HyqntJKRw8nv0XoPU8H60hpa/SsPh6WEpqjRjaKPzavXq4qo6taV2xaUik60E9ewH6VsY7B3NdF4F+H/ir4jaz/Y/hexEpjwbq6k+W3tEP8Uj9vZR8x7DvXZ/CH4A+IPiQ0WtauZtJ8N5z9o24nux6QKeg7eYePQN2+v/AAv4X0Hwfo8Og+G9MisbGD7scfJZu7Mx5dj3YkmvmM34jp4O9HDe9U/Bf5s+myjh2rjbVcR7sPxf/AOV+E/wX8L/AAusvNs1N/rM0e261SZMSMO6Rj/lmnsOT3Jr0VRTR3p4NfntetUxE3UqyvJn6Lh8PTw1NU6SskKPrTlbFJmlFYM6UPpRTVpc5pMtD/al56U3+VLUspDwacKYKXNSXckBpQcH3pn606oaNEzivG3w6ttaWTUtFRLfUfvMg+VLj69lb3/OvH5opreaS3njaKSJikkbDDK3oRX0v/KuG+JHgpdctW1zTIf+JjbL+8VRzcRjt7sB0PfpX5ZxrwVTxVOWPy+NprWUV9rzXmb06ltGeeaF4217w7p9xpen3C+TN/q/MGTbserJ9fTpWG7SO7SSOWdyWZmbJY9ySaZuUru3DB5zXp3w/wDhysyxeIPEUAKHD2tqw4Po7jv6gfnX5rleBzPiWrTwMZNxh32ijaTUVcwPC3w71fxEqXd032CwbkSuv7yQf7Cnt/tHj616toPhfQ/Dce3S7FEkIw07/NK/1Y9PoMCtX8ulOr9zyHhHL8jipQjzVOsnv8uxzym5BSdaKTNfUpENiUMf1oJpM1RLA49BSFuNvXHSlz9KSnYhjTRQaYx61SEwY0lGaSqRmIfzprGlNNNUiGLmmGnZzSetMVwpGoNFBIGmGlNNYmmiBjGilb3ptWJievWkb86XPfmmk1SIuNaikpaZIGmtS5pppohsjpDSmkqyWJ60n1ooPvQQxlNNK1IxqiBrdq4T4y/D9fiL4Ju9Lt41OpWf+maax/57KOU+jrlfqR6V3ZpPu+1a0qsqFSNWm9U7mNalGvTdOezPzmkDI22RWRhlWVhggg4IPocivbv2TPiU3gr4i/8ACMahcbNK8Vbbc7j8sd6ufJf23Ash9ynpWb+0p4DXwr42/wCEisIQmm+I91xhRxHdr/rU9twIcfVvSvI1aRGWSORopEIZJEOGRgchh6EEAj6V+k1IUc9y9xe019z/AOAz8+o1auR5gqkd4P71/wAFH6R/Gz4Y2Pxi+F+vfD+6mS3k1S2/0W5dNwtrpCHhlwOTtdVJA6jI71458M/2Afg94QaHUPGkl3401FMMRfYhsg3XK26HBGe0jPXr3wL+I0fxP+HGl+JZWX7eqm01FF/guo/lf6BuHHswrv3YKpZmxX41OricE5YW7VnqvPY/bIUsLjlDF8qd0rPyOK8deLvA/wADvh3feJtQtbbTNE0WDMdpaQrGJHPEcMSKANzsQoHvzwCa/J34nfEjxZ8Z/H17408QLJPqOqSpBaWMGXFvFuxDawjvjdjj7zMW6tXq/wC2R+0O3xl8cHwz4bvi/g/wzM0dqUb5NQuxlZLrjgqOUj9tzD7wrzT4QfEPSfhT4n/4TyfwqniDWtOj/wCJLBczeXaWtw2QbmXALSMq8Iq45YkkELj6TK8DLC0XXkr1H0Plc3zCGMrLDxlanHdn6J/sr/AnTfgD8OXv/En2aPxLrEa3mu3TuoW2ABKWwc8BIgTk5wWLn0rmfi5+3x8K/A7T6T4DVvGurplC1nJ5dhE3T5rkg7/pGG+or4W+Knx5+KXximaT4g+LpZ7ANuj0y3/0ewj54xCpw595Cx966j4T/sj/ABs+LSxX1j4eHh/RZMEaprStAjp1zFDjzJBjoQFU/wB6ud5ZTjL6xmE9X0/r9DpWbVJRWFy2nouv9afefRH7LX7YXjr4lfGe68J/Em6sEs/ENqf7FtrO2EUNpcw5cxhiS7+ZHu5Zj80YwBnFfbHUV82/BX9hv4Z/C3VLDxXreoXvijxFp8i3FtdXH7i2tph0eKBD94di7Ma+lOgrxcwnh51b4ZWie/llPFU6PLineR+fX7UXw8/4QP4qXd1awbNM8Rq2qWuB8qylsXEY+jkPj0kFeZ+Hdf1Lwnr+neJtJbbeaVcx3kP+0UOSp9mXcp9mNfc37WHgE+MvhXd6nZw79R8Nt/alvtXLNEoInjH1jyfqi18Ebs/MuCDyMd6/UeGsbHNMuVOrq4+6/Tp+B+VcT4GWVZk6lLRS96Pr1/E/Uzwx4g0/xRoGn+ItKlElpqdtHdQN6o6hhn3GcfhWtXzV+xV48bVvB2o+A7ybdceHrjzrUE8m0nJYAf7sgkHsGWvpWvy3MsHLAYuphpfZf4dPwP1fK8bHMMHTxMftL8ev4i0UlFcR3i0lFLQAlFFFABRS0lABRRRQAtJS0lABSE8U6ud8f+K7XwP4N1rxdeY8rSLGW62k/fZVO1fqzbR+NVCEqklCO7JnONOLnLZanw7+1X42PjD4vX9nbzF7Hw2g0qDB480fNOw9y5Cn/rnXD/DLwdJ8QPiBoPg9Yy0Wo3iC5x/DbJ88x/74Uj6sK5ue4u7yeW8vpfNurmRp7hyfvyuxZz+LMa+of2HPBH2jUNe+I11DlLdV0exYj+M4knYfh5S59mr9hxso5Dk3LDeMbL/E/wDg6n4vgoSz/Ory2lLmf+Ff8A+ubeKOGFY4UVERQqqowFA6D8q+Ff8Agoh8V7618V+Evh34Z1y6srvSUbxBdSWdy0Mscz5itsMhDAhfOb/gS193Vynjz4U/Dv4nWJ0/x54O0rWosEK1zbgyx+6SDDofdWFfk2Crww9ZVKi5kj9dx2HnicO6NJ8rZ+efwx/bw+NPgUw2PimW28aaZHhduoHyb1V/2bhB8x/66I31r63+F/7bnwN+IzQWN5rj+FdWlwostcCwK7eiTgmJ/b5gfavKviZ/wTh0W6aa++EvjSfS3OWXTdaU3Nv9FnX96g/3g9fJnxM/Z/8Ai58J2k/4TnwPew2Ckj+0rVftdi49TKgIT6SBT7V7/sMszL+G+SX3fgfNfWM1yv8Airnj9/4n7BxTRTIskTKyONyspyGB7g9DXDfFT4F/DH4yaeLPx54Xt72aJSttfR/ury2/65zLhh/uklT3Br8tPhn8fPi18JmjPgPxxeW1gDn+zrhvtdg49PKfITPqhU+9fXfwt/4KN+G9QEOnfF7wtPok/Ctqelhrm0Y/3mi/1sf4b/rXBWyfF4SXPRd7dtz0qGeYLGx9nXXLfo9jy/4v/sA/Ebwa02r/AAxvh4v0lMubOTbDqUKdeBxHPgf3SrHspr6j/Yr+FN18L/grZSa1p8tlrfiSd9Y1CGeMpLDvAWGJ1PKlYlTIPRi1et+DfHngz4iaTHrngnxNp2t2L/8ALayuFkCn0YDlG9mANa+qX9npOn3OqahOsNraQvPPIx4SNFLMx9gBXNiMxxOJpLD1e/zOrC5ZhcLVeKo7W+XqfL/7anxG8mz034YafNhrzbqWp4P/ACxViIYz/vOC5HpGPWvkonb8zdOpre8f+M7z4heNNX8aXu9W1W4MsUbf8soB8sMfttjC5981a+GPhH/hNvG2n6LMpNmjfar4+kEZBZf+BHav/Aq/Wcowccly2MZ7pc0vX+tD8hzrHSzjMZVI7N8sfRf1c+gfgR4MPhXwXFfXkOzUNb23k+RykWD5MZ+incfdzXpi59KiQL2AA6ADsPQVKtfG4itLEVZVZ7tn0VClGhTVOOyH0tIKVe1YHQh69qcKaKev8qlmiHCnrTcU5allolWnqaYpp61Joh1FHrS0ihVzUi1EtSj261LLixQf0p6mm96d3qWWh/UUo9MCkHT3pf8AZ4qSxRS/0qOaaOGOSaaRY441LyO7BVVR1Yk8AD1rxTUv2q/BVj4mbS7fSb690eP5G1W3KndJnkpEcF4/9rOT2GOa3w+Er4y6oRcrb2MMRjaGEt7aSV9j3JafWH4V8YeGfGmnjVPCutWupW/8Rhb54z6Oh+ZD7EVtqc1zTjKEuWSs0dMJxnHmg7odSg0fSl/OoNRaM0UfnSZQ7d3rzL4wfHDQ/hjanT7dY9R8RTx7rexDfLCD0knI5VfRerduOa5z42/tC2vgzz/Cvg2aG71/lJ7j78Onn+Ty/wCz0Xv6V8nXdzdX91Nf311Lc3VzIZZppmLvI56sxPU/56V9NkvD8sZaviVaHRdX/wAA+YzniCOFvQwus+r6L/gl3xD4i1zxbrVx4h8R6jJfahdH95M3AAHRFXoiDso4H15rPwKKPpX38IRpxUIqyR8DOcpycpO7YppPpRmtzwZ4J8TfEDWl0PwtppuZxhppWO2G2T+/K/RR6DqewNKpVhRg6lR2S6lU6c6slTpq7fQxoIZ7q4itbW3lnnncRwwxIXkkc9FVRySfQV9L/CD9mOK18jxJ8TrdJrgYkt9GyGji7g3BHDt/sD5R33V6N8Jfgj4Z+GNsLxNuo67KuJ9SljwVz1SFT/q0/wDHj3PavSAOK+BzfiSpib0cJ7sOr6v/ACR93lHDkMPatitZdF0QiKsaKiqFVRtUAYAA6ADsKiv9S0/SLJ9S1W+t7K0j+9PcSrHGPxYgVWvl1i5zBptxDZr0N1LF5rD/AK5xkhSf9pjj2Nc9J8JvB+pXi6l4pgu/E16DkTaxctMqf7kIxEg9lWvknfofYwUepzHiT9pj4c6KzQ6S93rcq8brZRDD/wB/JCM/8BU1wl/+1d4kuJG/sjw7oVqmfl+0XElw344KCvfrPwX4Qs1CWfhPRYQOnl6fCP8A2WppPCfhe4+W48MaNIp7Pp8J/wDZazlGb6nRCdKP2T5tH7S3xMY7lh0AL6DT2I/PzK0LH9qLxpCwGoeHdDu07+X50DH8dzD9K9i1b4M/C/WA32jwZYWzn/lpYhrVx7/uyB+YrzrxN+y/Gd9x4M8SurDkWuqLuU+wmQZH/AlNYuNSOp0wnQl0sa+g/tPeE71hD4h0PUdJY9ZYit1EPrtw4/75Nep+HfFHh/xVZ/b/AA3rVpqNv/E1vKG2ezL95T7ECvjDxP4N8UeC7sWvifRZ7EucRy8PBL/uSL8rfTOfas/TdS1LR76PVNH1C4sLyP7s9vIUce2R1HscipVWUdJFyw0ZK8D72BpwrwL4c/tHrcNHpPxESOFzhU1WBMRn/rsg+7/vrx6gV7xDLDNCk8EiSRyKHR0YMrKehBHBHuK2jNTOWcJU37xNSg02nUxIkp2etR5p1QzVDs0bvQ4NNLDOD1qG8vrPT4zNqF5Bax/3p5VjH5sRUu3Uo5KT4aadJ4wOuN5f9nn/AEhrPHW4z+Wz+LHr7V2+c59a5a4+Jvw7tGMdx460FHHVftyMf0Jog+J3w5uW2w+PdAZj2/tCNf5kV52AyzB5a5vCxUed8z9S/ee51Gfypc1TstS0/VI/O0y/tbtP71vMso/8dJqySO5r0VqS9B2aTdSZpM81VibitSZpMmloE2L/ACptFNNNEtgxxTGpaT88VSJbCkpaQ0yGMPNBahqSqRLCkopKZImaKM/Wk/pTJA0xjSsaY3rzVJE3ENGe9FJVEhnvzimMcZ7U736CmE00QxKXpSH+VFMkTNNb+tKetI3yiqRLI6PpRRVEMSmNTqYaZDEP403+dOammqRDE+lI2aWkpiOL+L/ghfH/AID1HQ40BvY1+2ae3pcx5Kj6MMqf96vhnOedrKe6t1B7g+9foz935uhHSvjD9oLwUvg74jXc1rD5en64DqVrjorMcTJ7YfJx6OK+t4XxvJOWFl11Xr1PlOJMJzRjiYrbRnYfsf8AxEbwr8QJfB17cbdP8ULthBPypexglD6Dem5fcqlfVnxr8Ja54/8AhT4o8IeG9YuNM1PVNNlhtLi3kKMJMZCFhyFfGxsfwua/N62uLuxuoL7T5mgu7WVJ7eVTzHKjBkYfRgK/S/4X+NrX4jeA9G8YW21DqNsGmjU/6qdfllT/AIC4YV4/GeA+rYqGPprSW/qv80fRcFZh9Zws8vqPWO3+F/5M/GYwTQTCyltXhuFkNv8AZiv7xZQSpjCjksGBGB3FfQfwg/Yk+L/xM8nVNftB4M0Nzu+0apCTeSr6xWvBH1kK/Q19G/tTf2f+zXbr8VvhR8NfC8fiDxZq8kGp69eWrTz2k8kZZXiUnC7yj5wQu7khixrp/wBin43+JPjF8P8AV4/G+rDUvEWhao0c83kpEZLaZRJAxVAFGP3icD/lnXDiM1xE8N7ehGy2b6/cdWGybDU8X9XxEm5bpbL7zybxJc/so/sc3q6bpvhmbx/8RbZVkxeSrK9mxAKtI5Hk2ueoVEMmCOMc15jrP/BQD9oLUtQa500+F9It8/LaxaW0+B6NJJJljjuAv0rx/TNG1X4qfGAaHqmrwafqXirxJPDc3t5ysM0txJuZhkZIPyhcjJ2jivvzw1+wR+z7oegNZ69Yanrt88JWbUrzUZIXRscvHHEVjjx1AwcY5JpVlhMFyyxV6k5a6lUXjcc5RwdqcI6aaff1JP2Uv2to/jjLceDfF+n2ul+LbOA3UYtSRbahbqQGeIMSyOpI3ISeCCCRnH0t2Ffkd8EbpfBf7TvhSPw3q51C1tPFp0q3vEx/plpJNJb7+OCHjbdxx3Hav1vj+6K8fNcLDDVl7P4ZK57eS4ypiqDVX4ouxFdwx3EEkM0ayRyKUdGGQykYII9xX5mfFDwTJ8OfiBrng1lIh0+6JtCf4rWT54T/AN8EKfdTX6cmvkn9uDwV5c3h/wCIVrD97do94w/GSAn/AMir/wACFexwfjvquP8AYt6VFb57o8fjPAfWsB7eK96m7/LZnjv7O/jj/hAvi1oupTTeXY6kx0q9J4HlzEBGP+7IIz9M1+i8Z3DpzX5Psu5SqsVJHDA4IPY/hX6TfBHxx/wsL4ZaD4mlkDXU1qIbzn7tzF8kufT5lJ+hFenxxgeWdPGx6+6/lt+p5nAuYXjUwUunvL57neUtJRXwJ+hi0lFLQAlFFLQAlFFFABS0lFABRRS0AJXzP+254w+weEdH8D282H1y6N1dKD1t7fBAPsZWj/75NfS7NtGa/Pb9qLxf/wAJh8ZNYWGTdaaGqaPB6Zj+aU/9/HYf8AFfScKYP63mUG9oe9/l+J8xxdjfqmWSjF6z93/P8DyWSTy0aZgSFBY++Oa/SX4F+CT8P/hb4f8ADc0Oy7S1Fxe/Lgm5l/eSZ9cM2Poor4T+CXg7/hO/it4c8PyR77Y3YvLv/r3gxI2fYlVX/gVfpUoGOO9e5xzjLyp4SP8Aif5L9TweA8FaNTGSX91fm/0FpaSivz8/RQry34rftFfB34PTR6X488Vw21/cx+Ymn29u91ctH03NFGCVU84LYBwcV0fxa+IFj8Lfh34g8fagoeLRLGS5SMnHnS4xFH/wJyq/jX48arq3iPxp4jutc1ia61bXdbuXuLl0jaWa4mbkhVUE4A4VQMKoAGAK9bK8tWN5p1HaKPEzjNXgFGnTV5yPue/8I/sQ/tQak9r4Q8QWnh/xXcgtG2nxNpd1M3vbTIIpz64Un3rw34qfsM/Gb4dtPqHhu1j8baNFlvO0tNl6if7dqxyx/wCubN9BXz3dW11Y3Rs7+1uLS6t2DNDPG8MsTdQdrAMp7g8fWv0Z/YP+O2vfE/wzqvgXxtqEuo614WEL29/M2ZrqykyqeY3VpEZCpY8sChOTkn168MTlcPa0Z80F0ep4eGnhc3qexr0+Sb6rT8Dz7/gnD8NbiPVPF3xO1C1mtzBt8O2ySI0beYCJbkspAO5f3KcjI+YV7T+2T4+Hh/4ew+DbOfbe+KZTDIAcFbOPDTH2DHYn/AzX0AsMcO9o41QyNubauNzcDJ9TwPyFfnr+0x43Pjj4v6vJBNvsdEP9j2nPH7onzWHbmUuM+iipyKi85zZVqkfdj7z+W34m2f1VkeTvD05e9L3V89/wPLD17V9H/s3+Ff7M8MXPiq4jxca1Jshz2toiQP8Avp9x+gFfP2i6PdeItZsdAsf9fqNwlshx93ceW/Bcn8K+2NN0+00qxttMsIxHa2cKW8KjsiKFH8q+54hxPJTjQj9rV+n/AA5+dZNQ56jqvoXF/lUg9MVGp6VIPWvjj6hDxzS0g9ad/KkWPX+VPWmLT1qTSI72p6kUwdqcKllokXrUo9KiX9KkqDRMfRSf7VL+VItMM/pUi1HTl9qTKiS05aaKUVDNEx3t3/nVTWda0nw/pdxrGt38NlY2q75p5ThV9Pck9Ao5J6VneM/G3h7wLokmveI70QQJ8saKN0s8naONf4mP5DqcCvjj4nfFLxB8T9VW41L/AEXTbZibLTkfMcPbex/jkPdu3QYHX08rymrmcr7QW7/yPLzPNqWXR5d5vZf5m78X/jhq3xFmk0XSfN0/w4jfLbniW8IPDzY7dxH0HfJ6eY+tL3or9EwuFpYOmqVFWX5+Z8BicTUxdR1Kzuy3o+sav4f1BNW0HVLrTr2L7txbSlH+hI+8PY5Fe8fD/wDauvLfy9P+I2lm5QfL/adhGBIPeSHo31TB9q+faT3rDG5ZhsfG1aOvfqbYPMMTgXejLTt0P0K8N+KvD/i7Tl1bw1rNrqVqePMt3yUP911+8h9mANa33q/O3Q9e1zwzqSav4c1a60y9TpPbybS3sw6MPZgRX0D8O/2rmdodL+JOnhc4X+1rKPge8sI5H+8n/fNfGY/hnEYa88P78fx+7r8j7HL+JKFe0MR7ku/Q+kDIqqWZtoUZJJwAB3OelfNXxo/aRa4+0eE/hrfYQ5jvNYjOC3Ypbn07GT/vn1rk/jF8ftW8etN4d8NtNp3hzJST+GfUAD1fHKxnsg6/xeg8gAxjHAr0Mm4d5bYjGLXpH9X/AJHn5xxD7S+Hwj06y/yFVcfz9Tzz17mloNBr7I+R9QNHtSxxyTTRwW8byzSsI4441LO7HgKqjkk+gr6O+EX7Mu5ofEfxOtlPSSDRd2R6g3JHX18scf3j2rhx+Y0Mup89Z69F1Z2YHL6+YVOSivV9EeefCX4GeI/idLHql00mleHVb575l+e59VgU/e9N5+Uf7R4r6+8I+D/DvgjRotB8M6ZFZWkfzMF5eV+7yOeXY+prXijjjRYolVEjUKiKAFVR0AA4AHpUor83zPNsRmc/3mkVsl/WrP0fLMooZbH3NZdWKtOpKUV5Z68RwpRTadUmiHf0p9RinrSKCloo+lIor39hY6pZzabqVnDd2k6lZLedA8bj3U8Gvn74mfs83GmrLrnw+jlubVQWm0pmLyxjuYGPLgf3D83oT0r6Jpf88VnOmpG1OrKnsfA/8RGMEEg54II6gg9CPSvRfhb8XdW+HlylheebfaBI3720zl7fJ5khz0Pcp0Psa9U+MPwVh8TLN4p8J26xa2oMlxbLhUvwOpA6CX3/AIuh55r5rwysVZSrKSGVhggjggg9CO4rikpUpHpwlCvE+6tH1jTde0y31jR7yO7srtPMhmjbhx/QjoQeQeDV/NfInwm+KF58PNW8i7eSbQb2T/TLccmFjx58Y/vD+IfxD3Ar6e8QeNPDPhbQ18Ra1q8MVjKoa3kQ72udwyoiUcuSDnj8cV0RqKS1OKpRlTlZam+OTj1rgPHHxr8G+CJJLBrhtV1RMg2VkwYxn0kk+7H9OW9q8X+IHx48TeLml0/QWm0PSG+UrG+Lq4X/AKaSD7gP91PxJry0Kq/KoCgdhWUq3RHRSw3WZ6R4o+P3xE8RO8Vjfx6DaN0h08fvCP8Aamb5if8Ad2151ezTajcG51K4mvJjy0lzI0rE/VyTUum6bqWtXyabo+n3N9dv92C3jMjn3IHQe5wK9a8L/s0+KNSVbjxTqtvo0R5NvCBcXGPQnPlofxasbTmdDlTpHjiqv3UjAH+yKjaaBflkkjHszD+VfW2i/s/fDHSdrXGkT6tKP+WmoXDOD/2zXan6V2eneEfCukKF0nwzpFmF6eRYxqfzxmtFQkZvFR6Hwxbv9nkFxZO8Eq8iSBmjYe4K4Ndt4d+OHxE8NSJHD4qa/hX/AJddUxcKfYM2JF/Bq+xlVVXaqqo9AoFVrzStL1BTHf6ZZ3KHtNbxv/6EKr2MlsyPrMXvE8n8F/tLeGdY8uz8XWbaFcNwLlWM1ox92xuj/wCBAj3r1+3uYLqGO4tZ45oZV3xyRsGRwehVhwRXFa18FfhnrZaSbwrbWczf8ttPZrVvyQ7T+INYGlfDXxt8NZmm+HPiYarpZbfLoWsHyw47mKZOEf3KgHvmqXPHczl7Ofw6Hq/NLmsnQvEFvrcLhbe5sryDi5sbpNk8B/2h0ZT2dSVPY9q1c1qtTB6BmkopDVIkRqaSac1NzzmmiGLupKXNNP400SxhoaiiqIEJptOJppp2ExO9FB60UyWNb+VManH1pv51RDY3NIW+tLnvSVRLD3pjU7602mS2IaU0H1pGpokbnrTTSnmmselUiGxpNH0ooqiRrNTOtPam9qESxrU00rUlUQIf0pDStSNTJYhOK8l/aS8H/wDCTfD2XWLeHde+HZPt6YHLQHCzr/3zhv8AgFes5xUU0UNxE8NxGJYZVMciMOHRgQwP1BNb4avLDVo1o7pnNiqKxFKVKWzR+d35V9TfsR+OvLvNc+HF5MNki/2xYBj34SdR/wCQ3x7tXzr448LzeCvF2reFZc4065aOJj/HCfmib8UK/katfDXxnL8PfH+heMY2Ij068X7SB/FbP+7mH/fDE/VRX6BnGFjm2WyjDW65o+u58TkuLllWZQnLo+WXo9D7y/aG+HKfFf4PeJ/BUcYN5c2TT6e2OVvIv3kJHp86gfRjXwn/AME//HTeHPjcfDlwxig8XaXLZmNjjF3BmaIEeu0Tr+NfpckiXEKzQyB0dQyEHOQeQa+GdV/Yv+LVr+0ffePPh/PoOkeH7bX4te0+6vLpi2WZZZYlhjUtje0q8lRtavyvAYiCoVcNWdk1p6n61mWGqSxNHFUFdp6+h5P+2V8Dda+F3xP1Lxxp9jN/wivia8bUbe+hB2WV5Id8sLsv+rPmZkQ8AhsA5U15zr37RHxo8Z6OvhPXPi1rmpWE6eQbNLhQ1yDxscxKJJc9MEnPfNfr/c2Frf20lpeW8U8Ew2yRSxh0cehBGCPqKyNH+HvgXw/dG/0PwboWnXLZJmtNOhhkJPX5lUGtaGcqNOMa1NScdmc9fIZTqynRqOMZbo+KP2Mf2T/Fkfi7Tfi/8SdHl0ay0cmfRtLuo9lzcXBUqs8kZ5iRAxKqcMWwcAAZ++B/KmYC+n+NODq3SvMxeLqYyp7SoexgsHTwNL2dP/hx1cL8a/BP/Cwfhlr/AIXjj3XNxaNLaeouYv3kX/jygfQmu6pG6GsaVWVGpGpDdO5vXpRr05Up7NWPydV/MUNtI3c4PUHuD7ivqf8AYh8aGO88Q/D25m+WZV1izU+vEc4H/kJvxNeMfHnwf/wg/wAW/EWiRQ+Xaz3P9oWg24Hk3GZMD2D+Yv8AwGqfwd8XnwL8UPDfiRpfLghvlt7onp9nm/dSZ9gGDf8AAa/Y8zpRzrKG4dYqS9Vr/wAA/FsrqyyXN4qfSTi/Tb/gn6X0U1Dkf55p9fjB+3CUUtFACUUUUAFFFFABRRRQAUUUUAYvjLxFbeE/C+reJbzHk6VZTXj5PUIhbH4kAfjX5dXF1dXs8t/fSeZc3cj3Fw396WRi7n/vpjX3L+2R4o/sX4SnQ45Ns/iK+hsSB18lcyy/hhAv/Aq+F2ZVy0nAGSx/nX6ZwPhPZ4apiX9p2+S/4J+W8d4v2mKp4ZbRV36v/gH1L+w34R8y+8S+O7iLKwrHo9q+O5xLNj/yEPwr67Zto/GvL/2bfCLeDvg34dsZo9l1fW/9p3XHPm3B8wg+4VlX/gNd74oXWm8OamvhxYTqxs5hYiZ9sf2goRHubBwu4jJweK+JzvF/XswqVel7L0Wh9zkOD+oZbSp21td+r1PNPCn7WXwF8Xa1d+HbP4gWNlqVndzWZt9Szaec0chQtE8mEkUlTgq2SMcCvXI5o5FWRHUqwypByCPY96/H/wCIH7Onxo+GELf8Jr8P782UY+fULNRfWjerF48lcnn51WqPw7+N/wAVPhiyN8P/AIgalp9rGf8Ajz877TZn2MEm5B+AU12yyOFaPPhql/68jzo8Q1KE+XFUmv67M+y/+CkHjprDwT4Z+HNpPiTXtQfULpVPW3tQNqn2M0kZ/wC2Z9KX/gnl8JdP0/wTffF7VLFX1TXbmWz02Z15hsYTsYoT93zJQ5JHUItfHPxk+MvjH43+IrXxX4uSwj1Cy0uPTYls42SE7HdzJtYnazM/IBxwMV+hX7Lvxo+B2p/D3wz8OPBfi+2j1DRtNgsm02/X7LdvIq/O6o/+s3NubKFutPF0KuCy+NFLVv3rE4LE0cfmcq8nolaNzk/+Cg3w98Oap8Ih8QZrWGPXPD99aQ290q4kmgnlWJ4GP8S/OHGehTjqa8a/4Jw2dzJ8XfFGoRqxtrbw4sMp7b5LpSmffEb4/GvQ/wDgpF44jtfCvhT4d282JtW1B9VuUB5EFsu1Mj0MsoI/65n0rc/4J1+BTovwp1Xx3cQ7Z/Fept5J7m0tcxJ+cnnH8RWcKkqWUyU/tPQ1qUo1s6jyL4Vd/wBfM+hPi140T4f/AA717xc20yadZO9up/jnb5Yl/F2WvzPHmN800hkkYlpHPVmPLMfqST+NfXH7cHjJoNJ0DwDazANfzNqd2oPPlRfJEp9jIxP/AGzr5FZgqluy/Ma+z4KwXscFLES3m/wX/BufGcb472+Njh47QX4v/gHsX7N3hpb7xBqHiyZcxaXF9lt+P+W8o+Y/VYx/4/X0avFcT8I/DLeFfAOlWMse26uY/t136+bLhsf8BXYv4V2wrhzPEfWsVKfTZeiM8voewoRj16j1qUdqiFPHavOO9En40+mfnTh0qWWh3vUgqOnCpZaJKdTKf9ak1Q9DUv41Cv3qkWpZaJPelpoA4NO+tSUhacDTKWky4ku7vXIfEn4oeHPhppAvtWkNxeXAP2PT4m/e3B9f9hAerngdsnisP4t/GjSfhtamxt1jv9fuE3W9lu+WEHpLORyF9F+83sOa+R9c1zWPE2rXGu6/qEl7f3R3SzSfoqjoqjoFHAr3MoySeOaq1tKf5+n+Z4ma51HBp0qOs/yNHxr438Q/EDXH1zxHdCSXlYIE4htoz/BGvYep6nqaw/QcUm3txmj2r72lTjRgqdNWS6Hw9SpKrJ1Ju7Yv8qXpW/4H8AeKPiJqn9l+GrEOsRH2m6l+W3tVPd39fRRlj6V6Trn7KfjuzBk0HWtI1ZAMhHL2sn0+bKn8xXHXzPB4ap7GrUSkddDL8ViaftaVNtHi9FdVrPwn+Jnh8FtV8C6uka9ZIIPtEf8A31EWrk5D5Mhhn/dSDqkg2sPwbBrppYijXV6c0/RnNUoVaTtUi16oc1FJg0tbGYd6OlHNFCEL71r+E/CPiLxxrMeg+GdPa7unG5znbHCn9+Vzwij35PYE11Hwr+DPiT4oXQuoc6doUT7Z9SkT7/qkCn/WN7/dXuSeK+wPBvgjw34D0WPQ/DWnrbQA7pHb5pZ37vI/V2P6dsCvnc24gp4H91R96f4L18/I+gyrIauO/eVfdh+L9DkvhL8C/DnwziTU7gpqniF0xJfPHhYc9VgU/cHbcfmPt0r0/ik/rS1+f169XFVHVrSvJ9z9Aw2GpYSmqVGNkh9LTOtOrFnQh1OFNpelSWh3WlptGeaRVx6mnZ/Wo6dUjTsPNL0pgpaCkx1LTaM0rFof9a8M+P3wrW4jn+IHh22/fxjdq1vGv+tQcfaAB/EP48dRz2Ne5f1o9VYAhuCD0PtWc4KaszSlUdOV0fBw7H2qxNd3dzHbQ3F3NNHZx+TbJJIWWGPOSqA8KMnPFdl8ZPh9/wAID4qK2MRXR9U3XFj6Rc/PBn/ZJBH+yR6VyGl6XqeuahBpOjWEt3e3LbYoIlyzHufQAdyeB3rz3Fp8p7UZxnHmK56juSQoAHJJ7DHU+1exfD/9n3VNbSPVvG0k2l2TfMljHgXUq/7ZPEQPpy30r0H4W/BfSfBCxa1rQh1DXyufMxmK0/2Ygerernn0wK9O6+9dFOh1kcdXFdIGb4f8M+H/AApYjTfDmk22n2/8Swr80h9XY/M59yTWsNtM/KlrotY4+a+rJM0U32paQ0x1BplLQVcc386Rj+NIaTNFguQXFnDcSxXDLieDIilXhkB6jPdT3B4qznP1pv40UWE3cXNJ/WikNMi4GkNIaTFMTYpNNpDRTIbBqCaSimSGRTKPzpKokKST9aQ01v500SwopP0pKokSlpPzptUSL702l/2vWm/nQSBpGpDSNVIkQn9abStTelUQw96DxSGmmmSxTxTGpelMpoliE0NSMKKogGxTW9elDd/SmMaaJAnGKa1B/IUU2SfNf7WHhT7PqWjeNreLC3UZ026YD/lomXiJ+ql1/wCAivAWC4IbkHgj1Ffb/wAYvCv/AAmPw51vR40DXCQfbLTjnzofnXH1AK/jXw+GVlDDowyK+/4axPtsJ7N7wdvl0Ph8/wAP7HFc62lr8z9Av2W/HDeNPhDpX2qYyX2ibtIuiTyTEB5bH/eiMZz9a9e2r6V8U/sU+MDpXjjV/BlxLth12zF3Av8A08QdQPcxsf8Av3X2r+NfmXEOC+oZjUprZ6r0Z+q8N476/ltOpJ3a0fqtB1H1pu5e5rE8UeOPB/gqyOo+L/E+laLbAZ8y/u44AfpvIyfYV46Tloj3JSjFXkzzH9qbw98btb+H8knwR8Uy6bf2u+S8sbaNVutRgxykE55ikHJAGN3TcK+Iv2fv2tPHnwR1j+wfFUup694Xe5ZL7T7yR3vbCTcRI8LSHcGDZLQucE5xtJ5+r/G/7fvwG8OB7fw/dap4suRkKNLtCkGfeaYquPdd1fDHx2+L9v8AGzxo3jCLwDpHhqVlMcjWcjyXF2BgI1y5wjuoGAQoODgkgDH0uVYWpUpujiKXuPrsz5POMXTp1I4jDVvfXTdf5H6s+CfiN4N+Ifhm18X+EfEFpqGl3a/JMjhSrD7yOrYKOp4KsAQa6YcjOa/D63s59Un/ALJsLe5uri4ORbWqSSSM3TcETJyPXHYV+wHwA8Sa14s+DXhDXvEdneWuqzaVDHfR3kLRTfaIx5cjMjgMCWQtyOcg15+ZZYsBaSldPp1R6eU5s8xvGUbNdejPDv24/CoVvDPjm3iGd0uj3T45IYGWHP0Kyj/gVfKEkfmK0ZbG9SufSv0R/aO8Kt4u+DniSyhj3XNna/2lbevmW5EnHuVVh+Nfnd97DKcg8g+tfoPBmK+sZf7GW8H+D1PzvjTCfV8x9tHaav8ANaH6UfBXxcfHPwv8OeJJJN89zYpHc85Pnx/u5P8Ax5Sfxruq+XP2HfFBuNA8ReCppMtp14moW6k/8sp12sB7B4yf+BV9R1+dZxg/qGOq0Oieno9V+B+lZLi/r2ApVurWvqtGFLSUV5p6gtFJRQAUtJRQAUUlLQAUNwKKa/TrQB8S/tr+KG1T4iaV4XhlBh0PTvOdfSe4bPPvsjX/AL6rw/wj4dl8XeK9F8Kw53avqEFmSOyO43n8EDH8K1/i94k/4S/4oeKfESyF4rnVJo4T1/cxHyUx9VjB/Gu9/Y98N/258Y4dUkjzFoFhPfdMgSPiGMfXDyH8K/YqK/sbIubZxhf/ALef/BZ+LVm85z1rpKdvkn/kj7zt4Y7eFIYUCRxqFVR0AAwB+VSU37q18l/tDftqa98Gfi1P4D0LwfpWtWdjY20149xdywTLPLucopVWXAj8s8jqxr8joYepipclNXZ+w4nFUsHT56rstj60ZFPsDXlXxI/Zd+CfxSaW68SeB7ODUZMn+09N/wBDu9394yR43n/fDCvDPD//AAUm8E3G0eKvhp4h03PDPYXMF6o/76MbH8q9d8H/ALZX7O/jGSO3tviJaaXdSdINYhksWz6bpQEJ+jGuh4TGYR83K16f8A5VjcBjFyuUX6/8E+bviR/wTj8U6b5t/wDCnxrb6xCMsmn6ygt7jH91biMeW5/3kX618u+P/hb8Qvhjdra/ELwXqehkPiK4uYcwOw/553CZjJ+jZr9l7TULPULZLyxuobmCQbklhcOjD1DKSDVXXm0NdHvJPEX2MaXHC8l4bwKbdYlGWMm/5doA5J4rsw+eYil7tVcy/E4MVw9ha37yi+V/gfi/qet+LfF02n22qaxqOsXlvCmm6aLy4aZ0V5P3cSlstje/AyetfsT8L/Bdv8O/h34e8D2m3ZommwWW5Rje6IA7/Vn3E/WvGrD9lr9mzXfH2h/EvwI9paT6TfJqQs9D1GKSwuZEO5C0ILBAG2t+72/d6V7R8QvFUXgnwHr3iyUY/svT57pFPG+RVOxfxYqPxozLGrH+zpUYteXmx5VgJZcqlatJPz8kfBn7RXjD/hNvjD4h1CGUvaafMNJtecgJb5ViPrIZD+Ncz8P/AA7/AMJX420fQnGYZ7kSXHtDH88n5hcfiK5/983zzuXlbLSOeSznlj+JJr2r9mjQfN1LWfFUifLbRLp8B/2n+eT8lCD8a/VZqOV5b7OP2YpI/I3OWZY91J/aldnv6tubd0B7entUi96jX+9T1/Gvhj6haD6kWo1p68VLNYko6U9frUY/vc09R61LLQ/8uaUdaT3pfepLRJ+NOBpijHNP75qTRCipVPPtUS9RUi8YpMtaElOpg9aVTz9ai5a0H8+9ePfGT48WvgvzfDXhOSG68QYKzTYDxafx/F2aX0ToOreh574yftCfZTceE/h7eqbjmK81aI5EXYxwHoW7GToOQOeR87f7RySxJJJJJJ5OSepz619Pk+Rutavi17vRd/XyPm81zpU70MM9er7El3dXV/dTX1/dS3NzcOZJppnLPI56sxPU0yk9zU9lZ3mo3kGn6daTXV1cv5cMEKF3kb0UDrX2d4049kj5L3py7tkLEAEnAA5J9K9X+E/wD1rx8Yda1/ztK8PthlfbtuL0f9MgfuIf75H+6D1r0T4T/s32WkND4i+IcMN7qK4kh00Hfb2x6gyHpK49Puj36170F6cdq+QzXiK16OD+cv8AL/M+ryvh9ytWxf8A4D/mZnh/w7o3hjSodE0DToLGxt/9XDEO/dmPVmPdjya1RSYoX1r46TctZatn2EIxguWKskSr8vzL8p9qpanoeja1GYdY0mxv426rdWyS5/76Bq6v96nYqU+XVaFOKn8Wp5zrH7PPwj1jdt8Jx6fI38enXElvj/gIJT/x2uG1j9kPRZiz+HfGmo2Z/hjvbaO4Uf8AAl2NX0APWnD1rtpZpjMP/DqP77/mcdXKcHX/AIlNfkfIusfsr/E3TcvpV1ousL2WG4aCQ/8AAZAB/wCPVtfCz9mTVr68XWPidatZWcL/ALvSVkBluCO8roSFj9gct6gV9QihRjmu2pxHj6lN03LfqlZnHDhzAwqqok9Ojd0RW1pa2VrDZ2dvFb28CCOGKJAiRqOAqqOAKnxSYx81L9a8Lfc95JLRCj06U80zipIYZZ2/cxPJ/uiobS3Lim9EhKWtCLQr58F9kY+uT+lXrfw/aphpneQ+nQfpWEsTTj1udVPBVp9LGF7dzVmKxvJseXbyY9SMfzro4bS3t/8AUwov0FTYFc0sY38KO2GWpfGzCTQbtvvyRoPxNTr4fX+K6P4KK1qKyeIqPqdMcFRXQy/7Bh/5+JPyFNbQf+edyf8AgS/4VrUtT7ep3KeEov7JgyaPeR8rsf8A3Tj+dVJIZoWxLGyfUV1GO9DKrD5hkVpHFSW5jLAwfwuxygozW9NpNrNlo18tj/d6flWRcWNxa5Mi5XoGXp/9aumFeMzkqYadLXdEdFNHrS+prVnOjkvip4K/4Tzwfd6PbrENQixc6dJIcKtwvQE9lYZU+x9qb8N/hrovw60ww2u261O5UfbL5lw0hH8Cf3Ywei9+pya7D3pf9rtUci5uY3VSXLyX0HUZ60nT5qtWunzTfM37tD3PWlKShqwhGU3aJW3VPFa3E2PLhOPVuBWtb2FvD8yrlv7zcmrGK5pYn+U7IYP+dmZHpL/8tJgP90ZqddLtl+9vb6n/AAq5RWLqyfU6Y0KcehX/ALPtR/ywWkOnWp6RY+jGrNL71PPLuV7OD6FF9KhP+rkdf1qvJplwufLZXH5VrUlUqs11Ilh6b6GBJHLH/rI2XHtTa6AqCOearyafayZOzYfVeK2jiP5jCWE/lZj0ntVyTSZV+aFw3seDVGSKSM/vI2Wt4zjLZnJOnKn8SEb0ozTcY5o9+laGTFpKPek/2qZLBs5opvvR70yWGevpTSaP9qm1ViRCxJopPej3qiGKe9MP40px1pD60xCN70lLScDmmSxP9qm7qX/a5FN6fN6UyRGprY5ozzu6UhqiRDS0lJx15qkQxPWkz1p3v0pvSmSN9TTWpTxzTffmi5LBqT6Un1pKpEsTmmtTj60zHU9qpEMT9KKTj71KPWmIPu/NjOO3r7V8J/E7wv8A8Ib8QNc8Pxrtggumltv+uEn7yP8AINj/AIDX3X25r5r/AGsPDYh1LQfGEMeBcxSabcMB/EmZIs/VS4/4CK97h3E+xxns3tJW+fQ8HP6HtcN7Rbx/I8g8A+KpfA/jjQvF0bFRpV/FPLj+KEnZKv4xs1fp1FNHNCs0LBo3UMrDnKnkEfhX5SlVZSrfdIKke1fol+zl4sbxh8HfDuoTyb7q0tjptyc8+bAfLJPuQqn8anjnCaUsVH/C/wA1+p3cB4y0quEflJfk/wBD4U+PH7TX7SEPjrxJ4B1Dxx/YUWjalPY+VodqLMyRq37tzKS0vzRlG4YferwGzs9f8caxjT7XVvE2qytyYkm1C4J9yN7D8TX6165+zf8ABXxP42vPiF4m+H2m6vrl+IhPNfb5o28tAiHymPl52gDO3JwK7rRfD+ieH7NbHQdHsdNtU+7DZ26Qov8AwFABXzlLOaGGpqNGl73U+iq5DiMVUcq1b3eh+YPgX9if9oTxw0clx4Vt/DNm/wDy8a7ciJ8e0Ee6TP1C19K/D3/gnR8OdH8q8+I3iXU/FFwMM1rb/wCgWee4IQmVx9XH0r66VVHSl6c1xYjOcVX0UrLyO/DZDg8Pq48z8zmfBvw38D/DuxGmeB/CWlaJbADK2VqsRb3ZgNzH3JJrpVX3p1HvXmSlKTvJ3PXjCMFaKsiG6gjuIZIJlDRyqUdT3UjBB/Cvy58WeHpPCXirWfC0gIbR9QnsgT3VHIQ/ihU/jX6ltXwT+154Z/sH4y3GqRxhYdfsIL4Ef89EHkyfj8iH8a+z4IxXssZOg9px/FanxPHWF9rg4YhfYl+DIv2TfEzeH/jTp1nJIFg121uNNfJ437fNj/WMj/gVffanI4r8tPCuuSeF/FGjeJo+ul6jb3n/AAFJFLD/AL53Cv1IhkSSNZY23K43KR0IPI/SjjfDezxkK6XxR/Ff8CwuBMT7TB1KD+zK/wAn/wAElooor4s+5CiiigAooooAKKKKACuY+JPiZfB/gPxB4oZgraZptxcp7uEOwfi2BXT14T+2R4h/sj4PS6SsgEmu6ja2OM8lFYzP/wCOxY/GuzL8P9axdOj/ADSS/E4cyxH1TB1K3aLPhGJWWNVdizBQGJ6k9z+Jya+wv2GfDn2fw74m8WPH82oX8enxN/0zgj3Nj23ykf8AAa+QGxnngV+iP7M/h1vDfwS8LW0kYSa8tDqM3qXuHaXn8GUfhX6VxpiPY5eqK+1L8Fr/AJH5jwThvb5k6z+xFv5vT/M9Nkb5frxX5HeOP7Q+On7TGtWekXCGXxV4rk06zmZSypAknkJIQOSqxQ7uOwr9Rfi74uXwH8MfFXjPzAraNo93eR+8ixNsH4vtH41+dP7BfheTXP2htJvpU81fDuk3mpyNjOZSiwKfqTO5/CvhsnfsKVbFdlZH3Ge/7RWo4T+Z3Zu+If8Agnn8cNLV5tB1bwrr0ak7UjupbOZh2+WRCmf+B14940+AXxp+H6SSeL/hlrtpbR/fuYbcXduB6mSAuoH1xX7DKR2PSnbR9KVLiDEw+NJoqtw1hJ/w24s/FTwb458X+Bbz+0PAPjDVdCmVvm/s68aNGPXDx52N9GU17Xq37bXxW8T/AAs8R/DPxpZ6Zq0mu6e+nx6xCn2W4iV8CTzI1Bjkym4ZUIee9fc/xT/Zj+Dfxajlm8R+Ebe21NwduraaBa3in1LqMSfRwwr8ufiz4Lh+G/xE8UeAo9Skv4tBvZbNbqSMI8qBFYEgHAOGwcdxnjpXr4XEYTNZe9TtJa/0zxMZhcbk0fdqe5LT+kceTY2su5GhtpByGGIm+oIwa+jfh/4g8SW/7OmrnVfFGrX8Pi3xLFptjaXd9LPFHaWEQmmaIOxC7p5Y1bHXYB2r70+CehabqvwR8BDXtFsbqU+GdN8wT2ySZP2dP7wNfKf7WWqafJ8UB4T0Wyt7LTfDVmkEdvbRrHEs8586ZgqgAE7o88ckV1ZRi45rj40HC3K+Zv8Aw7fjY5c2wMsny+WIVS/OuVL/ABb/AIXPGenevq/4L6J/YXw50lZI9s1+rahNxzmU5UH6IFFfLOm6dNrGp2ej2+TJf3Edqv1dgufyJP4V9swwx20aW0ChY4VEcY/2VGB+gFfS8Q1rQhS76nyOUU7zlUJgeafUY+uKkBr5Rn0CHr0qQVGtPFSzREq/hT6jWnrUmiH/AI0+mCnDpUloctSVFmpVNTYtMXvUgbp61H3qvqWqafo+nz6pqt7FZ2dqnmTTythEX1P9AOT2pWu7Iq/Lqy3JNFBC808qRxxqXeSRgqoo5LEngAetfMvxk+Pdx4i8/wAK+B7qSDSWzHdX65WS8HdIz1SL36t7Drh/F741ah8QJZND0VpbLw6jfcPyyXpHR5R2XuE/E88DzLnjPevsMoyJU7V8Uve6Lt5v/I+VzTOXVvRw706saqhQAqgAcADtT6azKgLFgoHc16/8K/2fdY8XGHXPFwn0vRWw8cH3bm7X2z/q0P8AeIyewHWvfxeMo4Kn7Ss7fr6HiYbC1cXP2dJXZw/gP4d+KPiNqRsfDtmPJhYC5vpsi3th/tN/E3oi8n2619bfDT4T+GPhrZn+y4vtWpTJtudSnUedL6qvaNM/wr+JJrptE0XSvD+mQaLoenQWNjbLtighXCr6/UnuTye9aFfA5nnNbMHyr3Ydu/qfc5bk9LArml70+/8AkOH5U8c8Ypi1IvOF4rxj20N/Gl+lFLQUPU09WqLNSioY0O+lO/GmA8U6pLQ6jPFIDS5pFIWj8zn0o/lXM+Jtdu1uIvDXh/5tVvWEYK/8sQ3c+hxk+wBPpXmZrmlDKMO8RXemyXWTeyXds1p0pVZcsToNBkbWdeazs2D2untm9l6jeR8sSn+93b0AA713qqFGFUVleGfD9p4b0W30q1A/dLukfvJIeWY/U/0rVdtorysNLEVIe0xPxy1a6LyXp+LPo6FCNCHKh3FJmvBvBfxTvvjV8e9Y03wjqcqeCPhrGbe7nt3wmr6zMGTYT/FBAgk4HDSMG5CrXp/xQ8aW/wAPfh74i8aXTLt0bTprpQx+/Iqny0+rOVA+tdroTU1Tt7zt+OwliabpyrfZV9fTc6O61CzsYGub25it4UGWkmcIgHuTxXnHiH9pj4DeF3aLVvit4cWVesVveC5kH/AYdxzX5V654k8SeLLg3vi7X9S1m7c7pJL68kn+Y8nCsSAM9gKoKqxrtiVUHooA/lX3mH4Ija9eq/kv8z81xXiHPmth6Kt5v/Kx+l99+3X+zrZsVh8UaneD1ttFuiD+LIKrR/t7fs+yNhtS1+If3m0WbH6Zr8280ld64MwP80vvX+R5r4/zL+WP3P8AzP1E0v8AbM/Zx1VhGvxJt7Nm6C/s7i1H5vGB+teleGfiN4E8ZRiTwn4y0TWQRn/Qb+KY/iFbIr8cQzdmOKRdqzLcKoSVTlZF+V1Psw5H51zVuCMO/wCDVa9Un/kddDxDxMf49FP0bX53P2wEmfrTt2a/JvwL+0p8bvh6Y49B+IOoXFpHjFlqh+3QED+HEuXUf7rivqH4Xf8ABQjw3qRh034teH30KdsKdT05XuLMnuXjI82IfTePevnsbwpj8IuaC54/3d/uPqsu40y3HNQqP2cv7233n2HTWUMpDcg8EVmeHPFXh/xdpMGveGdZstU065XdDdWkyyRt/wACHf26itQNnpXzTTi7S0Z9ZGUZx5ou6ZlXmk4zJa5/3P8ACss5VipBBB6d66qs/UtPFwplhAEo/wDHq6aNe3uyOLEYRP3qe5jetOjjkmfy41yxpY45JJPJRTvzjHp9a3rO1S1jx1Y/eb1rerVVNaHNQw7qy12IbTTY4P3kvzv+g+lXelLTWbFefKTlrI9aEIwVojqaWA6mvJPi5+1D8J/g+ZLHXdd+36yq/Lo+mgT3QP8AtgELCPeRh7Zr5E+In7fXxZ8TtJa+B9P0/wAIWTcLJtF5ekeu9x5afgh+tevgMhx2Ye9ThaPd6L/g/I8PMuJMuyy8as7y/lWr/wCB8z9ELq9trOFri6njgiTlpJHCKPqTxXnHiL9pn4C+FWePWPir4dEsf3oba6F1IPbZDuOa/LPxR4y8XeN7o3njLxVrGuyk9dQvZJlH0QnYo9gorHTEa7Y1VB6KMD9K+pw/BEbXxFX/AMBX6v8AyPjcV4iSvbC0V/28/wBF/mfpTqP7eX7PtiStrq2uajj+K10WYA/QyBazv+Hg3wNz/wAg3xbj+9/Za/8Axyvzo60vr0r0I8G5et3L71/keVLj7NOigvk/8z9KdN/bw/Z7vWC3Os61p4b+K60WfA+pQNXd+Gf2lvgT4uZYtD+Knh6SZvuw3F0LaU/8Al2mvyZ/GkkVZBtlUOvowyP1rGrwVhJfw6kl9zN6PiFjo/xacZfej9rra7truJZrWeOaNxlXjYMpHsRxU2a/Of8AYC8ZN4f+MFz4PmupEsvEmlyLDB5h2faoGEikL0BMZl6dcV+heqWMeq6ZdabNNNHHdwPAzwyFJFDqVLKw5UjOQR0Ir4fNstllWKeHlK+l7n6NkmbRzrBrFRjZ3aavs0XajkhjmUrIgIrxL9nT4xal4mn174Q/EK7B8feAblrDUHZQn9qWqtiG/Rf9tChcDozZ4DCvcK8+pCVKXLI9OlVhXhzROc1Zo9Nu7eGUlY7smOJ8ceYOdhPYkZx9CKj3Vq+INJg1zSrjTZ3MYmX5ZF+9G45Vx7ggH8K4Xwz4iuLqefw9rmI9Z09jHMvQTgf8tF9cjB/HNcsM0jhsVHC4jRT+F+fWL8+q7/I48VQ5ffidL+dJ70maN1e8jgENBzTTSknpVCENMPel+tNz1pozYUn8qM9e1Iaom4496Z+dDUhpokKKTd+tFMQnvmmEmnH1phP+fWmSxGpGNDGm1SIYtIaM0GmSxu786afqacW603mqIENNbml6UzdTJYE0lITSZpoliN3pPelNMNUhMM0jGhmptVYgVvumvPPj74d/4SL4V6ysabp9NVNTh9QYWy+PqhevQmqO6tYL63lsbpQ8NzG0Einujgqf0NaUaroVY1I7p3Mq9JVqcqb6o/PT/d6V9ZfsM+JmNv4p8FTSf6mWHVbdfaQGOTH/AAJEP/Aq+VtS0240XUrzR7lT52n3Elq+fWNiv9M/jXqX7LPiQ+G/jZo0bybINahn0qXPQl08yP8A8fjUf8Cr7riPDrG5XU5ei5l8tfyPj+G8T9SzWk31fK/nofoJztqrY6rpuqJLJpuoW10kMrwSNDKrhJUJVkYqeGBBBB5BqzyVr82vil4Q/aI+A/xe8a/Ej4b39yNJu9cur+6n0OYXsMKzP5ypf2gB2Ha45ZMYIIYZr8iwmFWKbjzJPpfqfseNxjwUYz5HJdbdD9JzmvMPjJ+0V8L/AIGw2y+Odckjvb5TJbafZwNcXUkYYBpNi/dQf3mIBwQMnivnDwT/AMFHtPfwff8A/CeeD3HiS1tGaxk0w7rLUZ+io2Tut+cZyWXAODnC14D4T03UPjp4r8QfG745688XhLR5Em8QXyZQ3D/8sdKs167myqhVOVUkkhnzXdQyicZOWKvGK/F9LHn4jO4Tio4P3pv8O9+x+pnh/XtJ8UaLY+ItB1CG+07UreO6tLmE5SWJ1yrD6g1o180fsc/tBN8X4/E/hkeEbXw/Z+GpoG0e0so8QwaZIpSKFyPl81DGxOMAhxgcZr6XrzK9GWHqOnLdHr4avHE0lUjqmHrXy/8AtyeHRceGvDXiqNBusL+Swkbvsnj3D/x+IfnX1BXln7TXh9vEPwT8UQxx7prK1GpRezW7rKcf8BVh+NduS4j6rmFGp05l9z0ZwZ7hvreXVqfXlb+a1PzxaNZFaNvuuCp/Hj+tfpH8CfEjeLPhH4V1uWTfNJpsUM7dzNEPKkz/AMCQ1+bnrt6V9s/sT699u+GeoaG8hL6RrEyquekcyrKPw3M9ff8AG2G9pgYVusZfg/8Ag2Pz3gbEezx8qPSUfxWv5H0RRRRX5afrAtFFJQAtFJRQAUUUUABr4/8A25tf87WvCnheOT5ba3udSlX/AGnZYo/0WT86+vmyOfSvz+/ay1o6x8cNXhDbk0q1tNOX6iPzW/WbH4V9PwhQ9tmkZfypv8LfqfKcZV/Y5XKK+00v1/Q8jt7GbVLqHSbcZmvpUtIx/tSsEH/oVfqppVjDpem2um2y7YrOFLeNR2VFCj+VfnL8A9E/4SD4z+D9MZQUTUheSf7tujS/zRa/SQfd+vNepx1X5sRSo9k39/8Awx5fAWH5cPVr92l93/Dnhv7Z2l+MNf8AgLrXh3wX4c1HWr7VLmzgkgsIvMlW3WZZJW2g5IxHjjJ+bpX5grdeK/h/rJ23Wu+FdVX5WG+4064wDnHOxiM84NfthjNZuueGdA8TWTab4i0Ww1S0cYaC9tknjP1VwRXzWX5p9Spuk4XTdz6TM8n+v1FWjPlklY/Lvwd+2h+0V4O8uP8A4ThNetk58jXLRbnI9PNXZL/48a998B/8FJtLmkjtPiZ8O7mxzw97olx9pQe5hkCuB/us1eo+Of2EfgB4u8240rQbvwteSZPnaJdGKPd/1wfdF+SivnD4hf8ABOz4oeH1lvfh94m0vxVAmWW1uF+wXn0UktE5+pSvRVbKsbpOPI/u/LQ8t0M5y/WEudff+D1PuP4e/GT4afFfTX1LwD4w0/VY4lzPFG+yeAf9NIXAeP8A4EK/J34galN8VPi14i1PScyN4u8Rzx2PqUnuPKh/8dK1WvtL+JXwf8URT6lpOu+Etdt1kWKSaB4HZGUo4V8bJEIJBwWHNdJ+zPL4P0/47eCL3xtrFrpej6ff/aWuLltsQnjjY26u54QGXZ8x44HrXXhMBHL1UxFOXMmtDgxuY1MzlSw9WPK09T9Z9F0y18P6DZaLb/Jb6baxWsfskSBR+i1+ZnjbxC/i3xpr3ihmJ/tTUrm5TJ6RmQiMfgirX6IfFXxTD4e+FPiXxNbzqRb6PcTW8iNkM7RlYypHByzLgivzUjj8uNI852qB9a9DgXD3lWxEt9F+r/Q5OPMQkqGGjtq/0R6D8CtKXVPiPZTsuY9Lhmvm/wB4LsT/AMecflX1MvbGK8L/AGaNLCx+INeZQS7QWMZ9gDI/6lK9y+hzXbndX2uLa7aHgZZDkw6ffUlFPFRBs0/dXkM9NEvWnr2qIVIKhlolU09aiU07mpNCdTn0pQc1H6U9almiY8U8Uzt1rC8aeONA8B6K+ta9dbEyUhhj5luZMcJGD1PqTwByaIwlUkoQV2xynGnHnk7IveJvFGieEdGn17xBfLa2dvwW6tIx6RovVnPQAV8k/E74ra58StQCzK1no1s+6109WyM9pJSPvyfovQepzfH/AMQ9f+I2sf2lrMgjghJFnZRtmK2Q+n95j3c8ntgcVzOT+Nfb5Tk0cHatWV5/l/wT5DMs1li706TtD8x1W9K0vVNe1KHSNH0+e+vbhtsUECbmb/AepPA710Xw9+GXib4kX3l6PAILCJttzqUynyYv9lf+ej/7I/Eivq34f/DTwz8OtONrodqXuplAur6YAz3BHqf4V9FHA9+ta5lnVLArkh70+3b1M8uyipjXzS0h/Wxw/wAJ/wBnnTPDTQ+IPGq2+pauuJIrUfNbWZ/HiVx/ePyjsO9e2dT1yaiWnivg8Via2Mqe0rSuz7jC4alhIezpKxJSr96m0tcx1D+tPHYYHvUf86XcPu1JaZJmlplLQUPFSCo+admkxokp45xUdOyahlodnmjNJWR4i8QW/h+x+0SYknkyIIf759T6KPWuPHY2jl+HlicRLljHdmkISnJRjuV/F3iiLw/aeXDse9mU+Wh6Rr/fb29B3q/8IfCssMMvi/Vdz3d/nyPM5YRk5L892P6AVwvg3Qbzx14m8zUHaWFG+0X0jd1zwntu6Y7AGvoKONIo1ijUKigBVAwAOwFfmOU4itxXjnnGIVqNNtUovv1l6+f+R9HhMNGhHzHdBXyz+3F+0Z/wrPwmfhz4V1ExeJ/EVsxuJoW+fTtPOVeQEcrJJgoncfO38Iz7f8ZPip4f+DfgDU/HfiJt8Vmmy2tlbD3l03EUCe7N37Dcx4Br84fgl4d8SftNftJ2eo+NJft7T3Z8Qa9J/wAs1toCuyBR/ChbyYlH93d3zX6flWEjK+KrfBDX1Z5mcY2VPlwdB/vJ6eiPur9kH4Ut8J/ghomm3toLfVtYB1nU1xys04BWM/7kYjT6qfWuB/4KEeNG0j4W6V4Lt5ts3ibVE85QfvW1sPNfPsZPJH419TqNq1+cX7e3jT/hIvjbF4bt5d1v4W0yO3Zc8C4n/fSfjs8kfhXZw/RlmGbRqVOjcn8v+DY4OJ68cryWVOn1Sivnv+Fz5vJzzRSUvNfrVz8PDvS0lFFxBRRR9e1CAWk9KOaSgZ1fw6+KHjz4VawNa8A+JLjS5WYGeBTvtrkDtNCfkf64DDsRX3r8A/2z/B/xPkt/C/jSODw14okxHGjSf6HfN/0xkb7rH/nm/PPBavzexQyq6lWUMD1rxc0yLC5rG81yz/mW/wA+59Dk3EmMyaVqcuaH8r2+XY/bFZFbvTq/PT9nH9tTWvA8lr4N+Ld5car4eGIbfV2zJd6eOwl6meIev31H94dPvzSNY03XNPt9W0fULe9sruMSwXFvIJI5UPRlYcEH1Ffl2ZZViMqqclZadH0Z+yZRnWFzml7Sg9eq6r+u5bEMaymYIAzDBPrUlJmuL+K/xY8H/B/wnP4t8YX/AJMCfu7e3j+ae7nIO2GJf4mP5AZJIArhp051pqnBXb2PSq1aeHg6lR2itWzW8ZeOPC/w/wDD914o8Ya1baXplku6W4nbA9lUdXY9Aq5JPQV8CfHX9tvxp8QpLjw/8N2uvC3h1i0bXStt1G8T1LD/AI91P91Tu9WHSvKvjd8cvGnxz8TDWvE032XTrVm/szSIZCYLJDxn/blI+9IR7DA4rzzvX6TknC1PCJVsYuafbov83+B+S8QcZVsa3h8C+Wn36y/yX4jf4mbkl2LOxOSzHqSTyT7nmnUnWlr69aHwbd9WFH0ozS/lQIKPyoooAT+tH9KDRTEdR8LPFzeA/iZ4U8YiTYmk6vbTTH/pgW2Sj/v271+wiSJIuVwQehHcV+KEiearxH+NSv5jFfrX+zv40bx98FfB/iiaTzLi50uKK6bPP2iEGKX/AMfQ18Bxvhv4WJXnF/mv1P1Dw8xf8bCvykvyf6HzB+2xpviT4N/Gbwf+0X4Cb7Nd3af2detg+VLPCMrHNjqk0BeM/wDXJSOVFfWnwh+KXh34xeA9N8deGZMQXqbZ7dmBktLheJYJMdGVuPcYI4IrF/aS+GI+Lnwc8R+D4Y1OoPbfbNMYj7t5D+8i+m5l2H2c1+ev7Jv7Ql18DfHiprE0i+EfEEkcOswNn/Q5PupdAdmjPyuO6A90WvnaWH/tHBXj/Ep/ij6qriXlWYWl/Dqa+j/4PU/Vdua81+Lfhm4VYPGmkM0d3YYFw0f3hGD8r/VT19ifSvRLW6hu4UuLeaOWKVRJHIh3K6kZDAjggg5zT7iGO4ieGaNXR1KsrdGB6g18hm2XQzTCyw89G9n1TWzXofRbnnXhHxdb+JrNlk2x38H/AB8Qg9e29R/dP6Gt/mvIfE2j6j8PfFgOmyMiDM1nIejxHrGfXHQj6GvRfDviOz8SaeLy3ISRDsnhPWJ/T3B7GvP4T4jqYyUsrzDTEU9P8SXX1/4c8jE0fZvmWxr0lJRX3iOQSm0pprHrVJGcgPpSUmf1oqiGKaaf50GkP50xB+lFJQxpgJ/tU3OOaQnnvTSadiGwZqGprGhqom4pNN7UE0000Q2FJSUGmSJmm9c0rNTWpoTENJSNSGqRDYGkoY02mSwZgPSmE048Uw1SJYpNI3Q9qQ0hoJufHH7QGi/2L8WNZaOPZFqQh1GP38xMP/4+jVxeg6xN4c17TPEVtxJpd9Berjv5cisR+IBH417Z+1ppG3UPDfiCNf8AXQz2Eje6MJE/RnrwJl3gxnGHG0/jx/Wv0bK5rFZfFS7Wf5HwOYReGx0nHvf9T9WrO5hvrWO6t3DxTxiSNh3VhkH8jXxb+0x8Bfjv4f8Ai9qv7QnwP1G6mm1GO3N5a6Y+y8j8mFIsGFvku4yEB2HJGThT1r6V/Z/8RN4o+DvhPVHbdL/ZyWsx7+ZCTE2fxSvQyuc9Oa/HIznl+IlG17Np39T9slSp5nhYSbaulJNeh+X1j8SvgD8WLr7B8fPh2/g/XS/lT+KvCSNbBnB+b7XaYba2c5ba/J/hqn4mvtS/aC8caJ8DfgRoZ0/wZokjx6RaNuCEA4m1a9Y/MWOSct83IA+dzX3L8bv2Ufhj8alm1K+sToviJlxHrWnKqTE9hMv3Z16feG7HRhWn+z/+z14U+AfhY6TpMn9o6xfYk1XV5Igkt3IOgAyfLiX+FATjkkkkmvU/tPDwp+0pp862i3dLzR5H9kYqpU9lVceR7yStJ+TNj4K/B3wv8EfA9p4M8MxmTZ++vr11Amvrkj55pMevQDoqgAdK7+iivAnOVSTnJ3bPpoU40oqEFZIKzvEGlxa5omoaNcKDFf2strID3WRCp/nWjSN0+nNJNxfMgnFTi4vqfk95MtuPssylZICYXB7MhKn9Qa+nf2Gtc8jxJ4q8Ou3/AB9WVtfoPUxu0b/o6V4n8ZNFHh34seL9JSPakWsTyovokpEy/pJXYfsl6wdK+OGk2+7C6pZ3li3bOYxKv6w1+xZwvr2SzqLrBS/Jn4tkreAzuEH0m4/mj9AaKKWvxw/awopKKACiiigAooooAa2eK/MH4j6w3iD4h+KNc3bhe6zeSIf9gSsif+Ootfpb4k1JNF8P6lrEjbUsbOa5Y+gSNm/pX5XRlpI0kkbLyKHY9yTyf519/wACUb1K1bskv1/Q/POPq1oUaPq/yX6nvP7F2jjUPi/c6o6krpWjTyL7PLIkY/8AHQ9fdLNtXNfKH7Cek/ufGOvsv35LOxRsf3FeRv8A0Yv5V9YNXh8WVva5pUX8tl+B7vCFH2OUwf8AM2/x/wCAeL65+2B8A/DHizVfBfiTxwdM1PRro2d0txp9x5aygAnEioVI+Yc5rpdB/aH+B/iYL/YfxZ8J3Lt92P8AtWFJP++HIb9K+EPjJ+yb+0drHxI8W+LrHwCuqWes61eahDJZanbOxhklYoNjurZ2bcjFeMeIPgt8WfD+5vEnwl8VWqJ96SXRZZYx/wADRWX9amllWErwTjVs7eRFXOcbh5yUqN0m+jP2Rs9QstQhE9jeQ3EbdHhkV1P4qanLL9K/EGyu9S0K4LaZfX+lXETbT9mnltnRh2IUqQfrXe6N+0J8efD+3+yfjB4sVF+6s9+10v5ThxTnw7U3pzT+TCHFFPapTa+aP0r/AGkvg/qvxx+Gtz4H0fxMNFuGuYrsPLB5sFx5RJEMoHzBC20kqcgqOoyD+d3jX9kv9oTwO0x1D4b3mq2sWf8AS9Fdb6N1/vBFIlA9igNdLof7dn7R+jsv27xJo2tRjHy6ho8YJH+9CYzX6C/Anxtr3xK+Evhnx54msLOy1LW7IXk0NnvESBmbbt3ksAVAPJ70lLGZJBKVnFsHDAcQVG4OSmkfnF8KdV17SfhD8QdL1DUdWSyu9T0XQbfT7i4mEVs+6a6uNsDnEbbIolOAODUK9vevp39ujVI21rwn4fj2qY7e71CbHVizJGhPrwHx+NfMEhxG7Ac7Tj64r9F4ZftMH9Ytbnbdvw/Q/OuJY+yx31fmvyJK/wCP6n1F8C9N/s/4b6fMy4fUJZr1vcM5Vf8Ax1BXodZHhjTV0fw7pWkquPsVjBDj3WNc/rmtcV8zianta0p92z0MPD2dOMeyHg1ItRDvUgrnZuiRewp4qNafjpUmiJFp6n61GtPWoNES5p26mCuA+KXxb0v4d2f2WERXuuXCZt7LdxGD0kmxyE9B1btxk1dKjUxE1Tpq7YqtWFCHtKjsjV+I3xM0H4daULrUW+0X1wp+x2MbYknP94/3IwerH6DJ4r5L8WeLtd8bazJrniC78+d/ljjUYit4+ojjX+Ff1PU1R1rWNW8SapPrWuX0l5e3TbpZpOp9FA6Ko7KOBUug+H9Z8T6pFo3h/T5b28m5EcY4Ve7Ox4RR3Y19xl2WUstp+0qP3ur6L0PksbmFTHz5YfD0Xczy2Me+B9c9BXtfwv8A2eL/AFryta8fRzWNgcPHpo+S4uB2Mp6xIfT7x/2a9B+FvwJ0bwT5Oua80Wq66o3K+3NvaH/pip6t/wBNDz6AV6uo7nk/zrx8zz+U708Jov5v8j1MuyTltUxH3EWn2FlpdnDp+nWcNra267IYIUCpGo7ACra01adXyrd9WfTxSWiHVIO1QdakWk9S4ktOplOqTUd/One350zFKvPy4qRjlPan+tQinrSLTJadUa1IKQx1SdajqG+v7bTbWW+vJhHDEMs39B6k1hWrQw9N1KjtFats1gnJ2RFrWtWeh2L3142QvyxoPvSP2Uf1PbmvJ7y81HXtS86QGa6uZBFHGvQZOFRR6c/zNSa9rl14gvjdXGVjXKwxZ4jX/H1NehfB3wh5szeLL+H5UzHZKw6no0n/ALKPxr8BzvOa/HmaQy3B3WHi/vS3k/8A20+gweFVFcz3O88D+FYfCehx2PytdSfvLqTH35D/AEHQfSt6WRY4yzMFAGSScACl+7XyF+3d+0M3hHQD8HfCOoFNc16336tPC2HstPbjywR0kmwV9Qm88ZU1+vZXlsYxp4LCq0UrL0RvjMVTwVGVap0PnD9r74+N8aviJ/Z2g3hfwn4bkkttM2n5buf7s12fUHBRD/cGR9819Pf8E9fhgPDXwxvfiRqFvtvfGM4a2LDldPgLJF7je/mP7grXwH4L8H6h488XaJ4F0ZcXeu3sOnxFR/qw5wz/AERA7H2Wv2a8O6DpvhnQdO8OaPbiGw0u1is7aMfwxRqEUfkBX1edSjgsNDB0/n8v82fK5BCePxlTH1em3q/8kXL26gsrWW7upFjhgRpJHY8KqjJJ/AGvxv8AHXiyfx1448QeNLhiW13Uri+Xd1WN3Plr+EYQfhX6WftgePf+EE+AviOaCfyr3Wo10Oz9TJcnYxH+7H5jfhX5bqFUAKuFAwB6CvZ4JwvLTqYp9bRX5v8AQ8DxCxl6lLCR6Xk/yX6i0tJRtr7o/NQoxS0UC3E5o6Uu2igYfWkpaKAG9KWjFFACd699/ZH+OHjD4d/ELRfAVrcfbfDfibU4bGfT5nO22mlbaLiA/wADZxuX7rD0ODXgWK7H4L/L8ZPAbDt4m00/+TCVwZrQp4jB1I1I391v523PVyTE1cLjqU6MrPmS+Tex+rnxC8ZWXw98E63441K3nuLbRLGW+lhgx5kgQZ2rngEnjmvyp+L3xe8YfGjxY/ijxdcACPdHYWETHyLCEnOxAerHjc55Yj0AA/ST9qZtv7PPj9v+oHP/ADFflGfvGvk+CsJSdOpiZL307J9lY+28QcbWjUp4WMvca5mu7v1He9FFFfdn5oJS0UmKAFzRRS0wCj+tGKMZpAJR60UUwEP6197/APBO3xoL/wACeJPAdxLmbQ9TF7Ap7W90uePYSxyf99V8EH8693/Yr8br4N+PelWlxMI7TxNbTaNNk4HmMBLAfrvj2j/fNeFxJhPreXVEt4+8vl/wD6XhPHfUc1pyltL3X8/+Cfp1JypH5V+Uv7YPwv8A+FY/HTWre0txFpXiP/ie6eAPlUTMfPjHb5Zg5x2WRa/VpT8tfLv/AAUA+GP/AAlvwjj8dWNuG1DwXcfbHZR8zWMuEuF+g+ST/tma/NMmxX1bFJPaWn+R+uZ/g/reDk0tY6r9Thv2C/2iGvII/gV4wv8ANzaRl/DdxK2TLAoJezJPVoxlo/VMr/AK+21bIz1zX4iWV9f6TqFrq2k30tlf2MyXFrdQtiSCVGyrqfUEfjX6u/sy/HbT/jt8O4dck8qDX9OIs9cs4z/qrkDPmKOvlyD51P1XqprrzzLvq8/rFNe69/J/8E4+Hc0+sU/q1V+8tvNf8A7f4heE08VaDJbxKBe2+ZrRj2fHKn2Ycfke1eEaNrGo+G9SF3bqySRny5oX4DqD8yMPUfoa+nzXi/xg8Jf2dfDxPYx4t7tglwqj7kvZvo3f3HvX4txxlNanKGdYHSpT3tvbo/l+R9JOKkrM6zSdXs9csY9QsZN0T8FT95G7qw7Gr2a8W8N+I7rw5fi4jzJby4W4gzww9R6MOxr1+xvbbUbWO9s5hJBKNysP5H0I719jwfxXS4jw1p6Vo/Eu/mvL8jxcRQdGXkTnvTGNOplfao5ZBk0vam0p9KZmFNJ70UjUxAWpu7vSH1NGaYmwJ703dR0+ammmiGwakZs0hpDVENgTSGg/rRxjpTJuNoZsUnFI1MQGmbqKaetNIlgaCaSkqiQam0U01RLDdSE0uduab19qZIMfwpvej6UtAjyP9pzSv7Q+GbXqrl9K1C3uM9wj7om/9DFfKPzD619vfFTS/wC2vht4n08Lln0ueRB/txjzF/VK+HlO4Bx3Ga+24Yqc2HlT7P8AM+O4hp8uIjPuj7c/Yp1o3vwuv9HaQM2k6zOir/djlVJR+rvX0MOtfIH7C+r7dW8YeH2biWCzvkX3DSRsf1Svpzxz8QvBvw20mLXPHXiC10bTprqOzW6uciITSZ2KzAEKDg8nA96/OuIqDpZrWhHq7/ern6jwzXVXKKM5PZW+52OjpaztF17RvEVhHq2g6tZ6lZTDMdxaTpNE49mQkH860N26vDemjPeTTV0LRRWJ4r8WeG/BOh3XiTxVrVppWl2a75rq6kCIo9MnqT0AHJ7U0nJ2QSkormlsbW4e9Br81PhB+1l8dte+NXhPSNa+I91qGh6t4ijs5rSSxtUSS2mlZVGViDjAZCOc8c1+lY966sZgqmDko1OqucWBx9PHxlKn0dj4F/a80g6Z8cL+6C4Gq6dZ3n1IVoj/AOihXCfCXVv7B+KXhHVvM2rDrVqrt6JI/lN+khr2v9ufSvJ8XeFdaA/4+tOubVj7xSow/wDRpr5qjmazkjvYyQ9s63C/VGDj/wBBr9YyZ/W8lhDvBx/NH5FncfqeeTkuk1L8mfq8vSnVV026W+sYL2M5S4iSZfoyg/1q1X45a2h+1Rd0mgooooGLRSUtACUUUtAHnf7QerNo/wAFfGd4jYZtInt1P+1KPLH6vX5wldvy9AvFffH7XmoCz+Bur2+7DX9zZ2g9906sf0U18E8GQehNfqHA1PlwdSp3l+SX+Z+U8eVebG06faP5t/5H2/8AsU6Z9j+Ec+obcHUtZupgfVUCRD/0Wa+gK8r/AGX9P/s74E+EV24a5s3vG9zNK8mf/HhXU/E/4keHvhL4Jv8Ax94r+1/2ZprQrMLWDzpf3kqxrtQEZ+Zxn2zXwGaSlXzCq1q3J/nY/QsphHDZdRUtEor8rnVYU0jKpGNxA9jXhei/tufs16xhG+I8WnSN/DqVjcWuP+BOm39a9E0f4wfCvxLD5nh34jeGdTwhk22urQSNgDP3Q2entXHPD1afxQa+R2QxVCovcmn8z8ofjlqH9u/Gvx7extn7T4ov4oyPRbgxDH/fNfpRrH7Hf7N/iCMNffCnSbebaFMunmSzYnGM/uWUE+5FfmJ4f3eLPiXpoYb21vxLCxH97z75WP6NX7Qqy889z/OvoM6qzoKjGnJqy6fI+byGlTxEq86kU7tb/M+UfEf/AATl+DupJI3hzxN4s0OVgQqi7ju4hn/ZmQt/49X0h4B8J2/gPwVoXgy0uGuIND0630+OZ0CtKIowm8gcAnGSB610FI3CmvBq4qtXio1JNpH0dHB4fDyc6UUm+x8D/tgasdT+N11a/wAOlaXZ2g9iQ8rf+jRXknh+wOqa5pmm7Sftd7BCfcNIoP6V1fx01M6t8ZfGV5uyBq0lup9olSL/ANkNVvg/Zi8+JWgK65EE73J/7Zxuw/XFfs+Wx+qZTTXaH6XPxDNKn1rNKsu83+dj6vLfO7DpuP5U8GolqQNXxm57yH5qQNUWfepMnipKRItPFRqaerdKlmiZIp71Lu+XNQjjHc9PrXj3xc+OMfh1p/DPg+dJdXGUuLxcMlke6r2aX9F75PFa4bDVMXUVOkrszrYiGFg6lR6G18WvjRZ+Bo5NE0VorvxBIv3T80dkD0eQd2xyqfieK+Xby+vNSvJ9S1C7lubq5cyTTTNuaRj1JNIPtmoXgVVnvLu7l6ANJLNIx592Ymvefhn+zysTQ638RIUlkBDxaQrbkTuPPYfeP+wOPUnpX10IYXIqN5u8n97/AMkfOSliM3qe6vd/BHn3w3+D3iT4hsmoc6bomfmvpI8mX1EKH75/2vuj36V9ReC/BHhvwJpf9l+HbHyUfBmmY7prhv70j9T9Og7AVswxpEixRqqIihUVVAVQOgAHAFTLivl8wzOtmD952j2PosDl1HBL3dX3JF705Se9MU06vMsemmPVv4akWogelSZqC0wz9aetNB70v9aTKROGNKtRq1SVLNkL+FL1wPzpvtT+20/jSGhuaeKbntTgaRSJAaeD+FMGPWnMwRdzMABknJ6f4VEnyq7LQTXENtC9xcTLHFEu53boory3xN4km8QXg8vMdpAf3EZ6n/bb/aP6VY8X+Kf7amGn2EhFjE2d3/PZh/F/ujsPxrnF3MQqKWY/KFUcknsK/nzj/jGWbVnleAl+6TtJr7T7en5nv4HCezXtJ7m34R8NzeKtbh0uPckR+e4kUfciH3j9T0Hua+jrKzt9PtYrO0jEUMKCONV6Ko4Fc38OvCS+F9DX7Qv+nXYEtyf7p7IPZQcfXNdLd3dvY2st1dTJDDCjSSSSNtVFAJLEngAAEk+1fW8GcPrJsHz1F+9nq/JdEerblOD+OXxg0P4I/DvUPG2sKJpox9n06yDYa8u3B8uIegyCzH+FVY9q/I3xF4h1zxdr+o+KvE2oPfarq9y93eXDfxyN6DsoACqvZVUdq9T/AGpPj1dfHb4hSXun3DDwtojPa6FDkgSJnEl2wP8AFKRx6RhR1Jrxt5FjjaRzhVUsfoK/a8my76pT9pP45fgfnWfZn9drezp/BHbzfc+tP+Cdvw3/ALe+I2s/Eq+gza+GLT7FZsw4N5cg72HukIP/AH+r9EB09BXjH7Ifw1b4Z/Avw9pt5beTqerRf21qII+YT3ADBT7pH5af8Br2eRlVSWbA9fSvls0xP1rFSn02XyPscmwn1PBQg93q/mfBX/BRHx3/AGh4s8NfDm1nJh0m1fWLxQ3BnmJjiBHqsayH/toK+RAfwrt/jf46/wCFkfFzxX4yWTzLe+1KSOzP/TrDiGHH1SMN/wACNcRX6zkuE+pYClR62u/V6n4jxDjv7QzOtW6XsvRaIWjrRRXqHiifpRRS0AAoz+FIOtL0/GgBKKWigBM0UZ/Kj86AE9a7P4L/APJZPAbf9TNpv/pQlcbXZfBhtvxk8B+3ibTf/ShK5cd/utT/AAy/I7ss/wB8pf4o/mj9J/2qD/xjv4+/7As38xX5SsfmP1Nfq1+1S2P2efH/AP2BZv5rX5SdzXy3BP8AulT/ABfoj7PxC/3yl/g/VjqOvaij7tfZn5+JmloopCClFJxS0wD73NFFFACZozS0maACp9P1O+0XULXWtLlKXunTxXtsy9RLE4dP1UfnUHagcGlKKnHlezLhNwkpR3R+zPg3xLY+MvCukeLNNbNrrNjBfQ8/wyoHA/DOPwq3rmk2Ov6Te6Hqlus9lqFvJa3MTdJIpFKup+oJr52/YH8dL4l+Cv8Awi88wa58J38unhSfmFtJ++gP0AdlH+5X0swzX4bjcPLB4mdF/Zf/AAx/RmXYqOYYOnX/AJkv+Cfi58Q/BN/8NfHWveAdSLGbQb6SzV2HMkQ5hk/4FEyN+NdL8A/jRqnwL+I1l40tfNm0uYC01uzj5+02ZYEkDvJGfnT3BXoxr6A/4KNfDP8AsvxRoHxa0+3xBrER0XU2VeBcRBpLdz7tH5iZ/wCma18cq3619xhakMxwa59bqz9T88xlKeVY5qnpyu69Oh+2Xh/xBpPifRrLxBoV9Fe6dqVul1a3ETZSWJxuVgfcGrGq6ba6vp8+m30fmQXEZjdfY9x7jqPpXwN+wX+0H/wjWsD4I+LL7Gl6rK0vh6aV/lt7pss9rk9Fk5ZB037h/GK/QNWzXwuY4B4apLD1VeL/ABR+h5djoZhQVaO/X1PmHxDod54b1i50e8yWgb5H/wCekZ+6/wCI6+4NX/CPiqbw7eGG4Z30+dh5y94z/wA9F/qO9eqfFbwi2vaP/atjDuv9OBZQvWWLqyfUdR7j3rwvORkHIPT3r+d83wuK4NzhV8I7R3i+66xf5M6alKNSPKz3mKaO4jW4hkV43G5GXkMp7inZry/wX4ubSJBpmoyH7DI37tj/AMsWP/sp/SvTVb5c5BB7g5BB7iv3rhniLD8RYRV6ek18Uez/AMuzPBr0ZUJcr2HfSkJpC360jNX0hzNhmkJ+tGcZpGaqIuDHvTM96XcBnNIWpoTAt/FyKYT1p2e56U3pTRLGlqQmlJ7UhNUQBak/OjvzmgkUxCZ+tMJ+tKzfhTOlMTYMabnNIxoqkjPcTNBxzRSMRTEJ0+lJmj9KQmqJuIzY9qbmlLbaTdxTJBqT60ZoZqAZFc26XtvLZyDKXEbwsPUOpU/zr8+praSxmksZVIe1keBgeuUYqf5V+hO7bhu4Oa+GfiZYjTPiN4nsVXaser3LAezPvH/oVfUcLztVqQ7pf1+J83xFC9OE/M9L/Y11T7B8ZvsZPGpaNdQ4z1ZGjkH6K1e+/tneA/FHxE+BOpaP4N0mbVNUt76yvo7ODHmzLHMC4QEgEhSTjPOOOa+WP2b9QOmfHLwdNuwJryW1b3ElvKuPzxX6NdVBr53i++HzWNZdUn9x9bwbbFZTOhL+Zr7z8XdB8TfEH4T+Ipf+Ed1bXvCGsQNm4t0MlpLkH/lrAwAcf7ykGvqf4T/8FEvEukmLS/jF4dTWbYYX+1tJRYrpR6yW5OyT3KFD/smvs7x98Kfh38UdP/s3x94R0/WolBEbXEP72L3jlXDofdWFfIXxa/4J2SWsV1rXwf8AFTsiI0p0fWcuxABO2K4UZzxgB1Pu1cccwwWYe7ioWl3/AOCdMstzDLPfwk+aPb/gHpnxO/b4+Efhnw3DefD+8/4S3Wb+Lfb2cKvDHbZ73TOoMZB/5ZgFz6AfNXwX8UPi/wDEL4ya4uueP9elvnWTFlYwgpa2pbgLBCCeTwMnc59TXKWFv9tu7Szmuo7MXFxFbtLOrbYN7hSzhQWwuckAZ4r9Jfg/8CP2ef2d/K1vxD4w0DUfE6oC2r6zfW8fkkgZ+zRM2IV9+XI6tXTKnhcmjzRi5TexyRq4vPpOM5KMFv8A11Pnf9m39j/4v6x4q8N/EjX7aHwppWk6pa6nHHqcbfbbpIpA+EgHMYbGMyEHnO01+kS9K8i1r9rT9nHw/uW++MHh2RlzlLK4N4/5Qhq9N8O+INJ8VaFp3ibQbxLvTdVtYryznUECWGRQyMAQCMgg4IzXz+PxGIxUlUrRt0Wh9PluGw2Dg6WHlzPd63PnX9ufS/M8IeGNaVc/ZNWkt2PoJYHP84xXxvIvmI8fZ1K/mCK+8f2yNO+2fBa6u9v/ACD9Ssbn6AyiMn8pK+El4YD0NfpXBdTny3l7Sa/Jn5lxrS5Mz5v5or/L9D9LPg3qn9sfCnwjqe7LT6LZsx/2hEoP6g12deTfsr6h9u+BPhfc2Wto7i1Pt5c8igfkBXrNfmGOp+yxVSn2k1+J+p5dU9tg6VTvGP5IKKWiuU7BKKKKACiiigD50/bevPK+Gej2W7m616Hj1CQzP/MCviWRvLheT+6rN+QNfYX7dFzt0HwjZ54k1C6lI/3bcj/2evju4TfbyRr1dCv58f1r9b4PjyZWpd2/8j8d4ylz5tKPZRR+nfwo0/8Asr4ZeE9P27TbaLZRke/krn9a4D9r7wL42+JHwVv/AAl4C0VtU1K6v7KRrdbiOEmGOYSOd0jKvG0cZ5r2LTbdbWwt7VBhYYkjA9AFA/pVkgHqK/K/bSjW9st73P1lYeMsOqEtrW/A/H7Wv2d/j54dZv7W+EHipVX7zW1n9rX/AL6gZxXnuqaTNpc/l67o89hMpwVvrN4HB/7aKDX7g7V5x39KgvNPstQhNve2sNxGwwyTRhwfqGBr3IcRVF/Eppnz0+F6e9Oo18j8RtOv57S6g1HSdQaC5tZVmt57abEkUikFWVlOVYEZBFexeH/2wf2kvDO1Lf4nXOoRL/yz1WzguwfYsVD/APj1fo34k/Z3+Bvi3cfEHwn8LXLt1lGmRxS/99xhW/WvMPEP7AH7Perhm0vT9d0B2HXT9WkZR/wCfzFrZ51g8RpXp/qc6yHHYXXDVf0Pn/Rf+CkXxR0uEyeKPAPhrV0iUszWk09jI2Bnv5q5r9BNH1CTUtHsdTmtjbPdW8U7wltxjLKGKk98Zxn2r4s8U/8ABNrSY1aXw/8AGG5tICyrs1fTYpAQWHy+ZE0fJ6D5epr7M1q5j0Xw3e3SYVLGylkHbAjjJ/pXl5hLB1XD6orX3PXyxY6ip/XXe22x+YfiLUH1bxHq+rOcte6ld3JPrvmdv5Gu6/Z/tftHxAa4PItdNuJPxYog/wDQjXmNqWa1hZurRqx/EA/1r2H9m+3369r14R/qrCGL/vuUn/2Sv17G/usBJLsl+R+M0P3mK5u7bPoBafUFSg88V8QfSIkGN1SZ96iVqkBqS1oSA08ZPGOagaRI0Z5GVERSzMxwFA5JJPQe9fP/AMWPjZJrBl8L+C7l0sG/dXWoR5D3R6GOLHITsW6t0HHXowmCqY6pyU9ur6IyxGKhhY80t+xrfF744eS0/hPwNeAyjMV7qURyE7GKEjv2LjpyBzzXlHgn4f8AiTx7ffZdBtMW8TYub2bIgg9ct1Zv9kcnvXefDf4AX2r+Tq3jdZrCwwGi09DtuJl7bz/yyX2+99K+h9N02x0myh03S7OG0tbddsUMKhUQewH6nqa9mpj8PlUPYYNXl1l/W55tPB1sxn7XEOy6I5j4d/Cnw38P4ftFmpvNVkXbNqM6jzD6rGOka+w5Pc13K1GtOXrXzdWrOvNzqO7Z9BSpwoxUYKyJMd6eMZpi9KcvWsWbIlpwqPOfen1JomPp6mox1706ky0x4p1MH506oZaHrUgqH+dSCky4sf3+lPHZaZSjnC8e9SWOp1MzTuKRZIDz9a4Txl4q+2M+j6bJm3Hy3Ei/8tD/AHR/sg9fWrHjHxQYt+j6bNtkI23Eq/wf7A9/U1w+0LwvAHavxDxD42vzZRlsvKcl/wCkp/me1l+Dv+9qfIX+lejfB/wp/ampN4ivISbaxbZbhhxJN/e9wo/U+1cPo+lXmvapbaPp65muX2g4yEHUsfYDn8q+lND0iz0PS7bSbFdsNtGFX1PqT7k818pwHkH9o4r67XXuU3p5y/4G57qRfzxXxV+3x+0IdPsz8DfCN/i7v41l8RTRNzDatylpkdGl+847RgD+OvoD9o745aV8Cvhzd+KJljuNWuT9j0axZv8Aj6u2B25HXYg+dz2VcdSK/JrVtV1XxBq17r2u6hJfalqVxJd3l1J96aZzlmPp7DsAB2r+ksjy/wBtU+sVF7q282fNcQ5n9Xp/Vqb96W/kv+CV+etd98A/h23xT+MXhbwZJD5lnc3q3Woegs4P3suf94KE/wCBiuA7/Wvt7/gm98Oc/wDCU/Fi+hzvZdB05j/dXEtyw+rGJf8AgBr6XMsT9Vws59dl8z5LKcL9cxkKfTd+iPuOMBVACgD0ry/9pjx43w7+CPivxJBMIr1rFrGxIOD9puCIYyPcF93/AAE16ieK+Kv+Ci3jjbbeE/hpazczSSa5er/sx5igB+rPKf8AgFfG5PhPruOp0ejevotWfd59jf7Oy6rX6pWXq9EfEUaLGixJ91FCj6AYp9JS1+1H8976hS0lFAgo/GkooAWiko70ALRRSUDF980CkooFuArsfgz/AMlj8Cf9jNpv/pQlcdXY/Bn/AJLH4EP/AFMum/8ApQlcuO/3Wp/hf5M7ss/3yl/ij+aP0n/aqb/jHnx+f+oLN/6EtflP/Ea/Vf8AaqP/ABjx4/8A+wLL/wChLX5T96+X4K/3Sp/i/RH2fiF/vlL/AA/qx1GaSivsj8+ClptL1oQxaP6UlAoEO/lRSUUIYvFJR+NJTEFFFFCGfSX7BPjr/hGfjPN4VmmK2vizTnt1XPH2q3zLF+aGYV+j6ndhvWvxj8I+J7rwR4s0XxlY58/QtQg1BQOrCNwzL/wJdy/jX7JaXqFrq2nW2qafMstteQpcQyL0eN1DKw+oIr8y4ywnssZHEL7a/Faf5H7BwDjfb4GWGe8Hp6PX87nn37Rfw1X4sfB7xJ4OijBvp7U3WmtjlbyH95Dj0yyhT7Ma/IVG3KH2smeqsOVPcH3HT8K/cSQZX6c1+Tv7W3w2/wCFY/HjxBp9tb+VputuNd08BcKI7gkyoO2FmEgx6Fa5uHMTaUsPLrqv1OzirCXjDFR6aP8AQ8fWSSGRJ4JpIZYmWSOSNtrxupBVlI5DAgEH1Ar9Sv2R/wBoGP43fD9IdbuUHivw+EtdXj4BnyP3d0o/uyAHPo4YelflpXZ/B/4q698GfiBpvj3w/ul+yt5N9Z79q31mxHmQn3OAyk9HVT616+a4D69R0+Jbf5HhZNmTy+v73wPf/P5H7IH5vevBPih4Q/4RnWjfWcO3T9QYumB8scnVk9s9R+PpXrvgfxloPxA8K6Z4w8L3y3ml6tbrc20w4yp6hh2ZTlWHUEEVa8U+H7XxNotzpF1gCVco/eNxyrD6H+tfjvFOQxzvByo7VI6x9e3z2P0tNTjzR2Z8yV2/gnxd5Pl6Hqk2Ivu2srH7p/uE+nofwrj76zutNvZ9PvIzHPbyGORT2I/oeo+tQY//AFV+F5LnGL4bx31ijo4u0o9+6ZjWoxrR5ZHu2fwI6iiuM8E+LWv1XR9UmzdIMQyN/wAtlH8J/wBofrXZV/UOSZzhs9wkcXhno911T7M+drU5UZcsgP8AepGNIaQmvYsY3E4/KnZpppPemK4H+9zTKM/UU2qRDFak+tITRQSw9TzQeBTWbrSNVJEtiGmsTSN1NFUiWHvSUho9jTJA000rU04pgxG9aRjSNTaohsXvSM34UhNJmgkWkPekpGximJit90/Svjz4/WotPi5rpVcC5+z3X/fcKZ/VTX2BXyt+05aeR8R4LpR/x96Tbsfco0if0Fe7w7Llxlu6Z4meq+Fv2aOL+Ft5/Z3xN8IX27Hk67Y7j7NMqH9GNfpjcRvJayxJIyM6MqsvBUkEZFflpo9x9j1rTbwNg299azZ/3ZkP9K/VBPmXPvn61w8dQ5a9Gp3T/B/8E9zgKfNQr0/Nfij8cdQ+Lfxmllls9W+LHjWV4JZIZFfXrofMjlTkBx3BrmtQ8Ya5fZXVPGmq3APUXWtTyfo0nNfq9H+yz+z1HqlzrUvwk8O3N3eXEl1PJd25n3SyOXdtshKjLMTgDHNeU/HT42fs6/AFJ/DvhH4c+E9Y8WqpVdNsNMtkis27NdSqnyf7gy59BnNedQzanVap0aN38jsxOS1KMXUr17L5s/OhTG6hkZWQ9CDkGtrQvhz408TQC98L/DvX9XtyxUT6fok9xGSDggOiFSQeuDUGv61qPirxDqXiG/hh+3apcS39xHZ2+yJCeWKRrnYij8B1Jr2H4BftcfEH4IWsPh+OC28R+E1ZpF02Z/Klg3sWZoJ1BxliSVYMp7Yr2sROtGnzUopy7XPBw1OhKpy1pNR72OIs/gL8crpl+z/B3xoQf72jSoPzcCv05/Zj03xBovwG8E6N4p0m803VNP0pLW5tLyPZLEY2ZQGXt8oBHtis34N/tS/CT41eXY6BrZsNdK7n0XUgIbrjrs52zD3Qn3Ar2BWU/dr5DM8fWxNqVaHLY+3ynLcPhG61CfMmrHmn7StidR+BvjGBRkx6cbkf9snWT/2Wvztbviv0y+LVmNQ+F3i6zOD52h3y4/7YPX5lI3mRq+eGUN+YzX2vAtS+Hq0+0k/wPi+PadsVSqd4tfc/+Cfdn7Gl4bj4Npbs3/Hpq99Fj0BkDj/0Ovd6+bv2G7rzPh3r1mTzBrjt+DwRH+lfSNfFZ9D2eZV4/wB5/jqfccPz9pldCX91fhoFFFFeSewFFFLQAlJS0UAfJn7dspK+CoOxOoufwWEf1NfK1nD5+oWlv/z1uIU/ORR/WvqH9uyUnVfBUHpb6hJ/49bivnDwjF5/i/w/C3Ik1iwU++bmOv1zhp8mSRl/i/Nn43xMufPJR84r8EfqQnSnUCsvxF4n8P8AhLS5db8T65YaTp8AzJdXtwsMS/VmIGfavyNXex+xtqKuzTzTSy/jXyb8T/8Agod8NvDvm6f8NdHu/F96MqLo5tLBT6h3HmSc/wB1MH+9XyV8T/2qvjh8VvOtdb8XSaTpUuQdL0XdaQbT1DsD5sn/AAJ8e1erhsmxWJ95rlXmeNi8+wmF92L5n5f5n6H/ABN/aj+CvwpaWz8SeNLWfU4wf+JXpv8Apd3n0ZEyI/q5UV8o/Ez/AIKKeNtYEtj8LfC1r4ftzlV1DVNt1dkdmWJf3SH6l6+V/C/grxR4thvZvB/hq+1K20+GW6vbi0gPkW8cal3eSY4jXABOC2T0AJrsf2dPhvovxg+MXh7wH4guLyLS9SW6muXs5BHKUit3kAVyDtywUE46E17VPKcHhIyqVXzOOr/4Y8GrnOOxk406S5FLRf8ADi6D418cfFH4veCovHXjDV9dubzxNpixpeXTMiZu4yTHCMIgAB+6o4FfqZ8Xrr7B8KfGV3uwY9DvmB/7Yv8A41S+HHwF+E/wntli8DeCdOsJwBuvXj867kPq08mZD+eKrftG3H2X4H+NJN2N2kTR/wDfeF/9mrya2Kp47F0o048sU0vxR7OHwVXL8FWlWlzSab+5H5yxrtjROyqF/IAV7Z+zbCBB4iusfektYvyWRv614q2dx9M17x+znDt8N6xN/f1JV/KFf8a/WM4dsHL5H47gNcQj19akFRrUi+tfFn0aH5+lRXuoWemWc2oahdRW1rbRmSaaVtqRqO5NU9a17SfDml3Gta3fpaWVsu6SR/foqjqWJ4AHJrzKXw/4v+M97Ff+Ihc+HvCMTCS0sel1eekjg8LnsT0B+UZ+at6GHVT36j5YLr+i7szq1+T3YK8n0/zOc8WeNvFnxk1R/B/gOwuBpCt++Zv3fnLnh53PEcfonU9welekfDj4N+H/AAP5epXW3VNZC/8AH3IvyQH0hQ/d/wB4/N9Oldd4f0HRvDOnR6RoWnw2dpHzsjHLN3ZieWY+p5rVWtcRj5Sp/V8OuWH4v1YqGEtP21Z80vwXoPUYySetSL/kU3NOrzD0ESCnd6aKd3qS0PXpTxUQqRcVLNEyQGnj3qMHpT6kuI6nCm9+aWpZcWOFOpop9SzRMdTlptOH160i0xw6e9SDGNvHvUVOJ6A1JSdh/Heub8W+KG01Tpuny/6W4xI458ken+8f0qfxJ4iXR4fJgZWu5R+7U/wD+8R/KvOnd5GaSRizsxZmY5JJr8l8QuNf7Ng8swEv3svia+yu3+J/gexl2C9q/a1NhP8AaznNDEY3GlrrPhz4RPirXFa5jJ0+xxLcZ6Of4Y/x6n2HvX4Vl+CrZpi4YWlrKb/4d/I+iS7HoHwj8H/2Rpp1++jxeagoMasOY4eoHsW6n8K7fWtY0/QdLu9a1a8itLGwge5uZ5W2pFEilmZj2AAJq38sa+gFfCH7ff7QX2+6PwK8J3wa3gKT+JJo2+/IMNFZ5HYfLJJ/wBf7wr+nuHcjhhqVPL8OtFu/zZy4/GwwFB1p/Jd2fPf7Rnxv1L48fEa58TO00Oh2Qa00Kzk48m13cysvaSUgO3oAi/w15hR3ye9FfqtGjChBU4bI/L8RXniajq1N2IxYKSkZkYfdRerN0Cj3JwPxr9gv2f8A4df8Kr+EPhfwPIoFzYWKtesB967kzJOff947fgBX5xfsj/Db/hZvx20CxuoRLpmhMdd1AEZBSAgxKe3zTNGMegav1fVcCvmOI8ReccOumr/Q+u4VwvLCeJl10X6g3Ar8p/2qPG3/AAnvx38U6nFN5lpp1wNHtOcgR2wKNj2MplP41+mHxQ8YQeAPh74i8aXDKF0bTbi8UN/E6odi/UvtH41+OzPNIxmuZDJNKTJM56s7HLH8SSa9LgnC81apiZdFZfP+vxPI8Qsa4UaWEj9p8z9FovxYv86Wm0tfoh+Ui0UlLzQISiij8qLALRSUUAL2o/WkpaAEpeKSigArsvgyP+LxeBP+xm03/wBKErja7D4NZX4weBT/ANTLpv8A6UJXLjv92qf4X+TO7LNMZS/xR/NH6T/tVf8AJvPj/wD7A03/AKEtflP39K/Vj9qo/wDGPPj8/wDUGm/9CWvynr5fgr/dKn+L9EfZeIX++0v8H/tzHUnTrS0lfZH5+FLSUUDClopKAFo7UfjRQhBRSfXmimAe/WlpKWkhiL15GRX6bfsUeOG8ZfAfRrO4mMl74baTQ7jLc7YSDCfxheP8q/MmvrL/AIJ5+Of7J+IHiH4f3M+Idf09NQtVJ4+02x2uB7tFID/2zr5ni3CfWcvdRbwd/lsz7DgjG/Vc0VJ7VFb57o+/zXyP/wAFEfhsuufDvSviVZW+678KXfk3bqOfsNyQjE+ySiJvYFq+uPesTxv4V03x14R1nwbrMYax1qxmsJ++FkQrke4zkfQV+Y4PEPC141l0Z+w47DLGYedF9Ufiv9386PpVrXNE1Lwvrmo+GdajKaho15Np92PSWFyjH8du4ezCqtfpMWpLmR+Tyi4PlZ9P/sQftCf8K38XD4Z+Kb/Z4Z8S3H+iTSNhNP1Fjgc9o5jhT2DhD/Exr9IlKsvNfh421lKtyrdcV+l/7FX7QzfFjwWfBvinUPM8W+GIkjmkkb59Qs/ux3Puw4ST/aAP8Yr5TPsv5X9aprf4v8z7ThvM+ZfU6vT4f8j0X4xeEftFsviqwjJmtlEd2FH3os8P9V7+x9q8fr6tkiSaNo5FDI42srDIIPUV87+PPCb+Edee0jB+w3GZbRv9nPKfVTx9MV/OviBw/wCxqf2pQXuy0l5Po/n+Z9c0c2rMrCSNirKdwYcEEdCPcV6f4R8VLrlv9jvHC6hCuWHTzlH8S+/qK8x/GpIZpraZLi3lMcsbbkdeqkV8xwtxPiOGsYqsdacvij38/VdDkxWHjiI+Z7Zn06UVj+GfEcGv2fmLtjuoeJ4h/wChL7H9K2K/qHL8fQzPDxxWGleEldHzk4Spy5ZDc0nvRSE967TO4nT5qYTSt680hPNUTcCfwo6UGkY0bk3EY02hj70lXYhsb9aT1paKZNxPxpKXpmmsaAEb60w0rUlWQ2JSUtI1NCDcPpTM05qa1Mi4GmtS01qAbA181ftVW+3xN4eutvMmmzRk/wC7Nn/2avpRj+NfPX7WEP7/AMKz4H3L2P8AWI162Ru2Oh8/yPKzhXwkvl+Z4CZPJHmg/wCrZX/75YH+lfq1av5ltFJ/fRW/MCvyguv+PWc+kL/yNfqxosnm6RZyf3reJvzQUuPF/Af+L9D0OAH/AB1/h/U+Bf2pf2yvG2peItb+GPw1kufDmnaVeT6bf6kDtvruWJykixMP9THuBAYfO2M5Udfn34P/AAV8e/HDxI2heC9P3xxSBtS1S63fZrIMcl5X6tIeSEGXbrwMmvqsfsP618Sfjl418Y+PLh9D8IXPiC5urS3tnU3mpIxViwYZEEbHd8x+c84C8GvsPwb4J8LfD/QLXwv4P0O00nS7NdsNtbJtUerHuzHqWOSTyTXz7zHD4CiqeFV5Nas91ZVicxxDq4yVoJ6Lv/kcF8C/2c/AfwL0FrPQbUX2r3sYXUtYuo1Nxdn+6O0cQ7Rrx67jk1w/xn/Yf+FnxMNxrXhiEeD/ABBLl/tOnwj7LO//AE2tuFP+8mxvc19I4orxI4utGp7VSfMfQywOHnS9i4LlR+QHxb+APxT+CN+j+MtEdLFZh9k1vT3Z7RnB+UrKMNC+RwH2t6E195/sJ+PfGPj/AODNxeeNNeudYu9M1q4063ubohpvs6RRMqu/VyC7fM3JGMk19Bajpen6xYz6bqllBd2dyhjngnjWSOVD1VlYEMD6EVzPw1+FHgv4R6fqOi+A9MbTtO1LUJNTe0ErPHFK6IrCMNyifICFBwMnGBxXdi80+u4f2dWPvp7nnYPKPqGK9pSl7jW3mbHjK3+1eFdZteom0+5Q/jEwr8sbb/j2h/65r/IV+rupRedYXELdJIXX81Ir8o7dStvEp7IF/KvreA3dV4/4f1PkeP4+9Ql/i/Q+wP2FZs6H4vts/c1C2k/76hI/9lr6lr5R/YTbMHjWP0msD+aS19X181xMrZtW9V+SPqeFnfKaPo/zYUUUV4J9AFFFLQAlFFFAHx/+3UW/4SDwavZbLUG/8iW9fPvgFd3j7wupHXXNP/8ASmOvoL9ur/kYfBv/AF43/wD6Mgr5/wDh7/yULwr6f27p/P8A28R1+uZD/wAiFf4Zf+3H43xB/wAj6X+KP/tp+n6/1NfIP/BSYXD/AAz8JqtnLJBH4iM00oiLJCFtZgpZsYXLMACcc19fL/U1FdWsF5BJa3UEc0MqlJI5FDK6nggg8Eexr8pw1b6tWjVtex+t4vD/AFqhKje1z8QN27D5yDznrmvef2dfFf7J+gz24+M/gfVrrVQwI1K+Y32loc8f6NHgoOnLJJ35FfYfxP8A2Gfgj8QGm1DR9Jl8IarLlvtOiFY4Wb1e2YGIj12hT718m/Ev9hL43eBWkvvDdva+NNNjy2/TP3V4q/7Vs5+Y/wC47fSvrFmWFzCHs5ScG/O34nxcsqxmWVPaxgppeV/wPsD40eLvAc37KPjrWPhtqei3Oif8I7d29u2kPH9nQyJ5YUCPhT8/QgGvkP8AYC0xb79omO57aZ4f1G4X6s8EQ/RzXz0zaxoNxqGhyNf6XNcL5OoWL+ZbvIu4HZNE2NwyoPzDqBXp/wCzR8brH4C/EOfxjqXhy51i1vNPfTJlt51jlhRpUkMiBhtc/uwNpK/WnHLp4fCVadN8zlsEszp4nG0atWPIo7n6215T+1LIYvgL4vb+9axJ/wB9Txj+tafwn+Pnwu+NFrJJ4D8Tw3d3bxiW60+ZGhu7ZScZeJ/mxnjcMqexrI/atbHwD8V47xW3/pVFXzeApyhjqUJqz5o/mj6zMKsamX1p03dckvyZ+fB6ntzX0B+zyuPB2oN/e1V/0ijr5/bqfrX0J+z3/wAiVeHHXVJf/RcdfsGdf7p80fiGX/xz1FTRNM0UTSLA8rD7qJjLHsMngfU8CmrU6818efQo5yHwqupanDr3ipo726tW32VmPmtLE/3kUj95L6ysP90KK6n+LPOTUa1KtKcnLcqEVHYcD61IDUdPFZGqJFP4CpFNRLUgqWaIkU0+mLz1p3TipZaHCnK1MWnVNi0yVWqQHsahRv4epqQVLRpEkp2eaZS1JaHqfwp30pi0tSy0SKadUdPpWLuLn86ztc1yHRbUSEK88nEUf94+p9hTtW1a10i1NxcHJPypGOrt7f1Ned319c6ldNdXjhpH6jsB2A9BX5vx3xtDh6j9UwrviJL/AMBXd+fZfM9PL8C8TLmn8KIp7ia6me4uJWkkkbczHuf6CmdaPWlJr+a6lSpWm6lR3k9Wz6qMVFWiTWtrcX11DY2cJlnuHEUSD+Jj0/D1r6P8JeG7XwrocGl2+GdRumk/56SH7zf0HsBXD/B3wh5UZ8WahH88oKWSt/CnRn/HoPb616B4j8Q6P4T0G/8AEniDUI7LTdMt5Lq6uJDhY4kUlm/IdB1OBX7XwBw68DQ+v1o/vJ/D5R/zZd1FXZ5b+1H8ebP4F/DmbVLN4pPEerFrLQ7Vud0+PmmYd44gdzep2r1YV+UlzdXl/eT6hqF3Ld3d3M9xc3EzbpJ5XYs8jMepZiSfrXefHb4xax8cviPfeNtRWS3sgPsukWLn/jzslYlVPbe5y7n+8QOiivP6/oHKcB9Ro+98T3/yPzbOsyeYV/d+COi/zCk/3aXmtbwj4V1Tx14s0fwXoqn7drt9Fp8Jx9zzGw0h9kXc59lNeo5KCcpbI8eMZTkox3Z99f8ABO/4ar4f+Geo/Ei+t9t54uuttszDkWNuWRMegaQyv7jbX1oayvCvhzS/CPhzTPC+i24isNIs4rG2j9I41Cr+OBmtVq/NsVXeKrSqvqz9YwWGjhMPCjHoj5a/4KCeNl0T4S2Hg2GYi48U6nGki+trb/vZD9N4iX/gVfnluyfrX0X+3f40/wCEm+OR8PwzFrTwnp0VjtB4+0zYmmP12mFf+A186V+rcMYT6rlsL7y95/Pb8D8W4wxv1zNqltoe6vlv+ItFFFe+fKhRRS8UAJRkYpaSmAUUUUIBaM0lH4UAFFFIaAFrsPg3/wAlg8C8f8zLpv8A6UpXHV2Pwb/5LD4F/wCxl03/ANKErlx3+61P8L/Jnbln++Uv8UfzR+lP7VB/4x58ff8AYFm/9CWvylP3j9TX6tftV8fs7+P/APsDTf8AoS1+Up+9+NfLcFf7pU/xfoj7PxD/AN9pf4P/AG5i0dKKK+zPz8KKKKQB7Yooo/CmAtHFFFJAJRmiimAUUUnvSAUV1/wj8bN8OPij4W8beYUi0rU4muiO9tIfKnH/AH7dz+ArkKRkWRWjk+4wKn6His69GNenKlLZpo3w1aWGrRrQ3i0/uP2uikR1DKwZSMqR3HY1Iw3V5H+yv48f4g/AzwvrF1P5l/aWv9l3xzk+fbHyix92Cq3/AAKvXa/C69KVCrKlLeLt9x/R+GrxxVGNaG0kn95+av8AwUA+G3/CH/GS38bWVuUsPGlp58hA4F9bhY5Rx0LRmFvchzXzJX6l/tqfDNviN8C9XlsbYy6r4ZYa9YhR8zeSD50Y7/NC0gx6gV+WSsrKJEOVYbgfUHpX22SYn6xhVF7x0/yPz7iHCfVsY5Laev8AmOrofh74+8RfC/xppfjzwrP5eo6TN5ioWIS4jPEkD46o65U+nB6gVz/5Un1r1pQjOLjJXTPFhOVOSlDRo/Zb4X/Efw/8V/BGleOvDExax1OHf5bffgkHEkLjs6MCp+mRwat+OfC0XizQ5bLhbmP97ayf3ZB0H0PQ1+cv7F/7QDfCHx9/wiPiK/8AL8JeKp0jmaRsJYXxwsdxzwFfiOT/AIAx+6a/TrduXivzXPMoprnwlZXpyX4P/I/T8qx8cww6qfaWj9T5Vkjmglkt7iNo5YnMciMOVYcEGm/nXp/xh8H/AGeb/hLNPhxHJhL1VH3W6LJ+PAP4V5hX8u55lFXJcZLC1Nuj7roegWbG+utLvI76xk2TR9D2I7qfUGvVNG1y11yyF5attx8skZPMbeh9vevIqv6LrF3od8t5a8g8SxnpIvoff0NfRcE8X1OHMT7Gs70JP3l2/vL9ThxmEVeN47nru71703d3qrp+pWmqWiX1nLvik9eqnupHY1Z3cV/TOHr08TTjWoyvGSumup83JOLtIT3NM3U7d3phb61uiGxd1NZsmkJzSVSRDYtFH1o4piG0fpRxTTTFcGamE/rSlqSmS2ITSGhqSgVxKT9KWm5qkSwLDmm/pS5pM/nVENhTSaU96aaLCuJXgf7Vq/6B4Xk9Lm7X/wAhoa98NeD/ALV3/II8Nf8AX7c/+ilr08n0x1P1/Q87Nf8Ac5nzhd5+xz/9cn/9BNfqb4TYv4V0dv72n25/8hLX5Z3f/HpOP+mT/wDoJr9SfBP/ACJmhf8AYMtf/RK1fHa92h/29+h2cA/HX9I/qfHvx+/bW+LHwp+MviTwD4f0Lwrc6bpMlusD3ltcGZhJbxyNuZJQD8zkcAcAVw3/AA8e+M27/kS/BWM/887vP/o2vL/2xLoSftJfEC44/dXdun/fFlBX0d4L/wCCe/w78W+CNA8SXPjrxXZ3mq6Xa3s8cTWrRJJLErsFDRZABY4ya8V0sBhsPTnXhrJefY9ZVsyxeJqU8PPSLfbucXD/AMFJPikuPtHw78KOB12XF0n8ya1rX/gpd4oUYvfhBpcn/XHXJU/9ChNeWftVfs26D+zu/hhdF8V6prJ8QNeeYL2KFPJEIixtMYGcmTv6U79nn9krUP2gfCOqeKrHx5FoR03U204QzaYblZSIo5N+4SKR/rMYwelafV8rdBYhxtF+pn9ZzeOIeGjK816f5Hs1v/wUyjbi6+DEy+8Ovqf/AEKEV9O/AX4yWvx08BJ46s9BuNHje8uLP7NPOszZibaW3KACDX5o/tBfALWP2e/EGk6DrXiiw1ptXtJbyOS1tng8tUkVCGV2bkk9j2NfdX7AsJj/AGcdJlb/AJb6nqkn/k06/wDstefmOEwlPCxr4dbs9PK8bjamLlh8U9l2R9DzcxlfVT/KvygHcejN/wChGv1gk+430NflAyqskg7CRx/48a+h4D+Kv/27+p8/x/th/wDt79D6t/YQb5/Gy9s6cf0mr61r5L/YQXnxs3H3tPH6Tf419aV8/wAUf8jar8v/AElH0nCn/Ioo/P8A9KYtJS0lfPn0QUUUUAFFFFAHyF+3Yp/tnwZIO9pqC/k9ua+d/Asgh8d+GZD0TXNPb6f6THX0l+3ZD+88E3A6Z1CP/wAdhP8ASvmLw5N9m8SaPccARalaPn6Toa/XOHfeyNLyn+p+O8R+7nsn5w/9tP1PXv8AWlpF6Ubv84r8jP2IDRtqhquvaLosJudY1aysIV6yXVwkSj8WIrz/AFz9p79n/wAOsyap8YPCqun3o4NQS4cf8Bi3GrjTnP4Yt/IznWpw+OSXzN/4hfB/4bfFSz+xePvBumayFXEc08OJ4v8ArnMuHT8CK+T/AImf8E44SZdQ+EPjRrc8suma5mSP/dS5Qb19BvVvc165qn7eX7Nen5Fv4yvtTI7WOjXT5/FkUfrXF+Kv+CiHwlm0PUrXwzp3jBdSltZo7O4OlxKkU5QiOQiSUZCtgkEdu9enhI5jQf7lSS81oeRjZZXiE/bSi35PX8Dmf2J/gj8UfhV8ZvEkvj/wfdabCPD32a3vNyy287NdIxEcqEg8LnBwenFfQf7VDeZ8BPFq9NtvA3/kxFX5p6r+0L8etdjH9sfGTxWxKhXFvqBtUJxz8sAQetdl8A/EN9r/AIU+Nem6lrl1qVzP4Pt9R3XV5JcSH7NeAlsuzH+MfpXsvL6zxUMZWkrqUdvVI8KGZ0FhJ4LDxdnGWr9GyofvH619Bfs+tnwXej01ST/0VHXz433ie2TXvf7PDZ8L6rHn7mp5/OFP8K/Qc6V8K/VH5tl7tXR6upqaoVOalH1r44+hRKrU9eOelRqaep5qWaIlXtUi8jFRA9KfzWdjREi+uakU1CCakQ0mUmTCnCox9afmoNUx6/lTqjp9ItDgcGpFOaiGfzp6t2pNFRJQadmox+VOU1Boh9PqMN3pwPvUlofVfUNQttNtXu7qTaidB3Y9gKddXcNnbvcXEgSOMbiT/Ie5rgNY1ifV7vzpMpEmfLiJ+4P8TXxHGnF1HhnC2hrXkvdXbzfl+p6OBwTxc9fhRFqWpXOqXRurhgD91E7IP7oqp14o/nR7fnX8uYrFVsbWliMRLmnJ3bPrqcI04qMRDXQ+B/CsnizXEs2yLSHEt247Jn7ufVug/E1gwxTXE0dvbxtJLK4jjjXqzE4A/OvovwP4Vh8KaHHZDabmT95dSKPvyHt9B0FfU8HcPvOsbz1F+6hrLz7R+f5GqVzdjjjtYVjhRUSNQqIOAAOgFfn/APt5ftBf8JTrL/BPwnfBtJ0mZZPEE0TZW5vF+ZLXI6pEcM/q+0fwGvo/9rj9oKP4I/D8waLdR/8ACWeIRJa6PGeTBgfvLth/djBGM9XZB61+WTM7MzyTSSyOxd5JG3M7EkszE8kkkknuSa/qXIcuUv8AaJrRbf15HynEeZ+yj9UpPV7+nb5i575ooo5r69Hw4Z719af8E7/hu2v/ABE1j4mX0G6z8M2v2GyZl4N7cD52B9UhGP8AttXyTJIscbSNnCDOB1PtX60fsrfDBvhP8EvD/h+8h8rVLyL+1dU4wftc+HZT/uLsj/4AK8bPcT7DC+zW8tPl1Pf4cwn1jF+0ltDX59D12q2qaha6Vp9zql9MsVtZwvcTO3RY0UsxP0ANWugrxD9sjxp/whvwB8R+TN5d3rqx6Jb+pNw22TH0iEp/CvjcNQeJrQox+00j7zGYiOEw868topv7j80fFXia68Z+J9Y8YXxP2jXb+41KTP8AD5shZV/BSo/CsqjpwowB0or90pwjSioR2Wn3H831akq03Ulu3f7xetdha/B/4p33g+08fab4B1i/8P3yu8N7ZQfaAVRyjFkQl1GVPJXBrjX3bWCthsHB9+1eua5+0t8TZNF0bwf4I8QXvhHw54fsYNPs7TTZRHNL5aBTLNMBlmZgWwuFGe55rlxcsWnCOFUdXq5bWOzAwwbU5YyUlZactrt/PoeRllWZoGYLKvDRt8rr9VPIpxU194fsdeHdV+L3gXxF4m+NEq+M7OW/Wx0yPXLaK6aLyo8zOjsm75mcL1/5ZmvEPi4n7Mek/FzXfBD+Ddd0LSdLuhaPrWgakZhHOFBmLWc4ZdiOSv7s5+Q8V5tHPVUxU8L7NuUN3HVfjZnsV+G5U8HTxqqpRnspaPy7o+fuaK9E+Onwq0z4P+LbDQNI8Zw+JbLVNLh1i3u47fySIZWYRg4ZlbIXIIxkHoK4FrG+Wx/tQ2Nytl5hh+1eS/k7wM7fMxt3YIOCa9ihiKeJpRrQfuy2ueBicJVwtaWHqL3o721IaKQc8joRx70tbnMJRS0lABRS0nvQAV2Pwc/5K/4F/wCxm0z/ANKErjvxrsPg38vxf8DMO3iXTf8A0oSuXHf7tU/wv8jty1f7ZS/xR/NH6U/tVf8AJu/j/wD7A0381r8pW+8a/Vn9qv8A5N38f/8AYGm/9CWvymPU18twT/ulT/F+iPtPEL/faX+D9WLR/Siivsz8+D3oo/rRSAP6UUUUwFopGYKNxYKBySe1da3wm+IUfw7m+Kl14bntfDMc8Ful3cfuzOZW2q8SH5mQNgF+ByMZ5xlUrU6NvaSSvovM2o4erXv7OLdld26LucnSc0UZrVmIUUlHakMWiiimB9o/8E6vHPl3fi34a3U/D+Vrtkh/CG4x+UJ/E19w1+TH7OHjgfDz44eE/EMs3lWkt6NMvSTgfZ7n90S3srtG3/Aa/WZe9flPFuE+rZg6i2mr/PZn7ZwRjvreWKnLem7fLdDJ40kjZJFDIwIZT0IPUGvx6+Onw5f4S/FvxL4EWJks7K8M+nZ/isph5kOD32glPrGa/YmviT/go98MzNp/hz4u6fb/AD2Mn9h6myj/AJYyMXt3Pssm9P8AtqK4sixPsMT7N7S0+fQ9DiPB/WML7SO8Nfl1Phakpf6UfWvuD86GsqupVxlWGCp7iv0b/Yc/aGk+InhU/DTxbfGTxN4atx9nmlbLX+njCpIT3kjOEf1Gxv4jX5y/jW14L8Y+Ifh74s0vxt4VvPs2q6POLi3c52v2aJwOqOpKsPQ1wZjgY46jydVsenlWYSy6uqn2Xv6H7RXtrb6haTWd1EssM6GORCOGU8GvnDxZ4aufCetzaTMWaIfvLeQ/8tIj0P1HQ+4r2D4O/FTw78ZPAGmePPDr7Yb1NtxbM2ZLS5XiWB/9pW49wQRwRVr4ieD18WaGwt1A1C0zLbMe/qmfRh+uK/C+NeHXm2EfIv31O7Xn3X+Xmfp8JxqwU4O6Z8/ZNJQdysVdSrAlSp6gjgg+9HvX8+tW0YzV8P69caHeedHl4ZPlmiz94eo/2h2r0q1vLe9t47q1kEkUgyrD+vofUV5B6mtzw34kk0WYpNuazlP7xP7h/vL/AFFfpvAPGssmqxy/HS/cSej/AJX/API/lueXmGCVWPtKe56Pu703dikimjniS4hkDxyLuVlOQQaXOK/oyE41IqUXdM+bkrOzCg+nek75o96skKO1JnNIxpiuGfTtTWakZvSkJ/WmS2B+tJmkz3NJmmJsO1LTT60jGiwgJ96bQx60matEMUtimE0M2KaS30pkjs03PWjPemn68U7CbDdXhn7VnzaL4cH/AE/XH/ola9yb8q8H/arkH2PwxD3M92/5JGP616WTq+Op+v6HnZq/9jn/AF1Pna7/AOPWf/rk/wD6Ca/U7wzH5HhvS4eB5djAv5RqK/LG4UtbyL/eXb+fFfqzp0fk6fbQj+CGNfyUCjjx/wABf4v0O/gGOtd/4f1PyP8A2p7j7R8fviXNuyV1adP++YY1/pX6t/D2zOneA/Dunng2uk2cOPTbAg/pX5LfH5m1D43/ABEZcnz/ABNfxDHf9/sH+FfsFYxfZ7OGDP8Aq41T8lAr5zOfdw9CPl/kfRZEr4nES8/1Z8H/APBS68Enib4f6epH7ux1Oc/jJbr/AOymvV/+Cd9n9m+A93dFcfbfEd/Ln12iOP8A9krwb/go9qCt8ZPDtmzkJa+Gg2Sp2gyXUnfpnEY/Svpr9hOxWz/Zp8M3C4/0+e/vMjuHu5cH8gKWIajlNOPd/wCY8LFzzmpLsv8AI+bP+CkU/mfF3wra7hmLw60h/wCB3T//ABFfTX7DduYP2Y/CBPBmN/N/31ezGvk7/goVefa/2grK1U5Fp4bsk+hee4b/AAr7N/ZGsxY/s2/D2LGPM0WK4P1kZpD/AOhUY33csorz/wAx4D3s3rvsv8j1uc7Ynb0Un9K/KDdvYuP4mZvzJr9VdZm+z6XeXH/PO3lf8kJr8prXm1hbPJjU/oK+j4DX8d/4f1PneP3rQX+L9D62/YST9x41m9Z7FPySU/1r6wr5Y/YTjb+xfGFxjhr60TPuISf/AGavqevmuJnfNa3qvyR9PwquXKKPo/zYUUUV4R9AFFFFABRRRQB8uft1W27w94RvMf6vUriLP+9bk/8AslfIazfZ5Y7j/nhIkuf91g39K+1v23bPzvhjpN53ttdh/DfFKv8AWviO43G2mx1MT4+u01+tcIv2mU8vnJfefj3GEfZ5u5eUWfrBbyLNDHKvR1DfmAa+Qf8Agop4i8WeG/D3gqbw34o1jSYrvUL22uhp99LbCb9wGUP5bDdja2AfU19UeC7z+0fCWiX+4H7TpttN/wB9RKf618xf8FINP8z4TeGtS2gta+Jo0z6CS1nX+YFfmuXxUcdCMu9j9NzOTll05R35bn54X9xHeXHnapdfaZ2P37qYyufxckmtLSPDPiLXGEXh/wAL6zqJbgLY6ZPLn/vhCK++v+Ceen+G9V+EOoXNx4f0uTVNO1+6t2ums4jOY2SOVAZCu4gCQgc9q+uFjVQFUbR7cV7mKzx4arKlGnt5/wDAPnsJw99boxrSqb+X+bPyB0v9nf4965j+zvg94rIP8U9gbYfnMVrpLb9jL9pW6HmSfDf7JGBuZ7rVbRAoHJ4WRj26Yr9Wti/WkeNcfdHPHSuF8Q4h7RS+89CPDGGXxSb+7/I/I/8AZh0Pwn4q+PPg3QfGmkQalpV/dTJJaXK7opJRbytEHU8MA6D5TwTjNfo78VvAHg/Qfg346j8L+E9H0lp/D14H+wWMUBcLEzAHYoyBjpX5x+AIv+EP/ak0GzUbBpfxAFn0xtT7e8X4fK1fqj8QLP8AtDwJ4i0/GftOk3cP/fULCts3qSWLo1L6aP8AE58kpReDr07aq/5H5fKS3OOte5fs6y7tJ16DP3buCTH1jYf+y14VbOWt4WP8Ua/yFey/s63AW68Q2u7rFay/k0in+Yr9PzZc2Dl8vzPyjBO2IR7ePrUqtioFqWvjD6JMlXrUgqFTUq9jUs0RKvSn57VGpzT1qDVD/Q1ItRinLxUlE2adTFPtT196hmkR/SnKf0pn55p4NSWh2c0obkUwdadQUiVWp2ajQ+tOVs1JpcfmkkljijaWRwqIMsx7CmM2BuZgABkk9h71x3iDXf7Sf7Paki2Rv+/h9T7egr5TizijD8MYP21TWo9Ix7v/ACXU78FhJ4ufLHbqR65rUmrXHy5S2jY+Uh7/AO0ff+VZdJS1/KeZ5liM3xU8XipXnL+rLy7H2lKjGjHkhsH86P8AZ70tbXhHw3ceK9cg0uLKw/6y5k/uRDr+J6D61hhcNUxtaGHoq8pOyNDt/g/4Q81j4s1CP5VylkpHU9Gk/mB+Nd9448ZaB8PfCeqeMvFF8LTS9It2ubmXvtHRVHdmJCqByWIHeta1tbextY7S2jWOKFBHGqjgAcAV+dP7cvx+/wCFheLj8LvC99v8O+Grgm+kjb5L7UVyCM/xJDyB2L7j/Cpr+oeE+G4YKjDA0emsn3fV/wCRxZnj45dh3Ue/ReZ4b8Xfil4g+M3j/UvH3iLdG92RDZ2m7K2NmpPlQL9Mksf4nZj6Vx350lL9a/WqdONKCpw2R+X1asq03Um7thR70lKOatGZ6r+y78M/+FrfG7w7oF1bmXTNOl/tnVPlyv2a3YMEb/flMSfQmv1sjr5E/wCCdfw2GjeAdX+J19ABc+KLr7LZMV5FlbMy7h6b5jIfcItfXi9K+EzvFfWMU4raOh+j8PYP6rg1J7y1/wAhWr4X/wCCi/jT7Rq/hD4e283y2sU2uXag/wAT5hgz+HnH8q+5pCa/KH9p7xl/wnXx38X6xHJvt7O9/sm1wcgRWo8rj2LiRvxr0OEsL7fMFUe0E3+iPL44xv1bK3SW82l8t2eW0poor9VPxRhRJJ5aNKVJ2KWx3OOcUV3XwO8Fn4hfGDwj4SaHzILrVIprtT0+zQ/vpc+xWMr/AMCFZ160cPSlWltFN/gbYWhLFVo0Y7yaX3s/RP4Z6ba/AP8AZp01tVQI3hzw/JquoA8Frgo08o+vmMR+VflxfX15q91darqcjSXeoTS3Vy7dWllYu5z9WNfop+3p4xPh34Jf8I7BJtm8U6jDYEA8+QmZpfwxGqn/AHq/Oflj65r5PhCjKVKrjZ7zl+X/AAWfbcdV4061HL6fw04r73p+RreJ/E2oeLNQttS1JhvtdNsdMjAPAjtoEiXHpnaWx6sa9z/YY0HVfEXxkmEd3cDRNP0u4uNWtC5NtdeYBFDHLGfkf5izDI/5ZmvnXvX6Df8ABPvwL/Yfwp1DxxcRbbnxXqDGFiOTa2+Yo/wL+a34138R144DK5U4rf3Uebwphp5lm8Kkn8PvN+nf1dkeZftjeH/2ePhz4g03RdN+F7Lr2q2739y2i6mdNS3h3FVYxhHjZmYNgbBwpOa+VdJsdM1TUJLW41y20WJgfImvhI8W7cAqSSRKdgweX27RjkAV3f7SXjxfiN8bvFXiG3m82yhu/wCzLFgfl+z22YwV9mcSP/wKsD4TeBbj4m/Ejw74Dt1YLq18iXTL1S1T553/AAjVvxIrbLKMsBl0ZVpO/LzNtt20v17GGb145lmsoYeC5eblSStfW3Qb4++F/j74Z3KweN/DN3p0Mv8AqLzAltLgHkNHOmUYEYOMg89BXK1+o37UnxKs/hN8Gb+6tbGwur3U3j0jTLS9t1mgaWTqXjPDqkau2DwdoB61+ZGtapb6xefbIdA0vSmb78WmxvDA3uImZgh/3Tg+gqcgzSvmtB1KsLJO111+RfE2S4bJq6pUal21e3b5/wDAKBoopK94+XF/Guv+Dv8AyV7wOf8AqZNN/wDShK5AV1/wd/5K74Gx28S6b/6UJXLjv91qf4X+TO7LP98pf4o/mj9Kf2qv+Td/iB2/4ks381r8pj1Nfq1+1Qf+MefH/wD2BZv5rX5St94/WvluCf8AdKn+L9EfaeIf++0v8H/tzF96DRTHkjjx5siJn+8wGfzr7M/P1qPo2s3bNAHzBa9s+D9t8JfA/iPwJcfF3QNP1mx8Y2s2o3dxqW5rTSrNnlhtSsYO13eWJmkdwQiFQB1auXGYr6pT5+Vyetkt3ZXOzA4L67U5OZRWl29ld2R4mRt4NH0r1H4weHfB/iH4w6xpn7POjzaxoKQwTCPSonlt4JCuJijNwkW7GCxCglgDjFcX4s8A+OPAdxDa+NPCOq6JJcgmD7bbFFmx12OMq2PQGihjKVeEJX5ZSV+V6P7h4rAVsNOatzRi7cy1i/O43wn4nfwnfrq1n4c0PUtQikjktpdXtmuY7cqc5WHcI2YnHzOG244APNfpas+n/tMfsyySQ28UD+KtBdPKXlba+QEbR7JPHx7AV+W/519y/wDBO/x211oHif4a3Uo36ZcprFkuefJn+WVR7LIgP/bSvmuK8FbDrHU/jg193/D2PreCcdfEyy+r8FSLXz/4a58M7ZVbbNG0cikrKh4KODhlPuCCPwor1j9qbwIfh78dvE2lxQ7LLU5/7asuMAxXJLMB7LKJR+Aryivp8LiI4uhCtH7STPj8dhZYLETw8t4tr8RKWikrc5Q70tFFMBJEZ0ZVYoWGFYfwnsfwPP4V+u/wN8eL8SvhP4X8ZtIGm1HTo/tXtcp+7mH4SI1fkV6191/8E7PHRvPDHib4c3MuX0e8TVLRSf8Alhcgq4HsJY2P/bSvj+McJ7bBxxC3g/wf9I+84Cx3scdLDy2mvxX/AALn2N/KuT+KfgPTfib8P9e8CapgQa1ZSWokI/1UpGYpB7o4Vh7iur96D0r8zjJxakuh+vTipxcZbM/EPUNP1DSdQutJ1a3MF/p9xLZ3cR6pPE5SQfgyn9Kgr6S/b0+GB8D/ABkHi6xtxHpnjW3+2ZVcBb6LCXC/VlMUnuS9fNlfpOExCxVCNVdUfk2NwzwmIlRfR/8ADC0e9JRXQcx7n+yP+0BJ8EfiAtnrt2y+EPEciW+qg8raTdIrwem3IV8dUOf4BX6mxSRzxLJHIrq6hgynII7EH0r8Pj83BAIPH1r7/wD2C/2hG8SaP/wpXxdfltW0W3MmiXErfNd2C4Bhyerw8AesZX+6TXzGfZfzf7VTWv2v8/8AM+v4bzTkf1Os9H8P+R658XvB/wDZeof8JLp8ZFrettuVUcRzdm+jfzHvXnNfUerabaaxps+m3sfmQXCFHH9R7jrXzb4g0S78O6tcaRfZ3wN8rdpEP3XH1H65r+YePOHv7PxX16gv3c9/KX/BPs2jP/rS+/SkozX58Bv+F/EraRILW7ZvsUjf9+mPcexzzXoBbIDBsg8gjoR2IryHnO6ul8K+JvsZXTNQkxATiKRv+WZP8J/2f5V+w+HnHH1SUcpzKXuP4JPp/dfl2+48TMcBzL2tPc7jNFIx6+1IzV++J31Pn3oKW6038aTNG78qshsQ9x601j70UhJ7GgTYMeaSl70jHHNBIjNTc5+lDN60nbiqSE2HrTfSj9KKpEtgxFNbvSlhTCc00S2B7000Nzmkz9aZLYrc189/tVTbr3wxb/3YLyT83jH9K+g/5181/tRXHmeLtEtf+eOls5/4HM3/AMTXq5Ir46Hz/I8zN5WwkvkeQWcH2q+tLX/nvdQRfXdKg/rX6rqoVdvpivy98B2Zv/HnhmxxkXGtWEZ/8CEJ/QV+oTNhfq39a5eOpfvqEfJ/me3wBH9zXl5x/Jnjeufsi/s6+ItWutc1T4a2h1C9unvLi5hu7mF5JnfeznZIASW56V7KuAuM1+S1/wDtNfH6x8RatNpPxc8RxQNqV4YYXmSaOOP7RJtVVkRsALgAegrZsP22P2mrDbu+I0N2o/hu9GtHz9SiKf1rwZ5HjKkU3JPtqe5DiDA0pO0Gu+iP1MmtoJl2zQpIPRlB/nSw21vbRLDbwpHGv3VRQoH0A4Ffmzp3/BQ34+2WFvdP8HaiBxmTTZomPvlJsfpXV6Z/wUq8dQlf7Z+FWg3XqbTVJ4P0eN65p5JjY/Zv8zrhn+Al9q3yPq74gfsz/BP4peIJPFXjjwTHqOrSwx273QvbmFjGmQi/u5FHGT27133hXw1o/g3w7pvhTw7am20vSLWKys4d7P5cMahVXcxLHAA5JJr5C0v/AIKX+F5Mf218JdctvU2mo28//oeyvrXwP4ss/Hng/RfGmnWtzbWmuWEOoQQ3KgSpHKgdQ4UkA4IzgmuXE4bFYeKjiE0uh2YTE4PEzlLDNOXWyDx5dCz8E6/eZwINLu5P++YXNfltbj/Ros9o1/kK/TP4zXQsfhL4zuj/AAaDfH8TA4/rX5oBdsax/wB1cfpX3nAkf3VaXnH8mfAcfyvWox/uy/NH2X+wzbhPA3iS87y62I/rst4v8TX0vXz/APsU2vk/CS6uNuPtWuXcmfXasaf+y19AV8dn8ufM6z/vP8D7Th2HJldBf3UFFFFeQe0FFFFABRRRQB4n+2BZfavgjqVxt/48r6xuPoBOqk/k1fBTLu+X1+X+lfor+0lp51P4H+MbcDJj017ofWJlk/8AZK/Os435HTdX6jwPU5sDUh2l+iPyjjqHLj6c+8f1Z+k/wPv/AO0vhD4MvN2S+h2an6rEqn9VryT/AIKA6f8AbP2ebm6C5+wa1ptwfYGbyyf/ACJXc/sr6h9v+BPhj5stax3Fo3sY7iRf5AV2HxQ+HPh/4seCdR8BeKvtf9mal5XnfZZvKlHlyrIu1wDj5kH4Zr8/rP6nmMm/szf4M/Q6MfruWRit5QX4o/LX4P8A7SHxL+Bun6lpfgRtG+z6pdJd3Av7Jpz5ioE+UiRcAgDP0r0df+Chf7QS/wDLn4MP/cJm/wDkivpJf+Cev7PuOR4qbvzrkn/xNK3/AAT0/Z9P3V8Up9Nbf+q161TMcsrT5507t+X/AATxKWV5tQiqdOrZLz/4B85x/wDBRL4+LjdpPglv+4bcD+VxUq/8FGPjqv8ArPDfgd/+3K6X/wBrmvoFv+Cd3wFb/V3vi9PprA/rHVab/gnL8D2/1fiDxpH9NSib+cNR9ayd/wDLt/18zT6nnS/5er7/APgHwfJ43bVPixH8StUt4LGS58SQa9dx2qu0cJ+1JLJsBJYjhiB15xX66eF/GnhH4keFE8R+D9etdW0jUI3CXVu+VGcgqwPKMO6sAR3FfnT+1B+yfqXwd1zSpvh3pnijxD4fv7N2nuGtTdyWtyj8q5gjG1WRlK5H8Lc18/293q2nw3en2V5qdnHeYS7toXnhFwAeBIi43YPZhXbiMJRzanTqUZ2t+R52GxtfJqlSlXhzc2/qetNayWMj2Mi4ktZHt2HX5kcqeR/u16Z8AbryfF9/Zt/y86axA9THIjfyJrxnwqwbw9Y4+XbGVxjB4Yjoa9M+Dt59l+ImlAnAuVntj77omx+qiv0bEL2mBf8AhPzaL5MV8z6bDVJmq6k9amU8elfE2PoUyUNjuKlUmoFapalmqJVbj6VKtQK1TentUM0TJKepqJaepqWWiYdzTlOMVEtPzUs0TJhS0wU7dUMoeD6UqmmA9qdn9KRaJKXNMWuZ8Q64WLafZycdJZB/6CP614HEXEGF4cwUsXin6LrJ9l+p2YXDTxdRQgN8Qa59qY2Fm37gffb++fT6Vhd8ik9PQUp+tfydnmeYriHGSxmKer2XRLol/Wp9zhsNHC0/ZwClpMmlrxzoFCszCONCzsQqqBksTwAPqcCvoP4eeEU8K6Isdwqm/usSXTejdkB9AP1zXA/CHwidQvj4mvov3Fo2y2Vh9+Xu/wBF/n9K9A+JHj/w98L/AATqvjjxRceTp2k25mkC/flfokSDu7sQoHqwr9k8O+HZQh/aVaPvS0guy7/Pp5A5KnFylokeL/tnftCN8I/A48K+Gb4R+LvE8Tw2jI3z2Fr92W6Po3JWPPVznkKa/MtVVFCr29Tk/ie9dL8SPiH4i+KvjfVPHviqUG/1SXcIlbKWsK8RQJ/souB7nc3VjXOV/SGWYFYGio/ae5+Z5vmMsxxDl9lbf5h/Kg0n1pa9I8gO9X/D+g6l4q8QaZ4Y0WMvqGs3sOn2o9JZXCgn2Gdx9lNZ+a+nf+Cfvw4/4Sz4vXfji+h32Xg2z3xlhwb64DJH+KxiVvbctc2Lr/VcPKr2X4nXgMO8XiYUe7/DqfoX4H8KaX4F8I6P4N0WIR2Oi2MNjAMdVjULuPucEn3JrdpFx07Utfm7bk7s/WYxUUox2RynxT8YQ/D/AOHfiPxrOygaLplxeICfvSKh2L+L7R+NfjwXuJd095IZLiYmSZz1aRjuYn6sSa/Vz9pf4c+Mvix8K77wL4KvtNtbnULq2a4bUJJI42t45BIyBkViCSqjpjGa+D/EP7Gf7RWh7mHgWDVYk536XqUM2fojlH/SvuuD8Tg8JTqOtUUZya3dtF/w5+b8c4PHY6tTVGnKVOKeqV9X/wAA8Torc8R+BPHHg9mXxV4L13RgOrX2nTRJ/wB9ldn5GsFJFm+aFlcDurZ/lX31OpCorwafpqfmNWjUpO1SLXqrfmObO0hTg9q96/Zz+Nvwf+DPihvFGrfDfxC+pS2hs2vYNUjvEhViDI0cMiRldxUZ+ZiBwK8EpaxxmDp46k6NW9n2djoy/MK2XVlXo2uu6ufTf7WvxY8G/HuPw5rfgXxhpwtdBtrs3Wk6o7WF95sjRndGkq7JflTGFbPPGc1w/wCyb4D8E/Eb4y2/h/x9DDc6bBpt1fR2c0m1LqaMoFRsEZUKzuVzzs54BrxzqMdu9WdL1TUND1O01rSLpra+sZRNbzLglWHqDwQRkFTwQSDwa44ZX9WwEsFhptaOz6q53VM4+tZjHMMVTTd1zLo7HsH7WHhv4V6F8U4NB+CcNpsezRL220+fzrZL95CsaR4JCsQV3KDgZHGc19u+NNTs/wBnX9mWaO1kWObw74fi0yzweXvGQRIR7mVix+hr4U8AfEr4K+F/Flh4y1T4I6kt/p04u0tdL17/AIl32kHIkW3mTcgDfME8xlBxgcCrP7Qv7TXin49XVrYSaeui+HNPl8+201JvNeWbBAmmkwAzAEhVAwuT1PNeDiMrxeOlh8LNP2dPWUpNa/c36H0uFznB5dDFYyEo+0q6RjFP3dPRep41GjIixkliBgsTnce5/Hr+NfZ//BPP4bia+8Q/FrULf5YR/Yemsw/i+V7lx/5DTPswr4zWOaa4itbWMy3M8iw28K/emlYhVRR1JLEDHvX6s+CtH0f9nL4A2trqTKIPCmjyXmoOCP3twFMsxB7lpWIH1FdPFuM9jhI4Wn8VR2t5f1ocnBOA+sY2WNq/DSV7+f8AwNz46/by+JH/AAlfxYt/BNhcb9P8H2vlyqDwb6cBpD7lY/LX2JcV801b1rWtT8Taxf8AiPWpfM1DVbqW+umz/wAtZWLt+ALYHsBVSvey3BrAYWnh10X49fxPm83x0syxtTEy+09PTp+AvNenfs//AA90L4ueOo/hnrFneW8uqW9xPb6xZTESWLRR7v3kTZjliJGCCFYFhhq8wr7x/wCCf3wtGj+E9R+Leq22LvxExsdM3LytjE53OP8ArpKD9ViQ964+IMasBgJVE7SekfX/AIB3cL5c8yzGFNq8VrL0/wCCfOPxY/ZN+MXwpknupNBfxFosWWGp6QjShUHOZYOZI+Bk4DKP71cX8GSP+FveBT/1Munf+lCV61+2R8ddS8dfFKTwz4Y1u7ttC8IyPZxtaXLxC4vek8xKEZCn90vJ+65/iryf4PySSfGTwPJJIzO3ibTWZmbJY/aEySazwtTGVsrlUxluZxb0Vuj3N8ZSwNDOI0sDfljNLV315lt5H6T/ALVn/Ju/j/8A7As3/oS1+U1fq1+1Uf8AjHjx/wBv+JLN/wChLX5SnrXk8E/7pU/xfoj2vEP/AH2l/g/Vml4dvND0/VorzxJ4fm1qwjB32MWpNYmU8YzKiMwHXhQCfUV9z/sm+Mv2ePiFZ6h4Z0n4N6F4V1nS4vtUkF0sd8bm3J2mVbmVd74YgMHwRuXqDXwPXXfCvxJp3hnx3p11ruDoWoCTR9aQkgPp92hgnzj+6HEn1jFezneWLH4eTjJqaWlm+nlsfP8ADub/ANm4qPNGLg3rdJvXz3Prr4+/sLafqn2nxX8E1h06+5lm8PuwS1nPU/Z2P+pY9lP7s9ttfMureH9QvvhLcafq2n3Nj4i+Feqm0v7O5iMU0ekX8hdGZTz+6u9wz02zg5xivXfg/wDtY+OPgV4iuvhL8ZDd6/pGhXcmmNeAmS+sfLbarAnmeErtYA/OFYYLDivri68NfCH47+HbnxJpraZrEWuaPc6L/bFkR5ptZgN8TMOflYKwR+VZc4Br5V5jmGT+zp4z34Jpxn5dVfzT66o+1WVZZnntKmBfJUaalB9+9vJ9Vp6HyV8OfhrZ+N/2H/F0PhSNJdfk1aW/1KNBlrn7HIrrbMByR5I3Kv8Aeb3rtvCOraF8eP2HNW03xFPFLqfg3TZ4vtMjfPDcWcfmWs+TyN0XlgnvlxXzz8P/AIofEj9k/wCImv8Ah21W3vEs7x7HVtOu9ywXZiJCTqw5jYoQwYZyrYIOBjsfD/h/4rfG611rw78FvhIPAfhfxhfDUPEGoXF5O1tdMMlUSSRVxCMk+VAjZJ5bbxXfjcLUUnVqSSg5qpGd1onun122tc87L8bTcI0KcG6ipulKnZ62+GS6b73sfN6tuUNtIyM49M17H+yL42bwP8fvDczSFLPXWfQbrngi4x5RP0mWP865344fB69+CfjKPwnd+ItO1nzbOO5E1qQrI54eN4txaMhvu7vvKQeua5bwx4kfwpqEes2Wi6Zd6lbSxz2VxfxvMtrIhyHWIMqOwOCC4YAgcV9LiFTzPAy9n70Zx0Pj8K6mUZhB1fdlTkr9dvQ+3/2+PhLq3izRfDvxB8L6Ld6lf6PM+nX0FnbtNM9rMdyMFUEkJIvPoJCa+DLi3ubO4ls7u3lt54WMckUqFHRh1VgeQR711Piz4ufFLx1I8ni74h6/qSy8tC160UH4QxbYwP8AgNcjx26VhkmAxGW4VYevNSttY6eIszw2a4x4nDwcb73626i0tJS5r1zwgooGc/LT7WGa/uVs7G3lurljgQ28bSyn/gCAt+lJvl1exUYuTtHUaa9q/Y98b/8ACEfHzQPOm8uz8QLLodzzxmUBoSf+2qIP+BGsXwv+zB8fPGSpNpfwx1S2gkGRNqeyxTHr+9If8lr2Hwj/AME+/iyt7Z6trHj7w9oM9pNFdQm0hmvZIpI2DqefLXIZR0OK8DNcyy6WHnh6tWPvJrv+R9LkmUZpDFU8VRoytFp9vzt0Pv5G3DNOqK38xY0EzBnC/MQMAnuQO3NS59K/Ij91R4N+2l8MG+I3wN1eSxtfN1Xw0RrlgFHzMYQfOjHf5oTIMeu2vyyjZXUOjZRgCp9jyK/cOVEkjKSKGVhgqeQQetfj58fPhpJ8I/i94j8DpGUsLe6+1aZ6NYz5eED125aP6x19Vw5ibqWHl6r9T4virCWlDFR66P8AQ4HNJ3oor6c+PCtHw/4h1rwnr+neKPDd+1jqulXCXdncL/BIp4yO6kZVl7qSO9Z9FDSkuWWw4ycWpR3P18+Anxl0X44fDyx8Z6WEguj/AKPqdluy1leKB5kZ/wBk5DKe6spqz8VPB7a5pX9sWMeb/T1LYXrLF1ZPqOo/H1r81f2Y/jxd/Aj4ixatdzSP4a1fZa67brziLPyXKju8RJPqULj0r9XLG+tNTsoL6xuYri2uY1mhmiYMkiMMqykcEEEEEV+Y8T5BTrU54Sqv3c1o+3/BR+mZNmUcxw938a3/AMz5bVh94HINL0rs/ih4Q/4RvWvt1lHt0/UGZ0x0jl6sn0PUfj6Vxma/lbMsvrZXip4WvvF/euj+Z6od880H3HFHSjNcIjrvCviT7mlahJ04t5WPX/YP9K6yvJT+QrtfDPiJr4DT76T/AEpB+7c/8tR/8UK/ePDnjj6wo5RmMveWkJPr/dfn2PnczwHJ++p/M6Nmo3U0tRmv2k8EGpM01mzQWppCbF3YprGjdTaEJsKDSUm6qJDP5UhyKM0xmp2JchxamFuaaWA9KTdTJuOPy02k3UE0yBWNfK/7Rt19o+Jjwqci0020hPsSHc/+h19VQwzXUggtoXllb7qr1NfHvxumM3xa8Tq2Cbe7W16/884kU/qDXucPRUsY+6T/AEPKzvmWFT6Nof8AAXTv7U+NHgyzK5A1Vbg/9so3k/8AZK/SQrlfwr8//wBkvTv7Q+OmjybQRYWd7eH2xF5Y/WWvunxd4w8N+A/Dd74s8Xaxb6XpOnIJLm6uCQiAkKOgJJJIAABJJAFeFxtP2mYQprpFfi2fW8DQVPLp1JdZP8EjyDUP2H/2ab5nk/4V29vJIzOWt9XvIzuYkk4EuOpJ6VwnjL9h39mPw1pU+va94m17w3p1uC0lzP4gVYk9szK2T7da5L4uf8FFLdPO0n4L+HDcPyv9taxEyRj/AGorYEO3sZCv+6a+Sde8TfFT47eLoo9Zvtc8Za7Oc29pHE0xjH/TKBBsiX3wAO5rgwmDxzXPVqOEfU68dj8ui+SjSU5eSMfxdbeHbHxXrNl4P1CfUNDtr6aPTLqfHmXFsrERyEgAfMBnoOCOK+mvhr+wzoXxX+H+keNvCvxygaS/tY3uoRpKTx2tztBkgJWVWBRsj5hnjPesO3/YB+Nj+A7vxRdTaXFrkQWa38OrNvnkj53q0+fLWXptQZU9Cw4rx/4a/FP4jfA3xbLqvhG+uNLvYJvI1LTLyJhFcFDhobmBsEMORnh17HtXrVKrxVPlwdX3o/ieLRorB1ebH0fdl+H9dj3nXP8Agm/8XreKf+w/HXhK/HlsI/PW5tWJIIGflkA/OvvvwHoDeFPBOgeF5CpbSNMtbFip4JiiVCR+K15v+z3+0x4K+PWksthjS/EdnGG1DRZpQ0kY6eZE3HmxE/xAZHRgDXstfK47E4qq1SxW8T7LLsJg6KdbCbS8zzH9pe8ax+BfjKVeDJpxt/8Av46p/wCzV+dzfeP1Nfef7YGoCz+COpW+7H2++sbYe/8ApCuf0Q18FZ2/N2X5q/QuBocuBnPvL8kj8747qc2PhHtD82z7+/ZLs/svwL0CQrhruS8uvrvuZMfoBXsdcD8BtObS/g34Ns2GCNGtpGHu6bz/AOhV31fnWY1Pa4yrU7yf5n6TllP2WCpQ7Rj+QUUUVxncLSUUUAFFFFAHPfELTP7a8C+IdJ27vtulXcGPXdCwH86/LuHc0Mbd9gz9cV+sUyLJG0bdGUqfxr8rNa019H1vUtHkzv0++ubRvrHKyf0r9D4Dq/xqf+F/mfm/H9L+BV/xL8j7S/Yp1L7X8Kb2wZubDXLqPHoJFjlH/oZr3HxIdSXw/qR0eYQ34s5vssmwNtm8s7G2ng4bBwetfMf7CmqZt/GOhtJ/q57O9Vf99HjY/wDkNa+rHG5eeRXy3ENP2Oa1l/ev9+p9Xw5U9tlNF/3bfdofnp4D/wCCjnxG0+GCH4geB9H1yMIBJcabI9jPnuSjb4yc54G0fSvoXwP+3b8APFvl2+qa/eeFrt8DytctTEmfadN0WPqwrx3x5/wTgvxJc3/w6+I0LmSSSWOx1m02gBmLbRPDyAM4yUNfOPjv9mv46fDnzJPE3w61SSzjBLX2mr9vt9o/iLRZZR/vKtdqwuV41fu5cr+78GebLF5tl8n7WPNH7/xR+tGi6/oviKxj1LQtWstStJRlLizuFmjb6MhINaG5T0NfiX4b8Va/4Q1E3/g3xLqOh3yH53027e2cH/aVSM/RhXvvgX9vT47eE9lv4huNL8X2i4BGo2/kXOPaaEAE+7Ia563D9aGtGSkvuOrD8TUZ+7Wi4v70fpuy/hUMlrbyA+ZDGx91B/mK+W/An/BQ34Q695dr420vWPCVy3DSSxfbLQH/AK6xDeB/vIK+jvCPjjwf4+0xdZ8GeJtM1uyPBmsblZVU9cNtOVPscGvHrYWvhv4kWj26GLw+L/hST/rsfCf7VWjrpPxy13yoljjvobS8UKMD5oQhPH+1Ga868K340rxPo+p5wLa/gkb/AHd4B/Qmvev24dFa18e+HteVMJqGkyWpOOrwS7v5TV83tuEZK/eAyv1HI/XFfsWQ1PrWU0r/AMtvu0PxbiCl9XzWtFfzX+/U+y9u1ivoSKkFZ+j6guqaXZ6mrZW8topx/wACQE/rmtD618zJWdjui76jxw30qYVWU1MKhmkWSr+NSqeRUH8ql9qlmiZMtPX3zUY7GlXpUGiJ1pRUatThUstEo9qev5VEKeKhotMkH3qdUY7deP1rK1zWfsa/ZbVx57D5j12D/GvKznN8LkeDljMXK0Y/e32Xmzpw1CeJqKnTIvEGtG3U2dnJ+9PEjj+Eeg965rGMAdKXHrn15or+TOJ+JcVxPjXicRpFaRj0iu3r3Z93gsHDB0+WO4gpaPrRXzljsD+dafh3QbvxNrEGj2eVMp3SSY/1cY+835dPcisw8ep+nU/T1r334aeD18M6P9qvIwNRvgJJs9UX+GP8M8+5NfT8K5DLPcYoS/hx1k/Lt8xrU6XTdPs9H0+DTrGMRw26BEX2H+c1+a/7an7Qf/C2vG48E+Gb7zPCfha4ZfMjb5NQ1AZWSfPRkj+ZE9T5jdCtfSn7cHx9b4b+DE+HfhjUDF4m8UwusksbYew085WSYf3Xc5jQ/wC+w+7X5txoqKsaKFUADHp2Ff1nw7lcacFXcbRWkUfIcSZp/wAwdJ/4v8h4xR/Oj9aK+rPjQopKWmISvZfgd+1R46+Aui3Xh/wt4Z8NX9nfXhvrlr2GZbiSQqqgeZG+MBVAA28V43RWVahTxEPZ1VdG2HxFTC1PaUXZn3F4f/4KWW3yJ4s+Ed1HjG+XS9VSb8QkyIf/AB6vUfDf7fv7PGt7V1XWNZ8OyN21TSpNoP8Avw71/M1+ZlIpI6EivKqZDg6nwpr0f+Z7VLiXHU/ial6r/I/ZDwn8ZPhT482jwf8AEXw7q7v0htdRiaX8UzuH4iuyzG3LfnX4dS28MxDTQxuR0ZlGfz612fhX4vfFbwPsXwj8S/Eulxx8rBHqMkkH/fqXcmPwrz6vDT/5dVPvPTo8Vr/l9T+5n7ISwxzKY5FDqwwVYZB/A8V574v/AGefgr483t4k+GuhzzPy1xDbC3n+vmRbX/Wvhfwj/wAFAPjz4fMcPiKPw/4pgGNzXVmbO4Ye0kB2Z+sde4eD/wDgpB8N9SZIfHXgvXvD0hwGmtdmoW49SSm2UD/gBrglleYYN81NP/t1npRzjK8cuWrb0ki34v8A+CePw71TfL4L8Ya7oEpyViuNt9APbD7ZMf8AA68K8afsJ/HLwzvuNBh0jxTbJlv9AufIuCP+uM2Bn2VzX3L4E/aA+DPxL2R+C/iNomo3D/8ALobkQ3I9jDJtkH5V3+5e+K6cPxJmmCfLOV/KS/pnJiOFMnx65qceXzi/+HR+M3iTwv4l8G3v9m+LvDup6HdZx5eoWrwFv90sAG+oJrN29K/aDVtD0fX7J9N1vTLXULSQYeC6hWaNh7qwIrwbx/8AsO/BPxgslxoWm3PhO+fJEukyYhJ/2rd8x49lC/WvpMFxrRnaOKg4+a1X3HyeP8Pq8LywdRS8paP79j81u9JX0d8Rv2GfjF4MWS98MLaeMtPjy3+g/uLwKO5gkOGP+45PtXzzeWN5pt9NpupWdxZ3tuds1tcwtFNGfRkYBh+Ir6zCZhhcfHmw81L8/u3PiMdleMy2XLiqbj67ffsbPgzx54q+H2rRa14T1JLO5imSdfMtYbhC6fdJWRW5HPK4PPWvfvG37XC/Gz4W3nw08dQjwlfXs1vJLq+n28l5ZXCRyB2jlhB86IMVGSvmdK+YRS+9Z4rK8LjKka1SPvx1TNMHnOLwFOVCnL3JaOPRnpuj/s2fFrxZD9u8B6bo3i6xLY+2aJrdrLED1w6yOkkZ9nVTWj4r/Zn8b/DTwy3iz4sazofhe1cmK1s1uPt1/ez4yIooosJk92L4UcnivLdE1zWvDGqxa54b1i90nUYvuXdjO0Eo9tykZHscj2rc8U+PvEXxM8SWeufFDxRqeoPFElo11HDHJLBAP+ecRKR5J5PI3Hk84rOdPMFUV6kfZ9bR9706r5o2hWyuVF/u5e16Xl7vr0enZifC34d6t8WfiBo3gHSN6Pqk2LmdR/x62q8zTH/dTOP9plHev0Y/aE+IWm/s9/A2SDwtHHZXr28eg+H4Ex+6kKbVcD0jjVnPuo9a4j9iHwL8I9B0HVfE3gnx1b+LNdvdsF9M1o1nPYwA5SA27kvGCcksSQ5HBwBXzX+2L8Wj8UPi1caZptyX0Lwl5ml2eG+WW4DYuZh9XUID6R+9fL15PiHN40LNUqervp9/rt6H2OGjHhfI54m6darorO+nlbstfU8IVcfxFvUscknuSe5PU/Wuw+Dv/JX/AAOf+pl03/0oSuR+tdZ8Icj4teCG9PEmm/8ApQlfZ43/AHaol/K/yZ8Blzvi6d/5o/mj9Lf2qv8Ak3jx/wD9gWb/ANCWvyl/Sv1a/am/5N5+IH/YEn/mK/Kbv+NfK8E/7nU/xfoj7XxD/wB9pf4P/bmFNZVYFWXcrAhvcHg06vX/ANlnwf8ACvxz8Uv+Ea+LEx+y3Vk/9lwNdtbR3N5vUeWzqQS2wkquRkg9TxX1eLxMcJRlXkm1HtufEYHCyx2Ijh4NJyfXRGJ8RzJ4t8E+Dvil9+9aE+FNekGctfWSA20zH+9LaMnPcxGqPwp+Mnjz4Na9/b3gjVjEkzA32nz5a0vQO0if3sdHXDD1xxXWfFzRdD+EC+PPhfpmrWl9b6zr9hPpdpHffaprC2tfOZpp2GRHI3miJUJ3lQxIwBnx0jvXFgYUsXhXTlG9NvRNdHqvuvb5HpZhWq4HGKpTly1Elez+0tPxtf5nrH7QnxA8I/FLxbonxY8Lxmw1TUrWOPXdJl+d7W9tmUJJuxtkjdCoDDrswQDxU/j/APay+OnxAjexuPF39h6c67fsehx/ZAV9DLkyn6BgPavIKMVtDK8NCMISipcnw31suxz1c4xlSdScJuPP8VtLvuG35mk5LOdzsTlmPqSeSfc07FJ0+lTWNjfarfw6VpVjc319cHbFa2sLTTSH0VEBY/lXc3GEbvRI81RlUlZatkNIe5OABySe1fRHw3/Yb+MvjYw3niaO08HadJgsdQPm3jL6rAhwp/32X6V9S/Dv9iP4I+CTFeavpM3i3UY8Hz9ZYSRBu5W3UCMf8CDH3r57HcUZfg/dUueXaP8AnsfU5dwbmWPtKUfZx7y/y3Pzz8G/D7xz8RLr7J4E8I6trr7trSWduWhQ/wC1M2I1/Fq+g/BH/BPn4oa75dx438R6T4YhPLQwA310B6fKVjU/8Cav0Cs9PsdNtY7GwtYba2iULHDDGI0UegVcACnXd9Z6fbPeXtzDbW8QLSSyuERQOpLHAFfJYzjHGV3y4eKgvvf9fI+4wHAeAwy5sTJzf3L+vmfP3gr9hX4F+GSlxrenaj4puUGd+rXR8rPtDFsTHswavctA8I+GfClmLDwx4f07SbcDAisbVIF/JAK8m8b/ALZ37PPgdpLabx9BrV5H1tdDja+fPpvj/dr+LCvBPGX/AAUovpPMt/h38MUjXnZda7e5PsTBB/IyV5MqOZ5k+apzS9Xp+J7ka2T5SuWlyxt/Ktfw1Puk+WPTP61U1PVtN0e2e91S/trO2jGXmuJliRfqzEAV+WPi79sP9ozxhvjm+Ikmi20n/LvodpHaAfSQh5f/AB+vIta1bWPEl0b3xNrWo61cNyZdSvJbp/zkY11UuG60tas0vTU4q/FdCOlGDfrofqr4o/a9/Z18JSPDqHxT0i6nTOYdL33759P3CsAfqa8o8Sf8FIvhfYq6eFfBHijWpFJw0yQ2UTenLuX/APHK/PVVC/LGAFHZeB+lOxXpU+HsLH4m3+B5VXijGT+BKP4n1r4h/wCCkXxMvmZfC3w88NaVGejX1zPfOPwXylzXz18VPi544+M/iC38TePLnT5r61tvscTWdktuqw7y4UgElsFjgk55NcfSV6WHy/D4WXNSjZ9zysTmeKxkeWtO67BS0UV1nniUtFFMBCOc19xfsC/tAtJH/wAKJ8WX+XgR5vDU0jcvEMtJZ5PUpy6D+7uH8Ar4eqfTdS1HRtStNY0e+msr6wmS6tbmI4eGZDuR1PqCPxGR0NcmOwccdRdOW/R9md2XY6eX11Vjt1XdH7S+JNBs/E2j3Gl3Ywsq/I/eNx91h7g/1r5w1LTrzSb+40y/j2T2shjkX36gj2IwR9a9J/Zq+O2nfHf4dwa83k2+u2DCz1uyRv8AU3IGd6g8+XIPnQ+5HVTWp8XPB/8AaFj/AMJLYx5urFMXCr1khHJP1Xr9M1/PfiBwxLF0Xiacf3tPfzX9ao/UaVaGIpKrTd0zxj3o96P9rPWj86/CCwpwZlZWRirKcqw6g+tNpacZOD5o6NA1fRneeH9fj1aIxTELdRj5x/fH94f1rY3V5dDPNbSpcW8hSWM7lYdq73R9ah1a180YWVeJI89Pcexr+j/D7jiOd0ll+Ol+/js/50v17nymZYD6u/aU17r/AANImkptG7mv1Kx47Y4tTaSkqrCFzSMaY1JnjvTSIbFamsfSkY/lTN1VYiTBjTS2fakZttRs/f1/WqM7j92au6Pouoa5c+RYp8in95K33E/xPsK2PD3ge61Lbd6pvt7Y8iPpJIP/AGUfrXoNrZ2thbpbWsKRRRj5VUYry8XmUaXuUtWe7l2SVMRapX0j26soaL4esdFhCwpvlbG+ZvvN/gPavzQ8bar/AG9408Q60vIvtXvbhT/stM+39AK+8Pid8ZrHw7pt/D4eaO6uraCV5LgnMUJVSeP7zfoP0r89IwyxqCcnbyfevS8O8dRzOviatGfNycsW+l3d2v8AJHk8dzp0YUcLT0Wr/JH0T+xDpbXPxI13V9p22GiiHPo0064/SE16Z+3RpfifxN8H7Lwb4P0HUNY1PXPEFjClrZQNI+yPfMzNjhVBjXLMQoyMmsj9hPRzHoHizxCy/wDH3qEFkp9RDFvP6zV1n7V/7Q2sfs/aF4dvtB0XT9UvNa1CS3aC9kkjUQRxF3YFOQ2Sg5BHzVzZ7VnXzyXsldppL5I9vIaVOhkEfauykm2/V/5Hzz8Jv+Cd/iLVvK1b4yeIl0i3yGOj6TIslyw9JLgjYnuEDH/aFfZ3w5+E/wAP/hTpA0XwD4XstIt2wZWhXdLO396WVsvIfdia+VfDv/BSrSJGWPxZ8J9Qt1/ik0vU47j8dkyxn8M16h4d/bz/AGddaAF/4k1LQpG/g1TS5kA+rxh0/WvPx0Myru9aLt5bfgehl9TKqC/cSV+73/E+iWQYNfP/AO0t+yb4Y+OFrJ4h0eSDRPGUEe2HUNn7q8C/diuVHLDsJB8y+4+WvTPDPxo+E3jQKPCvxK8M6o7dI7bU4Wk/743bh+Irstysu/dkevavLp1KuFqKcbpo9arTo4ym6crSiz8bYdB+Jnwv+LGn+G4477w742sNTt7ezCtiQSyyKisjDiWJw3XlWUkHuB+ycStsAY5I6n1rI1fwf4V17UdP1bXPDumahfaTMJ7C5ubSOWW1kH8UTsNyH3BrZ/GurH4/6/yycbNLXzOTLMt/s7nUZXTenkfNP7cmrCHwT4c0UNhr3WDcEeqwwP8A+zOtfGUys0Mir95lKr9TwP1NfTn7dGqLN4r8J6Krk/ZdPurpl95ZEUf+ijXz/wCC9JGueMvD2ilcrf6tZwMPVWmTd+ma/TeF4/VsnjUf96X9fcfl/FUvrWdSpr+7H8v8z9NfDenrpPh/TdLXgWdnDB/3wir/AErTpqjjvinV+RylzNyP2KEeSKj2CiiikUFFFFABRRRQAjd6/Nr486OdD+M3jHT9u1W1Rrpf92ZVlH6ua/SavhH9snQzpfxkGpKnyaxpNvcbsdXjZ4m/QJ+dfX8F1vZ5g6f80X+FmfGccUPaZfGp/LJfjp/kT/sW619g+LF5pbSbU1XRZVUf3pIZEcf+Os9fc2fevzd/Z/11fDvxn8I6jI21H1D7FIf9m4jaIZ/4EyV+kC0uNaPs8yVT+aKf3aFcEV/aZa6f8sn+OorH5a8u+NX7RHwz+Bumibxdqxk1SeMtZ6PZYkvbn0ITOETPV3IUY6k8V5h+2/8AH74g/BrR9B0fwHHb2cvicXSPrDr5klp5PlkrEhG3ewcnc2QApwM8j862bX/FviDdI2pa7rusT9T5l1eXsp/N3b+XsK8zLco+tw9tVdoHoZrnf1OTw9GN5/1953nxy+PXiT45eIP7U1TRdJ0bT4pC9rZWVtGZB1Aaa42iSV8H1Cei96yfhX8GfiJ8adYfR/AGhm7WBsXd/O3lWVnn/nrLg4b0RQze2Oa+l/gX/wAE/dU1Y2/iT45XT2FocSJ4es5v38g9LmdThB6pHk+rDkV9xeF/Cvh3wbolr4d8KaNZ6VpdmmyC1tYhHGg+g7nuTyTya9DEZvRwcPY4RXa69P8AgnmYTI6+On7fGuyfTq/8j8ovH37MPx3+GyyXXiD4e309hFktfaSwv4AB/EfK+dB/vIK9s/4Jv+MrOy8feMPBDXUHmazp8GpQpuAZpLZ2SQY67tkykg84X2r9BmHX+leBfEL4yfs++A/jR4X8PXui6Ve+ONRvlsGv7S1i87SVuFKBriYAFd5KqI8liGyQBzXDPNauPoyw8qd2+q8j0IZNRy7ERxMKlkuj8zN/be0H7d8PdG8RRxkto+rKkjekU6NGf/HxHXxb2zX6OftAeHW8VfBrxXpMK5mGntdwjGSZICJlx75jxX5xKysoZeQeR719twRiPa4GVL+WX56/nc+J45w3sswjWW04/iv+BY+l/g/qX9o/D3Stzbms1ks2/wC2bkD/AMdK12q9u1eQfs+ap5mm6zorNzbXEd2g/wBmRSrf+PIPzr15TWWPp+yxM4+f5nl4WfPSiyRTUgPFRK3HtTlPFcR1pkwapPb0qIN6U9TUmiZODTlNRKetSKfwqTRMlB/Sn7qjU07P61DLRKKfmogaq6lqSadBu4aRhiNPU+v0rgzDH4fK8NPF4qXLCKu3/XfodFGlOvNU4K7Y3WNWGnx+XDhriQfL/sD1NcqWLEszEk9z3pZJpJ5GmkYs7/eY96PSv5N4x4sxHFWM9pL3aUdIx7eb82fe5dgIYGnp8T3EFLRRmvkT0BKD7UUlAHoHwn8H/wBtal/wkGoR/wChWD/uQRxLMP6L1+pHpXtzY28Gvmaz8U+JNOtks9P1y9toI+Fijk2qvfpirH/CceMl6eKNR/GQH+Yr9L4c4wyzIcGsPGjJyesnpq/v2XQq6I/Hn7DPgb4keLtU8b+KviN4zuNV1WbzJGE1oI4kHCRRqYTtjRcKBntkkkk1y83/AATb+G78W3xI8Wxj/bSzf/2iK7FPiF43j+VfFN4f95Yz/NanX4oePI8D/hIt3+/axH/2UV9lR8XcPCKilUSXkv8AM82eUYGrJzlTTb/ruebzf8E1fDLZ+y/FzXVx/wA9NOtX/kBWddf8E0s5+xfGeUHt5+go357ZhXsUfxf8cRkbryxlA7PaD+hFX4vjd4qj/wBdp2lyfRZFP8zXoUvFzBvepNesUZPIsvl/y7/P/M+c73/gmv40j50/4s6HP7T6PNF/6DM1YV9/wTq+NUP/AB4+LvBd2P8AaluoD+sbV9dW/wAdrxf+Prw1E/8A1zuiP5rWhb/HbSW/4+9Bv4v+ubxv/MivUoeKWAq/8xC+cWv0MpcOZfLaLXzZ8Hal+wb+0hp/NvoPh/Usf8+mtKCfoJUSuX1P9k39pHSMtdfCLV5VXqbSe2uc/gkpP6V+llv8aPBU3+ukvrb/AK6WrH/0HNa1r8SPA97/AKrxHZKfSVjGf/HgK9rDeIOFrfBWpy+f/BMJ8LYOXwykvmfkVq3ww+KGg7m1z4aeLrBU+80+h3QUf8CCFf1rlZpo7aQw3Ugt37rMDGR+DAEV+3Frq+lXy7rPUracHp5Uytn8jUOpeH9C1qMx6to9jfRnqtxbJKD/AN9A17lHiqNRX5U/SRxz4Sj/AMu6v3o/E9GDruVgw9Qcj9KWv1u1/wDZf/Z/8Tbm1b4SeGg7f8tLWzFq/wBd0O05rznxF/wT3+AerbpNFXxHoDHoLLVWlQf8BuBIP1r0KfEWGl8UWvxOGpwti4/BKL+9H5rUflX214i/4Jp3ih5PB/xaDH+GHVtKHP1khcf+gV5V4m/YN/aL0Hc1ho2h+IYxzu0zVFRyP9y4WP8AIGu6nm2Dq7T+/Q86tkmOo702/TU+eJI45sGWJHK/dLLkj6HqPwr0HwP8fvjT8OPLXwf8TNat7aL7tndTfbbbHp5U+4Af7pWsfxN8K/ih4N3f8JZ8OfE2lIn3pbjTJTF/39QMn61ysc0MxKwyo5HUK2SPqOorrcaOJj71pL7zijKvhJe7eL+aPs7wD/wUg8S2TRWfxO+H9rqMYwGvtDm8iX3JgmJRj9JB9K+mfht+1f8AA34pPFZaB44tbTU5P+YbqoNldZ9FWTCyH/cLV+TWe3NJJHHMvlzIjr6MMj9a8vEZBhautP3X+B7OF4lxlHSpaa89z9wgQ3fr0rj/AIifCH4dfFTT/sHjrwrZaptXEVw6bbiH3jmXDp+B/Ovy4+G37Rvxm+E7RReEfHF42nRkf8SvUibyzI9AjndGP+ubLX1t8Lv+Ci3gvVvK034teH5/DV02FbUbENd2DHuzKB5sX/fLAf3q8KtlGMwUvaUXe3WO59DQzzAZhH2VdWv0lqjivi7+wJ4o0PztY+EesHXrNcsdJ1BljvEHpHLwkv0YKfcmvlLVNL1TQtSn0XXNLutN1C1bbPaXcLRTR/VGAI+vSv2N8MeMPC/jXSotc8JeINO1jTph8l1Y3CTRn2ypOD7HmsH4m/Bv4d/F3S/7N8c+Hbe+2KRb3a/u7q2J7xTLhl+mcHuDXr5ZxdiMM/Z41cy77S/4J4ObcDYXFr2uXy5Jdt4v9UfkMetJX0f8bP2JviF8OPP17wOZvFvh6PdIyxxj+0bVP9uJeJgB/FHz/sV84Blb5lIxkr9COoPoR6V+gYLH4fMKftMPJNfivVH5lmOWYrK6nssVHlf4P0ZqeHfE3iLwdrUHiTwrrl5pOp23+rurSUo+M8qezKe6sCp7iq2ralNrOqXmsXEFtDNfTPcSJaxeVEHY5YqgOFBYk4HGScVV/lRXV7OKn7S3vbX6nF7afIqV/d3t0ErrPhH/AMlY8E/9jJpv/pQlcnXV/Cc/8XW8Fn08R6b/AOlKVhjf93qf4X+R05f/AL3T/wAUfzR+mH7Uh/4x88f/APYEuP6V+Uh6n6mv1b/ak5/Z7+IH/YEuP6V+Uh7/AFNfK8E/7nU/xfoj7XxD/wB9pf4P/bmH5UMqsu11DA9jSikr7Pc/PhqxxxrtjjVV9FGKdS1p+GfC/iTxprMPh3wjoN7rGpz8ra2kRdsf3mPRF9WYgD1qZSjTjzSdkvuNIU51pcsFdvpuzL9q3fBvgXxl8RNW/sPwN4Zv9bvQQHS1jysWe8shwkQ92YV9f/B39gCzRYNc+NWp/aZeHGh6bMVhXvtnnGGf3VNo92r678N+F/DXg7SodD8K6HY6VYQDEdrZwLFGPfao5PueTXx+ZcY0MPeng1zy79P+CfeZRwJicUlUxz5I9vtf5I+Nvhf/AME9by48rVPi94p8hThm0nRX+Yf7Mlyw/AhFHs1fWngH4T/Dv4X2P9n+BfCen6QhGJJII8zS+8krZdz9TWH8UP2iPhD8H42j8beMrS3v9u6PTbbNxeyemIUywB9W2j3r5D+J3/BRXxtrTTaf8J/DNt4etDlV1HVFFzeMP7ywg+VGf94yfSvk6lXNc8lebfL90T7ajQyXh6NqaXN98v6+4+9tY1vRfDuny6tr2rWenWUA3S3N3OsUSD3dyAPzr55+IH7fHwP8ImSz8M3d94yvkyoXSIsWwb3uZNqEe6bq/O7xl438Z/ELUP7U8eeK9U8QXO7cp1C4aRIz/wBM4+I4x7KorE3fkOntXdhuHacda8rvyPPxXFNSemHjZd3ufTXjz/goH8avE7SW/g6y0fwfatna0Mf267A/66SgRg/SOvn/AMW+NvGnj64+1+OPF2s+IJM5H9o3zzIv+7GT5a/8BUVi4ZvuqT+FOs45tSulsdLgmvbljtENpE08hPptQFv0r2qODw+FXuRS/rufP18fisY/3k2/L/gDFUIu1VCqOgHAFLXqHhf9l39oTxltk0f4U6zDC/Im1Py7BMev79lb8lr1zwz/AME6fi9qZjk8TeLvDGhxN95IfOvpl/ACNP8Ax41FXMcLR0lNF0crxlf4Kb+635nynRyegyK/QDw//wAE2/h7a7W8UfEXxLqbDkrZxW9mh/8AHXbH/Aq9J0P9h39mvRtrSeAW1WRf49U1G4uM/VS+39K4KnEGEj8N38v8z0qXDONn8Vl8/wDI/LOS4gh/11xFH7NIB/M1e0vR9Z1yQRaHo2pak56LZWM05P8A37U1+wmg/Bj4R+Fwo8PfDPwvp5Xo0GlQK/8A31tyfzrrooYLeMRwxrEi9FQBQPyrjqcTRXw0/vZ3U+EpP+JV+5H5A6Z+z78ddaKf2f8AB/xc4f7rS6a1uPzlK4rrtN/Yu/aY1JVb/hW4slbveataR4+oWRj+lfqLea1oliu6+1SzhA7yzqv8zWLcfE7wHa5X/hILeUjtArSf+gg15GJ42p0P4k6cfVr/ADOyHCmFXxzk/uPz8sP+Cff7QV5g3Vx4PsB387VpZCP++ISP1rpLH/gm/wDE6Yg6l8RvCtqO/k2lzP8AzKV9lXHxr8Hwk+THqM+P7lvtB/76IrNuPjtpy5+y+Hbtx2Ms0afyzXg1/E3BU98TD5K/5JnTHhrAR3TfzPma1/4Jo6m2Df8AxogX1EHh4/oWuP6VqW//AATT0UY+1fGHVXH/AEy0iBP/AEJ2r3W4+O2oN/x6+G7dR/00u2b9AoqlL8bPFT/6nT9Ki+qSN/7MK8qr4sYGO2Ib9I/8A2jkGXL/AJd/i/8AM8st/wDgmz8PE/4+viZ4smPfy4rNP/aZrQi/4Jx/B+Pm48a+N5fpdWifygrt5vjB44k/1dxYQ5/uWv8AixqrJ8UfHkv/ADHgmf7ltGP5g151Txdwq+GdR/Jf5miyXL1/y6Rp/B/9kzwH8EPFL+LPBfirxYZZ7drW5tby/iktriM8rvQRjJVuVIIIyexIr25vL2FW5B457186yfETxvJ97xNcjP8AdWMfyWmP488aN/zNF+B/vKP5CvLr+KOCrSc6lOcn8v8AM76NClhoezoxsi58RPCf/CLa0WtV/wCJfelpLf0jPVo/wzx7VyuTjrWjqXibxBq0ItdU1i5u4AwcRykMAw6EHGQeazs1+Q5tWwuJxc62Di4wlrZ9H1+RbEpaDR7154BU9neT2Nwl1bSbXT8mHofaoKWtaGIq4SrGvRlyyi7pruTOCqR5ZbHoOm6nb6narcW/GfvITyh9DVvdXnmn6jNpt0txDjHRl7OPQ13FlfQX1stxbt8jdQeqn0Nf1BwPxnS4lw/sa+mIitV/Mv5l+q6Hx2Y4CWElzL4WWt1NZvyoJprNiv0BI8psC3HNNJpN1NLVdjNsUnjtUbNUkMNxeTC3tIXmlboqDJ/+tXXaL8PWYi41yQAdfs8R/wDQm/oKxrYmlhlebOnC4KvjZWpR+fQ5XTNJ1HWJ/I0+3L4+854RPqf6V3/h/wAE6fpG25vCLq7HIdh8qf7o/r1roLe1t7KFbe2hjiiT7qouBXJeMvihovhnfZW2L7UBx5MbfLGf9tug+gya+UzjiGlhKLq4iap0/wAX/n8j6zAZLRwlp1Pel+HyOn1TVtO0Wzkv9Su47a3j6vI2PwHqfYV4x44+KWoeIN+n6K0tlpx4ZvuzTj8Pur7dT39K5bxB4k1jxNefbdYvGlYE+XGvEcQ9FXt9etZhr8G4j45xGa3w+D9yl3+0/wDJHsNnIfFK++w+A9TVDta5WO0X/to4B/QH86+fv4uOlevfHTUNun6RpKsAZ55Lp1/2UXav6sfyrx6XzPKfyRl9pCj1boP1xX9MeBmWfUOFliJb1Zyl8l7q/wDSbn49xniPb5o6a+ykvn/TPvz9kfRf7J+CGj3Rj2Pq891qTcdQ8rKhP/AET9K+Vf8Ago14o/tL4reG/CcMwaLRNFa6kUfwzXUx6++yBT+Nfd/gPQF8K+CdD8MxqFGl6bbWhA/vJGqk/mDX5YftT+JpPGX7QXjnUrVvNMepf2Tagc5+zIsCgfWRW/Oqy+f1zM6mIfeT+9n2+ZR+p5TSw0e0V9yOm8B/sYfFz4kfDnSPiR4VvvDr22sQvPDY3d1LBcBBIyKd3lsh3bdw5HBFcD8RPgf8W/hLHHdfEDwXd6VaTTC3ivBNFNbySEFgiyRsRkhWOCB0NfrJ8N/CkPgfwD4c8GwBQmiaXa6eMdzFEqk/iQT+NfIP/BSzxOuzwL4Lhk+/LeavOg/2FWGMn/v5L+VaYLNsRiMUqTs4tvp0M8fkuGw+D9sm1JJdep8OSWyzRtNJaCSOLG+TySwjznGWwQvQ4yR0NdD4V+JnjzwmwbwX8RNf0pU/hsdWlEf0Kbin5rX3X/wTl8HR2fwr8ReLLqAbvEGtNAm5ch4LaMRjr1HmNL+VeV/8FFV8O6b468JeH9D0TTbK5XTbrUb2W1tY4pJvNlWOLeygFseVIRn1Nd0cwhXxjwbhddzz5ZZPD4JY1VLN9D139hX4v/Fz4sx+K3+IXiYaxYaJ9jt7OSSziim86QSNJueMDdhQnUd6+sSe/pXzR/wT98KnQfgFDrksYEviXVbvUc45MasII/wxDkf71fS79K+VzBweKmqaskz7HK1NYSm6ju2rnwJ+1zrB1X44albhgV0mws7EY7fKZT+s1Yv7NujjWvjf4Ut2UlLW4lvn46eTC7D/AMeK1znxS1z/AISb4l+KteWTet3rF15bf9M0cxx/+ORrXrP7E2kfbPijqmrMhKaXorBW9JJ5VUf+OxtX6niF/Z/D7j2ppfNr/Nn5Ph5f2jxCpdHUv8k/8kfcC/dFLRRX5Afs4UUUUAFLRSUAFFFLQAV8sft0aCZNH8K+KEjGLW7uNPlb2mjDrn8YT+dfU1eR/tUeHT4g+CfiAxxl5tLWLVI8dvIkVn/8c316uR4j6rmNGp/eS+/T9TyM+w/1rLa1Pry3+7X9D8/be8uNNuIdStGKz2ciXMRHaSNg6/qor9S/Dus23iLQdP16yYNb6laxXcRz/DIgYfzr8suFcd8Gvv39k3xD/bvwT0a3eTdNo8k+lyc9PKkOz/yGyV9rx1hb0aWIXR2+/X9D4bgPF8uIqYf+ZJ/d/wAOM/ac+ArftAeEdJ8N22sQ6TcadrEV8LySAylIdjpMqqCMsVfjJxkDNavwX/Z1+GnwP07yfCOk+bqc0YW71i8xJe3PsXxhE/2EAX2J5r1Clr87+sVfZex5vd7H6R9Vo+29vy+93EAxximySJGpZmAUAkknGB3NZvibxRoPg/Q7zxJ4m1e10zTNPjM1zdXEgSONR3JPc9ABySQBzX5w/tNftjeIPjE1z4N8ByXWi+C8mOY8x3erD1lxzHCe0Y5b+P8Au1vgsBVx0uWG3VnPj8xo5fDmqb9F3PV/2nP26I7FrzwD8Db+Ke6BaC+8SJh4oDyGS07SP1HmnKr/AA7jyPkX4b/Df4hfGLxkuheBbae+1d5ReXWoTyNstG3bvtNxMckHcM55diOAa47y8KiopRXU+WduAQCR8vYgEEcccEV+r37IeleEbL9n7wdqHhTRLXTxqemxXGoGFfnuL0DZNJIx5di6tyTwMAcAV9FiHTyXDL2MbuWlz5bCqpn2LbrSso62PXI7eS401bXUvLlkkhEdxtBCOSuHwDzgnNfl54j0KXwt4k1bwvMDv0jULixOe4jkYKfxXafxr9TyO3SvgP8Aa18Mnw98atQvo49sGvWcGpJx/Ht8qT9YwT/vVrwRivZ4ydB/bj+K/wCBcXHeF58HTxC+xK3yf/BOZ+CeqDT/ABwlkzYTU7WW3+rr+8X/ANBYfjX0OrcV8j6Pqcmi61YazHnNjcxz/UBvmH4rkV9axvG6rJE4ZHUMrDup5B/LFfVZ3S5a0andHwOXz9xx7E+7vxT1aos81Iprw2emmSqfepFqHvUi1JaZOp6U5WqJaVTg9alo0TsWVpR2qJTUdxdR2cbTTH5R0A/i9q5sRWp4anKtVdopXb7G1NSqS5Y7sff30NjbmaXknhE7sa5e4uJrqZp523O35D2FLcXUt5cGabqfur2UelRV/K/HfGlXifEewo3jh4PRfzP+Z/p2PvsqyyOChzS+Ji96Wm9DRu/2h+dfn1mz1x1FN3L/AH1H40eYm77y/wDfVNRk+gXXVi0d6N1Hzf3T+VWqFV7RYuePdBS0Yb+63/fJo5H8J/I1X1et/I/uYuePdB/Oj/Zx9aTcvr9aNy9Ny++aj2dT+VhzR7geKOnek3rn7y/nS7l4+Zfzpcsuw7oKWjj1ox+dS0+o9BPpTtzHuaTrS9+9DYDfLj3bti7vXbg/mKu2usaxYkfYdXv7cD/nncuo/LOKp596K0p1qtJ3hJr0bX5DOltPiV45s/lj8RSyAfwzxxyfqRn9a3LP43eJocLe6fp10v8As74mP45YfpXn/wCNJXsYfibN8L/CxEvm7/mGp7BY/HPTXYLqWg3kA/vQyJKP1wa6Kx+KPge/IUa5Hbuf4blWi/Vhj9a+fcUeor3sL4iZvQ/i8s15qz/CwXZ9SWt/Y38fmWd5BcIe8UgYY/CuQ8Y/BH4R+Pw//CYfDrw/qUj9Z5bFFm/CVQHH514VHmGQSQs0bjkNGSpH4it/TvHfjDTGH2XxFdMo/gmIlX/x4E19RgvFCmmvb0ZR84v/ADt+ZM4U6qtUV15mR4v/AOCeHwZ1nzJfCuqeIfDM7cqsN2LuBf8AgE4Y4+jivEPGX/BOv4taNvuPBvirw/4jhXlYpw+n3DfQHfGT9WWvq7TPjdrcG1dW0m0ul7tCzRN+RyP5V12m/GPwfegLeTXNg57TxEr/AN9LkV95lfiTg8T7sMRbynp+f+Z5lbIsBX15LPy0Pyv8Z/BH4wfD3zH8Z/DbXtPt4vv3S2pubYe/nQl0A+pFcKjpMN0MiuB1KnOPyr9tdP1nSNWj8zTdStrpD/zxlDfmBXC+Pf2c/gr8THkuPF3w70i5vJOt7DD9mus+vnRbXP4k191hOKqdZJzimu8WeJieFOuHqfJ/5o/J7wj4w8WfD/VhrvgbxJqOhX+RumsJzH5mO0icpIPZwRX1p8Jv+CiusaesOk/GbwyNQiGFOs6LGEmH+1LbE7W9zGw9krf8ff8ABN3SZvMuvhj8QLyxfGVstbiFzEfYTR7XUf7wevnHx9+yd8fvh35k+qeALrVbGPJN9obfbo8epRQJlH1SvRlWy3NFaTV/PRnnQoZtk7vBO3lqvuP02+H3xT+H/wAVNJGt+AfFVhrFsP8AWCCTEsDf3ZYmw8bezAV5l8eP2RfAPxfW417SY4/DfipgWGpWsI8u5bsLmIYEn++MOPU9K/MbQPEWveE9eTWvDOuX+i61ZNgXFnK0FxH6qw6kequMHuK+xPgz/wAFDNQsjb6D8cNJF1Fwn/CQaXBiRf8AauLYdfdov++K4JZXi8tqfWMDNu3bf/gnqQzjA5tT+q5jBK/fb/NM+bPiZ8K/HXwj8QHw7460drOZ8tbXKHfa3iD+KGXGG91OGGeRXJ1+vE9v8Lvj14FCs2k+K/DOqLuV4nEse7sysPmjkXPUYZT6GvhL9ob9jvxV8KDc+KfBH2rxD4TTMkgC773Tk6/vVA/exj/nooyB94fxV9Vk3FFPGNUMYuSp+D/yZ8Tn3BtXAp4jAvnpb+a/zXmfOddT8Kzs+KXgxvTxFpv/AKUpXK5VlDKwKsMhh0Irp/hg234meD29PEOmn/yZSvpsYv8AZ6n+F/kfI4DTFU/8UfzR+m37Uv8Ayb34/wD+wJP/ADFflJ3P1Nfq1+1N/wAm8/ED/sB3H9K/KZvvH6mvk+Cf90qf4v0R9v4h/wC+0v8AB/7cwpGdVUszBVHUngCtfwr4T8TeOfENr4V8I6Lcarqt2f3Vtbrzju7MfljQd3YgCvvj4AfsW+Ffh39l8V/Eb7L4h8SpiWKHbusbB+o8tGH71x/z0cf7oHWvczXOsNlMP3jvLpFb/wDAPm8m4exmdVLUlaC3k9v+Cz5z+BP7HPjv4rfZ/EHirz/C3heTDrNNF/pt4n/TGJvuKf8Ano49wrda++vhv8KvAfwm0NdB8D6DDYQnBnl+/PcuP45ZT80jfU4HQACuZ+MP7Svwp+CMJh8Ua39p1lk3Q6LYYmvZPQsmcRL/ALTlR1xnpXwj8Zv2z/i58V2uNJ0e8bwf4ekyv2LTJj9qmT/pvcjDHPdY9o7EtXwOIr5lxDK8/dp9un/BP07DYbKuF4Wh71Xq95f8A+2PjB+118Hfg/JPpN5rDa5r8OR/ZGkFZpY29Jnz5cPP95t3opr4q+LH7bHxo+IzTafouoL4M0aTK/ZdIkP2p19JLogP/wB+wn414j4W8J+JPGV8dH8EeGNT1y4DfNDplm85UnuxUbV9yxFfRXgL/gn78aPFHl3Pi690jwfaPgss8n228x7RRERr+Mn4V1UsDl+WLmryTl5/5HHVzDNM2vHDxaj5fqz5jwWkeb5mklbdI7Es7se7MeWPuSTUtlDNqV8mm6bbzXt3IdqW1rE00zH0CIC36V+kXgb/AIJ9/BDw2I5/FR1bxddLgt9vufItt3tBBtBHs7NXv/hfwP4O8E2Q0/wf4X0rRbYD/V6faRwA+52gZPuaitxFQp6UYt/gi8PwtiKnvV5qP4s/LvwZ+yL+0R448uSy+HdxpNrJ/wAvOuTLYqB67GzKf++K918H/wDBNnUZWjn+IHxPjiHWS10OxyfwnnJ/9F19oat408K6GxXU9ctIZB1jEm+T/vlcmuS1P44aHASukaXeXp/vSYgT9fm/SvkMy4+oYT+LXjDyWr/Vnt0OG8DR1qJyfm/8jivCP7Dn7O/hcpNd+EZ/EVyn/LbXLx7kE/8AXPiL/wAdr2bw/wCEfCvhO1Fj4X8OaZo9uOkVhZxwL+SAV5JqXxn8W3eUsY7KwQ9NieY/5tx+lctqHijxLq2V1LxBfzK3VPOKJ/3yuB+lfA5h4oYK/wC7U6n4L8dfwPYo4Whh/wCFBL0R9Fah4g0HSudT1iztiP8AntcKp/InNc5ffF3wTZZWG/lvWHa2hZh/30cL+teCLGin5UUe+KdivksV4l42pph6UY+t2/0Rvc9ZvvjtaKxXTfDtxIOzTzLH+gyaw7341eLbjctnaadZg9P3bSsPxJA/SuCNH8XrXz+J40zvEf8AL9x/wpL/AIIrs6G9+I3je+/1viS4Rf7sCpEP/HRn9ayLrVdVvs/btWvrjP8Az1upGH5E4qrS14dfM8bif41aT9ZMCPy41O5UXPrtFSfiaSl5rj5pMQn60Ud6O9IA70v0pM0bl/vCjUA5opu9P+ei/wDfQpfMjz/rF/OhRk9kF13FpaTcvrn86UeuG/75NX7Co/sv7hc8e4nT5qKdtbOdrY/3T/hRtk/55t/3yar6tW/kf3C5490Noo+bup49qXbIf+Wb/wDfJo+r1f5X9wc8e4lLSkNnlWH/AAE01sD73H1qfY1V9l/cHPHuFXNM1KbS5/MjXdG/Ekf94f4iqPmJ/eX86XevQOPzrqwWKxeXYiOKwrcZxd0yKkKdaLhPVM9EguoriJZ4XDI4+U0uayPBOi+Kb+fybHSZ2spD800o8uND/eDN1+gzXqWm/D+3j2yapdGdv+ecXyp+fU1/VnDXFMM5y2GKrwcJ7OLT37q/RnylXI8R7Zxpr3e5w8FvcXkwt7SGSaQ/wxrk/wD1q6nSfh/cTFZtWm8lTz5UfLH6t0H4V29tZ2tjEILWCOJB/Ci4qjrnirQfDkPmatqEUJIysecyN9FHJroxueqjTc5SUIrq2ephMgo0verPmf4FnT9L0/SofJsbZIV77erfU9TVTxD4s0HwxD5+sXyxFh8kS/NJJ/uqOTXmHiX4zapfK1v4bt/sMJ4+0TANKR7L0X8c151cXFxdTvdXVxLPNJy8krlmY+5Nfk+eeI2HoXp5evaT/mfw/wCb/I92MY048sVZHa+LPi1rWub7PSd2mWTcHa376Qe7Dhfov51ww+X7vFHSivyXMc0xebVfbYubk/wXotkIKDxzRSblVgZGwo5Y+gHJ/TNcMYubUY7sHors8E+MGpfbvGstqrZXToI7b/gRG9v1YflUPwd8NnxX8VPCegNGJI59VhmnUjgww/vnz7ER4/Gub1bUG1jVr7VG5N5cST/gzHH6Yr3X9ivwydU+J2oeIpY8xaFpZVW9Jrhtg/8AHEk/Ov8AQnA4SPDXCtPDx0dOkl/281r+LZ+KYaLzfPE39qd/kn/kj7N8Ra1Z+G/D+o+IL+QR2um2s17MzHAVI0LsfyFfkj8B9FuviZ8ePBlrfL5z6v4gTVr4+qo7Xc2fxTH41+vV5a2t9ay2N5bx3FvcRtFLDIgdJEYYZWU8EEHBBrhdB+Avwb8K+LYfHHhf4c6FpGt26Sxx3Vhb/ZyqyLtf5EIQ5HH3a/OsDjY4SFSLjrJWufrOYZfLG1KclKyi727nfoflz681+YX7enildd/aI1Oy8wGDw1pVnp3HZirXEn4/vlz9K/T9l+UrXyD8WP8Agn+vxI8ba944tvixdWtxr9695Pb3WlJMiBsDy0ZHRgAoCjIPTvVZRiKWFr+0rO2mhOdYati8OqVBXd9T2f8AZZ8LN4N/Z98DaNOmydtJjvpxjBEtyTO4PvmTH4V8A/treKj4j/aK8VSQSebFocVtpMI9DDEHdR/21lcV+pdhp8Ol6fbadapthtYkhjX0RFCgfkK/MKT4B/GrxJ+0Naz+M/hn4gsbTxD4xN5e3n2TzbVLZrozMxmjLIB5a4GSOwrqyirBYipiKj6P8TjzqjUeFpYamm9V+CP0W+DfhP8A4QX4V+EvCBj2PpOi2lrKP+mqxLvP4uWNbPjTXI/DPhTWPEEjAJplhcXZz/0zjZh+orXj+7mvHP2tPEX9hfBXVrVZNkutzQaXHjqRI4Mn/kNHrzcJSeMxUKf80l+LPWxdVYLBzqdIRf4I+AkMjRq8uS7jc+eu48n9Sa+wf2GdD8nw74o8SMn/AB+6hDZRt6rDHuP/AI9Kfyr5A6t7Zr9Av2UdCbRPgfoDSRlJdS8/Un9SJpWZD/3xtr9N4zr+xy32S+1JL7tf0Py7gqh7bM/av7Kb+/T9T1+iiivyc/XgopaKAEpaKSgAooooAWs/XtLt9c0a+0a6UGG/tpbWQequhU/zq/TXG5SO9NPlfMuhMoqcXF7M/KO5sbrTLibS7xSs9jLJazA9pI2KN+qmvqr9hjxF8vizwnJIfle21SFfZgYpP1RPzrx39pPwz/wi3xq8SWyRlYdRmTVIcjqs6Atj/toJK0f2UvFH/CL/ABo0qGSQJBrkE+lSZ6b2Aki/8fjA/wCBV+vZuv7UyN1Y7uKl91mz8byd/wBlZ7GnLpJx+/Q/QSuI+LXxh8EfBnwvJ4o8a6p5ERzHa2sQDXN7NjIihTPzN6noo5Ygc12ytkZ4r87/APgo54dvLL4qeF/E3mTPa6poclrGrOzJHLbzZfYCcJuWZCcddvNflmX4aOLxEaU3ZH6vmeLngsNKtTV2jxv49ftFeOPjxrX2zxDcf2doFnIZNP0WGY+Rb9cSStx5suOrnheQoA6+o/sv/sZ6v8U3tvHXxLt7nS/B5xLa2eTFc6svXPZooD/e4Zx93AO4/Nei6tdaDq1rrVnZ2NxcWcgmiS+tFuYd4+6Wjf5WweQDxkCvcrb9ur9pS3AVvFGiTAcfvNBiH/oLCvsMVh61OiqOCSiu58PhMTh6ld18e3J9v6/I7b/gof4N0rwr4s8AXGg6VbafpraHc6XDBbxCOOMW8yOqqo4GBMcfjXu3/BPrxJ/a3wDGjPJlvD+tX1jjPRHYXCfpMfyr4f8Ai9+0N8SPjlZ6VY/EA6LMujTSzWsllp7W8gMihXBPmMCCAOMDkCrPwZ/aU+JHwIsdU03wRFos1vq9wl1OupWsk22RE2ZTZImMqBnOegrkq5dXq5fGhL40zto5ph6OZSxMb+za7fofri3tXzJ+294W+1eFdA8ZW8f7zS75rKZgOfJnXjJ9BIiD/gVZP7JH7WnjD42eMtZ8G+PrPRLa5h09dQ01tOhki8xUk2Tqwd2yQHjIxjjdXvHxr8It44+FfiXw3FHvuLmweS1UD/l4ixJF/wCPov514uBlUyjMqcqmlmr+j3Pex6p51llSNHW6dvVan5rnuvYivpb4V6y2teB9Nkkk3TWimylP+1GcDP1XbXzSr+YiyYxuG7B7V638A9a8u81Xw5K3EyLfQg/3l+ST9Cp/Cv1vN6PtcPzLpqfi+CnyVuXue2L9afk59qhVs0+vkbHuIkVvSpVbP1qFT+dOBqGi07Fin81ErfnT1pGqZKpqvdaal9IrzXEgRRhUXAA9/epQ1P3c9a83McswubUfq+MjzQ3trZ+tjehiJ4eXNTdmVl0HT+rea/8A20x/Kpl0fTFH/Hpn/eZj/WrCmnZ615NLhHIqPwYSn/4Cn+Z2PMcTPeb+8iXS9NB4sYP++c/zqZbGxXhbOD/v2KcHp+72rvhkuXU/hoQX/bsf8ifrdZ/af3gtvbr92CJfpGv+FSqkY6Rp/wB8imgnml3V0QwWGh8NOK+SF7eo92/vH59GIqTc394/hUQbBp2ar2FNbRX3B7SXck3N/eb86fub+8fzqJWp+fzo9lD+VFKcu4/r15p21W+Xap+qg1HTvQce9Q8NRl8UV9xoqsl1HeTA3WGM/WNf8KT7LZt/y525/wC2S/4UZpVasJZfhZfFTj/4Cv8AI0Vea6v7xP7N01vv6fan/tioqNtD0WT72l2/PopH8jVkN604NXNUyXLqvx4eD/7dj/kaLE1l9p/eUW8N6E3/ADD1X/dkcf1pjeEtDb7sNwn+7Of61phs0/NcFThTJKvx4WH/AICjaONxEdpv7zDbwZpf/LK8vE/FW/pUDeB7Y58nVpx7NGp/ka6PNKDXmVvD/hyt8WFS9Lr8mbRzPEx+0cpJ4Guhkw6tA3+/Gw/kTVeTwXrS58trSX6Slf8A0IV2uaX15ry6/hbw/V+GEo+kn+tzaOb4lbs8/l8M6/DnOmO2P+ebK38jVKbT9RtyftGn3MfuYWx+eK9QpwdhwGI/GvDxHg/l8/4FecfVJ/5HTDOqq+KKZ5GZFXhmC/Xijdu6c163Iscw2yxxvn++gb+YqlN4f0O4z5uk2pPqI9p/NcV4WJ8HsXG/1fERfrFr8rnTDOo/aieZUV383gvQZf8AVx3EJ/6ZzcD8CDVObwDbnP2XVJk/66RKf5YNfPYrww4gw/wQjP0kv1sdMM1w899DjU3RSCaF2jkH3XRirD8RzXSaZ8RPGWkkCDW5J4x/yzulEo/M/N+tE3gTVo8/Z7q1lHoWKH9R/Ws+48L+ILb7+lysMdY2V/5GvJ/sPiTJZc0aNSHmrv8AI6YYyjP4ZHoWk/HFflj13Q2X1ltH3D/vhsH9TXb6P468Ka9tXT9YhErdIpD5Umf91sE/hXztLBcW7bbi3ljP+3GV/mKh+STrtbH6V6mD49zjL2o4yKmvNWf3/wCZ0qaezPdfiD8EvhT8U4SvjrwPpeqS4wt00Pl3Sf7syYkH/fVfMPxE/wCCcFjL5t78KvH1xZyclbDXY/PiP+ys8YEij/eV69H0fxt4q0HC6frMoiXpDN+9j/JuR+BFd7ovxvVisXiDRmTsZrRtw/FGwR+BNfomSeJ+DnaMpuk+0tY/fsceKy3CY3+LBN9+v3o/PtvCX7T/AOyZr8viKz03VdCg3ZuLyy/03SLxQcDzguU+hkVHHYivrj9n/wDbg8D/ABSNr4Z8eC38L+J58RRbpM2F+5/54ysfkYn/AJZuc9lLV9DaP4p8N+JY2XS9TtrnepDQk4fHfcjc/pXjvxY/Yt+B/wAU1nu10H/hGtXmBLX2jKsIdvWSAgxSe+VDe9focc3webQ56qTb2nCz+/uefTyzE5e74OpzR/ll+j6Hnv7Sf7F9l4j+1+Ovg7YxWWrtumvdDXEdvenqWg7RSn+7wjex5Pxt4DtbrTvih4asb61mtLm08R2EU8E8ZjkhkW6TcjqcFWGOhr7d8E2P7TX7NOzQvElnN8Wfh5b4SC80wk63pcQ4H+jyHfPGB/AruwH3Tgba6jx58Ffhl+0cui/FbwLrFva69p95bzRanDEQLgQTKzW13EwDh12lfmCyIeDxla+hy/iCpg6TwuJlz02mlLe2nXr/AJHzuacM08dVji8HH2dVNOUXs9enT7t/I6v9qY/8Y8/EDH/QEuP6V+cfwh+DPjb42eKDoHhG1EdvAwOo6pOp+zWKHuxH3nP8MY5PsMmv1H+KHgWL4lfD/X/AdxqUlhFrto9m9zGgd4lYjLKDwTgcZryTUPFVv8J9JHwY/Zg+GreKNfsP3c+07NN02U43S394xCvMc5MasZD32jFcWT51LLsHPD0FepKW72SstT0M+4fjm2Op4jEO1OEbWW8nd6I1tD0H4Gfsc/D9r7VNUt9P88AXWo3Q8y/1WcD7qqvzOfSNBtUfia+V/i5+3J8TPihqTeC/grpWo6DZ3JMUbWsJuNavAeOBGGFuD/s5Yf3lr13Q/wBiHxD8QvEH/Ce/tOfEy98S6vLz/ZulOYbWBM58lZSAyx/7MSx+5PWvpLwP8Nvh/wDDPSxpfgTwnpehWij5/skCoz47ySH5nPuxJrh+t4WhN1q372o+r+H/AIJ6CweKr01Ro2o0l0Xxf8A/PT4efsJ/HLx5N/a3iz7L4Rtbt/Omn1aVrq/lJ6sYUYncf+mkin2r6h+Hf7BPwP8ACKx3Pii1vfGN8mGLapJstg3+zbx4THs+6vY9e+KPhHQy0C3hvrhePJswHwfdvuj868+1v4yeJdQLQ6VDBpkZ6MB5sv5n5R+ANfI534i4TB3hOtf+7DX8v8zpw2SYLDe9y8z7vX/gHren6X4Z8H6Wtjplhpui6bAvyw28UdvCg9lXAFc/q/xc8H6bujs7iXUZBkbbVMrn/fOF/ImvDb68vtUnNxqV7cXcv96eQvj6Z4H4VB+OPrX5fmHiXiq7awdNR85av/L8z1U1FWWiPRdW+NXiK6LR6Rp9pYoeA0mZpP6KP1rkNU8T+Itaz/aeuXk6t1j8won/AHwuBWXGkk7bbeN5D6JGzH9BWlb+GfEV1/q9IuAP70ihB/48a+WrY7iDPHZupPySdvuWhnKtCPxSMtVVR8qgfSlzXSw+APEE3+uktYB/tSbiPwFaEPw5bj7VrYHqIYP6sf6V0YbgXiDF6xwzXnKy/N3MJY6hH7RxOfenc+hr0GHwDocefOlvJz7yBR/46KuxeEfDUPTSY5D6ysz/AMzXv4bwpzmt/GlCPzv+S/UwlmlFbXZ5h5i92H50+NWlP7pGkP8Asgn+VetQ6Zptv/x76baRj/ZgT/CrQZl4VtvsvFe5Q8H6n/L/ABX3R/zZzyzf+WJ5LDo+sT/6nSbx89xCw/nV6Pwf4mm/5hpTP/PSRV/rmvTCzd2NJXsUPCLLY/xq05f+Ar9GYyzao9oo8/j8B663+smtIvrKT/IVaj+Htyf9drEK/wC5Cxx+ZrtaT1r16Hhfw/R+KEpesn+ljGWaV31OTj+HtqP9dq87f7sar/Mmp18B6Kv+sur6T/toq/8AstdH2oya9ajwFw7R+HCxfrd/mzGWPxD+0YSeC/DaZLW08n+/cN/SpE8K+H06aajf7zsf61rk0hNejS4WyWj8GFp/+Ax/yMHi6z3kzNXw/oUf3dHsx/2zz/M1Muk6VH/q9Ls1x/0xWrWfSjdXdDJsup/DQgv+3Y/5Gcq9R/aZF9js1+7Z24/7Zil8uNR8sUa/SMCnFvpTd1dUcFho/DTj9yI9pJ9R6s30pu5hltxFM3fSk3Vt7Gmtooyc2L5jfe3tTdzf3jSZNIgaRtsas7dNqjJP5VXs6a3SEnKWwFj6ml3H1rStfDWuXmDHYtEv96YhB+XX9K2bXwHzuvr8/wC7CuP1PP6VzVK+Fpb2uddLL8VW+GLt56HJb2/vHFT2um6jqB22lrLNn+LbhfzPFeg2fhnRrIho7JXf+9J85/WtTCKuFGB7CuGrj6f/AC7gvuPUo5FPetP7jhrLwDdTANqE8MQ/uxoHb8yMV0Gm+END0xhJDYxySj/lpIgJH04wKZrHjbwvoeV1HWbeOQf8skbfJ/3yuTXDa18cF+aPw/o7N6TXbbR+CLyfxIr5DNeKMrwP+81Y37Kzf3I9ijgaGH1itfM9V+Rec9P0/wAK5TXvih4R0MtD9v8Attyv/LG1/eEH0LfdX8TXimt+MPE3iIt/a2rzPE3/ACwjPlxf98r1/HNYygKMLxX51mfiXOd4ZdSt5y3+5afezrv2O88QfF/xNq2+DS/L0qBu8fzzEf7x4X8B+NcNLLLNM1xPNJLLIctJIxZmPuTzTKWvzrMM1x2az5sXUcvJ7fJbCD86X8aSiuAAzRmjd+lFABXM/EPWP7F8H6ndRvtlli+ywn/bk+X9BuP4V0ua8i+OOsFptM0GJuI1a9mH+0cpH+gc/jX3Xhrkf+sHE2Fwkl7qkpy/ww95/lY8TiLG/UMtq1utrL1eh5Xt24Ve3FfbX7FPhf8Asv4Z3viaSPE3iDUZHRvWCD90v/jwlP418TIlxMyxWsZkmkYJEo6s7EKoH1YgV+nnw78Kw+B/A2h+FIQoGk2ENqxXo0gUb2/Fix/Gv7K43xfssJDDL7b/AAX/AAT4bgbB+1xk8TLaCt83/wAA+Kf+Ch3xL1Wx+I/g/wAH+H9ev9Mn0bT5tVkls7uS3fzp3CIAyEEkJE5wDxvFeW/D79tf9oDwG0dveeJYPFdhH1t9dj8yXHcC4TEgPu2+v0c8TwfCvx1praV4uXwxrdi+f3N89vOnoSNxOD7ivm3x9+xB+z34jaW68A+PE8IXj8rDHqEV7ZZ/64yvvUeySKPavjsFjMIqKoYilt1sfX4/BYx15YjC1d+l7f8AANf4e/8ABQz4T+IfLtfHul6l4Qu24aaRftlln2ljG5R/vIPrX0j4X8a+E/Gmnrq3hHxJpus2bdJrG6SZfxKk4Psa/Mjxp+xp8XvCsjtoNx4c8X2y5IfR9UiSfHvBMynPsrNXk6jxx8M/ETtCdb8Ka5bfeeGSSzuFz0+ZCNw/MVvLJ8LilzYWpby/rU54Z5jMG+XGU7+e3/AP2qBzSbea/NL4c/t9/Gjwj5Vn4vi0/wAZWCYVmu1FrehR6TRLtY/7yEn1r7e+Afx88OfH/wAM3fiLw9pGqaadOuhZXlvfIvyzGNZMI6Eq67WHPB55AryMXluIwa5qi07nu4LNcNjny0373ZnqPavkb9ubxL5l94W8HxSf6pLjVZ1HqcRR/wA5a+uGbCk1+eX7UHiRfEvxs8QPHJvh0vydJi9vKXL/APkR3/KvZ4Qwv1jM4ze0E3+n6njcZ4n2GVyprebS/V/keXw2lxqE0Wn2qkz3ci28QHUvIwRcfiwr9TfD+j2+gaHp+h2ihYNOtYrWNR2WNAo/lX57fs4+Gf8AhKvjT4Ys2j3w2M76pPxkBbddy/8AkQx1+jK8D1r0+OcTz4ilh19lXfz/AOGPK4CwvLh6uJf2mkvl/wAOLRRRXwh+gBS0lFABS0lFAC0lFFAC0lFFAHyJ+3N4WMWoeF/G0MZxLHPpNw+O4/exZ/8AIwr5g03Vrrw/qVlr1kT9o0u6hvosf3onDj/0HH41+gP7UXhJvFnwZ12O3h33WkourW477oDuYD6x7x+Nfnv8vVcFTz+Ffq/COIWLyx4eX2W18nr+rPyHjHDPB5p9Yj9pJ/NafofqppOpW+saZaatYyCS3vYUuIWHQo6hlP5Guc+Ifwj+HXxWt7O1+IPhKw1yPT3eS1F0rZhZwAxUqQRkAZ+griP2TvGDeKPg5pdnNKXutAd9HmyedsRBiP4xNH+Vez1+ZYmjUwOJnR2cW0fqWErU8wwsKzV1JJngl5+w3+zNd5K/DtrYnvbateR4/AS4rBvv+Ce/7P8AdZ+yr4osPaDWnYf+RFavpmiiOOxMdqj+8Usuwk96cfuPkTUP+Cbfwrk3f2Z498Z2pPTzJLSYD84QT+dc5ff8EztP5/sr4x3yegutFik/VJENfb1FbRzXGR/5eMxlk2BnvTX4nxx8IP2G/Gnwf+KmgfELT/ihpd/Bpc0n2q3OkywvcW8kbJJGD5rAZDAgnuor7F2/Lj0p1Fc2IxNTFS56ruzqwuDpYOHs6Ksj81vjd4L/AOEB+KniLw7FDstTdG9sxjj7PPmRQPZSXT/gNYHg/XG8N+KdN1osVjgnCze8L/K4/Ik/hX0x+3F4J/c6B8RLWH5ombR71gP4HzJCx+jB1/7aCvk5sHKsOGGDX7HkWLWZ5ZCUtXblfy0PxTiDBPLcyqU46K/MvR6n2CrdQGBGeo7+9SA1xvwu8Qf2/wCDLGSaUvc2YNjcHuWjwFJ+qFT+ddcrGvnqtN0puD6HRTnzxUl1Jhu6U9T2qL2p6/nWJqiYNinhu/aoVbFPDVLLTJ91PqBW5+bpUgP41DRaZMKduqIGlB/WpLRNup4aoFb1qQNikWmThqcGFQhv1pVbH1qbFpkwan1Fup2eaTKTJA3404HFR5pfy5pWLUibd2707PaoVP504EdMfWpGpEn86cM81FntTv60Mu5N707dUYb1xTs1BSZIGNODVHmnCixSZIGpQ3Wo8/jTgT6VLRXMS7qXNQ7gOpp3mL3YfnSsUrsm3Uu7tUQ/2cnPtTwsh6Ruc/7B/wAKm6NEpdiXNLmmbZP+eb/98n/Cl5/ut/3yam8S+V9h/NL/AMBpm5R1I/OlBX+8KLpjs0SYp1R/rS0rD2JGZiNpJI9+f0NVrjSdJuv+PrTbWTPcxgH8xzUwp2cfjXLXwWHxK5a0FJeaT/M0jUlHWLMSfwR4fmz5KXFvn/nnLkfk2azLj4ekZNlrA/3Z4sfqp/pXXZozXzWN4EyDHazw6T7x0/I6qeYYintI89uPBviK1YSQwJOV5Vreb5h7jOGFaOm/EXxz4ZYQXzS3MK/8sdQjOce0nX8ya7LjuOtKzFl2P8yns3I/I184/DSngp+0ynFTpPtuv0O2nnFRfGi5oPxh8M6ptj1NZNMmbvL80R+jjj8wK7Wy/s+RWvNP+zstyRI8sQX94cYBJHXgAZPpXll14Z8PXhZptJhVm/5aQ5jb/wAdqCy8N3Whzef4b8QX1g2cshxJG31U8Gu2hhOI8A+TEQhXj3i+WXzUtPuaO6nm1GXxaHsjbWBB6VjXmpeG/CVmFup7PTbUEskaqEyTydqKMk5JPArjrvXfG19Zrbf2tYWUhyrzW9uzMw9RuPyn8K53/hB7W4uGu9Y1e/vpn5aRnCk/icn9a2xs83kvZ4DDXb6zajFfK/M7Gsszw8epra98brePdD4d0xpj0Fxdfu0/BPvH8cVwWpeJPF3i6QrdXV3dRt/yxt1YRD/gK8H8c13Nr4c0GxO630m2Df3nXzGP4tmtFW2rtXhfQcD9K8arwRnOb/8AI0xlo/y01p+n43OOpm/8kTzS18FeJLjG6zjt1P8Az2lC4/Ac/pWrb/Du44+26tEvqsMZb9WIrt/0pPwrvwfhfkOH1rRlUfnJ2+5WOSeZ1pbOxztv4D0CH/Xvd3J/2pAo/JRWlbeH9BtMfZ9ItgR3ZN5/Ns1oc0V9VhOGcnwX8DDQX/bqf53OSWKrT3kCsY12x/KPReKXd+JNNpa9mNOMFaKsYtt7jqSkpM1Yri5o/OkyaM0BcXNGfpScZpOaYh2aSmnr9aM4680CuKabRnH40n60yWwoJprbe7AfjT44Z5j+5hkf/dQn+lDaW4JSl8KGZppq/FoOsTfdsJFB/v4X+dXYfBmpP/rriCMH0yx/pWUsTRhvI3hg8RU+GDMLNITXVReB4s/6RqEjeuxAP55q9F4Q0aPG+F5v+ukhP8sCsJZjRjtdnTDJ8VPey+ZwjMF6kCpIbS7uG/0e1mlz/djJr0iDSdNtceRZwJj0QZ/OrBCqPasJ5rb4Y/idcMhv/En9x59b+E9duPvW6Qg95JB/IZrStvAcn3rvUseoij/qf8K39Q8SaDpILalrFnbY7STKD+Wc1zWofGHwfZ5FrLdX7f8ATvCcf99NgV4mO4qw2EX7+vGHzV/u3O2nk2Fh8Sv6m3a+DdDt8NJbvOR3lcn9BxWrBa2touy3t44V9EUD+VeUaj8crxsrpXh+OPPRrqYsf++UH9a5fUvib421Lcra19mRv4LWMR/qct+tfGY/xIyul8MpVH5LT8bHfToUaXwRSPoC4urWzjMl1cRQoP4pGCj8zXMap8UvBemMyf2sLuVf4LRDLn/gQ+X9a8Cu7q6vpfOv7qe6c/xTStIf/HjUXTjAr5HG+JuJqaYSio+cnd/doaXPT9W+ON5JuTRNEjiHaW7fcf8AvhP8a4zVvG3izWsrqGuTmNuDFD+6T8l5P4k1idzRXxmP4lzXMtMRWduy0X3ILtjVAXIVQufTvS0Uv614e4hO9Hel7+tJQAUH9aWj9aBiUuaKP60AJnvRml6UhoATbkgKOTx+dfNnjrWV8Q+LNS1KJy0AmMEB/wCmcfyDH1wT+Jr3Px1rg8PeFb/UUbbMY/Ig9fMf5V/Lk/hXzcF2qF7Cv6f+j1kGuKzyov8Ap3F/jJr8F8z8348xyap4OL/vP8kenfs2eDv+Ey+MWg20sXmWmku2sXWem2DHlj8ZWj/I19SftjfEC++HPwB8Salpc8sN/qix6PazRqf3LXLbHkLD7m2PzCGPAbb3rk/2I/BJsPC+sePrqHEutXAs7RmH/LtASGYezSMw/wCACu9+JX7SXwU8BeMm+GPxI1oWU91YR3MjXNi81kY5WdRHI6hgpIQkhwBgjnmv0LiTGPG5taEeaNOyt6av8T2OGcHHB5PzTlyyqa3fnovwPyR/s/TlPy6dakephTP54rb8M/DfX/Gs8ln4P8HLrNzEu5rWzjha4I/vLESHcf7oNfc/jv8AYx+CPxisZvFn7P8A4y0rSruUGQQafcpeaVKx5wY0JaAn/YOB/cr48+Jfwd+J3wT1mKPxz4eutKdJQbPVraQvbSOOQ0NymNregO1/au/D5hRxXu07Rl2aPIxGWYjBvmqLmh3ixv8Awzf8a+q/AvxaP93QpB/Sn/8ADPnxwj4j+CvjVR/s6HN/hXtnwa/b1+IXglrfR/ifayeMNHTCfbFKpqcC9M7jhLjA7Ntb/aNfdXwv+Mvw4+MOkHV/APia21IRAfaLbmO5tWP8MsLfOh9yMHHBNcOKzHG4J+/TVu6vY9LB5VgMev3dWV+ztc/KZ/gb8bEb5/g145A7/wDFP3X9Er9Gf2K/h3qHw5+BGlWuuadcWOra1cXGr31vcRNHLE0jbY0dWAKkRJGCCPWvdv60uPxrxsbm1THU1TlFJHvZfktLL6jqxk27dSh4g1e18P6Jf67fNtttOtpbuZvRI0Ln9BX5aX2pXWtX1zrN82651GeS8mJP/LSVy7fq36V94ftdeK/+Ed+DeoafDJtuPEM8Wkx4POxzulP/AH7Rx+NfBPru4Xv9K+34GwvJQqYp/adl8tz4jjzF8+Ip4VfZV36vb8D6j/YZ8L+dq3ifxpNHxbQw6Tbse5b97L+giFfX1eRfsteFG8LfBjRGmhMdzrIfVrjPXMxyn5RiMfhXrtfGZ/i/ruZVaq2vZei0PtuHcJ9SyyjTe7V36vUKWkorxz2haSiigAooooAKKKKACiiigCvfWsF9azWd1GJIbiNopFPRlYYI/Imvy58UeHbjwj4k1XwrcqRJo17NZfN1KoxCN+KbT+Nfqca+Fv2yfBzeH/ilD4khh223iWxWZmA4NzBiOT8ShiP519nwTjPY4yWHe01+K/4Fz4jjnB+2wcMRHeD19Hp+djV/Yo8Yf2Z411jwVcS4h1uzF7bgn/lvBwwHu0b/APkOvtNelfl98P8AxZN4F8b6F4whdlXSr6Oabb/FATtmX8Y2ev09tZ4rmGOeCQSRyKHRlOQykZB/Ks+M8G6GPVdbTX4rR/oXwRjvrGAeHe8H+D1X6ktFFFfIH2gUUUUAFFFH1oA4/wCLngmP4ifDvXfCLYEt/aN9mY/wXCYeJvwdVr8z2WRcrNG0cikq6N1VgcMp9wcj8K/V9xuXHQ1+e37TngQ+B/i5qTW8ITT9fH9r2uBwGc4mX8JAW/4GK+84Hx3JWng5PSWq9Vv+H5H59x5gOelTxkF8Puv0e34/mUvgfr32HxBc6DM2ItTh8yMZ/wCW8fP6oWH/AAEV7spr5H0/ULrStQttUsW23FnKs8f+8pzj8RkfjX1VpWpWur6fa6pZMDBeRLNH7BhnH1HIP0NfSZzh+Sqqi2f5nw2Aqc0OXsaGc08HtUantTl7V4jR6KJc04NUYNOXn6ipsUmSq1SK351XWpAeRUuJUZE+6lzUf0p6+lTY0uShv0p6nNQqf4fSnhs/LU2KUialVqj707/ZpNFJkqtTt1Qj0p3t6VNi0yfdTs1CDVmzsry+by7G1mnb/pnGWH59BUy5Yq8nY0hGU3aKuN3U4N/Dit2z8BeIrrHmW8NsD186Tn8lzW7Z/DWLj7dqTt3ZYYwv6nJriqY/D0/tX9D0qOUYyttC3rocMPxpVILbQcn0HJr1C18EeH7bANn57DvM5b9On6VrW+n2Nqu21tYYsf3YwK4p5xTXwxbPVpcOVX/EmkeTwaTql1j7Ppt0+e/kkD8zxWpb+D/EM5wbJYh6ySAfyya9FutQ0+xXfeXkEC/3pZAo/U1gXnxO8D2LFZPEFvKw/hgDSn/x0EV5OK4mo4ZfvZxh6tf5noU+HqEfjk3+BlQ/D/Unx599bx/7qs388Vfh+H1uP9dqUzf7kar/ADzWTdfG7w1Hn7Hp+pXB7N5aoP8Ax45/Sse7+Ol02VsPDaJ7z3X9FX+tfNYnxDyuj8WJT/wq/wCSOyGUYOH2b/M7mLwJoq/6xrmX/ekx/ICrcfhLw/D/AMw2Jsd3Jb+Zrya4+NPi+TK29rpcHv5Ujkfmw/lWfN8VvHkx41iKHP8AzytUH/oWa8Sv4n5bHaU5eit+bR0wwWGh8MF9x7kmhaLF9zTLUf8AbMVYWxso/wDV2cK/7sYr54m+IHji4/1nie7Gf7gjT+S1Tk8VeKZv9Z4m1Rv+3plH6YrzKnijg/s0pv1aX6s2VOnH4Yr7j6Y8uNfuqB+FHy18vNrmuP8Ae1zUW/7fJf8A4qm/2trB/wCY1qB/7fJf/iq5X4o0f+gd/wDgS/yK0XQ+o8L/AJFJtX+7+lfLn9q6tnA1rUP/AAMl/wDiqd/bGsA4Gual/wCBsv8A8VSXijR64d/+BL/INOx9QNBC3WFD/wABqOTT7F/v2cJ+sYr5nXX/ABAv3PEGqL/2+y//ABVWI/F/iyE/u/FGqL9bhm/9CzW0PFHDfaoSXzQuWL3R9FyaNpMn3tPtz/2zFQyeG9Ef/lxVf90kfyNeEw/Erx1CdsfiSZv+ukUbfzWtG3+MPjaAgSXGn3GP+ettgn/vlhXoUfE7LJfGpx+X+TJdGlLeK+49ebwjo5+7HKn+7If61BJ4NsufLup0z64P9K86t/jlricXmg2M3/XOV4/5hq1bX462LnbeeHLqMdzFMj/z217VDxBymp/zEW9U/wDIweCws94I6aTwXN/yxvkb/ej/AMDVWTwnq0f+raCT6Pj+YqK0+M3gy4OJ5r21P/Ta1bH5rmtqy+IPgvUCFtvElgSf4XlEZ/JsV7mG4rweI/h4iD+aMZZVhZbK3zMGXQtYh+9YyH/cw38jVZ7a6i4ltZkx/ejIr0GG7tbpd1vcRSqe6OG/lUu5T7V7EM1clfRmEslpv4ZNHmpOOG4+tL/nivRpLe3m4khjf/eUGqsmh6TLw1jD+C4/lW6zKL3iYSyWX2ZHCe9FdpJ4X0lv+WDp/uyN/jVd/CNieEuJ1/EH+YrWOYUX3MJZRiFtZnJ0evNdQ3g+H+G+kH1RaZ/whw+7/aLf9+x/jVLHUe5DyvFLp+JzRorpP+ENZv8AmJf+Qv8A69J/whrdP7QH/fr/AOvT+u0O5P8AZmK/l/E5ykrpv+EOPT+0P/IX/wBel/4Q1ehv3/79j/Gj69Q7lLK8S+n4nMGlNdSvg+2/ivJj/wABX/Cnr4R08femnP8AwID+lT9folLKsS+33nJE0m412a+FdJXgpK/1kP8ASpV8N6MvH2MH/eZj/Wp/tGkujLWT131Rw5ak3D2rv10XSo/u6fBx/sZ/nVhbK1jx5dtEv0QCo/tKPSJqsln9qSPO1jkk/wBXFI/+6hP8hVhNK1ST7un3H/fGB+teg/KPl4FBYVlLM5dEjaOSwXxSZwq+Gtak/wCXVEz/AHpB/TNW4/B+oN/rrqBB/shm/wAK6i51Cys13XV3DCvrJIqj9TWNefELwXYnbceJLEkdRHJvP5LmuDEZ9TofxasY+rS/M3jlGHW938yOPwXCP9dfSt/uKF/xq3H4T0eP78Lykf35D/SudvPjR4Ngytqb67P/AEztyoP4visO8+Obcrp/hsj/AGri4A/RQf5189iuOcroaVMUn6Xf5HRDA4eG0Eelw6Vp9v8A6mzhQ9iEH9atbUVcDA9hXht58ZvGVxlbddPtB/sQM7D8WOP0rCvPHnjK+b994mvQO4hYRD/x0CvnMV4lZZD+FGc36W/NnRGMY/CrH0bJNDCpaR1RR3Y4H61j33jbwpp2ftXiCwQj+ETBm/IZNfONxdXV6xa8uri4J5JmmZ8/mahX5eF+X6V8/ifE+q/93w6X+J3/ACsVc90vvjN4Pt8i3kvLw/8ATG3IH5visG++OUzZXS/D6r6NcXH9FH9a8p/PNLXgYrj3O8R8M1Bf3V+ruLmOyvvi342vGPk31rZg9oLcZ/Nya56+8Q+INSz/AGhruoXAP8L3DBf++QQP0rOo9q+dxWc5jjf94rSl83b7gGqqqSyqoJ7gc/nTvfJzRQK824CdOaKdSUCCg0Ue1ABS0nU0UDCiil60AJRRR1oAKKPaigBaSg5ooAM0meaM+tQ3N3b2dvNeXUmyG3jaaRj2VQSf0rSnSnXmqdNXk2kl5smU4wTlLRI8i+NeufaNRsfDsMnyWqG7uBn/AJaOMID9Fyf+BV5zY6ffarfW2labEZLu+mjtbdB/FLIwVB+ZH61Jq2qXGu6ndaxd/wCtvJmlYf3Qfur+AwPwr2j9j/wH/wAJP8TG8S3UO6x8LQ/aMsuQ13KGSIf8BUSP9dtf6A8PZbT4I4Yp4b7VON35zlr/AOlO3ofic3U4iziy2nK3pFf8A+zfA/hSz8E+DdI8JaeF8rSbOO1DAffZVAZ/qzbifrXwn+09+yv+0F4m+J3iX4laXotl4kstWuvMgi0y7H2q3tkRY4o2il2biEUZ2FuSa+x/jt8ZNJ+BXw9uPHGq6fJqDLcwWdrYxSrG9zNK+NqswIGFDuc9kNcl8L/2yPgX8UJIdPt/E/8AYWrTcLp2uKLWRm9EckxSf8BbPtXwOErYqhJ4unG993v5n6zjaGDxEY4KpLltayvbyR+X15Y+JvAGuCK/tdZ8LaxG3Hmxzafcg+x+Vj9QTXpegftWfHLRdPbRdV8WReKtGlGybTfE9nHqMMy/3WZsSEf8Dr9VNc8O+HfFWnnTfEWi6fq9lKMmG8t0njbPfa4Irwbx1+wb8BfFm+bQ9JvvCd2+T5mjXO2Lce5gkDR49lC16kc6w1fTFU9e+/8AwTyJ5DisPrhKvy2/4B+dvizXvBHiLN/ofgF/CuoMwMkGn6k0+mvzyUhmXzIPZVkZe2BWToWva54X1i28Q+GdYvdJ1S0O6C8s5jFNH7ZHUHupyD3Br6h8cf8ABOj4oaKXuPAfi7RvEkC5K294rWFyfYH5o2P4rXgfjb4K/Fz4dtJ/wmnw513TYIvvXf2Uz23186Hcn5kV7OHxeFrR5Kck/J/8E8LE4LGYeXtKkWn3W34H3d+xb+0P8RvjZb69ovjrT7K5bw5HbY1i3XyWuGlL4jkiHy7wqFiy4ByPlFfUfWvnL9g3wH/wiPwFsNcuIdl54tupdakOOfJb93bj6eVGrf8AAzX0VNIscZaRgqryT6Cvi8f7P6zNUlZXPvcu9osJB1nd26nxh+254r/tLxtofg23kzFo9k19OoP/AC2nbaoPuEjJ/wCB14F4Z8P3PizxHpfhezUmbV7yGzXHOA7AMfwXcfwrU+Jni5vH3xB1/wAX7i0epXztb7u1un7uEf8AfCKfxNeofsb+EG1/4rS+IZoybfw1YtOG7faJ8xx/+Oeafyr9Xo/8IWSJveMb/wDbz/4LPyOs/wC3s9aW0p2/7dX/AAEfcdhZ29hZQWNpGI4LeNYolXoqKAAPyAqzSDjilr8dvfU/akraBRRRQAUUUUALSUUUAFFFFABRRRQAV4X+194NPiP4Uy65bx7rrw1cpqS4GSYPuTj/AL4bd/wCvdKpaxpdprWk3mj6hEJLW+t5LadD0ZHUqw/ImurA4qWCxNPER+y0zjx+FjjsLUw8tpJr/L8T8q27hgCp4x6iv0C/Zb8aN4w+Eelx3M/mXuhltHuiepMWPLY/WIxn86+DvEXh+88J6/qXhfUs/adHu5bKU/3ijYDfRl2t/wACr3H9jDxx/YfxAvvBdxJi38R23mQDPH2q3BbH1aIv/wB8Cv0/irDLMMt9vT1cbSXo9/w1PyrhTFvL809jU05rxfr0/E+36KBRX5MfsIUUUUAFFFFAAa8F/bA+H/8AwlHw3/4Siyh3X3haQ3nyjLNasAs6/gNr/wDAK96qvfWdvfWk1neQrLBPG0UsbDIdGGGBHoQTXVgsVLA4mGIhvF3/AM0ceYYOGPws8NPaS/4Y/Kf3r2j4H+IvtGl3fhmd/wB5Yt9ot894XPzAf7rf+hV598SfBN18OfHWseDbkNs064ItXb/lrbP80Le/yEA+6tVDwn4gfwz4ista58uB9s6j+KFuHH5c/hX7ZXUMxwalT2aTR+DqFTA4h06m8XZn1GrVKpqpHIkiq8ciujqGV15DKeQR7EEVMrfhXyLR7NyzmnBqhDUob61NikycNT6gVvSpFbNS1YpMlUmpVqvmpM1LRaZKPrUgFQhhU9rb3F5MtvaW8k8pONkalj+nSok7K7NYJzdorUX8qfnH4V1Wj/DXXL7EmoSR2EZ/hPzyfkOB+ddlpPw/8O6bh3tTdyj+O4O7n2XoPyrzK+aYejonzPyPbwmRYvE6tcq8/wDI8w0/R9W1ZgunafNOD/Gq4QfVjxXV6b8ML6XbJql9Hbj/AJ5wje3/AH0eP0r0YJHGu1VVVXoB0Fc9rvxC8J6CzR3WqJJOv/LC3/eSZ9CBwPxNfPZhxHHDR56s404+b/zPo8Nw5haWtV8z+5Emn+BfDun4b7GLiQfxznf+nT9K3VijhXbGgRR0CjA/SvJNZ+OF5Luj0HR44B0Et225v++FOPzNcTqnjLxVrW7+0Neu3RuDFE3lJ/3ymM/jX5xmfiRl9B2p81WXlovvf6I9ulQo4dctOKXoe/ap4s8OaLn+0tZtIGHVDIC//fI5rktS+NXhu2yul2V5fN/e2+VGfxbn9K8TCqD8qgH17ml6/L/OvicZ4j5lXusPCMF97/HT8DW56DqXxq8S3G5NPsbGzU9CwaVx+eB+lczqHjTxbqhP2zxFelW/gik8pT+C4rDpa+WxnEOaY7+NXk/JOy+5WARh5jeZL+8c/wATfMfzNHP978qWkrxnrqxBS0lLSYBRR1ooAKKKKAA0frQ1BoAPxo/lSE0UALR+dJuH96obi4htYTcXUyQRDrJKwRfzOK0pUqlaShTi230RE6kKa5ptJd2Tbvel/GuK1T4p+DNN3LFqT38i/wANnGXBP++cL+tcpqHxsvHyNI8PpED0e8mLH/vlAB+tfd5T4YcVZylKhhJRi+s/dX46/gfJ5jx3kGWXVXEKT7R95/gev5285xQu4/dyfpzXz7efFHxteMfL1SGzHpbW6r+rZNZF14o8TXnN14i1KQHsblgPyUgV99gfo/Z1WV8XiKdPyV5fokfIYrxgyum7YejOXrZfqz6Zw6/wuP8AgJoPzfeXI9xmvlaS4uJSTNcTOfV5WP8AWm7pM5WVx/20b/GvZX0eJW1x2v8Agf8A8keb/wARmgv+YR/+B/8AAPq2PzIW3wB4m9YyV/8AQa1bPxd4o07H2XxJqUYXorTFx+T5FfIUd5fQndDf3UZ9VuHH8jWja+LvFlnj7P4l1ONR/CbguPybNTLwEzTDLmweYK/pKP4ps2peMuFb/eYWS9JJ/wCR9i2nxa8c2pHmapb3IHae2X+a4Nbdr8ctbj/4/tDsZx/0yleMn8wa+PtP+LPi+1YC6ms79B1E8O1j/wACTH8q6rSvjRpMzKms6VcWZPWSFvOj/EcMPyNeHjuBPETJE5UZOrFfyyUvwkrn1WX+JvD+PtGVV03/AH1b8dUfV1v8dNNb/j88O3kf/XKaNx+pFaEPxq8Iyf62HUYP963Df+gk188aN4m0PxAu7RdWt7vH3kjbDj6ocMPyrVz+GK+JrcZcSZZU9jjI8sl0lDlf3WR9xh8ZQxcPaYealHummvwPf4fi34GkHzatJGT/AM9LaQf+y1ZT4neBJPu+JLUf724fzFfPP4mjcf7x/Oqh4lZmvipwfyf+Z08x9GD4ieB26eKNPH1mApf+Fg+Bz/zNGnf9/hXzjk+poNarxNx//PmH/k3+Ycx9Gn4i+B/+ho07/v8ACmP8SvAqf8zRZfgxP8hXzr/wI5pf+BGh+JuYPajD/wAm/wAw5j6Ck+KvgOMf8jBG2P7kUjfyWqk3xi8Exj93eXUv/XO1f+uK8I5/vH86Kwn4k5rL4YQXyf8A8kFz2ub44eF1U+TYapIf+uKL/NqoT/HazXP2bw3dOP8AppcIv8s15HSe9cVTxAzuptOK9Ir9bhc9NuPjpqjZ+yeHbWP/AK6XLP8AyUVl3Xxk8ZTcQ/2bb/7luzH/AMeauGorzavF2d1vixEl6WX5ITZ0918SvHF1kSeIZY1PaGONP1AzWTdeINfvM/a9f1KYH+FryTH5AgVn96QtjuK8qvmuOxH8atKXrJ/5hcR1ViWcb2PdvmP5mlzt6cfSq2oalY6Vate6tfW1jbqMmW5mWJfzYivPfEHx/wDAeklotLkutamGQPsseyHP/XR8f+Og1hSwtfEv3Itns5Zw9mmdS5MDh5T9E7ffselbsDOTRIywwm4ndY4h1kkYIg+rHAr5u179oLxxqTNHo6WOjQn7phj86bH/AF0k4B+iivP9X1jWdelM2uate6g5Oc3U7SD8ATgflXr0OHq0v4skj9PynwVzbFWlmFWNJdl70v8A5H8T6h1j4vfDfRmaO68WWs8q9YrFWuW/8cG39a5TUv2kfDELEaT4c1a89GmeK3U/gSzfpXz4oHRQAPbil/SvVp5BhYL3rs/RMB4M8P4VL6w51H5vlX3I9huv2ktdZj/Z/hLTIV7efdSyn/x0KKzZP2ifHzcw2Ogwj2tJH/nJXmHrRXXHK8HH/l2j6Wj4dcL0VZYOL9bv82elf8NCfEbP/MEx6f2ef/i6kT9of4gJ/rLPQZB6fY5Fz+UleY80dav+zsI/+XaN3wBwzJW+pQ+49itP2lNcjIGoeEdNmXuYLqWI/wDjwYV0GnftI+F5mC6p4c1ayz1eJ47hR+A2t+lfPv0o71hPJsFPaNvQ8rFeFnC+KWmH5H/dlL/O34H1lovxX+HmvsIrHxVaxTN0hvM20n5SAA/ga6wN8qyqco33WByD9CODXxAw3LtYBh6MM1teHPGnizwmwbw9rlzaJ/FAW8yBvrG2V/lXm1+HYWvRl8mfCZx4IUnFzyrEWf8ALPVfev8AI+xf9rnFGe9eMeE/2irG4ZLXxppv2In5ft1mC8P1eP7yD3GRXsNrd299bQ3tncRz29xGssU0bbkkQ8hlPcV4GJwVbCS5asbH4rn3DGacN1fZZjScb7PeL9H1/MmoNHvRXMeAFLSe9LQMSjpRQaACij8cUUwCjpR1opABoopKYCZrzv4yeIBZ6HFoMMhE2qNulA7QIef++mwPoDXoMkkcas8rBFVSzMf4VHJP5V81+MvEEnirxHeauMiAsIrZT/DCnCD+v1Jr9j8FeFP7fz9Y2sv3WHtJ9nL7K+/X5HyPGOZ/UsD7GL96pp8upjSMsamSRsKAWJ/Wv0G/Zn+HbfD34V6dHfQeXqmsH+1dQBGGV5FGyM/7kYRceoNfH3wA+H3/AAsj4paVo91b+Zpti39p6jkZUwREEIf9+QouPTd6V96/EbxrpXw18B63461ph9k0Sylu3XvIyj5Ix7s5VR7sK/pPjXHupKnl9Pfd/ov1PG4Hy9U41MxqbLRfq/0Pg/8A4KEfE4eKPiXp3w20653WPhKDz7xVPytfzqDg9iUh2j2MrV8z6x4N8U6L4f03xNrnhjUbTQtaj82x1C4tmFrcLkgYkxtBOCQGIJGCMg10Xg3w74l+PfxcstEvJnk1Xxlqz3GpXCjPlo7GW5kHskYYD6KK/Xm38N6Ha+HYfC8WlWx0m3tUs47OSIPF5CKFVCpBBG0AYIry62Mjk9Onh4xu7anpUMDLPKtXEylyq+h+T/wt/aW+MvwfMMHhPxdNc6VGR/xKdUzd2ZX0QMd8X/bNwPY19jfCj/goL8NfFXk6b8SrOXwbqT4X7S7GfTpG9RMBuiyc/wCsUAf3q+TP2trH4a6L8btX8O/C/wAN2ejWGkRx22oLaM3ky3x+eUohO2MIGVCFAGQ3pXNaj8A/jBpvgfS/iS3ga/uvDmrWovIruyXz2hibOGmiX95GCAGBwVwRzWtbCYPG041ai5HL5P8AyMMPjMdgKsqNJ86hv1X+aP160vWNL1uxh1TR9Qtb6yuV3w3FtMssUi+qspII+hq20aupVlBVuGHr/jX4yfDn4s/EL4V3n9ofDnxjfaQS26S3iffazH/ppA2Y2+uAfev0o/ZJ+N3jf46eA77xH4y8O6fYPY350+G6sXcR3pVA0jeW2Sm0sAfmIJzjGK8HHZTUwUfaJ3ifS5dnVLHy9k4tS/A9yhhjt41hhRUjRQqqoAAA6AAdK8y/aR8aN4F+EWu39vN5d7qEY0uyOcHzp/k3D3VN7f8AAa9QY18YftteNv7U8WaR4Ds590Gi25v7tVbj7RMCsYPusYY/9tKrIcD/AGhmFOk9k7v0X9WFxBjv7Py+pUW7Vl6vQ+bUVU2pGMKoCr9B0r7q/Y58Gnw98Kl8QXEO268T3T3+e4t1/dwj6bVLf8Dr4k8P6De+Kte07wzpoJutWuorKHHYyMAW/wCArlv+Amv1F0XSbPQtJs9F0+MR2un28drCvoiKFX9AK+045xvJQp4SO8nd+i/4P5HxPAuCdTEVMXLaKsvV7/h+ZepaSivzQ/UBaKSigAooooAKWkooAKKKKACiiigApG+6aWigD4j/AGz/AAM2h+PLHxtaxYtvEVv5NwQOl3AAMn3aIr/37NeD6Brl/wCGNd07xJpZIvNKuo7yD/aZGztPswyv/Aq/QT9o7wFJ8QPhTq+nWcPmahYKNTsAOpmhy20f76b0/wCBV+diSLIokXoRuWv1jhPGRzDLfq9TVw91+j2/y+R+P8W4KWX5ksRT0UveXr1/zP1N8M+IdP8AFGgad4i0qYPZ6nbR3UDZ6o6hh+Izg/Stavmf9iv4gf2p4R1D4f3swNxoM32i0UnlrSYk4H+5JvHsGWvpcV+aZlgpZfi54eX2X+HT8D9QyvGxzHB08SvtLX16i1m654i0Pwzps2seItYstLsLcZkuby4WGJPqzEAVbvrqCxtZby6mWKCBGlkkboqKCWJ9gAa/If49fHDxJ8ePG13r2rX039hQ3Dromllj5FtbBiEcp0Mrrhmc85bAwABV5fgJY+o4p2S3ZGaZnHLaak1eT2R+jFv+2L+zVdaoukxfF3RBMz7FkfzUhJ/66sgj/HdivYLO8tb63iu7O4jngnQSRSRsGV1IyGUjggjuK/EeGw1K6sLjU7fT76awsztubqO3keCEntJIBsT/AIERX1T+wj8ftS8J+Mrb4O+JNSeTw9rzMujiZsixvuWESE/djlAI29A4XAG416ONySNGm6lCV7bo8rAcQSr1VSxEbX2Z+i1FIrblz60ufevnj6g+Xv21vh617oum/EzT4czaSwsNQ2jk20jfu3P+5IcfSQ18g/nX6leJdC03xToOoeHdYhE1lqVtJazp6o6kHHuM5B9RX5l+LvC2qeB/FGp+D9ZB+16TcNbs2MeavVJB7OhVh9fav07grMvbYeWDqPWGq9H/AJP8z8q43yz2GJjjaa92ej/xL/NHr3wd8THVvDp0a4kzc6PiNdx5e3bOw/8AATlfwFeghuK+Z/BfiRvC/iS11RiRbE+TdD+9C+A35cN/wGvpJWBA2sCD0I7g9D+NduZYb2FbmWzPnMLV9pCz3RaElSbuKrqxzTs15rR2KRZVqkDVWVu1amh6DrPiCYw6RZvPtOGf7saf7zHj8Bk1jUnGnHmk7I2o051pclNXfZECtxV/SdH1bXJTFpNjJcY4ZgMIv1Y8D+deheHvhJYWu241+4+2yjnyY8rED792/HA9q723trazhWC2hSKNRhUjUAD6CvCxWdwh7tBX83sfV4DhirVtPFPlXZbnAaH8KY12za/emQ/88IPlX8W6n8MV3Wn6Tpukwi306zit4x2jXGfqep/GsbxH8QvDPhrMd5fiW5HS2t/nk/EDhfxIrzPxB8YvEWpbodHjTS4DxuXEkxH+8eF/AfjX53nvG+CwDccVV5pfyx1f+S+Z9bhMvw2CVqUVfv1PYdY8QaNoMBuNW1KC1Tt5jYY/QdT+Arz7XfjZZxbofDumyXDdp7nMafgv3j+OK8knuJ7uZrq7nknnf70srlnP4nmo/wAetflWaeIuPxfu4KKpx77y/wAvwO25ua3448VeINw1HWJRA3/LvAfKjx7gcn8Saw8BflUAD2oo4r4XE4rEYyftMTNzfdu4haKKWsAE6/Wj2prNtBJ/hBJ/AZ/pVTTdWsNWs4r7TbqO4t5FBEkbZGSO/wDdPsea1jhq1SnKtGLcI7u2ivtd+djKVenGapOS5nsr6u2+hdz6UU3dmjd+dY2NR+aTNGaTNAC0uc0zNLQAtH40m7mjdQApNH503eB1YfnVTUNU0/S4TPqV9b2kY/inkCfz5P4VtQw9XEzVOjFyk+iTb+5GdWtToR56kkl3ei/EuFqTd7ivP9X+MXhuz3JpUdxqcnYxr5UX/fbcn8FridW+LPi7Ugy2c1vpcTZG22XdJ/38bn8gK/Ssi8IOKM6tJ0VRg+tR8v8A5LrL8D4fNfEfIMrvH2vtJLpBX/Hb8T2y+1Kx02E3Oo31vaRD+OeQIP16/hXFav8AF7wtZbl037Tqkg6eUvlx5/337fRa8Wup5byY3N7cS3E5/wCWkzl2/M80zr96v2XJPATKMLyyzStKs+sV7sf1lb5o/Ms08Xswr3jl9KNNd370v8vwZ2urfFzxZqBZbBrbS4u3kLvk/wC+3/oBXJX95fanN52qXtxeSf3p5mf+ZxVeg1+vZVwxk2RwUMuwsKduqir/AH7/AIn5vmPEGaZrLmxleUvJt2+7YPu8Lx9KKKK908cKKKWgBtLS0UAJRRRQAlFLSUxgCVkWZWKyIcq4bDA+xHIrs9B+K3irR9tvfSpq1svBS5OJAPaQDP55rjKPTtXj5xw/lef0fY5lQjUj5rVej3XyPUyzOswyeoquBqyg/J6fNbM+gfDfxI8L+JZEs4b4Wd5J921u2CO3+6fuv+Bz7V1rbgxVgQR618a+Jv8AWW+7nHr7V0Phf4xeOPDCpa/bk1Oyj4W31Dc5UeiyD51/HIr+NOOuCsPk2c1sJljfs42spO7V1fc/0B8OuBMy434MwvENGrF1qnNzRa5U7SaVnt062R9U7qMivJ9D/aK8J3irHr+l3+ky/wATov2mH65XDAfVTXZ6Z8R/AOsKG0/xlpEhb+B7pYm/FZMGvzurgcTR+ODOXMeD89yqTjisLNeaV196ujpqKrw3dtcLut7y3lH/AEzmRh+hqb5jz/UVzcklumeFLDVo6Sg/uf8AkO3UVVmv7K3Ba4vrSEeslxGuPzasi/8AiB4F00H7d4y0aLH8IvFc/kmTVxo1J/DFv5G9HLMdiHajRnJ+UW/yOh3Ubq831T4+fDmxyLW+vtSYdFtLNgD/AMCk2iuQ1b9pK8bcugeE4YvSS/ui5/74jAH/AI9XZSynGVdoW9T6nL/DnibMbOGFlFd5Wj+dj3Xdz71T1TWtI0KE3GtatZafGP4rqdY8/QE5P4Cvl/WPi/8AEbWg0c3ieW0hf/llp8a264+q/P8A+PVx8sklxMbieR5pTyZJWLuf+BHJr1KPDs5fxpW9D9DyvwPxU7TzLEqK7QV397SX4M+kNe/aE8C6buj0eO91uUcAwx+TD/38k5I+imvN9f8Aj5481bdDpTWmiQN0+yx+ZNj3kfOD9AK82zRXr0MnwlDXlu/M/Tcn8MuHcntL2PtZ95+9+Hw/gT6hfX2rXRvNUvri+uDz5t1M0rfmx4/Cq+5s/Wlor00lHZH3lOlTox5KcUkuwZozRRQai9aSlozQITdRRmgUAANLmkpaACkzRS5oGJuo6UtJmgAyfvV9a/C/5fhx4Z24AGlQfyNfJXPXpX1v8MW/4t14Zz/0Cbf+Rr5/iL+DD1/Q/EPHF/8ACVhf+vn/ALazp80Zo/GivkT+ZkBNL75pM0uaBiUUGigA980UfjRQAE0fnRRQAUhaio5Z44I3nnkEcUal3Y9FUDJJ+g5rSEJVZKEFdt2SJk1FXlokcJ8XvEx0fQRo9rLtutWzG2OqwD75/EkL+deHd/TtWz4w8RS+KvEF1rD7hEx8u2jP8EK/dHsT1Pua2vhB8Pp/ih8QtL8IhXFnK5udRkX/AJZ2kZBk57bvlQe7+1f3p4f8N0uCOG4U8RpUa56j/vW2/wC3V7qPxTNsZUz/ADTlo6ptRj/XnufWP7IHw3PhP4et4s1C38vUvFBW5AZcNHaLkQr/AMCBaQ/749K8h/4KOfFJrWx8P/B2wnaNtSYazqWQQHijYrBFno2ZNzkDkeWvqK+wNZ8Q+GvBWi/2l4h1aw0XTLYxQ+fdTLDDHuYJGu5sAZJVQPcVB4k8J+DfiFov9l+KtB0vXdMuV3LFdwJPGwI4ZSc/gymvkJZjKtjnjq6vd3/r0P1hZYqOXrL8PLlsrf5/efHf/BOX4VFjrvxk1S34fdomj7l/hBDXMwz6sEjB/wBh/WvrL4x/EWx+FHw08QePL0of7Jsnkgjb/ltcH5YYx/vSMg/E1s+DfBvhz4f+GbDwf4R0uLTdI0yLyrW1jLERrkk8sSSSSSSTk5r5Y/4KFWHxV8ReH/D+i+E/Buq6l4YtJJNT1e6sY/OInQbYUeJMybFBkcttIzt9Knn/ALRxqlPRN/gP2f8AZWXuNNXaXTuz4z+F3gfWfjb8WtH8J3lxLc3PiPUmudWuv4vK3Ga7mJ7ZG8D3ZRX6/wANvp+j6XHbW6xWdlZQCNF+6kUSLgfQBR+lfG3/AATo+FElppuu/GHVrVkl1Fjouk+YhVhbxsGuJACM/PKAn/bE+tem/tyfFhvh18GbnQdNvPK1nxi50i12nDR25XN1KPpHlAf70i115nUeNxkcNS2WhxZTTjgMFLFVt3r/AJH5/wDxe8YSfF74wa94m8P6ehXW9U+y6RbQQhDJEGENsMKOWkwGJ65c+lfqj8E/hvZ/CT4YaB4BtdjPplooupV/5bXTkvPJ/wACkZj9MV8E/sF/CkeOPi8fGmoWobSfBMS3K5GVe/kBWBf+AKJJPYiOv0vA2rxTzysouOEhtH8xcP4duMsZU3kU9Y1Sz0XS7vVtRmENpYwSXE8jdEjRSzH8ADX5heL/ABReeNvFWreL77KzavdyXRUnPlox+RP+AoEX8K+xf2yvHv8Awjvw9h8HWk+288UTGFwDytpHhpT/AMCOxP8AgRr4jZgoMjHAHLf1r6zgjAezozxsl8Wi9Fv97/I+T46zD2teGChtHV+r/wCB+Z9AfsZ+Cf7c+Il54wuYibXw3a7YWI4N1OCo/FYw5/4GK+4V4FeS/sx+AX8C/CfTI7y38rUdYzq14O4eUAoh/wB2MIPrmvWhXx/EOO/tDMKlRfCtF6I+z4by/wDs7LqdOXxP3n6v/gC0UUV4p7oUUUUAFFFFABS0lLQAlFLSUAFFLRQAlFLSUAMkXcvrX5wfHjwEfh18VNa0OGHy7C6k/tLT/T7PMS20eyvvX6KK/SI185/tmfDxte8E23jrT4N154akP2ggcvZSkB/++HCP7ANX0vCmYfUcwjCb92fuv16fifLcXZd9fy9zivep+8vTr+B8v/Bfx83wz+JGj+KJJClkJPseojsbWUhXP/ATtf8A4BX6TwyLIgkRgysNysDkEdiK/KIqCpVlBHQg96+9f2T/AIjN41+GsGj6hceZqnhll064LH5pIQuYJD9U+UnuyNXv8bZddQx0Ft7sv0PneBcz5ZTwE3v70f1/zPWPFWj/APCQeGdV0EttGpWM9mWHGPMjZP8A2avxs8G+DZNc8faD8O9Wujp0l7rFvod5McBrc+cIZSM8AjDYz3xX7TNyMV+X37b/AMMJ/h38b7rXtNja307xgv8AbNnLHkeVeKQLhVPZg+yX/tpXzORVrTnRvZyWnqj6biOhzU4V7XUXr6M/SDw/4D8J+FvB9t4F0PQ7S20G2tvsaWPlhomixhg6n7+7J3FsliSTya/LD9oj4c3PwL+OWraJ4dMlnbW91DregSAY8qF2EkQU+kcqun0jFfaHhX9ur4T2Pwi0PxR421x28Ty2ogvtFsYTLeNdR/JIwThUjcjerOwXDdc8V8eftKftDf8ADQ3iPTdXHgq10KHR4Zbe2kM5mu54nYNtlYAIACuQqg4LN8xzWuT0MTTxElOL5XdMwzvEYSrhounJcys1b+tD7t0/9sP4M2fwx0Hx54r8YWVneatYxzvpFuTPei4xiWIQJlxiQMMsAvA5r5t+Kv8AwUO8a6/52k/Cfw/H4bs2yo1LUAtxesPVIhmKI/Uua+VPDXhXxF4u1pdC8H+Hb7WNVn/5drC2MspHq+OFX/aYge9fWfwl/wCCdvijVvJ1T4weIF0S2bDHSdKdZrth6STkGOP6IGP+0K6Hgcvy+XPXld9F/wAA5o5jmeZxVPDRsur/AOCfQf7Gfxouvi58KYrfxDqD3XiXw1INO1SSVsy3C43Q3Df9dE4J7sj1zn7aHwxF5pdn8VNJt/3+mKLPVdo5e2Zv3ch/3HOD/sufSvQJ7f4Ffsf/AA7udct9Lt9B0kSxRTyQxtPe38zHCqWYmSZ+WbGeFDEAAV6PLH4f8deF3jd4NT0XXbLG5G3R3FtMnBBHUFW4IrysLjngMdHHYdNRv+HVHtYrAf2hgHgcRJOdvx6M/Lv/AID9fevdfhH4obWPD/8AZN1Juu9KCxZPV4D/AKtvwwVP0FeW/EbwHqXw18aal4L1Lc5sJM20zD/j4tm5ik/EcH0ZWFVfCPiKXwtr9rrCBmiQ+XcIP+WkLcMPqOo9wK/X8RGGY4VVKTvdXR+LKM8FiJU6is07M+mAelWtPs7zUrpLLT7WS4nk+7HGMk/4D3PFX/BPhG+8cXCHS5l+wbVke8xlAjcrt/vMR27d6968NeE9G8K2f2XS7fax/wBZM/Mkh9Wb+nSvz/MM1p4N+zjrP8vU+zyfIK2Y2qT92n37+hxXhb4PxJtvPFEnmuefssTYQf7zdW+gwPrXpFraWtjAlraW8cMKDCxxqAo/AVkeKPG2g+E4t2p3WZ3GY7eL5pX/AA7D3OBXj3ij4peJPEO+3t2OmWTZHlQt+8cf7T/0XH41+U8Scb4TLpOOInz1P5Y/r0R+iYPAYfAR5aMbefVnqnib4keG/DO63mujdXa/8u1vhmB/2j0X8TXlXiT4oeJtf3Qwzf2daNx5Vu3zMP8Aak6/liuPVdvCjg0V+N5zxrmWbXhF+zh2j+r3Oy4g4zjv+p9/WlGaKWvjyQ+tJil/rRQAlH60tFAxKKWloAYPmYL68V8y6XrGqaBeG40W+ltZQSHKfdfBIwynhvxFfTa/6xF75r5mfTbzUfEE+maXZvczy3Uwjij+8+CxOM9eATiv6H8B3hZxzKjjEnT5YOXNblteV730t6n4x4txxEZYKphW/aXko8u93y7W1ud7ovxmmXbD4i0vPY3Fn39zGT/I12dh8QvB+oY8nxFaozfwXGYW/wDHhj9a8Ba2uEby2t5lbO3a0TA57jkUz5WyowSOvev0fN/BnhbOZOrg26Mn/wA+5Jx+53/Cx8Xl/idxBlkVTxSVRL+dNP71b8T6hgure6UNazRzKecxSK/8iam/e/8APGT/AL5NfKoVYz+7Xaf9nj+VTreXi/Kt5cqP9mdx/Wviq30eLS/c47Tzh/kz6il4z+7++wuvlL/NH1GyyDnyz+NVLnU9Ps+brULSEDr5lwi/oTXzLJcXEnyy3E8g/wBqRj/M1D5MPUxpn3XP861w/wBHmF/9ox2nlD/OTM63jNJr9zhfvl/kj6DvviR4NsCVk16CZh1W3VpT+gx+tczqXxqsI8ro+iz3DdnuZBEv/fK5P615KMrQPxr6/K/A7hjAtSxHPWf96Vl90bHzWO8WM+xS5aHLTX91Xf3ts6zVvih4y1JSkeoR2EbfwWabDj/fOW/lXKTySXExuLmSSaY9ZJXLsfxPNNor9MyzIMryaHJgMPCn6RV/v3/E+Fx+dZhmkubGVpTfm3b7tvwA7j3pPSlor1zzBP1oopaAEpaKKAE5paKKAEpaKKACiiigAooooAPSkpaP5mgA6UUUHp9aaAw/Eu7dBj+6T/KsmtfxNnzIe42/4VkV/KniP/yUmI/7d/8ASUf67fRn/wCTa4D/ALf/APS5B3pGVXG1lVh6MM/zp1JXw5+9kS29uD8sEYPsoFP2j3P4mnClpWT6GcqNOXxRX3Ii+zwf8+8Z+qipFVV+4qqD6DFKKKLJFKMY7IT5qOaWk5+tMYD+dLRQKACk/Wlo/KgVxKB1opaAEoo9felGaQwopaSmIQUtH9aQUgFoFH4UtACUDNH60tAxBxR0paTpTAT3NfXHwyP/ABbvwyc/8wm3/lXyR3+tfW/wyP8Axbnwwf8AqE2/8jXz3Ef8GHr+h+H+OX/Iqw3/AF8f/pLOno96KK+SP5nQUUfnilpDEpKXoKKYCe9H1pelFIAoooPemA3P5V5p8YfExs9Pj8L2kwE9+vmXTZ5WAHhfbeR+S13usavZaHptzq2oSFbe1jMj+reij3Y4A+tfNWs6tfa9qlzrGoNm4u5C7eiD+FR7AAAfSv3HwS4Lee5t/a+KjehQd1f7U7aL/t3d+dj4rjLOPqWF+qUnac9/KP8AwdikxC8sQB619wfsg/DFvCPgl/GmqWvl6p4oVJkVh80NkufJXnoWyZD/ALy+lfMfwH+F8nxU+IVpo9zCzaPYBb7VnA48gN8sWfWRht/3Q57V+jEEcdvGkMaKiKoVVUYCgdAPQCv6J41zVRjHL6b1dnL9F+p5XA+U80pZjVW2kf1f6HxJ/wAFHtd8ZTWfh3wvb+HdSTwlAx1PUdVEJa0ku+UhhdxnbsBdvmwCWTGSK+avg9+0l8WPgpLHB4U177VowbdJouo7prNh38sZ3Qn3QgeoNfrXfWNjqNrLY6hbQ3NvOhjlhlQOkingqynIIPoa+Rvjd/wT98K+IDceIPg7fReGtRbMjaVcBm02U9TsIy1ufpuT/ZHWvmMuzDCql9WxEdO59NmmWYuVZ4vCzd+39bndfBf9tn4U/FJrfR9auf8AhEvEU2FFlqUq+RO/pBccI+T0Vtrexr6GUrJ9a/EbW9HvtD1S+0HWIYBdWM721ykcqTxh0OCA6kqwyOCOtewfBn9rX4t/BtoNNttUPiHw9EQDpGqSM4jT0gm5eL2HzJ/s10YvIU1z4V/J/oznwXEbT9njI/Nfqj9WVhjhXbDGqjk7VGBk8n9a/M79vbWPGuo/GKW78TeHNT0vw7o9uNP0S4uICLe7XAkmljcZQs7nG3IbEa8V9lfBf9rX4S/GbydL0/VTo3iCQDdo+qFY5nb/AKYvnZMP907vVRXruqaNo+vWMmm6zptrf2kuPMt7qFZY2wcjKMCDg89K8nCVp5ZiOepDXzPaxdCnm+G5KVTR9jyr9lH4T/8ACofg3pGi30ITWNUB1bVj3+1TAHyz/wBc02R/8Br2FjihVAry39pD4kH4c/DHULuyn8vVdV/4lmnbfvLLIp3SD/cQM/1A9axpwqZhiVCPxTf5nRUnSy3CucvhgvyPjr9oj4hf8LG+KeqalaT+bpumn+y9OIPymKJiHcf78m857gLVD4H+AW+I3xO0Xw7JCZLGOb7fqHHAtoSGZT/vtsT/AIEa4VY1jVY4+FUbR9K+0v2L/h0dD8G3fxA1CDF34kcLabhytjGTsI9N7lm9wEr9WzavDIco9lS3sox9er/U/I8ow9TP849rV2vzS9Oi/Q+jY1CrhQMdgKfRS1+Pn7QJRS0UAFJS0UAJRS0UAFFJS0AJRRRQAtFFJQAtJS0lABVPVtMs9Y0260nUYVmtL2F7eeNhw8bqVYH6gmrlFCbTuhNKSsz8vPHng2++HvjLVvBuoKS+l3BijkYf62A/NFJ/wJCv459K7P8AZu+Ii/Dv4oafNeTCPS9bxpd8WbCpvbMUh/3ZCBn0dq9r/bU+G/2vSbD4oabb/vdMxY6ntHJtnb91If8AckOPpIfSvkNlDKY2zg8Gv2TL69PiHKeWpu1yy8pLr+p+KZjh6nD2bc1PZPmj5p9P0P1fVt3vXh37Yfwib4sfBzUU0y2EuueHidY0vA+Z3jU+bCP+uke9QP7230rc/Zv+Jp+JPw3sp764EmsaTjTtSyfmaRFGyU/9dE2tn13DtXqzDIr8mqQq5dinCWkoM/X6U6WaYRSjrGa/P/I/F/4e/Djx98Vr8af8OfCuoa27EK8sEe23hzj/AFs7Yjjx3BbPtX2D8J/+Cc9tH5WqfGbxQbpuGOj6LI0cX+7LckB39wgT6mvtTTdH0zR7VdP0nT7aytYyzLBbwrHGpZixIVQAMkkn1JNXK78TnmIr6U/dX4/eebhOHsNh3zVfff4fcc54J+Hfgn4b6Omg+B/DGnaLYJ/yytIQm8/3nb7zt7sSa1Ne1zS/Dej3mva5qENlp+nwPc3VxM2EiiQZZifQAVeZtor87f24/wBpL/hONbk+D/gvUd3h/SJ/+JzcQt8t/eIf9SCPvRRMOezSD0TnhwmFqY+tyfez0Mbi6eW0HO3ojyf9pb9oDU/jx44bWN0tp4Z0nfFotlJxsiP3riQf89ZMZP8AdUKv94n75/Y38I+L/B/wD8P6b4yunM9z5t9Z2rrhrGzmbfDbk9yAS2P4d+3otfmR4F1rQfDfjbw/4i8VaQmraNpupW91qFk4yJoFcFxj+IgfMFPBKgHg1+z+l6hY6tp9tqmm3CXFpdwpcQTRnKyRuoZWB9CCDXs53bD0aeGpxtE8Hh6+Kr1MVUleR4P+1x8J28Y+Dx420e2L6x4bjeR1RfmubLrLH7lf9Yv0YfxV8QKdyhlYEHkMOhFfq9IqyRlWUEEYIPINfnn+0V8J3+Ffj+aPT7bZoOtF7zTCB8sXOZbf/gDHIH91l9DXvcF5tvl9V+cf1X6nh8b5PZrMKK02l+j/AEPWP2P/AIwW1pBdfDHxFdpCkCSX2kzSNgeWPmmhJP8AdzvX2LDtXqnjD4yTXO6w8Inyom4N86/M3/XNT0H+0fyr4Hs7y7028g1CwmaG4t5FmhkXqrqcj8Pb619I+FPEtr4q0WDWLXCM/wC7uIs8xSj7y/TuPY1+X+N2GzPJIRx2XaUartNreMv0Uu/c7+Dc6WKofUavxw281/wDbmmmuJnuLiZ5ZpG3PJIxZnPuTyabSUV/LDbbberPtxaWk+lFIYUUUUALRRz17UUAJRR+NBpAH40Uc0GgBF5kT/eH8xXgfhNnHxI04xsisdSkAaT7oP7wZOOa98T/AFi467h/MV89eF54rfx5pdxM22NdU+ZsZxudlz+ZFfuHhFQlWy3OlFXbotW73jM/KfEarGlj8qlJ2SrXv6OB6ZZa1qkPh/UP7U020udedTqGoW6xsoWETFIBiPJAIjz9OT1Ncz8Sro6tY6p9tsrWO70bVIEhmjt/LZrS4Ryiuf4nyCTxxxXVWXjDS9Qury6j0m70ybR4xdajJGBiSGIyxxxMcZdcMXO3rwBk1y/jTxNpereHdXsdL0Rre0W+spI7h42je5nmWSR5GVsEABcD1yangzC4+jxBTn9SlCSqQbfNZQUpR91K9uVxtyxXM+V9LHdxVicLWyWcFjIzi4SsmrufKpa3te6lfmbsuZeZ5lSUp60npX9hn8vBS9aT+tFAgooooGFHako/HFAAaKPpVzR9IvtfuzpmkxrNd+U8kcW8L5mwZKgnjcRnAPXGKwxeKo4GjLEYiSjCKu29ku7OnC4WtjasaFCPNKTskt2yln14FSW9pdXdzBZW9vJLPOyLGijJYtjHH4iuk0f4e6nrnhHUddjke2nsbk2/2edQpkAC7xyRtdSTweW6Cu3uW+F+i+KLvWG1oxXGkafbQw7JkVZWazKp5fB3Psx14DsM1+a594n4HAznhssjKvUipp8iclGa5eS9lqpc267H6Dk3h5isVThiMfJUYS5WuZpOUXzc1tbprl2seRfZZ8SSLG7xROI3kUZVWJIUE+p2nHrim8/hz+nWvRdG0vwTqnhGy8IeHfEyNfarqUdxfSTlVFsYYGOGAP3MkBc9WPtWd4n8LST2M2taTckeH9Egj02x85V8y5lV/wB4I9v38uzMznvnGRirwPiZgauMWDxkJUW5OKc1KN1pFPVbzqcyiv5YtvTUnGcAYiGFeIwk1V5YptQalZ7tadIwcW33kktTjKDUlza3NlcPa3lvLbypjdHKu1hkZGQeQcEHB9aj9K/S6dSFaCqU3eL2a2aPzurSlRk4TVmugUtJS1ZmFFFFAB/WikooAWiiigBKWkpaaAxPEzfvYMeh/pWR1Na/iPmSH/d/wrIr+U/Ef/kpMR/27/6Sj/Xf6NH/ACbXL/8At/8A9LkLSdaKOtfDn7yFLR+FFMAopaM4BZiAB60BcSiuz8BfB34nfEzEngvwbfXtqet9Iv2e0H/baTCt/wAB3V7d4f8A2BviHfKsniTxpoWk56x2sEt24/ElFz+dehhsqxmKXNTpu3fb8z5bNONsgyaTp4zFRUl0XvP7o3Pl7rRzX2WP+CfNrt+b4sXm/wD2dIix+r5rmvEf7Avjyxhebwr480fVWXlYby1ktGb2DqXXP1Fdc+HswjHm5PxR4tDxT4WxE+T6xb/FGSX32PlnNJXVePPhf8QPhneC28ceFr3S1Ztsdy677aU/7My5Q/QkH2rl8V49WlUoy5akWn5n3GEx2Gx9JV8LUU4PrF3X3obR3paO9QdQlLzRRzSC4Uc0c0UAFJ70uaOaBhmiiigAFHeijmgApM0tH50AJ7819cfDRv8Ai3fhn20q3/ka+SPQ5r63+GX/ACTvwz/2Cbf+Rr5/iP8Agw9f0Pw/xx1yvC/9fH/6SzpqWk59aWvkj+Z0FLSfWlpDEoNFGTTAKKKM+9ACGkLUrVyXxC8YL4V0Rmt5B/aF5mG2Xuv96Qj0XPHqcV6uSZPis+x1PLsHG86jSX6t+SWpzYzF0sDQliKztGJwHxd8WnVNSXwzYy7rSwbdckH/AFtx6fRQfzJrzxY5JGSGGJ5JJGCRxouWdicKoHckkAD1NHzN8zMzEkszNySTySfc19EfsgfCZvE3iR/iTrNrnS9CkMWnKy/LPe93weojB/77Yd1r++Mry7BcC5DDCUfhprfrKXd+r/A/F4RxPEuZ76yfyUf+B+Z9C/s+fCeP4T+AYbC9jjOtakReapIvP70j5Ygf7sa4Ue+4968C/bD/AGrPiB8NfiBZ+AfhZrWn2klpp4uNWllsUuXSaVsxRjdwpEa7iMH7619GfHT4yaD8Dfh/eeN9bga7aORLeysY5Akl5cufljViCBwGYkjhVJrxb4U+Cf2Nv2i7nUfGWl+E4NS8R30zX2sWWsXlw97FM5+ZniaQqUzwGjymMAYxivz2jV9rWlj8ZFyTf4n6xXoqjQjl2CmoSSXrb/M+O9c/av8A2iNYVv7S+MWsWyt/DafZ7MD8Y41P61yg8UfFX4gXBtovE3jbxNLJ1jivL6+J/wCAoWH5iv1Y0T9nj4G+HWSTRfhH4StpE5WT+yIXcH/eZSc13sNnbWsIhtoY4Y14VY1CAfgMV2f21Rp/waK/A4VkGIqfx67f3v8ANn4meIvDPiDwpqU/h3xBo13o2p28aM1rdRGOWISIGjJXtkEH8a+vo/2KfBvxg+GOhfE/4H+Jn0a51jTYrl9K1GRrmz+0Y2yxLKf3sJWQOpzuAI6Ctf8A4KLfCVtujfGjR7cnyQmi60VXpGSTbTHHo7PGSf8AnonpWN/wT1+Na6LrV98E9fuwttqzvqWhNI3C3IGZ7cf76jzFHqsnrXbWxdXEYOOLw7s47rocFDBUMNjpYLFK8ZbPqfLXxA+G/jj4W6wNF+IXhm80S6DZhknX9zNtP34ZlOx8dcqcjviv0y/Y4t/iC3wL0XVPiN4i1DVbzVme+sRfHdNbWDYFvGz43PlV35YkjzAM8V634i8L+HfF2lTaH4n0Sw1bTrgYltb23WaJ/qrAj8a0re3hs4Y7W1hSGGJAkcaKFVFAwAAOAAABivFxuaPG0YwlGzW7Pey/J1l9aVSMrxa0Q5mwM18BftU/En/hPviZNpun3PmaR4Z32Fvtb5ZLjI+0Sf8AfQCA/wCwfWvrD9oT4mL8Mfhxf6taTBdVvv8AiX6Wvf7RID8/0RQzn/dHrX52AbeNxY92JySe5J9TX1HBOWc9SWOqLSOkfXq/0Pl+Oc05IRwFN6vWXp0X6nQ/D/wbffELxppHguxZlfVLgRyyAf6q3UbppPbCA49ytfpppOmWej6ba6Tp1usFpZwpBBGvRI0UKoH4AV80fsVfDX7DpN/8TtSg/f6pmw03cv3bZG/eSD/fkGPpGPWvqSvO4vzL67jfYU37lPT1fV/oenwblf1LBfWKi96pr8un+YUUUV8mfXhS0UUAFJS0lABRS0UAJS0lFABRRRQAUUUUAFFFFABRRRQBna/oum+ItFvdB1i3W4sdRt3triJujxupVh+Rr80PiB4L1L4d+MtV8G6oWaXTZtkUp/5bwN80Uv8AwJMZ9ww7V+oDdK+av2yPheda8OwfErSbfN7oKeTqAUcyWTHO/wBzG5z/ALrP6V9Vwlmn1DF+wqP3Kmnz6P8AQ+Q4wyr69g/rFNXnT19V1/zPCf2bfid/wrX4lWrX0xj0bXtmm6gSfljJb9zMfTY5wT/dkb0r9CVbivyfZVYFSMqRg+9ffH7LfxVb4hfD+LS9VuvM1zw7tsrws3zTRYxDOf8AeUYJ/vI1evxtldpRzCmt9Jfo/wBPuPI4HzbSWXVH5x/Vfr957VSE460teYftFfF7/hSPwu1LxxHpcmoXivHZ2MIUmP7TKSsbTEfdiB5J78KOWFfA04SqyUI7s/Q6lSNKDqS2R5F+2x+0s3w40Nvhl4I1Ly/FetwZuriF/n0uzbguCPuzSchO6jL8fLn4X+D/AMJ/EXxk8dWHgHwujRef+9vbzblLG0UgSTt6kZwoP3nIHrXOa9ruteJtZvvEniDUpdR1XU52ury6lPzSyt1PoB0AA4UAAcCvpj4J/tO/B/8AZx8DnR/CHgnW/FPifUttxrGqTCOxgmlA+WKNnLSeVHkqvyDJ3N/FX2UMNPLsL7PDx5qj/r8D4Kpiqea4v2mJly01+X/BMj9s/wDZ3034Ma9oPiDwZZvD4Y1a0j08qcsYL6CPB3N3M0Y357sknrXvf/BPr4xN4i8E3vwn1q8Dah4UAl07c3zS6bI3CjufKkynsrR188fGz9szxh8bfCt34H1LwH4a07SLuSObd5k1zdQyRuGR45DsVWBGM7TwSO9eIeG/FXijwZqn9ueEPEGoaLqHkvB9qsZjHL5b43LuHY4H4gHtUrA18XgvYYjSa2ZTzHD4LH/WMLrB7rb7j9rWmRBuY7VHc8CuD+Nnwxs/ix4FvPDcjJFfx/6Tptw3/LG6UHYT/stkq3sxr8jvEHjHxV4kYt4s8aa5qQbvqGsTyfiA74B+gr9MP2N/jrL8aPhmLXXJ2m8ReGtlhqMxVsXa7f3VyGxgl1GGAPDq3QEV4+Iy+vlXLiac7tPp0Pdw2aUM55sLUhZNdep8S39jfaXfXGmapayWt5ZzPb3EEn3opFOGU/Q/pg966L4f+MJPCOtCS4Zjp13iO8T+6M/LKPdT+mRX0Z+2B8GftEbfFvw3ZkywIseuQovLxDhLkAd0Hyv/ALOD/DXyX075r9FUcDxllE8Pio3hNcsl2fdem6Py7HYTE8N5h7j1jrF91/W59WpIrANGwZTgqynIYHkEexGD+NO715V8I/GfnRr4Q1SYeZEubCRj99O8X1HUeoyO1eqZOSDX8J8X8L4rhHNKmW4rprGXSUXtJfr2Z+u5TmdPNcLHEU/muzF6UtHvR618uemGaXNJS/1pAH1ooooASg9aKPxoAM0UUGkAg++vruFfNulCV/Edv9njMkovGZFXqzBmIAz0Oa+k1/1iD/aFfOvhezvtS8XWNhp6/vrm6lRW3bdgIcGTPbaCW/Cv3/wTxEMJgs3xFRpRjTTd9tFN6n494pUZYjF5bRgm3Ko1pvvHbzO68I2djF4X1PVodZvJrm7WOG9W6k2S2kkh4V5mByCHbDY6EHHNcj4shuYbO7ddVuNWtGvVt/OuyTNazRhgYpRz82OjAlSvTFd7JpsS22r+Cbu3NnJby2my4mHzai5jRVkZjwctHtXHQ4Fcn4n0u6s/CFtqzsY5797YahbmPDLNGksfmuP4d+AwPfNevwlm0f7clUq1eZ160eWMuV3jyRlB3itPdVk1s0oy1ZzcSZY1lEIU6dlRpy5nHm+Lmaas99d1bVXlHRHA/dpKWkr+m/Q/AAooooEFJRRQMKSlpjNGjKjMASehbG4dwM0m+UuEOd2Llro+panp9/qVnButtNVHuipyyK7YDbepGep7V2k0nh3SdC0nxhp+nxWni61uLdZNJeNk851DxrMIMBsthX+Tr7VNpK2PhfwvqXjTwd4hFvPcxon9natGrPtVjujULkSkk5QkLzjntXoHg3QdUvLo+OvGGH1u/iCwJ1FlbnkKuedzZyT2zgY5r+XfEXxAp04VcVi7rD0puEYpyhUqNwSnRqRas6ercpJ3WltbX/ozgPgepWnTwmF1rVIqcpWjOFNKV4VYSTup6JKLWut9DNtPh/qniC/1HXPFmpXenxa20T3mjWU+FbZnYssgGSeckL36mur0nwZ4V0ZFj0vw/p9uq8A+QrHH1bJra5Jpa/kbNuOc5zeTj7V06eiUINxiklZLTWVkkrybdkf1HlPBmT5VBWoqc9W5zSlJtu7et7XbbtGyuzG1bwd4X1u2e21LRLKQN/GkKxyL7q6gMD+P4V59aaXqngfxroHh6ZpdW0pvPGiKI8tBK4bcSq4DSAEnzHJ2qTtGTXrf515/8ZdNtb7wva308wgWx1KBmlyw2RyExv8Ac+bHIPHPFfVeHXEWMxWZLJMdUlOhiLws25cs5RahKPVPmstN02mfN8e8P4TD5dLOcHTjCtQtO6SjzRUk5RlbdWu1fZq55X4u0/S9Pmuo7zWJdW8QTXDSXLxtiC1yfuyNkmSXAGVB2r05xXN13nxB1rwu6pp3h3wbaxRmKJ11AwtGNkhyWiUgN85Cjc/J2nArg/U1/e3h1isTi8khUxSmpf33Bu2ytGGkI9o2uuup/E/HuHw+HzeUMNKLj/dUlrfq5ayeustn0D9KWnfY5msmvhGRCkyW7P2DsrMB9cKT+FN+vSvuoVIVL8jvZ2fqfGVKUqaTkt9Qooo/GqIE/OlpKPzoAWj60UUAHeiijtTAwvEjZkh9gf6VlVq+IyzSw/7v+FZVfyp4j/8AJSYj/t3/ANJR/rx9Gj/k2mX/APb/AP6XIKWk6UtfDn7wJS0leg/Bb4N+I/jV4sGg6OzWmn2m2TVNTaPKWkR6Bc8NK2DtX2JPA52oUKmJqKlTV2zgzLMsNlGFnjMXPlhBXb/rd+Rg+A/h74x+JmvL4b8FaLJf3nDTN92G2Q/xyyHhB9eT2Br7b+EH7GPgTwWlvrPjryvFOtphwsyYsbd+v7uI/fI/vSZ9gteyfDr4a+Efhf4bh8MeD9JSztI/mkY/NLcSd5JX6u59T9BgV1THatfoGWcP0MEuesuaf4L0P5b4w8UMyz+csPgJOjh+y0lL/E+l+y/EZFDDBGsMcaoiDaqqMBQOgAHAFcj8QPi58O/hdZi98beKbPTTIMwwMS9xN/uRLl2/AYrwv9o39ryHwXc3fgT4YSwXmvxExX2pMBJb6e/dFHSWYdx91e+T8tfEer6xqmvapca1rmqXWo6jdNunu7qUySyH3Y9vQDgdgKjM+IaeCk6NBc0l9yOrg7wpxnEFOOOzGTpUXqtPfku6vsn3e/bqfX3jP/goBAsj2/w98BPOnIS81i48oH3EMeWx/vMprzi6/bj+Ok8pkhPhi2QniNNLdwPxaXNfP3eivlK2fY+rK/tLeh+14Dwz4YwMOX6spvvNuT/y/A+lrD9uLxleW76V8Qvh94a8RaVcL5dxDCrwGRD1ykheNvocV5x488L/AA58TWNz45+C1xc21rbr5+reFr7Au9LTIzNByfOtgTztJ2cduB5hUlvcXFncQ3tncSQXFu3mRTRsVeNvVSORWVTNK2Jj7PFe8u/VfM7cNwbgcnrfWclvRl1im3Tmu0ot6eTjZrz2cWfTFLQe/Tn0GKfDH51xFCRnzJI48fVwP6150Y80lE+rqVPZU5VJdE39wyiva/2nvgTJ8H/Fy6tosDf8Itr0jPZEZItJ8bntifTqyeq5H8NeKMyqVDMAWO1QerE9h3J+lb4rCVMJWdGotUedk2dYTPcDDMMLK8JL7n1T7NdRfeitrUPBPjDSdFi8Rax4X1LT9NuJlgguby3a3WaQgsAgkwz8AnKggAcmsWsZ05U9JKx3UMTQxUXKhNSSdrp317aCZozQOtLWZ0ISiiloGJR0o70vSgBoNKKPrRQAe/Ir63+Ghx8PPDPtpNv/ACr5I5+8c19b/DRj/wAK98M5/wCgTb/yNfP8R/wYev6H4f45f8ivC/8AXx/+ks6bNLz1pOaX86+SP5nDNL70lFIYetFJRTAM896KDTecjFNICpqWpWek2E+pX8witrZDJI/oPb3PQD1NfOXijxHdeKtan1m6Uxq/yW8OeIYh91R79ye5NdR8VPGn9tXx8P6bOTYWUn791PE8w/mq9B6nJrgfmyFVWYkgKqrlmJ4AA6kk8Ad6/srwb4A/1cwX9sY+NsRVWl/sQetvWW78tD8j4tzx5jX+qYd/u4/izovh/wCB9Y+I/jDT/COihllvXzNPtyLa3XmSY/7o6DuxUd6/R3w/ofh34e+E7XRdMWKw0jRrXarO21UjQEtI7HueWZj3JNeb/s0/Bn/hV/hP+09at0/4STW0Wa+JGTbR9Y7YH/ZzlsdWJ9BXh37fH7QX2S3b4FeEr79/dxrJ4kmjbmOBsGO0yP4pBhnHZNo/jr2s8x8s/wAesNh/4cfx7y/yPqciy+HDuXvFYj+JL+lH/M+ef2pPj7cfHb4gPe6fcSJ4V0VnttDg5AlUnD3bL/elwNoxkIFHUmvL93izwD4pDf8AE38NeI9JcOpxJaXlqxGQecMAQe+VI9a+nv2GP2cj4516P4yeMtP3eH9FuD/Y1vIvy316jYMxB6xQngf3pB/sHP198cfgH8NvjVobR+NLQWt7ZRO1rrcBWO5sgOSd54aPuUfK9eh5qamZ4fAzjhIRvFaP+uvmTTyjE5jTljZytN6r+unkfOvwB/b+ima28K/HTy7aQ4jh8SQR7YnPQfao1GIz/wBNEG31CjmvtTT9SsdUs4dQ068gurW5jEsM8EgeOVCMhlYZBB9RX4n6xb6bY6xf2ej6sNUsLa6lhtr8QmEXUSuVWXYSdoYAEDPQ16R8Ef2kfiR8B7xI/Dt8L/QHk33Gg3rsbZ89WiPJgc+q/KT1U1GOyOFVe0wuj7f1sXl/EE6D9ji9V3/z7n6q+OPCGiePvCereDfEVv52naxaSWdwvcKwxuHoynDA9iBX4+eMPCnjD4SfES/8KNNc2/iTw3qIjtLi3ysskysGtp4sc/vMxsP94j2r9Rvgf+0t8N/jpYlfDuoNZa3DHuu9FvSq3UXqygHEsf8AtpkdM7TxUnjL9nfwP46+Lfhb4warG66n4ZDAwKo8q+K5Nu0vfMLlmXHU4B4ArysDi5ZbOVKtF2fTzPYzDBQzaEK2Hkrp7+X/AAD0jQxfro9l/akhe8+zRfaG2gZl2DecDgZbPAq47EU77o4rxH9qb4sP8O/BB0TSbry9d8Rh7W1ZW+a3gx++n9iAQq/7TD0riwmFqY7ERoUlrJ/19x6OMxVPAYeVeq9Ir+vvPmb9pr4pf8LK+I00OnXPmaJ4e32NjtOVlkDYnm99zDaD/dQetcD4I8Ian4/8XaX4O0kMJ9UuBEZAM+TEOZZT7KgY/XaO9YaKqqqIMKBgewr7F/Yx+F50vQ7n4oatb4utaU2+mbxylkrZZx6GRxn/AHUX1r9ax+IpcOZXy0t0uWPm+/6s/H8vw9biXNeat1d5eS7foj6L8P6Jp3hvRbLw/pNuILLTrdLa3jX+GNFAH48VpUYor8dbcnzPdn7VGKhFRjsgooopDCiiigBaSiloASiiigApaSigAooooAKWkpaAEooooAKKKKACoL60t76zmsruFJoJ42iljcZV0YYZSO4IOKnoo2E1fRn5p/GP4aXXwp8eX3hVlc2B/wBJ0uZ/+WtoxO3nuUOUb3UHuKb8IPiRdfCrx5p/iuNpGsh/o2pwr/y1tGI38d2U4ce64719l/tNfCQ/E7wK1zpNuG8QaFvu9Px1mXH723z/ALYAx/tKtfn/AJyNwyPUEYI9iOxHpX6/keOp5/lzo19ZJcsv8/n+Z+M59gKnD+ZKtQ0i3zR/Vf10P1X03ULXU7ODULG4Se2uY1mhljOVkRgCrA9wQaxviN4H0f4leB9a8C6/Husdas5LSQ45QkfJIv8AtK21h7qK+ff2Nfi0t7YSfCfXLn/SNORrjR2Y8yW2cvDz1MZOR/sNj+GvqbqK/L8fgquVYqVCe8Xo/Loz9Wy3HUs3wca8dpLVefVH5J6b+yX+0XqupXOl2fwx1MmzuJLd7u7aK0t5SjlfMRpXBZGxkEA5BBFejaB/wTv+OeqbZNa1jwnoinqrXU11IP8AgMaBf/Hq/SXyx97Az9KdXXPPsVJWjZfI4IcN4OPxXfzPiDQf+CZ9irRyeKvi5eTf34tL0mOD8nleQ/jivTvDv7AP7PejYbU9L1vXnH/QS1aQKf8AgEPlr+GK+jwwbvTq46mZ4yp8VR/kd1PKMDS+Gmvz/M8+8M/AD4K+Dwv/AAjvwt8L2bp0lXTInl/77cFv1rvIbeG3QRwRpGg4CooUD8BUhrJ8TeKvD/g7RLvxJ4o1i00zTLGMyXF1dSBI0X6nqT0AHJPAya5HKdR6ttncoU6Kukkl8jRureG6hkt7iJJYpVKSI65VlPBBB6gg9K/Pj9oT4M3Hwl8XFtOt2PhvV2aXTZAD+4bq1sx9V6rnqvupr1Dwz/wUA8M+JPjPa+E/7FFh4J1E/YbXWLtjHcG7ZvklkQ8RwMfkAPzAsrNgZA+kPiP4C0P4meEb3wrr0f7m6XdHMo+e3mXlJU/2lP5jIPBr38ox2I4exUZVl7kt15f5o+czjA4fiPCyjRknOGz8+3oz8zo5JreRJreRopI2DxyIcFGByGHuK+gfAfjSLxdpnmXBSPUrYBbuMcZ9JF9j+h4rxbxr4N17wD4ovfCfiSDZe2L7dyj5Joz9yVM9UYcj05B5Bqroetah4d1WHWNNk2zQtyv8MifxK3qCK93xC4Jw3HuVJ0WlWim6cvX7L8pW+Tsz85yTNq2QYpwqp8t7Sj+p9PUtZHh3xFp/ijS4tW01iI5PleNj80Tj7yN7j9RitbrX8LY3BV8uxE8LiouM4uzT3TR+zUa0MRTVSm7pi0tJ0orkNQoo96PxoAPzoo/nSUALRRRSGNz8y+xzXz94Dvm0/wARNqC2JvGg0+/lECyeWZD5LZAbsdu6vfpG2gtxkKT+QNfOXhO8uLHW7a+tcia2jnuI8YzuSNmA59cY/Gv3vwhwqxWR51TkrqUErd/dnp8z8i8RsS8Nm+VVYu3LNu/bWOvyPZdH8QeFbPTdBt7G1uJ7LVAn9nw+W0sqzRqWzIzkn5RtAI7kGuf8fax4a1jQ/EN1pMMz3Myab595gmGYrMwVFPTegLA47GrdrDp8OqJp+m2d0Fl0iV9LjEY2RGYO0gjkBPzb5lGduFEX4Vy3jSzn0jwyfDcMU9vpunXFrBbC4URvct+9eWfGSdrOePZa8/hXIMvlxHQrUfaRqc8JWc9HB1HLVbtq0Ivv70uh6/Eee46OSVqdTkdPllG6j9pQS0fRO8peWkep5/3pKPWiv7GR/LYUUUlABRRRQAVseGfEV1pN9FaLHZXdrc3Ef2m1u7RbhWXcASoILA4/u9cVj+9dd4C8QeKIbi10fwv4Z0fUJw7MJJLAGYZyctOT8oA/SvkeOpulkdafsoVI2d1OapxSs/e5ns07W6n1PB0FPNqf7yUHdWcYObbv8PKt0+ptW9j4X8afEqws9H0G60230wyTXcE0MaKURgygIoBUlyM7ieMYr3D5mYs3Vq838K3F/dfFPV21mGwW5t9LCxtbshdo3lVl8wqMb9qjI6jIFekfnX+fvi5j6tbG4LAXfsqVCDinJz1mueT5nrK91rbpY/uDwrwMKWBxWMdvaVa00/dUdIPlS5V8O17eYUZpKXNfkiP1Ni+9cF8Xrm6/4R+z0nTbeO6vNQ1OBYbeQKySeWd53K3BXO0HPHNd5nsOteNalqmm+OvG76xeXd5BomiZtbKa3nSJpLkHexDswK7gDyAQQoBxkV+oeFOUSxWcPNqkf3OETqSdm7ys1CPm5S6dk30PzrxLzWOFyj+zYP8Ae4lqnHVKyunOWvRR/Fop/ErVvHVjajQtau9Plt5IYY7gWNk33kAO5pCiqmeyKSABivPbGzutSvINPso/MnuJFhiXOMsTgV0vj688V2WoTaXqHjSXVrW7/eE2+oboGbPzL5QY7MN/C3tXQfBPw8l7ql14gu4iYLIpFCskfDyEksyMeMrheR7g1/Z2V5rS4B4DqZw1Sb5XKPs04xnOW14ySd77+h/JGZZfU414xp5XGVS3MovntJxit9U2ttttWOv/AAtbxY8OQsYtI8JwvqWuXe3m5vGUERr77FVB2CsfWvM8fNuxjPb0r2P4ualJDo50hZPslpNI1x5XAl1C5L7icdRDGOWc/ebYo6CvHO5J713eDuOxucZPLM8XLScnZX1u9Zyb6ucm3ZaRSUV8LODxTwOFynNFl+GXwrV7abRil2jFJXe7u+otH6UlFfr5+XBR+lFLQAlFLSUAFHpS0UwMPxJnzIO42/4Vk1reJCfMh6Y2/wCFZPrX8p+I6txLiP8At3/0lH+vH0aJ83hrl/8A2/8A+lyCiij8q+IP3gt6Tpepa9q1loOjWxuNQ1K4S1tYR/HK5wo9hk5J7AE1+o3wW+Fej/CHwLY+EdN2yToPP1C6x811dsB5kh9uMKOyhR2r5D/YX+H8fiL4iaj46vYA9t4XthDbbhx9rnBG76rGG/77r73Vf1r73hjAKlReKkvelt6H8yeMnEksXmEcmoy9ykk5ec3tf/DG33sVq+Zv2wP2gbnwBpa/DvwbfGHxHrEBkurqJvm0+0ORlT/DI/zBT2ALelfRWu6xY6Do97repTeVaafbyXU7n+GNFLMfyBr8nvHHjHUviF4u1bxtqzE3Gs3LXO0/8s4+kcY9lQKPwNdXEOYywWH5Kekpfgup43hZwpT4hzN4nFxvRo2bXSUnsn5dX8l1MJQAu1c49zz+J70UtJX5xuf1mkoqyCiiigAFFFLQAGreiwyXGtabaxxvLJNfW6xxxoXdz5q8Ko5Y+wr0H4PfArXvi7eYt9e0jRdNjk2zXN1cxtOR3EVvu3MfdsL9a+7PhL+z38M/hLClx4e0X7XqpXEmr32Jrp/XDdEH+ygA+te9leR18daq/dh37+h+ZcaeI2WcORng4Xq12muVaKN11l+iuzrvHHgbw98RvCt74R8UWZn0+/QKwVtrxsDlZEb+F1YAg+1cv4F+BPwj+ElodQ0Pw5ZxXNtGZJtV1BvOuAAMs5lk+4O524FenKq4rH8XeGNK8Z+G9R8K65HJJp+qWz2twschRijDB2sOQR1Ffoc6NOT9pypyW1z+V8PmOKpUvqarSjRk7yim7Po3a9m7H5vftF/GS4+MnxBl1K1nk/4R/Sd9ro0TZw0efnuCD/FKRkeihR615ZXZfFn4WeIvg/4yufCGuK0sS5m0+924S8ts/LIOwYdHXs3sRXG/TpX5Tj51p4mbr/FfU/tjhqjl+HyqjTytp0VFcrXVPq/N9fO4nvSiij1965D3QoopaQCUUUe9AwH1ooFIKADn73avrf4Y/wDJPfDP/YJt/wCRr5I9+a+t/hmT/wAK98Mn00m3/ka+f4j/AIMPX9D8Q8cf+RVhv+vj/wDSWdP70v50me+aPxr5I/mcWikooAP0oNHXNITTGB/nXnfxS8b/ANi2f/CP6ZNjUbyP986n/URNn8mb9BXQ+NPF1r4R0lr2TbJczEx2kB/jfHU/7I6k/Qd6+d7y8ur67mvryZpp7hzJLI3VmPX/AD6V+9+DXh1/bmJWeZlH9xTfuprScl/7bF793ofC8XcQfU6bwWGl78t32X+bIwAvyr0HSvpP9kj4J/8ACQalH8VPEtrnTrCUjR4XXIuLhThrg5/hQ5C+rZP8Iz5d8EPhDf8Axg8XLpbebDothtm1a6XgrGc4hQ/89JMEey7j6V+g8aaL4R0IIgtdL0nSrbqSI4baCNepJ4VVUfpX9DcWZ79Xh9Qw796S959l29X+R43CGRfWZ/2hiV7kfh82uvovzH+JV1z/AIR3Uh4Xa0XV/ssv2A3efI+0bT5fmbedu7Gcdq/LbwT+zv8AFb4ofHS58A+PNP1PTdT89tU8T6hdL8yQNId80cnKSGVsrGVJHOeAhA910f8A4KElfjHqf9tWIk+Gt1Mtrp80MB+12iocfbGHWRJOWaPG5V2kZIYH7V0HWtG8SaXa+INB1G21DT7+FZra6t5A8c0Z5DKw6j/69fE054jKItSj8a0Z9vVp4XO5Jxm/ceq/r8w8N+H9G8J6DYeG/D+nxWOm6Zbpa2tvEMLFEgwqj8B1PXk96+Pv28/2if7NspfgX4Ovj9v1CNW8RXETf8e9qwytoCOjyjlvSPj+Ovpf43eNPE/w++F2v+LPB/hi417V7C1LWlpAu8hzx5rL95kjzvYLliFIAr8vPg78MvFn7R3xTTRU1GeZ9QmfU9f1hvmMMLPmWYnp5jsdqD+8fRDispw8Jyliq792P5k5ziqlOMcHh170/wAj1/8AYf8A2b7f4ka8/wATPG2kxXHhXRZGgsbS4iDRajegYJKnhooge/BcgfwEVN+2H+yp4P8AhBpw+IvgfxDDp2m314lt/wAI/eOWfzXySLN+SVABYo/3VBIbotffeh6L4W+G/hC20XSYbbSNC0Gz2RruCR28Ea5LMx9ACzMepyTX5bftL/HLUPj78SH1ex+0Hw/prGx8P2QUl3jZgDNt/wCekzBTjrt8texrtwWIxGYYx1ou0Fv2scGYYXC5dgVQmuab2736v0Oc+Cfw58U/FT4naL4T8I3l1p155wuptUtWZH0y2jIMlwHXlWAwq88uyjpmv2Gs4fs1rFbmaSXykVPMlbLtgAZY9yepPrXhn7IvwAj+Cfw/W71y3j/4SzxCqXWrSdTbrjMdqp/uxgnPq5Y9MV7yfu152b4365XtH4Y7HqZJl7wNC8/ilq/IqanqVnpNhc6pqN0lva2kTzzyucLHGgJZifQAE1+bfxa+I178U/HeoeLrjeltLi30+BusFohPlrjszZLt7sfSvoT9sr4t+RaxfCfRLkebeKlzrLKeUhzmODju5AZv9kAfxV8lMyjLMePbrX23BuUewpvH1VrL4fTv8/yPh+NM3+sVll9F6R1l5vt8vzOx+Evw5vPil480/wAJW4dLWQmfUZlH+otEI8w57M2Qi+7e1fpPpun2el2Nvpun26QW1rEsMMSDCoigBVHsAAK8d/Zd+EjfDnwONW1i18vXvEAS7vFYfNBFj91B/wABBLN/tM3pXtdfMcT5t/aeM5ab9yGi8+7/AK6H1XCuUf2Zg+eov3k9X5Lov66hRRRXzZ9QFFFFAC0UlFABRS0lABRRRQAtFJRQAtFJRQAtFJRQAtFJRQAUtJRQAtFJRQAda+F/2sPhCfA/i8eNNEttuh+I5maZUX5ba+OWdfZZAC4/2g47ivuiud8feC9H+IHhTUPCeuR7rXUIihYD5onHKSL/ALSsAw+letkuaSyrFKsvhekl3R42e5VHN8JKj9paxfZ/8HY/M7Qdc1bwxrNj4i0G6NtqGm3C3FvJ2Dr2PqpGVI7qSK/SP4U/EbS/ij4LsfFmmqI2nHl3VuTlra4XiSI/Q8g91KnvX5y+MPCeteBvE2oeEvEEOy+02XypCBhZVPKSL/suuGH1I6g16D+zl8Yn+FPjIQ6rcEeHNbZINRBPED9I7kf7udrf7Bz/AAiv0LiXKo5vhFi8PrOKuv70ex+c8MZtPJsY8JidISdn5S2ufoTXzj+3B44+MXw/+Gtpr/ww1CPT9Pa6+y65eww7ry1jkAWJ4mOVjUv8jNgsC6YI5NfRcUiyqHRgysMhhyCKoeJPD+keK9B1Dw1r1jHeadqdtJa3Vu/SSJ1KsvtwevavyyhUjSqxnJXSex+sYmlKvRlTjKza3R+f37DP7RN54V8aSfC7xvrM9xpXiq6M2n3V5O0jQam/VGdySRPjuf8AWAf3zX6JbuK/HH41fCnWvgr8RtT8BapJM6Wji40295U3VmxzDMCP4xjaxHR0PtX0fD/wUK1yx+DunaPb6K138QkjNnc6hcp/oShOFuyAcySOuD5YwAwYk4wD9BmWWvFSjiMKrqX9XPmcqzX6nCWGxjs4f1Y+sPjh+0J4A+BWhjUPFV8Z9RulJ0/SbVgbq8I7qp4RB3kbCj3OBX5ofGv4/fED48a2NS8WXi22l2zl7DRrZz9ktB/eOf8AWSY6yN77Qo4rjtZ1nxd8Q/Fb6rrV9qXiHxFrU6x7mUzXNzIeFjRFHTsqIAoHQAV9sfs3/sH2en/ZPGvxwtIbu9Uia18ObhJbwHghrojiZ8/8sx8g77u3RTw+FyWn7Wt70/62/wAzmq4nF59U9lRXLT6/8H/I8N/Z1/ZB8ZfHJ4fEGvef4f8ABbH5r148XOoL3W1Rhwp/57MNo/hDHp+nej6Vb6HpNlo9rJPJDY28dtG08zTSMiKFBd2JZ2wBlick81FrGsaH4S0W51nW9QtNM0rTYTJPcTsscMMSjqSeAB2H0Ar87f2lv20/EnxLvJPCnwq1K+0DwvbyDN/CzQ3upOrZDZ6wwggEL95sfNgfLXlyeKzytppFfcj14xwnD9G8neT+9n2L+0R8EYPix4bF1pKRReJdKRmsJmwBOvVrdz/dbsf4Wwema+Bbq1urG6nsb62ltrq2kaCeGVdrxSKcMrA9CDX3P+yb+0B/wvfwC82rxiLxJoLpY6wqIRFK5XKTxnph1BJXOVYMOm0nmf2p/gC3iO3m+JfguxLavax51SziXm9hUf61B3lQdv4lGOoFfQcN51LLKzy/GO0b6P8Alf8Akz5/ifI45pRWZYJXla7Xdf5o+WfBXi688H6sLqMNLZXBCXcAP3l7MP8AbHY/hX0JYX1pqdpFfafcLPbzqHjkXowP8j6j1r5ZDBlDLyCOK7L4e+PpPCN2bHUHZ9JuXzJxk27n/loo9P7w9Oeor5zxa8NP9Z6LzjK4/wC0wWqX/LyK/wDbl077HgcL8RPLqiwuJf7t/wDkr/y7nv2eadUEM0dxEk0MiyRyKGR1OQ6noQe9S5r+N5wlTk4yVmunU/WoyUtVsOopPxoqCgo+lH1oNABS0hJopAVrxsQyMDyI5D/44a+cfDwSTULeNpDGjxSrIywCYhTC+cRtw30PWvorUnxp903dbeZvyjavCvhrYLq3i3TtLknlt0nguY5JomCugNu4JDHpwTzX9C+EGJp4HIM3xVX4YxTfXRRk2fjXiRhqmNzvLcPS1lKTS6a80ep3mj/apPA1x4gsNRn1uS9RbeJltltZILUMRKNqZbdhcAL6LivPtctV0/TZLGCxmsolv4o/JnmaWUlIGLFnbgcyfdAAFev2fh2NjC1vqxvNNkuI5tJCybI7MwIVijG05ZDtJY/3gTzmvMPGnhi+8J6Hpltq11BPfaheXd5OYclR8sYHJ5J5OeK6/DnPcvxGeSw3tU6lWtzxjZqVrN2tovcjGz03281x1k+NoZTGvGk1Tp0uWTumr3Svfd87ldWdrb9lxdJRSV/UJ/PgtFIaXNAB0qazsrm+kkhtU8x44nm2dyqDc2B3IGTj2NQiu58C2drdWNlr+kR51vw5frcXFuDj7XZO3Jx3YBmX6cHtXzvFOerh3APGON9bX6Jv4ebtFu0W+l0z3+HMmeeYxYZPzt1aW/L3aV2l1scLz7Y6g1saHca9dK+i2PihdLs3LTOtxfm3gLHA7feY8Af0rf8AiR8O38IyHV9NuFn0i6uTHEhXD26uCyA9ip5APYgDvXExrCZVW7M/kbh5nkhS5Hfbu4B7ZP1rzsFnOW8dZH9dy+SlCSe8FPlklquWWnNE78RleO4Qzj6rjYuMotbSceaL6qUdbPc9Tkv4fDfibTte8NyR60LK1kg1yXTLR1hEGEDM0jMUZwApCp8xwCck17Bb3VveW8d1Z3Ec8Ey745YzlXU9CK8a8NeLLG90XVNJOiWvhzwpaW0i3t5FctJdlpFOI1lIw80mB0HQdMVR0hvHHhXQbDxH4Z1Ax6brmpNb2Om3H+kZ8wuUO48A/JgkbSTX8l8YcAT4llHDV5qhiqLVOEqjVqqneajKULxhOOr5dVGFlJ7H9N8KcbR4cUqtCDr4areclTTvTcbRckp2lOMtFfTmldxW57vuz05pN33v9kZPPT6+grym68ffFC3m+yyeD9NWRrpLETKZJEaZt2FA3Afwt+Rqjr2j+OfEGv6loPirxRLb2Vram8IgVYrd0EZPCL8zkMrAgn+6T94V+dYLwhxSqf8ACnjKNKnZyvGaquUYtJ8sYbu7Vk2j7/FeKuEdP/hOwtWpO6jaUPZpSabSlKXo7tJ2NPxX42bxTfDwH4F1CGSW9YQ3V/5mECZwyRNj5iehYZBPyj1rkfE114L02xPgS48M3lvqOkSmOS6t/K4l2gM3zYLhgF4wvTjrmj/hNtOHw8srPRZf7N1bSvJtUlVFE13C4JmZeMoDIxJHXgE5Ncpfalrni/ULGG6ja/1FYlsojHF++ucEld5H3mAONx6Ac9K/p3gPgNZfy03TeHwmGnO753CrKpHatKStGUJR0Udo6re5/O3GnGUsznKrzqviK8YpJRUoRg9PZKL1jNS1b3k7eQeG9Bk8QatFp8bR20WGnurgjasECcvI30HA9SQK7zwb421y+8bado+hzR22iNK0ENn5K7VtQHO9jjdvx8xbPJPNcvrU1toGnyeD9NuUuJ5WV9avImyski/dt427xofvN/E2ewre8PLP4J8KXmvXVtai61YGC0ka+EM6xYHzRbVZuSG6BcgA56V9NxlOGd5dOpWpqft17LDUpdXLT2zT6/aWzUV0cmfN8MU6mU4+FOjNx9h+9rzj0UdfZXXTo+8n5D/ix4lvX1q50GC0FsCqrdzPtM06dUj4H7qLPzbM7mIy2OBXntLJI0sjTSOZHkYuzsxZmJ7knkn3NJmv0ThDhyhwplFHLKCXur3mvtS6y3e/TsfC8UZ9W4kzSrmFb7T0XZdF02Clo5pK+lPnheaKSigBaKT60tMA5opKKEBi+IsmSLH93/CsitXxKzbof93/AArKr+U/Ej/kpMR/27/6Sj/Xf6M//Jtcv/7f/wDS2FFFJ/Ovhz95Z+hH7DWgx6X8E01Yxjzdb1W8umbuUR/JQflH+tfRFeL/ALHrK37O/hIjH+ru8/X7VLXs9freWwVPB0or+Vfkfw3xbXliM+xlSe7qz/8ASmjxP9sTX5dD+AXiFLeQpJqjW2mKQcErNMquP++A1fm+fvcV+gH7dscknwThZfux69Ys30y4/mRX5/da+L4qk3jIroon9B+CtCMMhqVY7yqSv8lGwlGaSlzXzB+wifSlpKUdKYAKOaSj2pAI0MUjBmiRmH8RHI/HrWxpfjXxn4Ujebw14y13SjGNy/ZdSmRR77d209+orINR3XNrMvXMbfyrajWnTknFtehxYzB0MXTlGtBSTXVJ/mfrR4z8faT4B8A6h4711ytpp1kLp1B+aRio2Rr/ALTMwUe5r4ft/wBuf45RzNNJbeFZUZiwhfTpPkBJwu5ZQTgYGe+KtftZfGz/AIS2DRPhbotyr2OjW9rdavJG4ZZ77yVKxAjgiIEk/wC2R/dr5yzX0+dZ5VVZU8LOyitbdWfjXh54c4GWWyxmdUFOdV3ipX92PR+st/Sx7T8Uv2nNW+Mfhf8A4Rvxp8P9AaaCTzrHUbKeaOezl7sobcCCOCpOCOvQV4xzTeaK+bxOLrYyXPWd2frmUZJgchovDZfDkg3e121d72u3b5B3ozRmiuc9YWiko9qAClpOaKQxc0lGaKADnrX1z8NSf+Fe+Gv+wTb/AMjXyLnnNfXHwz/5J54Y5/5hNv8A+g18/wARfwYev6H4f45f8ivC/wDXx/8ApLOnzS0lGa+SP5nF79aO1JmlzQAmaz9a1zT9B02fVNSm2QQDn+87Hoi+pNS31/Z6bZzahqFwkFtbrvlkfoq/4+g718/eOvGt54y1QSsrw2FuStpbk/dB6u3q57+g4r9L8N/D3Ecb4/37xw1Nrnl3/ur+819y1Z83xFn9PJaFo61JfCv1M7xN4i1DxVrE2ragcFvkiiB+WGPsi/1Pc1N4N8H694+8TWXhPw3aiW9vnwGYfJDGPvyuR0RRyfXgDkis2xsb7VL630zS7Ka8vbuVbe3t4V3PLIxwFUep/wAe1ffn7P8A8D7P4ReHTLfrFc+JNTVX1K6UZCAcrBGf7i+v8TZJ7Af2RmeOwnC2AhhcJFRaVoRXRLr/AFuz86yPJ6+f4t1KzfJe8pd/L1/I6v4Y/DnQ/hZ4Ss/Cuhxllh/eXFwy4kurhvvyv7k9B2AAHArLuviJ8F/iRrmv/BW58SaJrOorbta6poryZMkbqQ8fo5A+8EJK8Zwa82/bi+JnxC+HHwqik8C2sttFrN1/Z2o61C/7zTYnX5dg6q0hygk/g7fMykfmVbyzWdxDdWU81vc20gmhnhkZJYpAc71cHcGzzuBzX59g8tqZlGWJqT1b38+7P0fH5rTyqUcLSh7qWq208j339p39lPXvgXfSeJvDi3GqeBriXbFcnLzaYWPyw3HqvZZeh4DYON2d+zZ+1B4o+AurLp10J9V8G3k2690vdl7dmPzT22ThX7sn3X9m5r034Jft1XlrYjwJ+0FY/wDCQaHcxm1bWBbiWdYmG0rdwgYnTHBZRux1Vutcj+0N+zHpvhzST8YfgbfReIfh3eqZ5I7KXz20oHrgjJeAe/zR9G4GR6sKkpR+p5gt9n0fz6M8apTjGX1zLJbbx6r5dUfo14N8b+F/iF4bsvFnhDWINS0u/TfDcQnj3Ug8qwPBU4IIwab4a8A+DfB+pa1q3hfw3Y6Zd+IboXmpy20QQ3UwXaHbHGcenGSx6kk/lT8A/wBoLxh8A/E39qaG5vtFvXU6ro8kmIrtf+eiHpHMB0cdeA2R0/Uj4X/FPwf8X/Cdt4w8F6oLqzn+SSNhtmtpR96GVOqOvcdDwQSCDXgZhl1XAS7wfX/M+lyzM6WYxV9Jrp/kfI/7fX7QizF/gP4Qvwc7JfE00TdAcNHZZHdvleQf3di/xGuf/YN/Z6/4SnW0+Nni2y3aTo87R6DDIvy3V4nD3PPVIjlU9ZMn+AV9MfHr9k34b/HSSPVr9ZNE8QIyK2r2CASzwAjdFMp4k+XIVj8yEgg4GD6/4f8AD+j+FdDsPDfh+xistN0y3S1tbeIYWKJFCqo+gFaf2hTpYJYegrSfxMzWWVa2PeJxLvFfCjQA2iuK+LnxL0z4VeCb/wAV6htkliHk2VsWwbm5YHy4x7Z5J7KGPauxuZ47eF5p5EjjjUu7scBVHJJJ6ACvzy/aG+L0vxc8btNp8zf8I9pDPb6WnaTnD3JHq5Hy+iAeprTh/KJZtilB/BHWX+XzI4iziOT4RyXxy0iv1+R53rGsap4i1i+8Qa5dG61HUp3ubqZv4pGPOPRRwAOwAHavY/2V/hE3xC8Z/wDCUa1a79B8NyrIQ6/JdXvDRx89VQYdvfYO5ryTwr4Z1rxp4k0/wroEPm3+pzCGLIyqDq0jeiooLH2HvX6T/DvwLovw58Jad4R0OPFvYx4aRh888p5klf1ZmJJ+uOgr7virNY5ZhVg8PpKSt6R/4OyPgeFMolmmKeMr6wg7+st/w6nTKuKdSUV+Un66LRSUUAFLSUUALSUUUALRSUUALRSUUAFFFFABRRRQAUUUtACUtJRQAUUUUAFFFFABSNS0UAfP/wC1X8F28deHV8aeHbPfr2gxMZI0X5ryzGWaP3dOWX/gQ/ir4eBVl4wysOM9CK/V9uc18M/tUfBNvAHiA+NvDtpjw7rUx86NF4sbtuSvtHIckdg2R3Wvv+D865H/AGfXe/w+vb/I/OuM8j5l/aNBbfEv1/zPSf2R/jYdWsU+Ffia8Lahp8RbSJpW5ubVesJJ6vGOncpj+6a+nlbcPrX5UabqeoaLqVprGk3klpfWMy3FtcR/ejkU5DD+RHcEjvX6H/Az4v6f8XfCCaqvl2+rWRWDVLNT/qZscOo6+W+Cyn6jqDXHxbkX1Kr9coL93J6+T/yZ28H599dpLA1378Vp5r/NfkcH+2Z8Bm+MHw8/tjw/Zeb4p8MK93p4UfNdw4zNa+5YKGX/AG0XsTX52fC74W+N/jH4jTwz4B0drycYa6uJMx21jGT9+eTHyd/l5c4wAa/Zdl3d6x9B8K+HfCNvcWvhvRbLTILu6mvZ0tYFjEs8rF5JGwOWZiSSa8PBZtUwdF0oq/byPcx+SUsdiI1pO3fzPJf2ef2VfA/wJs01NQuteK54tl1rU8QBQHrHboc+TH9Pmb+InoPQfif8VPBPwg8Kz+LPG2rLZ2kfyQxKN011LjiKFOrufQcDkkgAmua+Pn7RHgz4D+HBqGuSfbdYvUb+y9HgkAnu2H8RP/LOIfxSHgdBkkA/l98U/it41+MPimbxh461T7Rccra28eRbWMRP+qgT+EdMn7znkk1WDwFbNKntqzfL37+hGOzHD5RSVDDr3ui7ep1v7QX7SXjb4/avs1Bn0vwzay77DRIpMopHSWdhxLL7/dX+EdWPTfs1/sk+J/jhPB4m8QG40TwSjZN3t23GpYPKWwPROxmPHZQTyPR/2X/2H7jxELP4g/GzTng0xts9h4dlBWS5HVZLsdVToRF1b+PA+Wvve1tYLO3jtrWGOGGFAkcaIFVFAwFAHAAHYV24zNKeEh9WwS+f+RwYDKKuNn9ax+t9l/X5GT4L8D+Ffh74dtPCvg3RbXStLsl2w29uuB7sxPLMepZiST1NbjLxWfruvaP4b0i717XtSg0/TrCJp7m6uHCRxIoyWYnoK+TtX/4KQ/D2112ax0XwF4h1TSkbbHqCSwwNNg8usMhDbfTcQT6CvBo4avi25U4uR9HXxeGwSUaklFdBn7UH7O7aPNd/EzwLY5spCZ9Y0+FP9QerXMaj+E9XUdOWHGa+ZFYbQykEHnI71+hnwU/aF+Hfx/02/uPB8l7DdaZsW+0/UIBHPEr52tgFldGww3KSMgg4r58/aW/Zzk8GzXXxA8B2JbQZWMuoWMS5/s9jyZEA/wCWJ7j+A/7P3fv+GuIJU5LL8e7SXwt/k/0Pzzibh2E4vMsBrF6yS/Nfqjy/4dfEKTw3Mmj6tIzaS54fqbVj/EP9g9x26ivcY5FkVWR1ZWG4MpyCPUHuK+VK7z4d/EV/DrJo2sSM+lO37uTqbUnv7p6jt1Ffnnix4UxziM88yWFq61nBfbX8y/vd119Tn4X4m+qNYPFy/d9G+nk/I90oqGKZJkWSKRXR1DKytkMp6EHuKlr+SJQlCTjJWa6H6mmmroWg0lFIYtFH50e9IZl+IJBHoepSZxssrgk/9s2rxf4Z263XiyK3Z1iBsrwNI/CqTEVGe5GSOBzXsPjCTb4X1dvSwn/9Bx/WvA9DjeTVI1jUbwkrLlsfMsbEEE9wQCB3IFf0R4TYL65wnm9NS5eZct7Xt7r1t5H4v4hYv6pxJllVrmUXe17X95dT19fB+sWPhv8A4RjR9ZDXtrZxLHNbzGJRdpIxG9gdxwMDyyOnUGuQ+L1q9pcaXHcay2oTv9olkclcK2IVYALwvzIxx7mtWz1m1k0C/wDHN1LJC4uYSyW6iPN5ynnBnGAHjKZHOwlu4rgfEV1eXzQXt1a2tuk0lxtjthhNwcbz6sxJ5Y9SDXX4b5FmVTiH61iKqlGjOfO+WKcqsoe8k09ldPTQXHec4Gnkf1XD02pVoR5VzOypxlo7Pro1rqYh5pKKK/p0/n4KKM0UAJ+Fel/DZdO1iGH7DNFaeJ9MjkhSGXCx6rZPjMb/AN4jO3cPmXCnBFeak1qeH9ai0TUIp7yxtb20EqyNHcKxELjpMhT51dR0K/jXxPiFkVbPshrUMK37VJuNre9prFp2TjJaNP5an1/BGcUcmzilVxKTptpO/TVe8mtU1un+h33j7x5rOneKpNHayhl0u3hEU9jd7XW8V1BYt12kfwkdME9zXH6z4ZtZLGXxL4PMtzpAI8+B/muNOY/8s5QMll/uv3HWvQPiFoNl4v0uy8ReHWguZkjdPNjuQ6tEDuCEhm3EEntngZwK8o03WNU0G+XUtLvJbS6iJTevQjurKeGHqD+lfnnhrSo1slpSyBKhi6K5atF35ZtdZrdSe6mrtN2d0fc8d1K1HN6kM5bq4aq+anUVuaCe3K9ml1i9Ha6sytJeTzWsNg7t9jgkaYRRtgM7cM5P94jjPYAY6V1uieNrxvEdrqmo3KQ2Okw+da2KFjDH5ELLBDGh43FiMnqckk1WfWvB+tNu8QeH59Mu5Gy97ozfu2Pq1u/A/wCAkUHwr4aul3af8TNFKjB2X9rLbSc9sYI/Wvq83r5TjcO8PnWEqUJtNX9nKaTlpKUZU1KN2tpOzS6dD5/LqeZ4Wsq+U4mFWKafxqDaj8KcZWlZPXlV1ct3fxS8QXWj2lv5m3ULXVJL1mKKyuvlkKCzZJO92yAB8oHOaxr7xbqN94lvPEcyrO19DPbtFN90RSxFCmRgkDPU9cCrv/CH6PGrNdfEjwvFH/0xeaY/gqrk0xf+FeaXl9+peIp1B2p5f2K1z/tEkyMPpiuPK8Fwtl/N/Y+DlUm+b4aUo6SauuaSilG8U9zox+M4ixvL/amKjCKtvUi/hTSfLFybdm1sZOhaBqviK6NlpFqZmjXdJIzbY4UH8UjnhAPU1vXGraN4PtbjT/Ct+LvU50MF9rYUrHGh+9Fa55we7nk9qqSax4i8XTReG9Nt4ra1lPy6dYR+VAFUZJYDl8Dklia1tL8I69Yx+boPhm71HUg3F5LalLW0GM5j80AO46+YRtTnGTXTnmObqxWe1YQirSjh+dK+ukq027OKf2Vo/wC81Y5sqwlqbeUU5tu6lW5W7aaxpRS+J93rr9lFbR9D0TQfI1nxkxVdvmWmjIm6adf4XlXpGncBjluM8dc3xh4muPGGsDVLmExCKP7PCD/zyDEjIBwDz29BSa74b17SpHn1qazeaR90hXUEuJXY9WYA7j9TWLx717WRZRhMfio5/Ur+3q2cYtfw4Re8acdl5y1k+vY8jOM0xWBw7yalS9jTunJP45tdZvr5JaIOnG6lpPzpelfcHx4UUUd6QBSUZooAX9KKKSgBaKSlpoDC8RM3mRY/uisvvWr4iYmeL02isqv5U8Sf+SlxH/bv/pKP9d/ozK3hnl//AG//AOlyCko60dK+HP3hn6B/sMeIY9U+DD6KZVMuh6tdWzL3CSETIfxEh/I19F1+e37FfxJg8F/FCXwrqV0ItP8AF0K20e84VL6PLQ5PbepdPc7RX6Do26v0/IsVHFYGDW60fyP438SconlHEddNe7UftI+kt/uldHlv7Tng+48cfBPxRo1jEZLyK1F/bKBy0lu4lCj3IRh+NfmMrCRQ69GGa/Yt1V1IPQivzo/ai+AOofCfxRc+KNDsmfwfrFwZYpEHy6dM5y0D/wB1CclG6YO3qBnyeKMBKrGOKpq9tH6dz7nwa4moYKpVybEyt7R80L9ZWs4/NJNejPC6T8qX8Pzor4Y/o+4lH86M0tACUqqzZCjopY+wHU1veB/Afi/4ka6PD3gvQ59TvODKV+WK3U/xyyH5Y1+vJ7Anit34gWfh3wHHL8O/DuqQ6xqEbBfEOsxL+5mnQgiztc8+RGwBdjzJIBnAQCumOFm6TrS0j+b8v60PIr5xQjjI5fQfPWerS+zHrKXZdusnZLq1wdIeeuDmlormPXQABflVQB6CijNLQMKSlozSEJR+VLmigBKWiimMKKKKQBSe9LSUwFz/ABV9bfDPj4eeGf8AsE2/8jXyR7819cfDT/knnhk/9Qm3/wDQa+f4j1ow9f0PxDxy/wCRXhv+vj/9JZ01FGaQmvkT+ZxSaguLqC1gkuLmZIoYVMkkjnCqo6sT2Ap0k0cMbzTSJGkal3dzhUUdWJPQCvCfiJ8Qn8UTNpekyOmkQt1PBumH8bDso/hX8TX3fAXAmO43zBUKC5aUbc8+iXZd5Povm9DxM7zujk1DnlrN/Cu//AIfiF48n8YXotbVni0m2b9zGeDO3/PVx/6COw965D5mYKoLEkKFVckknAAA5JJwAPU0jOqqWZsKOSa+vP2Yv2dZNI+y/Erx/pu3UGxLpOmzLzaKek8oP/LUj7qn7g5PzH5f7Yp0ss4JyqGFwsFGMVaMesn3fn/Mz8rweExnE+Obk9Xu+kV/WyN/9mP9n9/AtonjrxlaKPEt7Fi3t3Gf7Ngb+H/rqw+8ew+Ud89Z+0F+0N4V+APhuDUtXt31LVdQcx6bpMEqpLckY3uWbISNR1YjqQBkmvVfOj8zyfMXft3BdwyR0zivkr9sH9kvXfihqEvxU+H9/c3XiGG2SC60e5uMx3MMedv2YscRSDJJThHJzw3LfmzxX9qY722Olv8A0l5I/WPqjyrAexy+Oq/pvzZ6l4O+KHwh/ay+HWr+HrSYyxX9m1rq+j3QCXloHGAxXuA2Cki5XIHIIxX5nfFX4ZeIfg/471LwF4mUtc2LBoLkLhLy2bPlXCezAcjswZe1ZGl6t4s+H3ilNS0m81Pw74h0acoWAaC5tZB96N0bnnujAhh1BFfS+ofE7wn+2J4PtPBHjpbDw38WNJVv+Ee1T/V2OruetqzH/VNLgfIxwHwyE8pXuUMPLLKnNT96lLfy8/Q+dxGJjm9NRqLlrR28/LyZ4/4b+C+qfFDwbN4q+FKtqmraIir4g8N7h9shPO26tc4E8EgGdnDowZRv4rD+G/xY+I3wb1ue98E61Np0hk8vUdMuoi1rckcFLi3bHzYyM/K49aX4e+PPG3wJ+JEHiTSreax1nQ7iSz1DTbjKecgYCe0mHodvB7MFYdBn9CPEPwh+A/7Y3gix+I2mwtY6jfwfudYsNsd7byLw0Fyv3ZSjDaVcE8fKRkGtMXi/qr5cRHmpS2fYzwWDeMjzYaXJVjuu58B+Kl8C+PGm8TeBdPg8LawwM2oeFpJP9GkbBLy6bK2BtPU2z4Zc/uyw4qP4P/Gjxt8EfFS+KPB14PLk2rqGnTMfs1/CP4JB/CwGdsg+ZT6jKno/jZ+yv8VPgjLJfatpv9t+HA/7rW9NhZ41548+IZeBunJyuejVs/sm/s5zfHfxc2qa5DIvgvQ5VOpSrwL6bhls0b3GDIR0U46sMdEq2G+quUpc1P7/AJHNChi/rcYxjy1L+nz7H6SfCv4g6f8AFTwDovj7S9PvrC11q2FxHb3sWyVBkjnswyCVYcMuCODXWMcDNRWdrBY20dpawpDDCgjjjjUKqKBgKAOAAOAK85+OvxesfhH4Nl1T93NrF7ut9KtWP+tmx99h18tAdzH6DqRXxNGhLFVlRorWT0R9/WxEcHQdau9IrVnkv7YHxo+w2b/CXw3dD7ZeRiTWpUb/AFNu3KwcfxSdW9E/3q+Q2ZVUs2AqjJNT32oX+rX9zquq3kl3fXsrT3NxKcvLIxyWP+eBgV7Z+y18Ff8AhYXiQeMPEFru8PaHOpVJF+W9uxyI/dE4ZvU7V/vV+u4ahh+F8t5p9NW/5pdl+XofjuJrYninMlGn10S7R7v8/U9o/ZQ+DDeDPD58eeIrQx65rkI8mGRcNaWZ+ZVx2d+Gb0G0djX0NgelCqOKWvybHY2rmGIliK27/qx+vZfgaWW4eOGo7R/HzCiiiuQ7QooooAKKKKACiiigAooooAKWkooAKKKKACiiigAooooAKKKKACiiigAoopaAEooooAKyfFHhrR/F2g33hvxBZJdafqMLQXELfxKfQ9iOCCOQQD2rWoppuLUo7omUYzi4yV0z8zfip8NdZ+FPjC58K6qzTRL++sbwrgXVuT8r/wC8PusOzD0IpPhb8Sda+FXjC18V6RuljX9zfWe7C3dsTloz2DD7ynsw9Ca+6/jj8IdM+LnhGTSZWjt9Vs8z6ZeMv+pmx91u5jcfKw+h6gV+eGraTqmg6rd6HrVnLZ39hM1vdQSfejkXr9QeCCOCCCOtfreR5pRz/Byw+J1mlaS7rv8A11PxzPsqrcPYyNfDO0G7xfZ9v63R+nvhHxZonjbw/Y+KPD14tzp+oRebDIOo7FWH8LKcgg8ggithhwc1+f8A+zl8cJvhP4k/svWrpz4W1eQfbFPP2OY4AuVHp0DgdVAbqvP35a3MV1AlxDIrxyKGR1bKsp5BBHUEV+d53lFTJ8S6T1g/hfdf5o/SsizqnnWGVRaTWkl2f+TPzY/bk+DPivwX8SLn4l3F/f6v4f8AFMwEd1cyGRtPnx/x5k/wx4BMWMDG5eoy2d+w/J8Kf+FyQ2fxC0uOfWJ4wfDVxdODax3a5LIUPHnMvMbHurAfMVr9IPHHgvw98QPC2peD/FenpfaVqsBguYW7g8hlP8LKQGVhyCARX5PfHT4K+J/gD4+bw3qNxcS2cjfa9E1dMobmFWyrBh9yaM7dwHIOGHBFejl2KWPw7wc3yytoeTmmDeXYpY6EeaN9Ufr4nyr3rk/ib8VPBfwj8Kz+LvG+rpZWcX7uJB801zKRlYYUHLufQdOScAE18yfDP9vrwta/BmXUviNI9x400ULZ/YLcbZNZcr+7nT+GNTg+aTwjAnHzKD8Z/Fj4ueNvjN4pk8XeONS8xxlLOzhJ+zWERPEcKH14yx+Zz17AcGFyarVquNbSK3ff0PSxmfUaNFSo6ylsu3qdh+0F+0x42+Pmp+Tes+keFbSTzLPRY5MqSOktyw4kk9vuL25+Yv8AhZ+yZ8aPi5oLeKNB0ez07SnTfa3OsXDWwvv+uKhGYr/tsAp7E17d+yt+xLJq32P4kfGrS2jsztuNN8OXC4MvdZbtTyF6EQ9+C/8Acr7xjhjhjWONQqKAqqBgADoAB0rtxWa08FH6vgktOp5+DyarmEvrOYN69P62Pzz/AGU/hD4/+FPxM8WfEjx8brwvpPw40+5h1eMEMupFoPN8pW+7JEqbJdw53GMDB3V9g/A/46eB/wBoHwafEHhzfBPEfI1TSbzb9ospGH3JAOGVhyrj5WGe4IHjn/BQr4mL4Z+GVl8ONPuNt74xuMXIVuVsICryZ9N7mJPcFq+ZP2JbHxXeftD6I3hfVLiwt7a3uLrWjGMpNYIuDE6nghpXiAzyDyORWNTDyzHDSxtV8slt6L/M3p4qOV4qGX0fei9/V/5I9u/aM/Zwm8CzXHjrwPYu/huRjJe2cYy2mMerqOpgP/jn+70+fvxr9W2jjmhMUyBlddrKwyGz1BHevjH9on9mabwj9p8dfDuxkk0PmW+0yJSzWPcyRDqYvVeqdR8vT6bhnijn5cHjZa/Zl38n59mfN8T8LOm3jMCvd3lHt5ry7o8q8A/ES48Muml6sXm0lm4xy1sT3X1X1X8RXt9vcW91DHdW06SwyqHjkjbKup6EHuK+WF2kBlbgjII7+9dZ4H8f6h4RuPs8ge40uVt0lvn5oyf44/Q+q9DXwvih4SUs+jLNskio4jeUVoqnmu0vz9Tg4a4plgOXC4x3p9H1X/APoH35pT61U0zVLHVrKLUtNukuLWYZSRO/sR2I7g81bz39a/kTEYerhakqNeLjKLs09Gn6H6vTqRqxU4O6fVBn3o96M0e9YlnP+OX2eD9ZbOP9Ddc/UgV4r4PXS49Sn1DWllNnYW/2h1h++7+Yiooz/eZgvPGCc17F8RpMeCdXwfvQqpP1kSvMfhmvh+S61v8A4SaGOXTf7MImEisQB50Zz8vI5wc9sV/Q/hpXWC4HzLESjKS50mofG01CNo/3nd2Pxfjej9c4uwNBSivces/hT95py8tNTq5vEHiu80W6uJL/AE2zgljtrq1hvrFUkhgy/nfulz56YKYcccnpiuS+JV7oF7daZdeHw2y4s2uJMx7FG+QkADoMbWGPau+sfA6XDXR0XxBZXWh6pZzSwtM5llsjNCETYAdpjwpPzEfd7Yrhfidp2naT/YVjpt6bmKKxmUT8AP8A6Q2cY4ADFwAOwro8PsxyevxLSo4C6lzTlaMeSNnTelXTWaa6vvK2tx8a4HNaOQ1KmOs4qMFeUuZ8yqLWnrpBp9F5dLLiPeig0mPyr+oT+fA96KPqaWgBKUfL+NJ2z60nvQBseH/FF94akdrWC1njf+G4RsLxzt2FSN3G7nnaPSjUtch8RTNd69Yql03W6slClh/txk7X+oIP1rI6fjS14b4cy365LMKdNRry3nHST8r9V67nsRz7HrDRwc6jlSW0XrFenYv/ANn6W0e+HxHAOPuXFrLE30yoZc1WstNvNQmkh09PPMSmR2VvlCjvk469qg6YbrUtrqGoaYy3GnXJtp4pPNjmQDejbdoIz6AnH1NaYjD46jh5rCzU5vbnSsvXlSv/AFceFr4GtiIvFQcIdeTd+nM3Y6rUvhr4i0vQZNe1K8tURV+S3jjmklds/dGFx0BJP3QBnNcxBp2pT7Vh029fewVQts53Z6AcYOa1dY8b69qzWsb3k6wWkgmXe2ZZZcY3yEcdOAqgKq+5Jrbj+K2uQyOFuL2SMxrFGZJkBUlsvJsVdmdpCIuNqhc4ZiTXwmExPHuBwfNiaNLEVZtuyfIoLRRjote+rPscThuC8XiOWhVqUacEle3M595eXZJI6/4e+G4/A8M02qapp1r4j1O12wx3kmI4U4JjByNzdC+DnkAe+X4k8XX0zy2+sR+C9cCKVfytTksZVxzwCwLD0xmuI17xp4h8RQrZ6lcK9oMBYjGhII+6xbbksM4z1rD+6Mbhj6V85lXhVi8zx9TOuKKsZ4mbu1FXUbbKE1KEopLS2vV9T2sz8R8Ll+FjlXD1OUaEVa7aTlfdyi1JN36j5ZIpJGkht4bZCcrHCWKr+JJJpn40e/aiv3KlSjSgoR2X9dT8fq1HVm5y3YUdKKK0Mw5paP0ooAT35oo9+1LQAUlL70UAJ2o9KX60lNAYniRv30XP8P8AhWVWr4kz50RzxsrJHFfyn4kf8lJiP+3f/SUf67fRm/5Npl//AG//AOlyFpKKK+GP3oVGkjZZIZpIpY2V45I22sjqQVZSOQQQCCO4r9B/2Y/2ltN+KGk2/hHxZeR2vjCyi2MHwq6mij/XRf7ePvp1ByRx0/PcfWnwTXFvcRXlrcSwTwOssU0UhR43HIZWBypHYjmvVyvNKmW1OaOsXuj4zjPg3CcYYP2NV8tWPwS7Ps+8X1X3H7EKwYdaq6lpWn6xp9xperWMF5Z3UZint54w8ciHgqyngg18L/C/9uDx14Vhi0r4h6b/AMJTYx4Vb2Jlhv1X/az+7lP12n1Jr6G8PftkfAPXIUa58XSaNKw+aHVLOWEp9WAKfk1ffYXOcFi46TSfZ6H8xZxwBxDkdV8+HlNLaVNOS9dNV80jhviB+wf4O1i4l1D4eeJLjw278ixnj+1WgP8AsZIkQewYgeleP6l+w38brKYrp914Z1GPs630kJ/75eM4/M19ft+0R8C/L+0N8W/CwTGf+QlHn8s5rndY/bC/Z/0mNmXx4uoSL0j0+znnZvxC7fzNcWJyzKKr9pJqPpKx9Fk/GHHeDisPQjUqJdJU3J/fa/3s+ZtL/YV+NV4w/tPUvC2nRnqzXksxH0VYwD+deneHP2I/hz4Ps38RfFbxzNqFrZL51wqMNPso1HJ3vuLkf8CWqXjb9vyyWOS3+HfgW4nc8JeazMIkHuIYyWb6Flr5j+IPxb+InxTuBP448T3F/Crb4rKMCG0iPbbCvy5Hq25vevHrVclwH8GPtJeeqPvcDg/ELibTHVvqtJ72SUmvJL3l85I9j+LX7Svh/T9Dn+F/7POkweH/AA8N0V3qlrB5El0OhEA+8oI4MrfMe2PvV82hQqhVXaAOBS/XvSe5r53GY2rjZ89TbolsvQ/U8h4dwXDuHdHCq7lrKTd5SfeT6hRR0/Gl9+1ch7onTmlHHNID3paQC0n8qF9aUfdzQA0etA60vvmkFMBRRRS0DE96Pfmj37Ue9IA96T35penPrRn+LmmAnTnkV9c/Djj4f+Gv+wVb/wDoNfI3+1zX118OG2/D7w0c8DSbb/0Gvn+Iv4MPX9D8O8c/+RXhX/08f/pLOjzj1qC6urezt5Lu6nSGGFS8kjnCoo6kmo9Q1Ky0uzl1DUbpLe2hXc8j9B/iT2A614P468f3vi+6Ntb77bSYmzFbn70pHSST1PovQV6/APh5juOMXyw9zDxfvzt/5Ku8n+HU/knPeIKGS0tfeqPaP6vyLHj/AOIlx4pkbS9Mkkg0hGzg8PdEH7z+i+i/ia4tiqqWdsAcmjdz3JY7QAM5J6AAdSemB1r63/Zv/Zl/s97P4ifErT8Xq4m03SZl/wCPbus0wPWTuqH7vU/N93+y8Ph8p4FyuOEwkFGMdl1lLu+77s/MMLhcdxRjXKTvfd9Ir+uhX/Zr/Zqkhe0+I3xG04rKuJtK0qdOYz1W4mU/xd1Q/d4Y/NwPa/jZ8ZvCXwP8GzeK/FFwXkdjDYWETAT31xjIiTPT1Zjwq5Jq58XPi14Q+C/g268ZeLrwpBF+7traPBnvLgglYYlPVjjr0UAkkAGvy0+JnxK+IH7Q3xGTWdVt57zUL+UWOj6PZgyLaozfJbwr/Ex4LPxuOScKAB8PfEZ/iHicU7QX3JdkfpEnhuHcMsLhFeb+9vu/8jQ1P9pH4t6h8XF+NEfiBrXXIcw21tGSbOGzJz9j8s8NEf4s/MzfPkMBj9Gf2ff2hfCfx68M/wBoaWwsdbsVVdW0iSQGS2c9HU/xxNztcfQ4IIr5Q1v/AIJ8+LtN+D6eIrLVvtnj6Em7uNHjZfszwFebWJ+869d+drHK4Aw1fMXgfxt4t+GPi618W+EdQm0vWdLkZCJEIyAcSQTRnqhxhkPcZ4IBHXWwuFzSly4ZpSjov6/U4aOLxmUVubFJuM9X/XfyP04/aE/ZZ8D/AB2086jKq6N4qt4ytprUEYLMB0juF/5bR/X5l/hI5B/NH4mfCvxt8J/EknhPx9ojWV1y0Eq5a3vIwf8AWwSYw69PRlzyAa/Uf9nv9oDwz8evB41nTStlrNlti1fSmk3SWkxHBB/jibBKPjnkHDAius+I3wz8F/FTwzceFPHGiw6jYTfMu75ZIJO0kTj5o3HZh+PGRXlYPMa2XTdGsrrt29D2MdldDNaaxGHdpPZrr6n4/eJ/FmreMWtL7xHL9s1W1gW1k1J/+Pi8hQARfaD/AMtJEA2iU/My7Q2SoNeo/ss/tE3nwF8abdVnll8H63IsesW4y32duAt5Gv8AeQYDgfeT3VavftC/sh+OvgnJceIdJE/iPwap3f2lFH/pFkp7XUa9AP8Anqo2nuEryf4e+A/EnxQ8ZaX4H8I24m1HVZNqu3McEQ5eeQjpGi8n14A5Ir6bmwuLwz1XJ18j5PkxeCxS0tU6eZ+ztneWepWcN9Z3EdxbXMaywzRMGSRGGVZSOCCCCDS2tla2SGO0tYoEZjIyxoEBZjksQB1J6muc+Fvw/wBL+Fnw/wBD8A6RdXNzaaLarbrPcuWkmbku5yeNzEnaOACAMAV0800dvC800ixxopZmc4Cgckk9gK+CkkpNR1R+kQbcVKaszJ8WeKdF8F+H7/xN4hvVtNP06EzTyHnAHRQO7E4AA5JIFfnN8VPiVrXxW8YXHinWA0MODDYWe7ItLYHKp7sfvMe7H0Artv2kfjk3xV8QDRPD9048LaTKfs+DgX04yDcH1UchB6ZbqRjyLTtN1DWNQttJ0mzlu729lW3treMZaWRjgKP8ewBJ4FfqPC+Rxy6l9cxStNrr9mP+bPyjivPpZnW+p4V+5F/+BS/y7HQ/DP4d618UPGFn4T0XMQk/fXl3tytpbAjfIffnCjuxHbNfo/4S8L6P4L8PWHhjQbNbaw06FYYYx1wOrH1YnJJ7kk1xfwH+Dun/AAi8Irp5MVxrN9tn1S8Vf9bLjhFPURpnCj6nqTXp1fIcSZ282xHLT/hR28/P/I+y4YyJZRh+ep/Flv5Lt/mFFFFfNn1AUUUUAFFFFABRRRQAUUUUAFFFFABRRRQAUtJS0AJRRRQAUUUUAFFLSUAFFFLQAlLSUUAFFFFABRR3paAEYZr55/ak+A7+ONPbx54Ss93iHTocXFvGvOoW687R6yoMlfUZX0x9DUjLu6114HG1svrxxFF6r8fJnHj8BRzLDyw9daP8H3R+TykFQy55r6c/ZV+P39iTWvws8ZXuLCZvL0W8lb/UOTxauT/Cf+WZ7H5em2l/as+AbaPdXXxS8HWg+wzt5utWka/6hz1ulA/gP8Y7H5uhbHzGy54boa/Wl9T4qy/+rxl/X3o/Hv8AbOFMx9PulH+vuZ+r6nNed/HT4M+G/jh4GuvB+vDyJgftGnagigyWN0AQsi+o5wy9GUkelea/sv8A7QjeMLaH4e+NbwHX7WPFjdyHB1GFR91j3mUdf7wG7rur6OVt43V+UYvCYjKsT7KppKOz7+aP1zB4zD5xhVVp6xluu3kz8X/Enw18ceFfiBP8MdU8P3MniWK6FpHZWsZka6Zv9W8Ixl0cfMG6YznG1sfeH7Lv7Fmm/DmSz8ffFGG21PxWmJrSxBElrpTdm9JZx/f+6p+5z8x+npvC/h+fxBD4rm0azfWbe1ayhv2hUzpAzBmjD4yFJGcVphcV14vOq2JpqlFcvfzOLA5DRwlV1ZPm7eQKu2kY7elOryL9qb4qN8I/gvrviKznWPVryMaXpPPP2yfKKw/3F3yH2SvJpU3Vmqcd2ezWqxo05VJbI/PT9rD4mf8AC0/jjr+qWtx5ul6Q/wDYmm4OVMMDEO49d8xkbPcba90/4Jv6n4Ds9U8V2N1q0UfjDU/JW1tJl2mTT4VLExMeHPmOxdRyAqHpyPlj4R/DfUfin8Q9B+Hek3DQtqlx5c1zt3/Z7eNC8sxBIzhVzgkZLAZ5q38RPh/4/wDgH8Rv7D1iSfTdY0uYXul6nZsUW4jDfu7m3f8AQjqpyre/21fD0qlH6hGVpWVj8/w+KrU8R/aMo3jd3+Z+x+aawB4OAK+Q/hH+3/4DuPALTfGC6msPE+mKsckdlZPKNV9JYVQYRj/EjEBTyDtPHnfxK/4KMeNNSuDa/CvwlZaNZJID9s1ofaLmUA5x5SEJECBg5ZyM+tfLwynFzqOmo7fcfYTzrBQpqo579Op6d+0J+y2yvc+Ofhbp/wB4tNqGiwj7x6tLbDsepMfQ9V54Pypj6ggkHIwQRwQQeQa/R74J/GXwz8cPA9r4w8PyeVI2Ib+xkYGaxuQAXif19VboykEda84/aA/Zis/G7XXjHwHHDZeIiPMubXhINSI9eyTH+90bo394fW5BxPPCSWDzB6LRS7eT8vM+Q4g4Whi4vHZb11cV1815+R8ieE/GGreEb43OnsJLeUj7RayE+XKPX/ZbHRhXvPhzxPpXimw+3aXMTs+WaF/9ZC3ow/kehr5wvrG+02+n03UrOezvLWQxXFvPGUkicdVZTyD/AJFTaTq2p6FqCalo929vcJ/EvRh/dYdGHsa4/EHwwwHG1H65hWqeJS0mtp+Uu/k90fNZFxHiMln7Gr71Pquq9P8AI+oc0tcb4L+ImmeK41s5NlpqYHzW5PEnq0ZPX6dRXY7q/i7O8jzDh3GSwOZUnCpHvs13T6pn65gsdh8woqvhpKUX/Vmcn8SnI8Fapt/55xg/9/krx7wqokuL+0e1luYrqxkhkhhkCyvllwY92FLKQGwTjAPXpXr3xOb/AIorUffyV/8AIyV5V4N0Q+IJtR01dPkv2NqjCCO6S3LYnTJMrK2wAcnAycYFf0R4U16OF4JxdbEO0FU1e1tIa3urW9UfifiBTrVuKsNTw6vNw0++WnnodpJBrk3hvSJPDGnTarbTRvp99bXVuiyzLC5yk2Pk8pd77WUjDBe2a8+8TSWv2yGxskvo4LCNrdEu3DMg8xmCrt42gHA9cZ716Vb6hpU/ga/0OTR57TTbe4uIHjF1IhlKspIEsi5O445wDnAxXlOrRLb3KQK12PLj2eXdf6yIBmxGfXA7jivb8LYyq4/Ee2jyypzmlteal7ylJptScU+W+ll1ex53iC1SwdCVKXMqkIN9ouPu8sbpNJ8vNrv2W5SpKX6UV+8H48FJRS0gEoo+hooAKKU0lAB/Wloo/OmAfSiiigBKKXij0oASj8aWkoAKKKWgAopNrH5h2oJ25ywH1NOwWClpm+M8iRD/AMCFKMN91gfoaWw7WFpaOfej8KBCUUtJ2poDF8RH99H0wF/qKx61vEBPnxY6bf8ACsr1r+VPEn/kpcR/27/6Sj/XP6MmvhngP+3/AP0uQUUUV8MfvolLRR+VAAPwpfYUUn5UALk0bmpOaPyoFZBQKKBQACiilpDEopaKBCZ70Zo6fSnZ/ip2GJ1oqbT7O+1WbyNKs7m+l6bLaFpT/wCOg11+l/Bz4laoA6+HGs0PR76ZIf0JLfpWNSvRo/xJJfM8vG51luXK+Lrwh6ySOJpa9bsf2c/E0mG1HxRpNrn+GGGWYj8TtFbFv+zZpy83vjS+kPfyLKNB/wCPFjXHPN8HH7d/Q+UxPidwxhnZ4nm/wqT/AEPDAKPpX0Av7OHhPpJ4k1xyfTyB/wCyGlk/Zx8KN/q/Euuj6iA/+yVl/bmC/mf3HB/xF7hh/wDLyf8A4A/8z5+or3K7/ZstTk6f40uVPYXNijD80YGuZ1b9n3xzZbn0280vVFHRUmMDn8JBj9a3pZrg6rsp29dD08F4k8M418scUov+8nH81Y8yoWtfWvCfijw2zf294e1CxQf8tJISY/8Avtcr+tZAbOGUhgehDZzXoQlGorwd0fZYfGYfGQ9phpqcX1i01+DF3c5r6l8M+ItK8M/DDw5qWrXAjT+yrdYo15kmby/uoO5/QV8yW9jcXfzY8uM8Et1NdRNfX19HaR3l08ws7eO1gB4WKNFwFVRwOB+PevvuGPC3E8YSp18denhk7/3prtHsvP7j+T/pE+JOU4ejSyfL6iq4mEm5JO6hpbV7X8vvsbni/wAaar4yvFlvP3NnE3+j2iNlI/8AaJ/ifHVvywKw7a3uLy4hsrG1mubm5cRQwwoXklc9FVRyxPoK0/CfhHxJ4616Dw34T0uS/v5+Qi8LGneSRzwiDuT9Bk8V9yfA/wDZ28O/Ce3TWL1otV8Tyx7ZtQZPlgB6xwKfuL6t95u+BxX9CYjGZZwfgo4HBwUeVe7Bfm/1e7P5HyrJ8dxJiHXqt8r+KT/JHKfs8/sx2/g37N42+IFvFceIRiW0szh4tOJHUno83+10XovqfbfiB420P4a+DNW8b+IjcDTdGtXurj7PC0shUdlVeSSSBk8DOSQATW408MC7pJFRR/ExwPzNRNcafqMEkKyQXMbgo6qyuCDwQRzx9a/McZjq2Y13iMS7/wCXZdj9cwWAoZbh/q+GVvzb7vufkf8AFv4s+Pv2kPiJBf3dlcTPcS/Y9A0G0zJ9nRz8saD+OV8Au/fHZQK+6v2Uf2UdN+C2nJ4u8XR29943vodski/PFpkbDmCA92P8cn8XQYUc9t8Mf2ZfhN8J/GeteOPCGitHqGrSEwrMweLTY2A3xWq4/dIzZJ6nnaCFAFXPjx8dvCXwH8It4g11/tV/dFodL0uJwJr2fGcD+5GvV3PCj1JUHtxOPeKjHC4WNo9upwYTLo4OUsZjZXl36If8dvjn4P8AgX4RfxD4kl8+8uN0Wl6XC4E99OBnaufuoOCznhR6kgH8qvGHifxP8XPH+peLL7S459a8QXDXDWelWZwSqfdjjQFn2onLHLHBZjV7xh4w+JH7QHxJXVNVFxrfiLW5ha6fp9qpKRISSlvAh4SNepJ9C7nqa/Qz9lj9lbS/gdpP/CReImg1HxrqEO25ul5jsYzgm3t89s/ffq5HZQBXfTjSySjz1Naj/r7jzKkq3EFbkp+7Sj1/rqfnR8L/AIm+KPhP4wsPHngu8WO9tflkicnybyBiN9vKB1RsfVSAw5FfrB8F/jH4V+Nngm18YeF5im79ze2UjAzWNyAN0MmPTOQ3RlII618Tft2fALwn8O9atfiX4T1Kx0+PxNePHeaGWCsbjBZ7m2UfwH/lovRWYEfexXlf7LvxK8f/AA7+LWl/8IBpN3rj63Ktnf6Jbnm/t85LDPyo8YJdZGwq/MCQrGtMXQp5rhliaekkv6RGBxFXJsU8JU1i3+fX/M/WeS3jnjaOZAyOpVlYZDA9QQeorhvh/wDAv4X/AAt8Qa54m8C+FLXSr7xDIr3jQ52qBz5cSniKMsSxRMKWOewx3kbFkDFSuex6ilY7RmvlFKUU4p6M+ycIyak1drYC23rXx/8AtX/HxtRkuvhT4OvD9nibytcu4m/1jf8APqhHb/nof+Af3q7f9p79oT/hB7N/Afg+9H/CR30X+k3CN/yDoGHXPaVh90dh8x7Z+JlAHH5kn16kk9+5Nfd8KcPe2tjsUtPsrv5vy7HwHF3EXsk8BhZav4n5dl59wYoi7jhVX+Vfan7LHwEbwfZJ8QvF1lt17UIsWNvIvzWFsw7+krjr/dXC92rgv2Wf2f28QXVr8TvGdif7Lt2E2j2cq/8AH1IDkXDg/wDLNT9wfxH5ugGfspRjvVcWcQKo3gMK9PtNdfL/AD+4nhDh1wtmGKWv2V+v+QoGBS0UtfAH6IJRRRQAUUUUAFFFFABS0lFAC0lFLQAlFFFABRRRQAUUtFACUUUUALSUUUAFFFFABRRS0AJS0lLQAlLRSUAFFFFABS0lLQBDdQQ3UMlvcRLJHIpR0dQVZTwQQeoI7V8H/tIfAaX4X6yfE3hu3ZvCupS8Ioz/AGdOx/1J/wCmbfwE9Pun+HP3rWfrmiaX4i0q60PWrGK9sL2Jobi3lXKyIeoI/r2wK9bJ82q5RiPaw1i/iXdf5njZ3k9LOMP7KWkl8L7P/I/LK3uLmzuYryzuJra5t5FlhmhcpJFIpyrKw5BBwQa+6v2c/wBoS2+J1inhnxNNDb+KrOLLD7qahGvWaMdmH8adjyODx8wfHb4Jar8HfECiHzLrw5qMh/s28bkqev2eU9pAM4P8SjPUEV5xp+oX2k39rqmlXk1ne2ciz29xC214pF6Mp/yD0PBr9Ox+X4TifBRq0nrb3ZdvJ/qflmX5jjOF8bKlUWl/ej3Xdfoz9Wc5orxn9nv4/WPxX0r+yNaMNp4osY83NuvypdJ08+IHt/eX+En0INezV+R4rC1sFWlQrq0kfseDxlHH0Y16ErxYhOM5r84/+ChHxS/4Sn4m2Pw30253WHhCHzbsKeG1CdQSD2Plw7R7GVhX6J6rPd2um3NzYWZvLmKF5IbcSBDM4UlU3HhdxwMnpmvxY8YXfiS/8W63eeM7e4t/EFzqNxPqsNwhSWG6eQtIrKemCcDtgDHGK9XIMOqld1H9lfmeLxJiZUsOqUftPX0R7Z+yp8Vvhb8B4/EPxI8YSXWpeI7qMaVo+j2EO+dYeJJpndsRxK7iNAS2cRnAOawP2gP2nvF37QUlpaav4f0fR9I02drixtoY/OukLKVJe5YA8g8qiqp4znANcJ8O/hb8QvixqR0v4d+FbzWHRts08ahLW3/66TtiNPpnd6A19ifCj/gnNptv5WqfGTxQ2oSAhjpOjO0MA77ZLhgJH/4AE+texiZYLCVniKzvP+uh4WFhmGOoLDUI2p/df1Z8R+H9B17xZqqaF4X0PUNZ1KT7tpYWzzy/UhR8o92wPevqb4U/8E9vH3iQw6p8Vdai8L2Jwx0+yZbnUHHoz8xQn6eYfpX3d4J+Hfgn4c6Suh+B/C+naJZL1js4Am8+rt95292JNdHXkYnP61TSiuVfie5hOG6NL3sQ+Z9uhwHwl+B3w6+Culz6Z4D0T7I15sa9u5pWmubtkztaR2POMnAAAGTgVpePfij4A+GaaZJ488VWWjJrF4tjZtdPtEkrDPJ/hUDq5wq5GSMipPiV8RvDHwr8G6j448XX32fTtPj3ELzJNIeEijX+J3YgAep5wK/Jr4y/F/xP8avG11418VSLEu0w2NiG3Q6fag5ES54JPV2/iPsFA58vwFTM6jnUenVnVmWZUsppqnTj73RH6Y/Gj4C+F/jFYi+WRNO1+GL/AEPVIlDb16hJQP8AWRnt3XOVPUH4Z8beBfFPw71+Xw34t0trO8jBeNvvRXEf/PSJ+jr+o6EA19afsM+G/idoPwdhuPH2qztp2oSLceH9MuUPnWFljjLsdwWQ4ZYz9xcY+9tHsnxC+G/hP4maC+geLNNW6gOWhkX5ZrZ8Y3xP1Vh+R6EEV6+U8Q1ckqvDVHz0k/u84/5bHjZtw5SzyisXSjyVWr69fKX+Z+ZaSSRSLLHK8ckbBkkRirIw5BBHIPvXq/gv4s7yml+LZArH5Y7/ABgE+kgHAP8AtDj1qr8ZP2f/ABd8I531CRW1Xw6zYj1SKP8A1WTwtwg/1Z7bvuH1B4rzH8K+m4h4ZyPxAy/2eISl/LNaSg/J/mndM/PaGJzHhvF8usX1i9mv19T3n4qTZ8FXYXBEktsN2cggyggg9xxXnXgO50u3/txtXhuZbSayitphbzGJwkt1DGzhhyNu4H6ZrnI/EGrR6LL4da7L6dK6SCGTkRshyChPK+4HBra8CappNhqN7Y6xJAlpqdk1pI84PlgllYBiOQDjqOhxXwGG4Er8J8H47KpN1byclyXUnG8Nv7ySenloefm2dRzLijCZhpBKNve+FStLfyu0erSat4ek1iK3k0tbyztY5tTkvZm8yGB4fl8z0LAqcHtkHqa81+K15b6p4hs9Ss50khu9Jtpo3VSA6sXO4g88+9d3cR/D2/0GXwja+NktoLlR5k+V3PCCG2F2GOAo5PNeafEK+0S68SOPDkwk06ztLayhZc7SI1IOCeo9+/NfB+E2Wwp8RxrU6VaPLCov3kJxi43jaTcl8c5PZbKOu59B4i4+pVyGVKtOlK8oP3JRk+bW8Vy/Zilu+sjmqWl4xzSV/Uh/PAlLRRQMKKKKQBRRRTsAUUlH4UALRSE805RudY0Ul24VQMk/QDrSlKMFzTdkOMZTfLFXYlHeuj0v4d+MNYw8GjyQRn/lpdnyRj6N8x/AV2Ok/BFMiTWfEDN6x2cW3/x9/wCgr4nOfEbhnIrxxWLi5fyx99/+S3/Gx9VlnBGe5t71DDyS7y91fjb8LnlTYXluB78Ve03Q9a1pgNJ0u6vM94YiQP8AgXT9a970n4f+D9JKta6HBJKv/LW5/fv9fm4H4AV0X8Ij6KOi9APw6V+T5x9IShBuGU4Ry85u34Rv+Z+iZb4OVXaWYYhLyir/AIu35Hhmm/B/xZeENfNZ6ep6+ZJ5kg/4CnH611Nj8FNEjw2paxe3R7rCqQKf/QjXpXSnV+XZp4x8WZlJ8tf2S7QSX46s+8wHhrw/gV71L2j7ybf4KyOQs/hj4HtcEaFHcEd7maSX9CcfpWvb+FfDNt/x7+HtLT/t0Q/qRWzRXxWL4nzrGvmxGKqS9Zy/zPqMPkOV4VWo4eC9Iozf7D0bGP7I0/H/AF6x8f8AjtVrjwn4Xu8i48O6W4PXdaJ/QVt/Wj+tcUM3x8Jc0a00/wDE/wDM6pZfhJrllSi1/hX+Rxlz8LfA91nbowtc/wAVrO8WPwyR+lc3qnwTt5Nz6Lr0sZ52x3ke9f8AvpcEfka9XpMfnX1OWeJXFWVSToYybS6SfMvulc8DG8E5Dj01Ww0U31j7r/A+cda8BeLNB3SXukySwr/y8W372PHvjkfiK5/r8y4PNfVwJVtwJB9e9cx4g8A+F/EWZb7T1huT/wAvNr+7lz744b8RX7Hw54/80lRz3D/9v0/1i/0fyPzbO/CCydTKav8A27P9JL9UfLviJj5kWMVlV6v8Qfgt4st1W88O7dZt4s7oo/kuAM5ztPyt/wABOfavKpoZ7W6exvLeW3uYjiSGZCkin0KkZFfMcYZxgc9zirjcDUUqcrWez0S6PVH+gv0dFHA8BYPLa0kq1Pn5o3TavOTWifVajeaWj/Zor5g/dhKKWimAlHvS/Sj8qAsJ/OiiloASil/GhP3kgt4laSVukcal3P0UZP6UPzE2oq8g/Wiuz0L4PfETXlWWHQWsLd/+W2oOIBj12nLn/vmvRND/AGb9Lj2y+J/ElzeMOTBYoII/++2yx/ACuCvmeFw+kp3fZanxmb+IHD+TXjWxClJdIe8/w0XzPB5JFjx5jquemT1ro9B+HPjrxLiXSfDV20DdLi4X7PEPfdJjP4A19N6B4D8G+Fvm0Hw7ZW8n/PZk82Y/WR8t+VdA3zMGYkn3Oa8avxF0ow+bPy7N/HCTvDKsNb+9N/8Atq/zPBtE/ZvvpNsvibxTFAD1g0+HzG+nmSYH5LXoGi/Bj4c6KyyLoA1CZefN1GRp/wAdpwg/Ku596WvHr5pisR8U9PLQ/MM18QeIs3vGtiZKL6R91fhqQWsENnCtvYwxW8S8COFBGo/BQKl285FOpc1wSk5b6nx86k6j5pu78xv40UuaKRnYSloozTGJQf50bqx/EXifR/C9mLzWrwRB/wDVRL80kx9EXqfqeBXVgcBiMyrxwuEg5zloopXbMa9enhqbq1ZJRXVmnnCupYCMg7w33cdyc8Y+teAfEyb4e6le+X4e0G3F6j/vtQt8xRP6gIvyv/vEY9Kb4y+IeseLHe1XNlppPFrG3Mg9ZWH3j7fdFcpuWNSzMFUdSe1f1d4deCscplDNM+fNUWsaa+GP+LW0n5bHwGZeI2YUOfD5LWlSjLRyi2m12Vv+H9BFXHPPP6V3Hws+Efi/4ua0dN8OW4hsrdgt9qcynyLUen+3IR0QfjgV6H8E/wBlnxB8QPJ8SeN0utE8PPiSKDbsvL5e2AeYoz/eI3HsB1r7R8M+G9D8I6Pb6D4c0u307T7RdsNvAu1VHc+5PcnknrX6hnfFdHAx+rYGzmtLraP+b/BHmZFwjWzGf1rH3UHrZ/FL17L8Wc78MPhR4V+EugjR/DVqTLLhry8mwZ7uQfxOw/RRgDsK+cv2mP25I/BOpXnw/wDhCtrf61aM0GoaxOvmW1lKOGjiTpNKp6knYpGPmOQPXP2vvilffCf4I6vrWi3TW+sanJHo+mzL1imnyGkHukYkYe6ivyv0PRdS8R61p/hvRLfz9Q1W7isbSNm+/NK4Vcn6tkn6mvj8swn16UsZi3zevX1Psc2xry+McDg1yvy6enmX/Fnjrxr4+vX1Lxt4s1jXJ3JZmvrx3RfZY8iNB7KoArL0nUNQ0C8j1Lw/qV5pd1Gcx3FjdSW8ikejRkGv04+En7EvwY8BaLbf8JR4asfF+vGMG6v9Vh86LzMciGBv3caA9OCx7mm/Fj9iH4M+PtNmk8MaDa+DNbVSbe+0iERwluwmtxiORfXAVvQiutZ3hVL2fJ7vorfccT4fxrj7Xn97td3+88I/Zz/bs17TNStfB/xw1BdQ0udlhg8QsgWe0Y4A+1BQBJH6yABl6tuGSPqj49fA/wAKftAeCW0fUjFBqUCtcaLq8aB3s5mAwQR9+J8AOmcMuD1AI/LD4geAfFPwx8Wah4J8Z6cLTU7BsSBTuinjb7k0bfxRuOQfqDggivt3/gn38brzxDot78GfEl40954egF3o0kjZZ9PJCtCSeT5TkY/2HUfw1hmWCjRisbhNPT8zoyrHyryeX43W/f8AJnp/7Mn7LPhv4DaSdV1CSDWPGN/FtvtUCEJCp5MFsrcpHkck/M5GW7Ab/wC0F+0L4R+Anhf7fqrLe63fK66TpMcm2W6cdWY/wRLkbnPToMsQK2vjt8SNV+E/wx1rx1o3hi41+502HctrCcLGCcGaX+Lyk+8+0FsD6kfmBo+j/Fr9qP4pusdxJrviLVMS3V7NlbWwtgeGbGRFAmcKg5YnAyxJriweFlmM5YrEy91bnoY7FxyynHCYWPvvYivLz4tftNfFBPM83xB4n1Y7Yok+S2sbcHOF7QQJnknqeTuc8/o9+zf+zX4W+Afh9vJaPVPE+oxganq7R7WcdfJhB5jhU9B1Y/MxJ6anwD/Z/wDB3wG8MDR9Cj+2apdhX1TVpkAnvZB/6BGuTtjHAHXJJJ9UyKnMcy+sfuaOlNfiXleVfVv3+I96o/wEPy/lXiH7RH7QFr8L9NPh/wAPTRXHiq/jzDGfmWxjPHnyD167EP3jyeAavftAfHzTPhLo503TGhvPE99GTZ2pOVt1OR9omA6ID0HVjwOMkfBOqarqmu6pda3rV/Ne399IZri4mbLyOe59PQAcAAAcCvZ4a4clmElisSv3a2X8z/yPG4n4ljl8XhcK/wB493/L/wAEiu7y61C8n1DULqW6urqRpp55m3PLIxyzMTySTXtX7OHwCm+J2qL4q8TWzL4UsJcCNuP7TmU/6tf+mSn77dz8o/iIyPgD8CdS+L+ufbNRWa28LafJi+uR8rXLjn7PCfU/xMPuj3Ir790jSdP0PTbbSNJsobOzs4lht7eFAqRoowFAHQAV73E/EUcHF4HBv39m19ldl5/kfP8AC3DksdP69jF7m6T+0+78vzLEEEVvGkMMaoiLtVVXAUDgADsAKloor8xP1RaBRRRQAUUUUAFFLRQAlFFFABRRRQAUUtFACUUtFACUd6KWgBKKKKAFpKKKAFopKKAFpKWkoAKWkooAKWkooAWkpaSgAoopaACiiigApKKKAMTxd4R0HxtoF54Z8Sael5YX0eyWNvzDKeqsDggjkEV+e3xk+DuvfB/xJ/Zd9vutLuyzabqO3C3CDnY2OFlUdR36jjOP0krC8aeC/D/j3w/deGfE2nrd2N0uGXoyMPuujdVcHkEV72RZ5Vyar3pvdfqvM+ez/IKWdUrrSotn+j8vyPzH0nVtT8P6paa5ot/NZahYyCa2uImw0bjuPUEcEHggkHg195/AP9oDSvixpn9mal5Nh4ms4911Zq2EnUcefDnkoT1Xqp4PGCfj74w/BzxJ8H/EH9n6mGu9JumP9nakFwlwvXY+OFlA6r3xleOnG6Tq2p6Dqlrrei381jqFjIJba5hbDxOO47EEcEHggkHiv0TMsswnEmFVWi1zfZl+j/rQ/N8rzTF8M4t0aqfLf3o/qv8APqfqoG3V5b8TP2a/hD8W/EWm+KfG3hdbnUNOb5pIZGh+2RAHENxtx5sYPIB5GMZwSDnfAT9oLS/itp40rVmgsPFFrHuuLRThLlR1mgzyV/vLyVPqME+xrX5RXoYjLq7pVE4zX9fcfrtCvhc0oKrTtOD/AK+8z9F0HR/DumwaPoOk2enWFsu2G1tIViijHoqqABWh0pa8/wDjb8ZvC/wP8D3PjHxI5lfPkafYxsBLfXJBKxJnp0JZv4VDHtiuaMZVZKMdWzpnOFGHNLRI7/dVe/vrXTrSa+vrqK3t7eNppppXCpGiglmYngAAEkn0r4w+AP7fn9uaw/hv44x6dpLX1wx0/V7RTHaw72+WC4BJKAZCrNnB43BTzXKftx/tNf8ACTXlz8E/AmoBtKtH2+IbyFsi6mGCLRCOsaHBcj7zYXoGz6NPKcRLEKhKNvPyPLqZzho4Z4iMr+XW55X+1T+0befHjxgLPRbiWPwZosrLpVucr9qk5VryRT3YZCA/dQ9izV1n7Gf7MbfFbXE+IvjfTifB+j3H+jW8q/Lq92h+7g/egjP3j0Zhs5AavP8A9mv9n7Wfj542/s9vPtPDOlMkmt6gnBCnlbeI/wDPWQf98Llj/CD+rXh/QdJ8L6LZeH9C0+Cw07ToEt7W2hXakUagBVA9AK9fMsZDAUlg8No+vl/wWeJlWBqZlXeOxWqvp5/8BF5IwqhR2rnPiD498OfDPwtd+MvF141ppFi8K3VwsTSeUJJViDlVySoZxnAOBk9q6avnb9vXUVsv2b9bt92DqGoabageubpHI/JDXzeHp+2rRpvq7H1eJquhRlUj0R7nY32h+KtFS8sLqy1XS9RhzHNE6TwXETDHBGVZSM18zfGX9j9JfP8AEfwljjgc5km0ORsRN6m3c/cP+w3y+hXpXJf8E5dTvrPwn8RWnuZ5dP0+6tJoLYyny438iR5SgPClsLnHXAzX0z8I/jj4D+NGiJqvhDU/9IWJJLrTrjCXVpuGf3ienowyp9a9ajUxmR4icsLJ2i0n217njVKWCz/CwWKilKSdu6t2Z+dOoWN9pd9PpmqWM9ne2reXPb3EZSSJvRlPI/r2qtjt39a/R74pfBHwP8WrELr9iYNSiQrbapa4W5h9BnGHX/ZbI+hr4r+KvwD8efCeZ7jUrP8AtLRN2I9WtIyYgM4Hmr1hP1yvo3av0XJ+J8LmaVOp7lTs9n6P9D8zz7hHEYCLdvaUu9tvVfqeeJIuNrqM9M460pz17VBTopGhbcACP7rdK+hqQfK7bn5djOG+ZueFl8n+g+iul0PwxpviWTydL8UW0N0R8tpfQNG5/wB1lJV/w59quXXwo8YWzkRw2dzjvFcAfo2K+TxHGeRYHEvCY3EKlUXSonD7rqz+TMFwdnU6ftqVCU4/3bS/Js43iiugk+HnjaP73hu7YesZjcfo3NRr4F8ZNwPDOon/ALY//XrrjxPkkleOMpf+Bx/zOCXD+aQ3w8//AACX+Rh0V0sfw48bzY/4kM0ef+e0iJ/Nq1LP4O+Kp8G6udNtB33TNIR+Cr/WvPxfHPDeBV6+Npr0km/uVzqw3CWeYr+FhZv/ALda/Oxw1HPXtXq9j8EbVfm1TxDLJj+G1txH/wCPMSf0rqNN+GfgvTWEi6Oly453XbmY/kfl/SviM18cOGcBH/ZnOtL+7FpffK35H1WA8Kc9xbXtuWmvN3f3RueD2NjfanN5Om2c91If4YYy5/TpXW6Z8IvF2oMGvVt9NjPX7RJvkA/3Ez+pFe6QxR2sQgto0iiH/LONQi/kOKft9uK/L858f83xN4ZXQjSXeXvS/SK+5n32WeEGXULSx1WVR9l7q/V/ijzrS/g34etGEmpXt1qLjqufJiz9F+Y/nXaaXoOjaKuzR9Ks7IHvBCqsfq2Mn8TWj780V+TZzxjn2fv/AIUMVOa7XsvuVl+B+h5bw5lWUf7nQjHztd/e7v8AETHO4kk+9OxS0V8we2JRS0UDEpaKPegAoo/OigA5oo5ooAO/NHfmiloASiiigBPrWVr3hnw74mi8jxDotnqKgYVp48uv0f7w/A1rUe9VGcoPmg7M3w+JrYSoquHm4yXVOz+9HkOufs6+G71mk8P63f6Yx6RTAXMX/jxDj8zXE6p+z748s8nTrjStTTtsuDC5/wCAyDH/AI9X0mR3xRivTo51jKWnNdeZ99lvipxLl0VD23tIr+dX/HR/ifJd38K/iRZE+d4K1NgP4oVSUf8AjjGsyTwj4sgbbJ4T1tD3zp03/wATX2NilBYdGYfRq7o8R1lvBfifVUfHDNIr99hoN+Tkv8z41Twv4okO2PwtrTH206b/AOJq7b/Dv4gXeBb+CdbI9Ws2Qfm2K+vvMkx/rXx/vUh55ZifxofEdZ7QS+80qeOWYNfu8LBf9vSf+R8uWXwP+J15jzNBgs1P8V3exJj8FLH9K6XTP2b9cmIbWvFljbL3Szt3nb/vpyor37GO1L71zVM+xk/hsvkeDjfGLiTFLlpOFNf3Y6/fK55no/wB8A6cyyal9v1d1/5+rjZGf+AR4/Umu70nQdE8Px+Toej2Wnp6W1uqE/UgZP4mtDP1pa82ri8RX/iTbPhcy4jzfN23jcROd+jen3bB/FuPU96KPwornPDCjvSUvvzQMPWij/ao96ACikoosAtJmkz3pBknjJJ9KLCFzTGkSNWZ3CKqlmZjgKO5JPQVyvir4j+H/C/mQzTfbL1elrbsGYH/AG26J+PPtXj3ijx14g8WMY724FvZ53LZwkiPP+0ern6/kK/WOC/CLOuLLYirH2ND+eS1a/ux6/Oy8z5fN+K8Hll6cHz1Oy/VnoHi74xWdlv0/wALLHdz8qbyRf3Kf7i/xn3Py/WvJr6+vtSvJL/UbuW5uZvvyytlj/gPYcVXZgq+YzAAdSeMV7L8If2YfHHxIMGr61HN4d8PvhvtFxFi5uV6/uYm6A/3349A1f1XkHCvDvh7hP8AZ4pSe85azk/6+yrI/Oa2JzTiev7NXl2S0ivX/Nnlvhzw14g8X6xD4f8AC+j3GpahPysMC8hf7zMeEUf3mwK+yPgp+yjoHglrfxJ48+z63r6Ykjh27rOybtsUj944/vsOP4QOtetfD34Z+D/hnpI0fwnpCWiNgzTN889yw/ilkPLn9B2Arq+PSvn874rr5hejhvcp/i/XsvI+/wAj4RoZdatirTqfgvTv6nCfFr4x+A/gn4a/4Sbx1qxtopXMNrbxL5lzeS4z5cUY+8ccknCqOSQK8d/Zz/bItvjb8Rta8F6r4fg0APCLrQIzOZZrmNMidJW+75gBVwq8bdwydua639sL4TzfFb4K6ra6XbmbWtCYa1piqMs8kKt5kI9fMiMiAf3itfl14T8Uax4P8Q6V4y8M3XkalpF1FfWcmTjepyFb/ZYEqw/uswrgy3L6ONw039v+rHdmuZ4jAYuH/Pv8+5+hX/BRrT7i8+CekX0IJj0/xNayTY7K8M8QJ/4E6j8a+Ffgzrc3h34weCdat9NudRlsNds7hrO1gaaeWMPtfZGoLMQjM3A/hr9P9Nl+HX7WHwTtJtStXudA8Rwwy3Nqlw0cttcRSK7Ql1wyvHKmDjqB6Guh+Hfwb+GfwoszZ+APB2naPv8A9bPFHuuJf9+Z8yN+JqMNmSweGlhpRvLUvF5VLH4qOKpztGy/A7SNgy8ZwadXI/EX4p+AfhNoqeIfH/iO30mylnS3jaQMzyOxAwiKCzY6nAOACTwK1NF8ZeFfEGjJ4i0PxJpmoaZInmreW13HJCV67t4OB+NeN7OXLzW0Pe9pDm5eZXPk7/gpB4H0m48FeGviJHCianp2qLpLyAfNLbTo7BCe+2SMMPTc3rXzH+yLql1pP7SXgWSzcqbq8nsZQP4opbaXcD7ZVT/wEV6b+3V+0N4d+Jmq6X8OfAupxaho+gXL3moXsDbobi92mNI42HDrGrPlhwWYY6VhfsEeAbzxV8c4vFXkt/Z/g+zlvJpNvy/aZkaGFM+uGlf6JX1mGjKhlUvbdn+Ox8VinHE5xH6v3V/lufpjJDHcQGKaNWSRSrKy5BBGCCD1rlvh98K/AXwts76x8C+GbPR4dSu5L66W3X/WSsxPU8hVzhUHyqOFAFdf0prHg9q+SUpJct9D7Zwi3zW1Qmcc+leQfH34/wCk/CXSTpumtDfeKL2ItaWZOVgU8edNjog7DqxGBxkip8fv2itK+Fdo+gaG0OoeKrmPdHbnmOyU9JZsfmqdWx2HNfCuratqevanda1rWoT31/fSGW4uZmy8rnufT0AHAGAABX1/DfDMswksTilan0X83/APjeJuKI5fF4XCu9Xq/wCX/ghrGs6p4h1a61zXNQmvtQvZDLcXMxy8jH9AAMAKOAAAK9A+B/wS1j4xa9t/eWfh6wkA1K/XhievkQnoZCOp/gBz1wDX+C3wX134xeIDbWpez0Sydf7S1Hb/AKvv5UeeGlI7dFByewP6DeE/Ceg+CtBtPDfhvT47LT7KPZDFH+ZYnqzE8ljySSa+k4i4hp5XT+p4O3tLW02iv8/yPmOG+HKmbVPrmMv7O/XeT/y/Mm8O+H9H8K6LZ+H9B0+Gy0+xiENvBCuFRR/M9yTyTkmtOjpRX5ZKTk3KWrZ+tRioRUYqyQtFJS0hiUUUUALSUUUAFLSUtACUUUUAFFFFABS0lFAC0UlLQAlFFFABRRRQAtJRRQAtFJRQAtJS0lABS0lFAC0UlFAC0lLSUAFFFFAC0lFLQAUlFFABRRS0AYXjDwf4f8c6DdeG/E2mx32n3a4kjbggjo6nqrA8hhyCK+BfjZ8C/EPwe1YMxkv/AA/dyFbHUtvQnpFNjhZB69G6jnIH6LVm6/4f0jxNpN1oeuafDfWF5GYp4Jlysin1/oeoIyK9vJc8rZPVutab+KP6rzPAz3IKGc0u1RbS/R+R+XOn6hqGk39vqmlX01nd2kgmt7iB9skUg6Mp7H+YyDxX29+z7+0pp/xHhh8K+LngsfFMa/IR8kOpKBy8QP3ZMctH9SuRwPnn48fs8618Jbx9c0cTaj4Tlf8Ad3P3pLHJ4jnx27CToehwevkEbzQzRzRSPHJE4kjkRiro6nIZWHIIIBBHSv0fGYLA8U4RVab16S6ryf8AXofmuCx2O4VxjpVI6dY9H5o/V5SD0PFcn8TPhf4M+LfhW58IeN9JS9sZ/mjb7s1tKB8s0L9Y5FzwR7g5BIrwn9n39qlNY+y+Cfihexw6icQ2OsPhI7s9FSbskp7Nwrex6/T8bbh1xX5ZjsDicqr+zrK0ls+j80z9YwOYYXN8P7Si7xe6e68mj8mP2g/2bPGnwD1ktfq+q+F7uXy7HWo48KSekM6jiKX/AMdbqvdR5FhVAXlQP7qjIHfAPGf8mv228QeHtF8U6PeeH/EOl22o6bfxGC5tbiMPHKh6hgev9K/OL9pz9jXXfhG1z40+HsN1rHgwZkng5lu9JHff3lhHaT7yj72R81fQZbnKxFqWI0l37nzGbZFLD3rYfWPVdv8AgH2j+y5P8If+FQ6RafBm7WfRrZdtwZgFvBeEAym7XqJieT2xjb8u2vXq/Gv4R/FLx98JfGNp4i+HF1K19cyR276cqtJFqgZsLbvGvLlicKR8yk5U9a/YLQrrVNQ0OxvNa0v+zb+e2ikurLzhL9mlZQXi8xcB9rEjcODivEzXAywdXmcrqX3n0GTZhHG0eXl5XH7vkQeJvGXhXwXp76t4u8R6bo1knWe/ukgT8C5GT7Cvh79tv9pH4U/FLwHp3gX4eeJH1m6g1qG/uZoLaRbZYoo5RjzXADks64C56Gk/ae/Yt+JGqeMpvG3w1nv/ABba6rcbpdP1HUd91p7u3PlyTthoAT0yGQdmHTmrP9jvwf8ADnS4vE37TXxm0vw3bvgrpOkSCS5lPXYJHBZz6iOI+zd668Bh8FS5a86jlLoktb+hw5jicdW58PGmox6yb0t6nefsWRnR/wBmb4q+JR8rNPfBW9odOT+rGuZ/YJhEnxeLMOYPC9yQR/11t16/nXOePP2rvB/h34d3/wAGf2dfBB0Dwzdxyw3mr6mxNzcLIAsriMkkO4GC8jZx0UcY7n9gjwr4sh8fS+Krzwrq9rokugXEEOoXFo8UEsjTQEKjuBvyFbkccHmvZcnDA4upVXK6lrJ72PJp8s8ZhKFF8yp7tbdz7yxnFNnt4rmF4JokkjkUq6uuQwPBBB4Ip9LjtXw595ufNfxb/Y/0HxB52t/DWaHQ9RbLvp7j/QZz1O3AzCT/ALIK/wCz3r5M8VeD/E3gfVm0Pxbol1pl4M7UnX5ZR/ejcfLIPdSffFfqKw3Vi+KvB/hvxtpMmh+KdHtdSspeTFOmdp/vKeqsOxBBFfV5RxZisvtSxHvw8918/wDM+Ozng/C5herhv3c/wfqv8j8u9vIOMEcjHb/Cu58N/FbxDou231RRqtomADK2JlHtJ3+jZ+tew/E79jbWNNMuq/C++Oo2wy39l3sgW4QekUx+V/o+D/tGvnHVtJ1XQdSl0fXNLu9Ov4f9ZbXUJjkX3weo9CMg9jX2GLwuQ8bYX6vi4RqLs9JR9HuvVM/PKuFzXhytzJuHmtYv9PvR9AeHfG3hzxRhdNvlW4P/AC6z/u5R9FPDf8BJrfwNx9u2K+VGGWB7qcg9wfb0rsvDnxQ8SaEq29yy6pajA2XLHzFH+zJ1/Btwr8G4p+j/AFqfNiOHa3Mv+fc9H8p7P5/efWZZx1F2p5hGz/mj+q/yPe6MVyXh/wCJPhjxAVgjvPsV02B9nvMISf8AZf7rfmD7V1mSOoIPuK/n3NsjzHIq/wBXzKjKnPtJW+7o/kfd4XHYbHQ9ph6ikvJ/mOpabS15Z1C/jR9KSikMX+VFFFIQtFFJQMKPpRRTAKXpSUtIAopKPpTAX86KSikAtFJRQIWik9fWimMWiiikAUfnSUUALSY9M0lLQAUv9abS+9OwC0lFFKwB+NH40UfzoAWj1pKKBBS038aKdhi+9FN3d6Fy33Qc+lO19hC0fSuW8RfETwv4cLw3V/8Aabof8utriR/xP3V/E/hXl/iL4teJNY3W+lj+yrVvlxC2ZmH+1Ien/AQK/RuF/CviLihxnTo+ypP7c/dVvJfFLysj57M+J8vy28ZS5pL7Mdf+B+J614i8a+HfC6kapfr9oI+W1h+eZv8AgP8ACPdsV5J4m+KniLXlktLD/iVWLfLshb99Iv8AtSdvooFcWPvM3JLHLHOST7nqTWt4X8J+JvG2qLovhPQ7rVL0n5o7dMiMesjn5Yx7sRX9McJ+EXD/AAlFYrG/v6q15p25Yv8Aux2+buz88zHibMM4l7Gh7sXpaO79XuY6rj7i4HU+9dV8P/hn40+J+pf2b4N0d7tY2C3F452Wtv8A9dJSMA/7Iy3tX0f8L/2L7O38rVvipqC30vDDSbGRlgX2ll4aT6LtX619NaTouk6Fp8Ok6Lp1tY2duoSG3t4hHGgHYKOK+kzXjOjQvSwEeZ93svTv+CPTyngivXtVxz5Y9l8T9e35ni/wi/ZT8HeAWg1zxM8fiLXY8OsksWLW2b/plEc5I/vvk+mK91VQvQU6ivzvGY3EY+p7XEScn5n6TgsBh8vp+yw0FFf1uFFFFcp1iMu4Gvy4/bL+A83wf+JMniDQ7Mp4U8WzSXVmUX5LO8OWntvYEkyJ/slgPuV+pFcX8XPhf4d+MHgPU/AviWMi2v03RTooMlrOvMcyZ/iVsH3GQeCa78uxrwVZT6Pc83NMAsfQcPtLY/PH9jf9oX/hTfjg+GfEl8Y/CHiaZUuWkb5LC8OFjueeAjcJIfTY38Jr9MNZt9S1DRby10XVF02+nt3S1vPIWcQSlSFk8tiA+04O0nBxivxo+IfgHxF8M/GGq+A/GFqsWpaXKY5Nq/u7iM/cmjz1jkXkfUqeQa+1v2Hv2nf7Ztbb4J/EDUi2p2ieX4fvp35vIFH/AB6ux6yoB8hP30GOq8+vnGB9oljKGt9/8zw8jzB0m8DiNOi/yPlT9oTw/wDGXwv8Qp4/jnqF/qOruWW01a4kLWl5DnhrUgBEQ9TGoUqeCO581Ef7t41jYJIcuq5CufUgcH8a/bTXPDvh/wAVafJpPiTRbHVbCX/WW17bpPE31RwRXm7fsl/s3tdfbv8AhTPhbzM5wLLCf98Z2/pRh8/pwpqFSnqu2w8Tw3UqVHOnU0fe9z8v/hd8KfHHxh8QReGvh/orXsgZVubsgizsEzzJNL91QBztGWbGADX6qfAj4K+HfgX4Ft/COht9puHb7RqWoOm2S+uSAGkI/hUABVX+FQB1yT22h+HtC8N6fHpPh7RrHTLGAYjtrO3SGJPoiAAflV95AqlugFeZmGaVMd7trR7Hq5Zk9LLvfbvLuOLBa+ef2g/2mrPwH9o8H+Bpob3xKR5dxccPDpv+92eX0ToOreh5b9oD9qvy2uvBPwrv1MvzQ32txHKx9mjtj0Zuxk6D+HJ5Hyf8xY5JYsSxLHJYnkkk9SfU19Pw9wrKvy4rHK0eker835Hy/EfFioXwmAd5dZdF5Lz8x95eXeoXc+oahdTXV3dSNNcXEzl5JXPJdmPJJr0f4JfA3XvjDrG6NpLHw9Zybb/UgvLHqYYc8NIR1PRAcnnAOj8CP2fNa+Ll4msaos2n+FYJMS3Y4lvSDzFBn8mk6DkDJ6fePh3w9o/hfR7XQdA0+Gx0+yjEVvbwrhUUfzPck8kkk16/EHEsMvi8Jgbc+1+kfTz/ACPH4c4YqZjJYzG35N7dZPz8iHwp4T0LwZodp4b8NabFY6dZR7IYY/1ZieWYnkseSSSa2hRRX5fKUpy5pO7Z+rQhGnFRirJBRRRSKClopKACiiigBaSiigAooooAWkoooAKWkooAKKKKACiiigBaKSigAooooAKKKKACiiigAooooAKKKKAFpKKKACiiigAoopaAEooooAKKKKACiiigAooooAr31la6hazWN9bxXFvcIY5YZFDJIhGCrA8EH0NfF3x+/ZfvPBpufGHw9tZbvQOZLrTkBebTx1LRjq8I9PvJ7jp9s01lVlwe9enlea4jKa3taL06rozys2yfD5xR9lWWvR9Ufk8Qkifwujj6givon4D/ALUt94NW28I/Ea5nvtEXEdrqRzJPYr0Cyd5Yh6/eUeo6dr8ef2T49UkufGPwttY4L5sy3mjghIrk9S8HaOQ/3fut22nr8j3EFxa3M1ndW8tvcW7mKWGVCkkTjqrKeVI9DX6hSrZfxVheRrbp9qL7r+rM/KqlHMeE8Xzx08/syXZ/1c/VHTtTsdWsoNR028hurS5QSQzQuHSRT0ZWHBHvVmSJZkaORQwYYIIyCD2I71+dvwd+PPiz4P3ot7QnUdAmfdc6XI+FGerwsf8AVP1/2W7jPI+7Ph78SvCfxM0FNe8KaktxD92eFvlmtpO8cqdVYfkeoJFfnGc5DiMnn73vQe0v8+zP0vJeIMNnMLR92a3i/wBO6PPvCf7JPwi8F/Fq4+LWhaOYLp4ybTTeDZWFyxPmXECY+RmUgAfdT5ioG6vaFG1cdqdRXjVKs6rvN3Pbp0adFWpxtfsNZd1fK/7RX7EOh/FDWT40+Hl/a+HfEN1MG1H7Qsj2t2p+8+0ZMcg6/LhW7gE7q+qaWtMPiKmFqKpSdmZ4nC0sXT9nWV0fOfwb/Yj+E/wxkt9a16A+L9eiw63epRL9ngcd4bblF/3nLsMcEV9ErGqgBQAFGBT6KVavUxEuerK7KoYalhYclGNkJRS0VibCUUUpoADXM+NPh34N+IGn/wBmeMNAtdShXPlmRcSRH1jkGGQ/Qiumoqqc5Upc8HZrqiKlKFaLhUSafRnxz8Rv2Mda09pNS+GOrjUoOWGm6gwSdR6Rzfdf6OFP+0a+ddc0HW/DOpPo/iLSbvS76M/NBeRGNz7rnhh7qSPev1QPNYnijwb4Z8aae2leKtCstUtG/wCWd1CHCn1UnlT7jBr7DLeMsVhrQxa9pHv1/wCCfF5nwThcTephH7OXb7P/AAD8umVTwwyD2xXQ6B488VeGwsNjqhktV/5droebH9BnlfwNfTfj79ifS7oyXvw48RSaa5yw0/Ud00H0WUfvE/HfXzh43+FHxD+HcjDxd4Xu7W3Q4F5GvnWre4lTIH0bafavrfrmR8UUPq2KjGaf2ZpX+V+vmj4XFZPm2R1PaJNW+1HVfh+qO70P4yaJdbYtas5tMk4/eJmWI/l8y/iDXdWWoWOqW4vNNuobuEjPmQyBwPrjp+NfL6/MAwIIPIPb8Kms7m8024F1p91Pazr/AMtIZDG35j+tflnEXgHk+YXq5PUlQl/K7yj+PvL736Hq5fxvi8PaOMSqLvs/6+R9R7uODS7ge9eF6T8XPFmmsq6h9n1SIf8APddkn/faY/UGu50n4veFb7al60+mSt1+0Lvjz/vp0/ECvxHPfB/inJLz9h7aC+1T97/yX4vwPssDxbluNtHn5Jdpafc9jvetLmqdjqVjqkP2nS723u4v78EgkA+uM4/GrO7vX5nXw1XDVPZVouMuzVn9zPpKdWFVc0HdeQ+im7qKxsWL7UtJSGiwx1JuopfrQAZopPxpc+9ABmkoz3ooAWik/GlpAFFFHvTAKKKKADNJ/OiigAozRnrzRQAd6KSlyKACjNJn6UbqAFz1paZu96N1FgY7NJn9ahuLiCziNxdTxwRDkyTOEUD6nFcdq/xY8I6YWS1upNSlH8Novy/i7YX8s17uUcM5vn1T2eXYedT0i7fe9F95wYvMsLgY82IqKPq/0O2JqveX1rp8DXV9dw2sC9ZJ5Ai/me/tXjGs/GHxLe7o9Jgt9MiPAZR5k2P95uAfotcRfX19qlwbrU7y4vJj/wAtJ5Wkb8Cen4V+zcP/AEf82xlqmcVo0Y/yx9+f/wAivvZ8hjuO8NTvHBwc33ei/wAz2LXPjN4dsN0eiwy6tKMgNzFAP+BEZb8BXnniD4ieLPEO6KfUjZ2rf8utnmNSPRm+834n8K5v7qlmYBR1PpXV+B/hZ8QfiPIo8I+Gbq8gLbWvJB5Nqn1mfCn6LuPtX7jkXhvwtwhFYhUlKa+3UfM/kvhXySPkMVnWbZ1P2UZOz+zE5MLtGF4UegrV8MeFfEnjTUxo/hHQrzVrzIDR20e4R57u5+WMe7EV9U/Dz9irRbNotQ+JGuNqsw+b+z7AtDbD2aT/AFkn4bB7V9GeHvC2geFdNj0nw3o9nptlEPkgtYRGv1IHU+5ya78x41w9D3MGueXd6L/N/gezlnA+JxFp42XJHstZf5I+YPhr+xazeTqnxS1gH+L+ydNkIX6ST9T7hAP9419O+HPCnh3wjpkejeGtGtNMsYh8sFtEEX6nHU+5ya2KK+BzDNcXmcubEzv5dF8j9Dy7J8HlceXDQt59X8wHFFFFecemFFFFABRRRQAUGiigD58/a3/Zth+N3hNdY8PwxReMdCjZtNkJCC8i6taSN6N1Qn7r+zNX5xeBfh58QvHXjBfCvgXw/qU3iCzn/exxhoH06SN8F5pDj7OUcdSc5HGTX7PMpz1qjYaDo+l3V7eabpVpaT6lN9pvZIIVRrmXaF3yEDLttUDJycAV62Czapg6TpWv28jxcdktLG1o1r8r6+ZlfDnTvGek+CdH034ha9aaz4htrVY9Qv7W3MMc8o/iCknnGMnjJBOFztHS0n3RXIfEj4o+EfhdoZ1vxVqIiD5W2tYxuuLpx/DGnU+56DqSK86FOpiKnLTV5Poj1J1KeGp81R2jFbs6HWNZ03Q9NuNX1jUILKytIzLPPO4RI1HUsT0r4p+PX7UGqeP2uPCngWa403w2cxz3PMdxqI7j1iiP937zDrgcVwvxg+OHiz4w6h/xNG+waJBJutNJhkzGp7PKf+WsnueF/hHc8BDFNcTxW9vDJPPOwjiijQvJI5OAqqOWJPYV+lZFwpTwdsVjtZrVLpH17v8AA/MM/wCLZ45vC4G6g9G+svTsvxIsrGuflREX6BQP5V9C/AH9mC+8btbeMPiFazWfh84ltdPbKTagOoZ+8cJ/76ceg69x8A/2UYtNa28ZfFSyinvgRLZ6M+Hitu4eftJJ6L91e+T0+pFXb6VxcQcWX5sLl78nL/5H/M7eHeEfhxWYLzUf1l/kV9P0+z021hsrG1it7e3QRxRRIESNAMBVUcADpirVFFfnu+rP0dJJWQUUUUDCiiigAooooAKKKKACiiigAooooAKKKKACiiigAooooAKKKKACiiigAooooAKKKSgB1FJRQAtJRRQAUUflRQAtFJRQAUtJRQAUUUUAFLSfhRQAtJRRQAUUUUAFFFFABRRRQAjKDXj/AMbf2c/DXxYhfVrVk0jxLEmIdRjTImx0SdR99ff7y9jjivYaK3w2KrYOqq1CXLJHNi8JQx1J0a8eaLPy68Z+CfFHw/12Tw54t0qSxvIwWT+KOdOnmRP0dfccjoQDTfCHjTxP4C1uLxF4S1ibT76P5SycpKn9yVDxIh9D06jB5r9HfiB8OfCfxK0N9A8WaSl1ActDIDtmt5OgkifqjD8j0IIr4c+Mn7PHi74STSaiqPrHhxm+XUoo/mg9FuEH3D/tj5T7Hiv1DKOJMLm9P6rjElN6Wfwy9PPyPyvOeGcVk9T61g23Ba3XxR9fLzPp74KftPeG/iV5OgeIVt9D8SEBVt2k/cXh9YGPf/pmfmHbcOa9uVs1+T2Pu7h0O4euRyCD2PuK+iPg3+1v4g8J+R4d+JXn63pC4SPUV+e9th/t/wDPdR6/fH+1Xi51wdOnevl+sf5evy7ntZFxpGpahmOj/m6fPsfbVFZPhvxR4f8AF2k2+u+G9WtdRsLld0dxbyB0b246EdweR3rVr4OUXB8stGfoMZRnHmi7pi0UlLSKCikxRjjHFABS0ntRQAtFFFABRR7UUAFRyQxzI0c0aujDDKwyCPoakooC19zx7x5+yz8J/GjS3kOjvoN/Lkm60lhDlvVoiDG3v8ufevnzxt+xz8SvD++58KXll4mtVyRGv+i3QH+452N+DD6V9yfypNoP3gDXuYHiLMMBpCpePaWqPAx/DOW5heU6fLLvHR/5H5X63ouseGb06d4k0m90m6HHk31u0LH6bgA31BIqj7V+qGraFo+vWbadrel2uoWsg+aG6hWVD/wFgRXi3jD9jz4U+IWe40OG+8N3L5OdPm3QFveGTKgf7u2vsMFxzQnaOLpuL7rVfdv+Z8XjuA8RTvLB1FJdno/v2PhiKSS2mFzayvDMv3ZInKOPoRzXU6X8UPG2mYRtSW/jH8N5GJD/AN9jDfrXqPiz9jP4naLvl8NahpXiGBeQgc2lwf8AgD5Qn6OK8h8ReA/G3hFinijwdrGlqpwZLizbyyfaRQUP516uIo8O8Tw9niqdOtfpJK/42a+R83LB5xk0ua04W6q9vwuju9O+N1vwNY8PzJnq9rMGH/fL4P611Gn/ABO8E6gVC60LVm/gu4miP/fRyv618/KyuMphh3I5/lSj+7t+ua+CzXwM4VzG8sPGdFv+SV190lJHo4bjLNMPpUkp+q/VWPqW1u7W+jE1jcw3EfZoZFkB/FSamLYP17V8qRr5MgkhHlOP442KN+a4Nb1l8QPGmn4W38S3rIP4Z2Ey/k4NfnWZ/R2xcNctxkZLtOLT++PN+R7+G4/pv/eKTXofRu6l3V4fZ/GfxZbfLeWWmXi9y0TRMfxU4/Stuz+OEC4W+8MzKP8AphdBv0dRXwuN8E+MMH8FBVF/dlF/g2mezR4zymp8U3H1T/S56tRurgLX4x+E5sefDqVtnrut1cf+Ot/StW2+JXge44GvRR+00Mkf81r5XGcA8T4H+Pgai/7db/I9Sln+WVtY14/fb8zqi1KTWRb+KPDt1gW2vabLn/p6TP8AOr0d5azf6m6t5P8AdmU/1r5+rlOYYd2rUJx9YyX5o7oYzD1PgqRfzRZzSmo1y33Vz64NP8uTp5L/APfJrllQqx3i/uZsqsJbNfeGaM0m2T/ni/8A3waTy5Onkv8A98GpVKfYrniPJpM0nlzDrC2PdaieZIv9ZJGnrvkC/wAzVww1aekYt/JkurCO8l95Ln2o3Vmza9odrkXWtabFjrvvIx/7NWdc/EDwTacTeJtOPqElMhP/AHyDXo4fh/N8V/AwtSXpCT/Q555jhKfx1Yr5o6PdQTXC3Hxf8D2/+qu7u6P/AEwtGwfxbaKybr44aTH8tj4dvZ/eedIwfwG419NgvDHi7H29ngaiv/MuX/0po86txLlVD4q0flr+R6fupCw+leKXfxp8RSgix0nTLUHu4kmb9SB+lYN78RvG99lZPEM8Kn+G2VYR/wCOjP619nl3gHxNinfFSp0l5y5n90U/zPJxHHOXU/4cZS+VvzPoeR/Jj82YrEn96Rgo/M1zupfEPwbpbbbjxBayOOsduTO3/jgIH51883Uk183mXs0tyx53TyNIT/30TSL8uFAwB2HFfeZZ9HXBUpKWZYyU/KEeX8W2/wADw8Rx9Wmn9XpJecnf8ND13U/jhpUW5NH0W6uW/he5cRL/AN8ruY/pXKap8XfGd/uW1ubbTY2/htYct/32+T+VcU7xx48xlTP95sZ/Ous8LfCv4k+NWT/hGfA+r3sT/wDLw1uYYP8Av7LtX8ia/R8u8M+DuHoqp9Xi2vtVHzf+lO34Hg1c9znNJckJS16QX+Rzt7eXmpTGfUbqa6kP8c8rSH/x48VCfZTivonwp+xP481Nkl8XeIdK0SE8tFbK13OPbPyoD+LV7T4R/ZG+EPhzy5tU0u68RXKfNv1SffHn2hQLHj6g17tfirKcBD2eH963SC0/y+46sJwjmmNfNVjyecnr9y1PhvRdC1zxNeDT/Dej32q3J/5ZWVu0zD6lRhfxIr2jwX+x38UPELRz+Jp7HwzaNywlYXN1j/rmh2Kfq/4V9uaZo+maPaJY6Tp9tZW0YwsNvEsaKPZVAAq5tH90V8xjONsZWvHDRUF33f8Al+B9XguBcJRtLFTc322X+f4ni/gX9lP4VeEDFeahpsviO/TDefqpDxq3+zCMRj8QT717JBbxW8aQwxpHHGNqoi4Cj0AHAqWivksTjMRjJc+Im5PzZ9hhcDh8FHkw8FFeSCiiiuc6gooooAKWkooAKKKKACiiigAoopPyoAWkZgtYfi7xp4Y8C6LN4g8WaxbabYwfelmbBZscIi9XY9lUEmvjP4yftWeJvHgn0DwStz4f0F8pJNu23t4v+0w/1KH+6p3Huw6V62VZLis2najG0esnsv8AP0PHzbPMJk8L1pXl0it3/l6ntXxr/aq8N+A2ufDfgzyNd8RJmN2DZtbJ/wDpqwPzsP8Anmp/3itfGHibxN4g8Y6zN4h8UaxcanqVx9+aZug7IijhEHZVAFZSqqqFWMAV6j8Gv2e/GHxcmj1BEbSvDgbE2qTJzLg8rbof9Ye24/IOeSeK/TcHl2XcM0HWqSV+snu/Jf5I/LcbmWY8T11Rpq66RWy83/mziPCPg/xN4816Hw34R0l7++l+Yqvyxwp/z0lfoiD1P4AmvuP4H/s3+G/hTGmtag0er+JpI8SXzJiO2BHKW6n7g7Fj8zew4HcfDv4aeEfhloaaD4T0lLWH708rnfNcyf35XPLN+g6AAV1uO1fC57xPWzO9Gj7tL8X6/wCR97kHC1HK7V6/v1fwXp/mAXbS0UV8sfWhS0lFABRRRQAUUUfhQAUUUUAFLSUUAFLSUUAFFFFABRRRQAUUUUAFFFFABRRRQAUtJ6UUAFFFLQAlFFFABRS0lAC0lLRQAlLSUUALSUUtACUUtFACUUUUAFLRRQAlFLRQAlFLSUAFFFFABRS0UAJRRRQAVFPaw3ML29xGkkcilHR1BVlPBBB4IPpUtFAbnyz8Zv2P7S+Nx4j+FEcNlcnMkuiyNtt5T1PkMf8AUsf7p+Q9ttfJup6XqWh6jPo+s6fcWF9attmtriMxyRn3U+vY9D2r9WCM1wfxQ+DPgn4saf8AZfEmnhbyJStrqMGEubc/7LY+Zf8AYbKmvssk4tq4K1HGe/Dv9pf5nxGecHUcZetg/dn2+y/8vyPgDwH8SfGfwz1b+1vBusPaF2DXFs43210B2ljzg+m4YYdjX2Z8H/2ovB3xFMOia4U8P+IX+UWs0n7i6b/phKcA5/uNhvTPWvlb4sfAPxx8JbmS41K2/tHQ92ItWtYz5YHYTLyYm+uVPY9q82ZVZSrKGU+vSvrsZlOXcR0vrFJq/SS39Gv89T4/BZvmXDVb6vUTsvsy2+X/AAND9X1anV8FfCX9qTxx8PPI0nxA03iXQY8IIp5f9Mt1/wCmUrffA/uP9Awr7E+HnxY8D/E/TTqHhHWo7h41BntZB5dzbk9pIj8y/XkHsTX5xmuRYvKZfvY3j/Mtv+AfpeU8QYPNo2pytP8Ale//AATsaKKK8Y9wSiiloAKKKKACiiloASilpKACilpKACiiloATGajaKNlaNlBUjkHoakooC1zgPE3wL+EvjBnm1zwHpLzuDm4gh+zzfXfFtbNeV+IP2I/A95uk8OeKtb0pj0jm8u7jX6bgH/8AHq+k6K9HDZtjsH/BqyXz0+48zFZNgMZ/Goxfys/wPiXXf2KPiTY7pNB8R6BqsY+6svmWkjfmHX9a4HV/2cfjdouXuPh/e3Ma/wAVjNDdZ+gRt36V+jGKNte3Q4zzKl8fLL1X+Vjwa/BGW1f4fNH0d/zTPyw1Tw14j0Nymt+HNX05h1+16fNDj8WXH61mxzQyf6uaNvZXGfyr9XmiVhtYZHoawdW+HvgbXy39ueD9Evy3VrjT4nJ/ErmvXo8eP/l9R+6X6WPHreH/APz5r/ev8mfmFtb+6aTPvxX6Hal+zL8DdTYvJ8PNPgY97RpLb/0Wyiucvv2Nvgvdg/ZbfXLH/rhq0rY/CTdXo0+OMvfxwmvkv8zzqnAeYR+CcX82v0PhFlVvvKp+oFII0XpGo/4CK+zr79hzwLLn+z/GniSAHtJ9nlA/8hg1j3H7CdsT/ofxOuFHpNpUbf8AoMgrqXF2UVPik/nF/wDBOJ8G5tT+GC+Ul/wD5KVmj/1cjL/usR/I1Ot9fR/6vULxf925kH8mr6cuP2FNaGfsnxKsX/666S6/ylqlJ+wz4y/5Z+PtEP8AvWEw/wDZzVPPshqfFKL/AO3X/kZ/6sZ1D/l2/wDwJf5nzn/auqf9BW//APAqT/4qmNqGoH72oXZ/7eJP8a+iT+w146H/ADPWgEf9ec//AMVSr+w542LYbx1oQHciyuD/AOzVH9scPLbk/wDAf/tRf6u53/z7l/4Ev/kj5xead/v3EzZ/vTMf61E0cZ+9Gp+vP86+nof2F/ErY+0fEbS4x/0z0uRv5yCr9v8AsKTf8vXxOH/bLR8fq0pq/wDWTJKXwyXyi/8AIpcLZ1Pen/5Mv8z5S8uJfuxIPooFS7mH3d2K+vrP9hbwvGw/tH4ha3OPSC1t4s/iVaugsv2KfhHb83V94kvfaXUFQH/v2i/zrKfGWV0/h5n6L/hjenwVms/iUV6y/wAj4h+Y+pprNHH/AKyRE/3mA/nX6D2H7K3wJsdrHwHFdMP4ru8nnz+DPj9K6vSfhH8MdBC/2P8AD/w7asvRo9Ni3fmVJriq8dYWP8OlJ+rS/wAz0KXAOKf8WrFel3/kfmzpuk6trUnk6LpN/qDnotpayTH/AMcU12+h/s+/GbxBt+w/D3UYI2/5aX7R2ij6iRg35LX6MRW8cCiOCNI0HRVUAD8BUnlqOwry6/HWJl/BpRXq2/8AI9ShwFh4/wAaq36JL/M+KtA/Yl+IF9sfxF4s0TSkP3kto5LuQe2fkXP516Z4e/Yp+HOn7JNf1rW9acfeQzLaxH/gMQDf+PV9F4orxMRxPmmJ0dXlX93T8tT3cNwplWG2pcz/AL2pxPhf4NfDHwWVk8N+B9Is5k6T/ZxJN/38fLfrXZiNafS14dSrUrS5qkm356nu0qFOhHlpxSXkrCYopaSoNQooooAKKKWgBKKKWgBKKKKACiiloASilpKACikLe9cJ8S/jR4D+FdmJvFGrAXki7rfTrfEl1P8A7qZ4H+02F960o0amImqdKLcn0RlWr08NTdStJRiurO5Z9q7m6V4H8Xv2svCfgdp9E8G+T4i1xMo3lyf6Hat/00kX77D+4mT6la+efiz+0t48+JzS6bazt4f8PvlfsFpKfNnX/pvMMFs/3FwvruryJVCKFUBVXoBwAP6Cvv8AKOC72rZg/wDt1P8AN/5H53nPG170cuX/AG8/0X+Zv+NPHfi74ha02v8AjHWpdQuuREp+WG3U/wAMUY4QfT5j3JrIsbG+1S+g0zS7Ge9vbptkFtbxmSSVvRVHJ/p3xXonwo+APjz4tSx3lhB/ZWhbvn1a7jOxx38hODMfcEL/ALXavtf4W/BTwP8ACixMfh3T/Mv5lC3Wp3OHup/Yt/Cv+woC+1exmXEeByan9XwyUpLaK2Xr/kjxcr4bx2d1PrGJbjF7ye79EeIfBn9j6OFoPEnxcWOeYYki0ONg0Sen2hx/rD/sL8vqWr6otbO3s7eO1tYI4YYlEcccahVRQMBQBwAPSpsUV+Z5hmWJzOr7XESv2XReiP1LLsrwuVUvZYaNu76v1YmKWiiuA9EKKKKACiiloAKSiigAooooAKKKWgBKKKWgBKKKKACiiigAooooAKKKWgBKKKWgBKKWkoAKKKKAClpKKAClpKKAFooooASilooASiiigBaKSloAKKSigAopaKACikooAKWkpaAEpaSigBaSlpKACiiigAooooAWikpaACkpaSgCK5t4bqGS3uIklilUo6OoZXU9QQeCPY181fFr9jvRtY87W/hfLFo962ZH0uUn7HMev7s9YSfbK+w619NUlduBzDE5dU9ph5Wf4P1Rw4/LcNmdP2WJjdfivRn5ZeI/DPiLwfq8ug+KNGudM1CH70FwmCw/vI3R1/2lJFQaZquqaLqUOr6LqN1p9/bnMN1bSGOVPow7eoOQe4r9MvGvw/8ACPxB0ptG8W6Jb6jbHJTzBh4m/vRuPmRvcEV8kfFP9j3xV4Z87Vvh7cS+IdPXLmyk2rfQr6KeFm/8db2Jr9Iyvi3C4+PscYlCT7/C/wDL5n5jmvB+Ly+XtsG3OK10+Jf5/L7jY+F/7Z+pWPlaT8VNP+2xcKNWsYgJR7ywjhvdkx/u19T+FfGfhfxtpaax4V1yz1SzfgyW8gba391h1RvZgDX5eTW89rcS2d1byW9xbsUmhmQpJGw6hlbBU/UVo+GfFXiTwbqia14T1y70q/X701tJt8wDs6n5ZF9mBFTmfB2Fxa9rgnySfT7L/wAi8q4zxeDfssYueK/8CX+fzP1LzmnV8j/Db9tSaHytN+KWj7hwv9raZH/49Lb9fqUJ/wB2vprwr418LeNtNXWPCevWeqWbf8tLeQNtPow6qfZgDX59j8pxmWStiIWXdap/M/RcuznBZpG+Hnd9no18jeoo3CivNPUCiiloASiiigBaSiigAooooAWkopaACikooAKWkpaAEpaSloAKKKKACkoooAWkoooAKKWkoAKKKKADFFLSUAFFFFABS0lLQAlFFFABRRRQAtFFFACUUUtABRRRQAUlFLQAlFFFABS0mawvFvjjwr4F0ttZ8Wa9Z6XaLnD3EmC5/uov3nb2UE1UISqSUYK7fREznGnFzm7JdWbua53xl4+8I+AdKbWPF+vWumWvRWlb55W/uxoMs7eygmvmb4mftrXNwsumfCzSfIU/L/a2pRfN9YoP5Fz/AMBr5p17X9c8U6o+ueJNYu9Uv5fvXF1KXcD+6vZF/wBlQB7V9hlfB2KxdqmK/dx7faf+Xz+4+LzXjXC4W9PBr2ku/wBlf5n0D8VP2yvEGuedpHwxtJNFsmyjalcqrXcg9Y05WIe7Zb2Br50vby81C7m1DULy5u7q4bfNcXErSSyt6s7ZJpLS1ub68hsbG1mubq5bZDbwRtJLI3oqKCWP0r6H+F37HPibxAYdW+JF02hWDfN/Z8DK97IPR25WIfTc30NfacuU8MUr6Rf3yf6/ofDt5txRWtrJfdFfp+p4P4b8M+IvGGsR6F4V0W71S/l5EFumdg/vOx+WNf8AaYgV9YfCP9jrSdHaDXvilNBq96uJE0qEn7HCRyPNJwZz7cJ7N1r3vwZ4B8JeANKXRvCOh22m2vBYRL88p/vSOfmdvdia6HAr4fN+LcVjr08N7kPxfz6fI+8yfg/DYC1XFfvJ/wDkq+XX5jIYI7eJIYY1jSNQqqqgAAdAB2FSYoor5E+yWgtFFFACUUUUAFFFFABS0lFAC0UUUAFJS0lABS0lFABRRS0AJRRRQAUtJRQAUtJS0AJS0lLQAUlFLQAUlFLQAUlLRQAlFFLQAlFFFAC0UUUAJRS0lABRRRQAUtFFABSUUUAFLSUtABRRRQAlFLRQAlLSUtABSUtFACUUtJQAUUUtACUUUtABSUtJQAUUUUAFIy7qWigDgfiV8E/h98UoT/wk2ip9uVdsWo2p8q6i9MSD7w/2WyPavkz4mfsl/ELwWZdQ8MKfFOlJlv8AR49t7EP9qH+P6pk/7Ir7xpCgPavayzP8dlelGV4/yvVf8D5Hh5pw7gc1V6sbS/mWj/4PzPyh2tHI8TKySRNtdWUqyMOqkHkH2PNXtB8Qa74V1NdZ8N6xe6VfLx9otJjGxHo2OHHswIr9DviP8C/h38TlaXxFoaJqG3ampWh8m6T0+cffA9HDD2r5Z+In7IXxD8JmW+8IyJ4o05ctsiURXsa+8ZO2T/gBBPpX6BgOKsvzKPscT7jfSWsX8/8AM/Osx4TzDLJe2w3vxXWPxL5f5HR/Dz9tLXdO8uw+JeirqcK4U6lpqCOce7wk7H+qlf8Adr6W8C/FjwD8R7czeEPElrfSIu6S2z5dxF/vxNhx9cYr807iCazupbG7glt7iBtssE0bRyxn0ZGAKn6ikhkmt7iK8t5JIbiE7o5opGjkQ+quuGH4Gs8w4OwOMXtMM/Zt9tY/d/kaZdxnjsE/Z4le0S76S+//ADP1bVw1OFfA/gP9rH4q+D/KtNWvIfFFggx5eo/LcqP9mdRk/wDAw1fRPgf9rn4V+KVit9au5/DN6/Hl6kAIS3+zOuU/762/SviMfw1mOA96UOaPeOv/AAfwPu8v4oy7MLR5+WXaWn47P7z2+iq1jqFnqVul5Y3UNzBKNySwyB0YeoYEg1ZrwD6FNPVBRRS0DEoopaAEopaSgBaSlpKACiiigApaKKAEpaSigBaSiloAKSlooAKSlpKACjvRS0AJS0UlABRS0UAJRRS0AFJS0UAJRRS0AFJS0UAJRRRQAtJRRQAUVDNcwwRvNNIqRoNzOzABR6kngV4v4+/az+Fvg9pbPSNQk8TajHlfJ0vDQq3o87YjHvtLH2rpwuEr4yXJh4OT8kcuKxuHwUOfETUV5ntpbb1rj/HnxZ8A/Di287xd4ltbGRl3R2obzLmX/ciXLH64x6mvjbx5+1h8VvGPm2uk3UHhjT5OPK04lrgj/auGG4H/AHFWvGpZJri4kvLiaSa4mOZJpZGeRz6szEsfxNfY5dwRWqtSxs+Vdlq/8vzPicy46o07wwMOZ93ovu3/ACPpP4iftqeI9U8yw+Gujpo9ufl/tDUFEty3ukQOxP8AgRb6V88a5r2u+JtSbWfEes3mqXz9bi7maRwPRc8KPZQB7VXs7O8v7yLT9PtZ7q7uDtit7eJpZXP+yigk/lXvHw5/Y98eeKPJ1DxrcJ4Y09sN5O0S3zj/AHc7Iv8AgRJH92vrI0sn4bhd2i/PWT/U+RlVzjiapbWa8tIr9DwNY2kkjhjRnklYLHGilndj2VRyx9gK9x+Gf7JPxA8ZmHUPFrN4W0l/mxMga+lX/ZiPEefV+f8AZr6w+HPwR+HfwvjEnhnQUN+V2yaldHzrt/X9433R7KAPau9218pmfG1WtengY8q/me/yWy/E+uyrgelStUx0uZ/yrb5vd/gcP8N/g54B+F1mIfCeiRx3Lrtnv5/3t1P/AL8p5x/sjC+1dxilor4irWqV5upVk231Z93RoU8NBU6MVGK6IKKKKzNRaSiigAopaKAEooooAWkopaAEooooAKKWkoAKKKKAFpKWkoAKKWkoAKKKWgBKKKWgBKKKKAClpKKACiiloASilooASiiigAopaSgAooooAKKWkoAKKWigBKKKWgApKWigApKWkoAKKKKACloooASilooAKSiloAKSlpKAFopKKACiiloAKSiloAKKKKACkoooAKKKKACiiigBKGXPYGlooA4/x18J/APxIg8nxh4btL51XbHc7fLuIv8AclXDj6ZxXzV4/wD2KdasWlvvhv4gj1GEZYafqZEcw9lnUbW/4GB9a+xqSvVwGdY7Lf8Ad6jt2eq+48jMMiwOZ/x6a5u60f3/AOZ+XHijwf4r8E3f2Hxd4ev9Hm3FV+1Q7UkP+xIMo/4MayMMOORnr2zX6p6hpdhq1nJp+p2NveWso2yQzxrIjj0KsCDXinjb9j74XeJPMufDqXXhi7fn/QW3W2feB8qP+Ala+1wHHFGfu4ym4vvHVfdv+Z8NmHAlaneWCqKXlLR/ft+R8YeE/G3jDwPdC78G+JtQ0ds7mW2mxC5/2ojmNvxWvdvBf7bHi7Tdlr468N2mswAYa608/Zrj6lGzGx+hWuY8bfskfFnwp5lxo1raeJ7NckPp7bLgD3gc8n/dZq8c1DT9Q0e8bTtXsbqwu1+9b3ULQyD/AIC4Br3JYfJ+II8y5ZPutJf5ngQxGc8Py5feguz1j+qP0D8F/tMfCHxoY7e38Ux6ZeydLTVl+ySE+gLfI3/AWNepR3Ec0ayRsHRhlWU5BHsehr8o2VWXy3UMp6qwyD+B610PhX4g+OfA7KfCPi7VNKRefJguCYPxifMf/jtfPYzgWLbeDqW8pf5r/I+kwXHs0lHGUr+cdPwZ+n9FfEPhT9tH4kaRsh8U6PpXiCEfekUNZ3BH1UNGT/wEV7J4X/bK+E+tBI9e/tTw7MeD9stTLFn2lh3DH1Ar5jF8M5pg9ZUuZd46/lqfVYPinK8b7savK+0tP+B+J73SVz/h3x/4M8WxiTwz4q0nVARnFpeRyMPqoOR+IrdWQd+K8OcJU3yyVme9CpCouaDuvIkopNwoqSwooooAWkpaSgBaSlooAKSlooAKSiloAKSlpKACiiloASilooASilpKACiiloAKSlpKACik3UnmL2OaVwHUtZOueKPD/hu2N54g1mx02AAnzLu4SFf/AB4jNeReKv2wfhBoO+PR7698RzjI26bb/us/9dpNqY9wTXXhsDicY+XD03L0Rx4rMMLglfEVFH1f6bnuRPFRvMkalnbCjkk9q+LfFX7bHj7Ut8PhHw5pOiwsMCW5Zryce4+7GD/31XjHir4kePvHEjP4u8YarqSN/wAsHnKQD6RR7U/SvpsHwVmFfWs1Bfe/uX+Z8vjOOMvoaUE5v7l97/yPu/xl+0b8IfBTPb6h4wtry8TP+h6Z/pc2fQiPKqf94gV4T40/bd1688y1+H/hODTozkLeaq/nS/UQoQoP1c/SvmGOMRrsjQKvoowPyFTWVnealeJp+m2dxeXchwlvbQtNK30RATX1OE4Py3Br2mIbm1/NpH8P1Z8njOMsyxj9nh7QT/l1l/Xojf8AGHxF8dfECYyeMvFmoaqhbctvJJst1PtCgEY/75z71zgX+EDgdAB0/wAK9k8E/snfFzxa0c2qWNt4YspOfN1Jt0+PVYEOf++mWvoPwP8AsffC3wz5dz4hjuvFN4mDnUG224P+zAmFI/3i1a4niTKsqj7KjZtdIL9dEY4XhvNs3l7StdL+ab1+7c+NfCPgfxl49vDZeDPDV7q7g7XeCP8Acx/78zYjX8Wz7V9DeAf2KLycxX3xK8SLAvDNp+k/e+jzsPz2L+NfWdjptjpdrHY6bZwWttCu2OGCMIiD0CqABVrFfH4/jHG4r3cP+7j5b/efaZdwXgcLaWI/eS89vu/zZyngn4Y+CPh5am08H+HLTTgw/eTKu6eX/flbLt+Jrqto/KnUV8pUqTrS56ju31Z9dSpU6MVCnFJLogoopKg0ClpKKACiiloASiiigBaSiloASiiigAooooAKKKKAFpKWkoAKKKKAClopKACiiloASilooASiiloASiiigAoopaAEooooAKKKWgBKWkpaACkoooAKKKKAFooooASiiigApaKSgBaKSloASiiloAKKSigApaSloASilooASlpKKAFooooASiiigApaSigBaSiloAKSlpKACiiigAooooAKKKKAE/KlpDS0AFFFLQAUlLSUAIVzWP4i8I+G/FlidN8TaDYarbEf6u7t1kA+mRwfcVs0VUZSg+aLsyZwjUXLJXR8+eLv2L/hrrG+48M3up+HJz92OCX7Rbg/9c5ckD2VhXi/iz9jv4saDvl0F9M8R246fZ5fs05H/XOX5Sfo9fdeKMD0zXvYTijNMHoqnMu0tf8Ag/ifPYzhTK8Zr7PlfeOn/APy28QeE/FXhOb7P4q8NappD8j/AEy1aNT9HxsP4GslW3YeNgQe6mv1auLW3uoTb3MMcsbcMkihgfqDxXm3ij9nH4N+LJHuL7wNZW1zIObjTi1nJn1JiIB/EGvp8Lx3F6Yql84v9H/mfK4vgCcXzYWrfykv1X+R+dnlR+YJhGokB4kxhh/wIciu08O/GT4reFdi6H8QNahjT7sM0/2mID02zBgPwr6J8S/sN6LNvk8I+OtRsj1WHULdLlPpvXY4H515Z4i/ZD+M2i7pNPtNJ12Mc/6FeeXJj/clC/kGr2oZ9kuYrlqSj6SX+eh4c8gzvLZc1OMl5wd/y1/A1NB/bQ+K2l4TWNN0HWkH3maB7WU/8CQlf/Ha9H0T9uPwrcFV8SeBtZsT/E9nLFdIPzKN+lfLWveAvHXhct/wkXgvXNOVesk9hJ5f/fagr+tc8jxyErHIrkdQrA4pT4bybHLmpxS84y/4dDp8S51gXy1JN+Uo/wBM/QjRf2pvgfrJVf8AhNItPkf/AJZ6jby22Pxddv6132j+N/CHiBVk0PxVpGoK3T7LexSZ/Jq/Lz5lOORUflQ7xIsSB8/eCgEfiOa8qvwJh3/BrNeqT/I9bD8fYlfxqSfo2vzufrCr7h7Uu4V+Xuk+PPHOh4GieN/EFiB2g1KYL/3yWI/Suv039pP456WqrD8RLudR2vLS3nz+JTd+teVV4GxkP4dSMvvX6HrUuPcJL+JSlH7n/kfopRXwrp/7ZnxjswFu7fw3f4/ilsJImP4pJj9K6Oy/bn8WR7f7S+HukXHqbfUJYv8A0JGrgqcIZrDaCfpJfrY9KnxnlM95tesX+lz7Hor5Vtf267A4GofDO9Qd/s+pxP8Ao6rWvb/tyeAWH+leDfE8X+4LZx/6NFckuG81j/y5f4f5nXHijKJf8v1+P+R9J0V89w/ts/Clh+90XxPD9bKJv5SmrSftofBx+WXxEn10pj/ImsXkOaL/AJcS+43XEGVy2rx+896orwn/AIbL+DY/j18/9wp/8aib9s74PDpF4iP/AHC2/wDiqX9h5n/z4l9zG8/ytf8AL+P3nvdFfPsn7a3wmTPl6X4nl/3dPQfzkFUp/wBuD4doD9n8J+KJvrHbJn85apZBmj/5cS+4iXEeVR3xEfvPo+jrXy3dft1aBHkWPw61aT086+gj/lurGvf26tUZSNO+GVoh7G41hm/9Ahrohwvm09qP3tf5nPPizKIf8vk/k/8AI+vN1J5i+vSviLUf22Pipc5TTdB8MWIPQtFPOw/N1H6Vy+o/tT/HXUMhfGVvZA9RZ6ZAmPoXDGu2nwZmk/iUV6y/yOGrxvldP4eaXpH/ADsfoH5meRz+FVb7WNO0yMzajfW1rGOrzzLGPzYivza1b4s/FLXdw1X4jeI51bqq6g8K/wDfMW0Vyd07X0hkvpJLpzyWuJGlY/i5NejR4DrS/i1kvRN/5HmVuP6K/g0W/Vpf5n6N658fvg74fJXU/iNofmL1jt7kXEg/4DFuNee67+2p8MNP3roema9rLj7rR2q20bf8CmZTj/gNfEqqsfyxqqj0UY/lSs2PmY8epr1sPwPgqetaUpfgv6+Z5GJ46x0/4MYx/Fn0j4h/bg8ZXgaPwv4L0nTVIwJL2eS6kHvtUIo/M15l4i/aG+NHibdHf+Pr61hbjydNRLNfzQb/APx6uD0rSdV16cWug6XfapN/zzsbWSc/+OA4/GvSPD37Mvxs8SGN4/Bp0uF/+W2rXKW4H/AAWk/8dr0P7OyPKtZRgmv5nd/izznmOeZq7RlOS/uppfgjzG6mnvro3moXE13Ox/11xI0sh/4E5JpDuOScnFfU3hn9hq6k2SeMvHyx5+9b6TZ84/66zE/oleteF/2WPgv4aZJm8KjV7hOfO1aZrrn12H92PwWubE8YZZhvdo3n6Ky/Gx1Ybg3NMU+ataHq7v8AC58E6PpOseJLr7D4d0i/1W4P/LKxtnnYfXYCB+JFet+E/wBkr4xeJNk2p6fp/hy2bB3alcb5se0UW459mZa+7dP0nT9Jtls9Msbe0t0GFit4ljRfoqgCrXlivm8Xxxi6vu4aCgvPV/ovwPpsHwJhafvYqbm+y0X+f4nzp4O/Yt+H+k7Ljxfq2peIp1+9Du+yW3/fEZ3kfV69w8M+CvCvg2yGn+E/D2n6VABjZa26x7vqQMsfcmt2ivl8XmWMxzviKjl89Pu2Pq8HlWDwCth6aj59fv3GhAuKdRS1wnoCUUUUAFFFLQAUlFFABRRS0AJRRRQAUtJRQAUUUUAFFFFABRRRQAUUUUALSUUtACUUUUAFFFFAC0lFLQAUlFFABRS0lABRRS0AJS0lLQAUUlLQAUlLSUAFFLRQAlFFFABRRRQAtJS0lAC0lFLQAlFFFABS0lFABRRRQAUUUUAFFFFABRRRQAUtJRQAUUUUAFFFFABRRRQAUUUUAFFFFABRRRQAUUUUAFFFFABRSUUALS0lFABRRRQAUtJRQAUUUUAFFFFAARmkKqeKdSUAMaMFSvY9q5XxD8K/h34q3HxF4I0S/Zusk1lH5n/fYAYfnXW0VdOpOk+anJp+TsZ1KNOsuWpFNeav+Z4hrP7H/wAF9Uy1jpmqaQW/58tSk2j/AIDJvUflXC6v+wzpT7m0H4iahb5+6t7YRzD80KGvqmivUo5/mWH+CtL56/meTX4cyvEazoxv5afkfEmqfsT/ABKt9zaT4m8OX6j7ok862Y/mrj9a5HUP2WfjppxbHg2O8Vf47PUYJM/QMyn9K/Qmk2r/AHa9WlxlmVP4uWXqv8rHlVeCcsqfBzR9H/mmfmdqHwj+Kum7hffDXxLGB1K6c8o/OPcK5280bWrBtl/oupWpHaexmj/9CWv1R8v0OKPLU/e5r0KfHeIj/Eop/Nr/ADPNqcAUH/DrSXqk/wDI/J+SaGNtsk0cZHZztP5GgTQvws0Z+jg1+q11pGm3gK3Wn2swPaSFW/mKxrn4a/Dy9ybzwJ4emJ6+ZpcBz+a11R48h9qh/wCTf8A5J+H9RfBXXzj/AME/MMDd93BFKV68cfSv0puPgj8Ibolpvhj4YYn00uIfyFU5v2evglM2ZPhh4eB/2bNV/lW8eO8K/ioy+9GD4BxfStH7mfnFt/2TS7f9k4+lfop/wzb8DN27/hWejf8Aftv/AIqpov2dvgfH934YaAf961D/AM6p8dYT/n1L8BLgHGf8/Y/ifnM3B+bA+tNMka/emjH1cV+k8PwL+Dlvjy/hh4YH+9psTfzFaNv8K/hna/8AHt8PfDcX+7pUA/8AZazlx3h/s0X96NI8AYh/FWj9z/zPzD+1WpOBdQH6SD/GrNvbXV6wWztLm4Y9BDbvJn/vkGv1JtfDPh2xx9i0HTbfH/PK0jT+QrQWKNeI41Uf7IxXPPjz+Wh/5N/wDoh4f/z4j/yX/gn5iaf8OfiFquP7M8A+JbnPQppM4B/FlArptP8A2cfjhqmDB8Ob+FT/ABXc9vAPxDSZ/Sv0X2ik2r/dFcdTjrGS/h04r73+qO2nwFg4/wASrJ/cv0Z8J6X+xr8Y7/abxvD2mqfvedfvKw/COMj9a7PSf2F9RkCtr/xGt4/VLHTCf/HpH/8AZa+uqXHtXnVeLs0q7TUfRL9bnpUeDsqpbwcvVv8ASx886P8AsU/C2z2tq2q+INUYfeWS6SBD/wABiRT+td9oP7Pfwb8OssmnfDvR2kTpLdxG6f67pS3NekUV5NbNsdiP4taT+Z69DJsvw38KjFfIq2en2tjCLezt4reJfuxwxhFH4DAqxsWnUV5711Z6KSirIKKKKBhRRRQAtJRRQAUtJRQAUUUUAFFFFABRRRQAUUUUAFFFFABRRRQAUUUUAFFFFABRRRQAUUUUALSUUUAFFFFABRRRQAtJRRQAUUUUAFLSUUALSUUUAFFFFABS0lFABS0lFABS0lFABS0lFABRRRQAUUtJQAUUUUAFFFFABRS0UAJRS0lABRRRQAUtJS0AJRRRQAUUUUAFFFFABRRRQAUUUUAFFFFABRS0lABRRRQAUUUUAFFFFACUUUtABRRRQAUUUUAFFFFABRRRQAUUUUAFFFFABRRRQAUUUUAFFFFABRRRQAUUUUAFFFFABRRRQAUUUUAFFFFABRRRQAUUUUAFFFFABRRRQAUUUUAFFFFAC0lLRQAlLSUUAFFFFABRRS0AJRRRQAUUUUAFFFFABRRRQAUUUUAFFFFABRRRQAUUUUAFFFFABRRRQAUUUUAFFFFABRRRQAUUUUAFFFFABRRRQAUUUUAFFFFABRS0lABRRRQAUtFJQAtFFFABSUtJQAUtJRQAtFJS0AFFFJQAUtJRQAtFJS0AFFJRQAtFJRQAtJRRQAUUUtACUtJS0AJS0lFAC0UlFABRRRQAtJRRQAUUUUAFFJS0ALRRSUALRRRQAUUlFAC0UUlAC0UUlAC0lLSUALRRRQAlLSUUALRSUtACUUtJQAtFJRQAtJRRQAtFJS0AFJRS0AFFJRQAtFJRQAUtJRQAtFFJQAtJRRQAtFFJQAUtJRQAtFFJQAtFJRQAtJS0lAC0UlFAC0UUlAC0UlFABRRRQAUtJRQAUtJRQAUUUUAFFFFABRRRQAtFJS0AFJRRQAtJRRQAtFJS0AJS0lFABS0lFAC0UlFAC0UlLQAUUlFAC0UlLQAUUlFABS0lLQAlFFFAC0UUUAFFFJQAUUUtABRRRQAlFFFABRRS0AFFFFACUtFJQAUtFFACUUUUALSUtFACUUtJQAtFFFABRRSUAFFFFABRRS0AJRRRQAUUUUALRRRQAUUUUAFJS0lAC0lLRQAUlFLQAUUUUAFJS0lAC0lFLQAUUlLQAlFFLQAUUUlAC0lLRQAUlFLQAlFFFAC0lLRQAlLSUtACUtFJQAUtFJQAUUUtABRRRQAUUlLQAUlLSUAFLRRQAUlLRQAlFFLQAUlLSUAFLRSUAFFFFABS0lFAC0UUUAJRRS0AJS0lLQAlFFFABRS0UAJRS0lABRRS0AJRRRQAUUUtACUUUUAFFFFABS0lFABS0UlAC0lLRQAUlLRQB//Z', 'address': 'Taymanuli 4', 'phone': '9999999999', 'email': 'stongut@gmail.com', 'website': 'https://www.talgarlitsey.kz', 'is_active': True, 'created_at': '2025-11-04T09:51:54', 'updated_at': '2025-11-04T09:51:54'}]
Found 1 schools
Using school: 133ebcbc-bf3c-46a5-a570-bbbf15aaf4b9

2. Creating new timetable...
Created timetable: efe9c7b5-8a6b-4294-93e7-64a8872606d9

3. Generating timetable...
================================================================================
WATCH BACKEND CONSOLE NOW!
================================================================================

[OK] Generation completed!
  Status: completed
  Assigned entries: 12
  Hard violations: 0
  Duration: 0.07s

  Message: Timetable generated successfully

4. Checking Math lesson distribution...
Response type: <class 'dict'>
Response keys: dict_keys(['timetable_id', 'total', 'entries'])

Matematik 9 (4 entries):
  Sample entry keys: dict_keys(['id', 'time_slot_id', 'time_slot', 'lesson_id', 'lesson_group_id', 'lesson_group_name', 'class_id', 'class_name', 'class_color', 'subject_id', 'subject_name', 'subject_short_code', 'subject_color', 'teacher_id', 'teacher_name', 'teacher_short_name', 'room_id', 'room_name', 'room_short_name'])
  monday: Periods [1]
         Format: 1
  thursday: Periods [1]
         Format: 1
  tuesday: Periods [1]
         Format: 1
  wednesday: Periods [1]
         Format: 1

================================================================================
DONE!
================================================================================
